Wed Mar 18 11:22:01 CST 2020
Package: package_1584501700869.awf
Install
Write Revision: 13690
----------------Plugins----------------
   jd/plugins/decrypter/AdfLy.class
   jd/plugins/decrypter/Agdd5brCom.class
   jd/plugins/decrypter/AlphatvGr.class
   jd/plugins/decrypter/AniLinkzCom.class
   jd/plugins/decrypter/AnimeFrenzy.class
   jd/plugins/decrypter/AnimeHaven.class.removed
   jd/plugins/decrypter/AnimeHeaven.class
   jd/plugins/decrypter/AnimeYoutubeCom.class
   jd/plugins/decrypter/Antena3ComSalon.class.removed
   jd/plugins/decrypter/ArchiveOrg.class
   jd/plugins/decrypter/AvxHmeW.class
   jd/plugins/decrypter/BandCampComDecrypter.class
   jd/plugins/decrypter/BoxCom.class
   jd/plugins/decrypter/CMS.class.removed
   jd/plugins/decrypter/ChoMikujPl.class
   jd/plugins/decrypter/ClipHunterComDecrypt.class
   jd/plugins/decrypter/ComicOnlineFree.class
   jd/plugins/decrypter/CouchTuner.class
   jd/plugins/decrypter/DaddyScriptsDaddysLinkProtector.class
   jd/plugins/decrypter/DecrypterForRedirectServicesWithoutDirectRedirects.class
   jd/plugins/decrypter/DeluxemusicTv.class.removed
   jd/plugins/decrypter/DeluxemusicTvPlaylist.class
   jd/plugins/decrypter/DropBoxCom$2.class
   jd/plugins/decrypter/DropBoxCom$3.class
   jd/plugins/decrypter/DropBoxCom.class
   jd/plugins/decrypter/DummyCNL$1.class
   jd/plugins/decrypter/DummyCNL$2.class
   jd/plugins/decrypter/DummyCNL.class
   jd/plugins/decrypter/DwCom.class
   jd/plugins/decrypter/EbkHellTo.class.removed
   jd/plugins/decrypter/EightMusesComDecrypter.class
   jd/plugins/decrypter/EmbedoTo.class
   jd/plugins/decrypter/EroProfileComGallery.class
   jd/plugins/decrypter/FEmbedDecrypter.class
   jd/plugins/decrypter/FlowyourvideoCom.class
   jd/plugins/decrypter/GenericRedirectors.class
   jd/plugins/decrypter/GenericXFileShareProFolder.class
   jd/plugins/decrypter/GoogleDrive.class
   jd/plugins/decrypter/HentaiCafe.class
   jd/plugins/decrypter/HentaiNexus.class.removed
   jd/plugins/decrypter/HentainexusCom.class
   jd/plugins/decrypter/HighpornNet.class
   jd/plugins/decrypter/HitomiLa.class
   jd/plugins/decrypter/ISubsMovies.class
   jd/plugins/decrypter/ImgurCom.class
   jd/plugins/decrypter/InstaGramComDecrypter.class
   jd/plugins/decrypter/JavCL.class
   jd/plugins/decrypter/JavFembed.class
   jd/plugins/decrypter/JavQD.class
   jd/plugins/decrypter/JavStream.class
   jd/plugins/decrypter/KeepLinksMe.class
   jd/plugins/decrypter/KinoxTo.class
   jd/plugins/decrypter/KisAmeCm$1.class
   jd/plugins/decrypter/KisAmeCm$HostType.class
   jd/plugins/decrypter/KisAmeCm.class
   jd/plugins/decrypter/LinkhubIcu.class
   jd/plugins/decrypter/LinkvertiseCom.class
   jd/plugins/decrypter/LnkBcks.class
   jd/plugins/decrypter/MangadexOrg.class
   jd/plugins/decrypter/MangahostCom.class
   jd/plugins/decrypter/ManganeloCom.class
   jd/plugins/decrypter/MangaparkCom.class
   jd/plugins/decrypter/MangatownCom.class
   jd/plugins/decrypter/MediafireComFolder.class
   jd/plugins/decrypter/MegaConz.class
   jd/plugins/decrypter/MightyScriptAdLinkFly$1.class
   jd/plugins/decrypter/MightyScriptAdLinkFly$CaptchaType.class
   jd/plugins/decrypter/MightyScriptAdLinkFly.class
   jd/plugins/decrypter/MirrorCreatorCom.class.removed
   jd/plugins/decrypter/MirroraceCom.class
   jd/plugins/decrypter/MirroredTo.class
   jd/plugins/decrypter/MotherLessCom$1.class
   jd/plugins/decrypter/MotherLessCom.class
   jd/plugins/decrypter/Mv2kTo.class
   jd/plugins/decrypter/MyComicPosts.class
   jd/plugins/decrypter/MyzcloudMe.class
   jd/plugins/decrypter/MyzukaRuDecrypter.class.removed
   jd/plugins/decrypter/NewAsianTv.class
   jd/plugins/decrypter/NewEpisodesCo.class
   jd/plugins/decrypter/NewgroundsComDecrypter.class
   jd/plugins/decrypter/NexusmodsCom.class
   jd/plugins/decrypter/NwLbmRlsesNet.class
   jd/plugins/decrypter/ORFMediathekDecrypter.class
   jd/plugins/decrypter/Paste2Org.class
   jd/plugins/decrypter/PasteBinCom.class
   jd/plugins/decrypter/PastrIo.class
   jd/plugins/decrypter/PinterestComDecrypter.class
   jd/plugins/decrypter/PixivNet.class
   jd/plugins/decrypter/PornHubCom.class
   jd/plugins/decrypter/PornHubComGallery.class
   jd/plugins/decrypter/PublicfeetCom.class
   jd/plugins/decrypter/Q32Pw.class
   jd/plugins/decrypter/RapidGatorNetFolder.class
   jd/plugins/decrypter/RapidcryptNet.class
   jd/plugins/decrypter/RedbullTv.class
   jd/plugins/decrypter/Redmp3Su.class
   jd/plugins/decrypter/RmzCr.class
   jd/plugins/decrypter/RpdMvzCm.class.removed
   jd/plugins/decrypter/RpprsIn.class
   jd/plugins/decrypter/RsHrbchn.class
   jd/plugins/decrypter/RuTubeRuDecrypter.class
   jd/plugins/decrypter/Rule34PahealNet.class
   jd/plugins/decrypter/SflnkgNt.class
   jd/plugins/decrypter/ShorteSt.class
   jd/plugins/decrypter/SoundCloudComDecrypter$1.class
   jd/plugins/decrypter/SoundCloudComDecrypter.class
   jd/plugins/decrypter/StayonlinePro.class
   jd/plugins/decrypter/SwzzXyz.class
   jd/plugins/decrypter/TbCmV2.class
   jd/plugins/decrypter/TwitterCom.class
   jd/plugins/decrypter/VKontakteRu$1.class
   jd/plugins/decrypter/VKontakteRu.class
   jd/plugins/decrypter/VideoOneCom.class.removed
   jd/plugins/decrypter/VideoOneLife.class
   jd/plugins/decrypter/VipergirlsTo.class
   jd/plugins/decrypter/WatchFreeCom.class
   jd/plugins/decrypter/WatchSeriesLt.class
   jd/plugins/decrypter/WikifeetCom.class
   jd/plugins/decrypter/XHamsterGallery.class
   jd/plugins/decrypter/ZeroscansCom.class
   jd/plugins/hoster/AbcvideoCc.class
   jd/plugins/hoster/AkvideoStream.class
   jd/plugins/hoster/AlfafileNet.class
   jd/plugins/hoster/AllDebridCom$1.class
   jd/plugins/hoster/AllDebridCom$2.class
   jd/plugins/hoster/AllDebridCom$AlldebridComConfig$TRANSLATION.class
   jd/plugins/hoster/AllDebridCom$AlldebridComConfig.class
   jd/plugins/hoster/AllDebridCom.class
   jd/plugins/hoster/AlphatvGr.class
   jd/plugins/hoster/Antena3Com.class.removed
   jd/plugins/hoster/ArchiveOrg.class
   jd/plugins/hoster/ArchivosMe.class
   jd/plugins/hoster/AvgleCom.class
   jd/plugins/hoster/BajafilesCom.class
   jd/plugins/hoster/BbcCom.class
   jd/plugins/hoster/BeegCom.class
   jd/plugins/hoster/BirdloadCom.class
   jd/plugins/hoster/BoxCom.class
   jd/plugins/hoster/BrfilesCom.class
   jd/plugins/hoster/CamwhoresTv.class
   jd/plugins/hoster/ChoMikujPl$1.class
   jd/plugins/hoster/ChoMikujPl.class
   jd/plugins/hoster/ClicknuploadOrg.class
   jd/plugins/hoster/CloudSaikoanimesNet.class
   jd/plugins/hoster/CloudvideoTv.class
   jd/plugins/hoster/CnubisCom.class
   jd/plugins/hoster/CosmoBoxOrg.class
   jd/plugins/hoster/CrazyshareCc.class.removed
   jd/plugins/hoster/CtDiskCom$1.class
   jd/plugins/hoster/CtDiskCom.class
   jd/plugins/hoster/DanbooruDonmaiUs.class
   jd/plugins/hoster/DataDump$1.class
   jd/plugins/hoster/DataDump$2.class
   jd/plugins/hoster/DataDump.class
   jd/plugins/hoster/DatopornCo.class
   jd/plugins/hoster/DbreeOrg.class
   jd/plugins/hoster/DctpTv.class
   jd/plugins/hoster/DdlTo.class
   jd/plugins/hoster/DebridLinkFr.class
   jd/plugins/hoster/DeepbridCom.class
   jd/plugins/hoster/DeluxemusicTv.class
   jd/plugins/hoster/DepoFileInfo.class
   jd/plugins/hoster/DigiloadCom.class
   jd/plugins/hoster/Dir50Club.class
   jd/plugins/hoster/Dir50Com.class.removed
   jd/plugins/hoster/DirrtysharEs.class.removed
   jd/plugins/hoster/DosyaTv.class
   jd/plugins/hoster/DosyauploadCom.class
   jd/plugins/hoster/DownaceCom.class.removed
   jd/plugins/hoster/DowntoboxCom.class.removed
   jd/plugins/hoster/EHentaiOrg.class
   jd/plugins/hoster/EPornerCom.class
   jd/plugins/hoster/Earn4filesCom.class
   jd/plugins/hoster/EasyBytezCom.class
   jd/plugins/hoster/EasyfilecloudCom.class
   jd/plugins/hoster/EasyuploadIo.class
   jd/plugins/hoster/EightTracksCom.class
   jd/plugins/hoster/EroProfileCom.class
   jd/plugins/hoster/ExLoadCom$1.class.removed
   jd/plugins/hoster/ExLoadCom.class
   jd/plugins/hoster/FEmbedCom.class
   jd/plugins/hoster/FShareVn$1.class
   jd/plugins/hoster/FShareVn.class
   jd/plugins/hoster/FastShareCz.class
   jd/plugins/hoster/FileAl.class
   jd/plugins/hoster/FileFactory.class
   jd/plugins/hoster/FileJokerNet.class
   jd/plugins/hoster/FileinfinityCom.class
   jd/plugins/hoster/FilerNet.class
   jd/plugins/hoster/FilesIm.class
   jd/plugins/hoster/FilesUploadOrg.class
   jd/plugins/hoster/FilezogCom.class
   jd/plugins/hoster/FlashfilesCom.class
   jd/plugins/hoster/FlashxNet.class
   jd/plugins/hoster/FlashxTv.class.removed
   jd/plugins/hoster/FlorenfileCom.class
   jd/plugins/hoster/FlowyourvideoCom.class
   jd/plugins/hoster/FourDownFilesOrg.class.removed
   jd/plugins/hoster/FourfileNet.class
   jd/plugins/hoster/GfxfileCom.class
   jd/plugins/hoster/GoogleDrive.class
   jd/plugins/hoster/GounlimitedTo.class
   jd/plugins/hoster/GulfUpCom.class
   jd/plugins/hoster/HentainexusCom.class
   jd/plugins/hoster/HerouploadCom.class
   jd/plugins/hoster/HerouploadUs.class.removed
   jd/plugins/hoster/HexuploadNet.class
   jd/plugins/hoster/HighWayMe.class
   jd/plugins/hoster/HighpornNet.class
   jd/plugins/hoster/HostingrillCo.class.removed
   jd/plugins/hoster/HotlinkCc.class
   jd/plugins/hoster/ImDbCom.class
   jd/plugins/hoster/ImgUrCom$1.class
   jd/plugins/hoster/ImgUrCom$2.class
   jd/plugins/hoster/ImgUrCom$3.class
   jd/plugins/hoster/ImgUrCom.class
   jd/plugins/hoster/InCloudDriveCom.class
   jd/plugins/hoster/InstaGramCom.class
   jd/plugins/hoster/IvooxCom.class
   jd/plugins/hoster/JdLog$1.class
   jd/plugins/hoster/JdLog$2.class
   jd/plugins/hoster/JdLog$3.class
   jd/plugins/hoster/JdLog.class
   jd/plugins/hoster/JetloadNet$1.class
   jd/plugins/hoster/JetloadNet.class
   jd/plugins/hoster/K2SApi$1.class
   jd/plugins/hoster/K2SApi$2.class
   jd/plugins/hoster/K2SApi$CAPTCHA.class
   jd/plugins/hoster/K2SApi.class
   jd/plugins/hoster/Keep2ShareCc.class
   jd/plugins/hoster/KernelVideoSharingCom.class
   jd/plugins/hoster/KingfilePl.class
   jd/plugins/hoster/LinkSnappyCom$LinkSnappyComConfig$TRANSLATION.class
   jd/plugins/hoster/LinkSnappyCom.class
   jd/plugins/hoster/LiveStreamCom.class
   jd/plugins/hoster/LongFilesCom.class
   jd/plugins/hoster/MajorgeeksCom.class
   jd/plugins/hoster/MangatownCom.class
   jd/plugins/hoster/MediafireCom$1.class
   jd/plugins/hoster/MediafireCom.class
   jd/plugins/hoster/Mega4upCom.class
   jd/plugins/hoster/MegaloadTo.class
   jd/plugins/hoster/MeoCloudPt.class
   jd/plugins/hoster/MixdropCo.class
   jd/plugins/hoster/MonkifilesCom.class.removed
   jd/plugins/hoster/MotherLessCom.class
   jd/plugins/hoster/MovieFapCom.class
   jd/plugins/hoster/MundofileCom.class
   jd/plugins/hoster/MyqloudOrg.class
   jd/plugins/hoster/MyzcloudMe.class
   jd/plugins/hoster/MyzukaRu.class.removed
   jd/plugins/hoster/NetshareCz.class.removed
   jd/plugins/hoster/NewgroundsCom.class
   jd/plugins/hoster/NewsDemonCom.class
   jd/plugins/hoster/NexusmodsCom$NexusmodsAccountFactory$1.class
   jd/plugins/hoster/NexusmodsCom$NexusmodsAccountFactory.class
   jd/plugins/hoster/NexusmodsCom$NexusmodsConfigInterface$TRANSLATION.class.removed
   jd/plugins/hoster/NexusmodsCom$NexusmodsConfigInterface.class.removed
   jd/plugins/hoster/NexusmodsCom.class
   jd/plugins/hoster/NicoVideoJp.class
   jd/plugins/hoster/NippyShareCom.class
   jd/plugins/hoster/NippySpaceCom.class.removed
   jd/plugins/hoster/NoPremiumPl.class
   jd/plugins/hoster/NopyTo.class
   jd/plugins/hoster/NovaFileCom.class
   jd/plugins/hoster/OBoomCom.class
   jd/plugins/hoster/ORFMediathek$1.class
   jd/plugins/hoster/ORFMediathek.class
   jd/plugins/hoster/Offline.class
   jd/plugins/hoster/OkRu.class
   jd/plugins/hoster/OneFichierCom$OnefichierAccountFactory$1.class
   jd/plugins/hoster/OneFichierCom$OnefichierAccountFactory.class
   jd/plugins/hoster/OneFichierCom.class
   jd/plugins/hoster/OneFilesharingCom.class
   jd/plugins/hoster/OxyCloud.class
   jd/plugins/hoster/OxycloudCom.class
   jd/plugins/hoster/PbsOrg.class
   jd/plugins/hoster/PicstreamTv.class.removed
   jd/plugins/hoster/PinterestCom.class
   jd/plugins/hoster/PixivNet.class
   jd/plugins/hoster/PluralsightCom$QUALITY.class
   jd/plugins/hoster/PluralsightCom.class
   jd/plugins/hoster/PobierzTo.class.removed
   jd/plugins/hoster/PornHubCom$BouncyCastleAESCounterModeDecrypt.class
   jd/plugins/hoster/PornHubCom.class
   jd/plugins/hoster/PornsocketCom.class
   jd/plugins/hoster/PremiumTo$1.class
   jd/plugins/hoster/PremiumTo$2.class
   jd/plugins/hoster/PremiumTo$PremiumDotToConfigInterface$Translation.class
   jd/plugins/hoster/PremiumTo$PremiumDotToConfigInterface.class
   jd/plugins/hoster/PremiumTo.class
   jd/plugins/hoster/PureUseNetNL.class
   jd/plugins/hoster/PutIO.class
   jd/plugins/hoster/RapidGatorNet.class
   jd/plugins/hoster/RapidstoneCom.class
   jd/plugins/hoster/RarbgTo.class
   jd/plugins/hoster/RareFileNet.class
   jd/plugins/hoster/Redmp3Cc.class
   jd/plugins/hoster/RockFileCo.class
   jd/plugins/hoster/RtveEs.class
   jd/plugins/hoster/RuTubeRu.class
   jd/plugins/hoster/SaikocloudMl.class.removed
   jd/plugins/hoster/SandupCo.class
   jd/plugins/hoster/SeedrCc.class
   jd/plugins/hoster/SendspaceCom.class
   jd/plugins/hoster/ServusCom.class
   jd/plugins/hoster/SharingWtf.class
   jd/plugins/hoster/SimpleTubes.class
   jd/plugins/hoster/SmoozedCom$1.class
   jd/plugins/hoster/SmoozedCom$2.class
   jd/plugins/hoster/SmoozedCom$3.class
   jd/plugins/hoster/SmoozedCom$4.class
   jd/plugins/hoster/SmoozedCom$5.class
   jd/plugins/hoster/SmoozedCom$6.class
   jd/plugins/hoster/SmoozedCom$7.class.removed
   jd/plugins/hoster/SmoozedCom.class
   jd/plugins/hoster/SoundcloudCom$1.class
   jd/plugins/hoster/SoundcloudCom$2.class
   jd/plugins/hoster/SoundcloudCom.class
   jd/plugins/hoster/SpankWireCom.class
   jd/plugins/hoster/SpeedDownOrg.class
   jd/plugins/hoster/SshYt.class.removed
   jd/plugins/hoster/StahomatCzSuperloadCz.class
   jd/plugins/hoster/StreamzCc.class
   jd/plugins/hoster/SubyShareCom.class
   jd/plugins/hoster/SugarSyncCom.class
   jd/plugins/hoster/SuicidegirlsCom$1.class
   jd/plugins/hoster/SuicidegirlsCom.class
   jd/plugins/hoster/SunnyUsenetCom.class
   jd/plugins/hoster/SupervideoTv.class
   jd/plugins/hoster/TakefileLink.class
   jd/plugins/hoster/TiktokCom.class
   jd/plugins/hoster/TinyfilesCom.class
   jd/plugins/hoster/TokyomotionNet.class
   jd/plugins/hoster/TurboBitNet$1.class
   jd/plugins/hoster/TurboBitNet.class
   jd/plugins/hoster/TwitterCom$TwitterConfigInterface$TRANSLATION.class
   jd/plugins/hoster/TwitterCom$TwitterConfigInterface.class
   jd/plugins/hoster/TwitterCom.class
   jd/plugins/hoster/TwobayOrg.class
   jd/plugins/hoster/UlozTo.class
   jd/plugins/hoster/UltimboxCom.class
   jd/plugins/hoster/UpLoadIo.class
   jd/plugins/hoster/UpToBoxCom.class
   jd/plugins/hoster/UploadBoyCom.class
   jd/plugins/hoster/UploadEarnCom.class
   jd/plugins/hoster/UploadbankCom.class
   jd/plugins/hoster/UploadfilesIo.class
   jd/plugins/hoster/UploadionCom.class.removed
   jd/plugins/hoster/UploadrajaCom.class
   jd/plugins/hoster/UploadrootCom.class
   jd/plugins/hoster/UploadshipCom.class
   jd/plugins/hoster/UpstreamTo.class
   jd/plugins/hoster/UseNetEwekaNl.class
   jd/plugins/hoster/UseNetFarm.class
   jd/plugins/hoster/UsersCloudCom.class
   jd/plugins/hoster/UseruploadNet.class
   jd/plugins/hoster/UuploadIr.class
   jd/plugins/hoster/VKontakteRuHoster.class
   jd/plugins/hoster/VeeosyncCom.class
   jd/plugins/hoster/VidbmCom.class
   jd/plugins/hoster/VidbomCom.class.removed
   jd/plugins/hoster/VideoOneCom.class.removed
   jd/plugins/hoster/VideoOneLife.class
   jd/plugins/hoster/VideoWoodTv.class
   jd/plugins/hoster/VideobinCo.class
   jd/plugins/hoster/VideokoTo.class
   jd/plugins/hoster/VidozaNet.class
   jd/plugins/hoster/VidtomeCo.class
   jd/plugins/hoster/VikiCom.class
   jd/plugins/hoster/VivoSx.class
   jd/plugins/hoster/VshareIo.class.removed
   jd/plugins/hoster/WdfilesRu.class
   jd/plugins/hoster/WduploadCom.class
   jd/plugins/hoster/WeShareMe.class.removed
   jd/plugins/hoster/WstreamVideo.class
   jd/plugins/hoster/XHamsterCom$1.class
   jd/plugins/hoster/XHamsterCom.class
   jd/plugins/hoster/XenuploadCom.class
   jd/plugins/hoster/XfilesIo.class
   jd/plugins/hoster/XshareClub.class
   jd/plugins/hoster/YandeRe.class
   jd/plugins/hoster/YiffyfurTube.class
   jd/plugins/hoster/ZbigzCom.class
   jd/plugins/hoster/ZeveraCore$1.class
   jd/plugins/hoster/ZeveraCore$2.class
   jd/plugins/hoster/ZeveraCore$3.class
   jd/plugins/hoster/ZeveraCore.class
----------------Extensions----------------
   extensions/Extraction.jar
----------------Direct Files----------------
   build.json
----------------Core Files----------------
   Core.jar
   JD: Core.jar/jd/controlling/AccountController$1.class
   JD: Core.jar/jd/controlling/AccountController$2.class
   JD: Core.jar/jd/controlling/AccountController$3.class
   JD: Core.jar/jd/controlling/AccountController$4.class
   JD: Core.jar/jd/controlling/AccountController$5$1.class
   JD: Core.jar/jd/controlling/AccountController$5.class
   JD: Core.jar/jd/controlling/AccountController$6.class
   JD: Core.jar/jd/controlling/AccountController$7.class
   JD: Core.jar/jd/controlling/AccountController$8.class
   JD: Core.jar/jd/controlling/AccountController.class
   JD: Core.jar/jd/plugins/PluginForHost$10$1.class
   JD: Core.jar/jd/plugins/PluginForHost$10$2.class
   JD: Core.jar/jd/plugins/PluginForHost$10.class
   JD: Core.jar/jd/plugins/PluginForHost$11.class
   JD: Core.jar/jd/plugins/PluginForHost$12.class
   JD: Core.jar/jd/plugins/PluginForHost$5$1$1.class
   JD: Core.jar/jd/plugins/PluginForHost$5$1.class
   JD: Core.jar/jd/plugins/PluginForHost$5.class
   JD: Core.jar/jd/plugins/PluginForHost$6$1.class
   JD: Core.jar/jd/plugins/PluginForHost$6$2$1.class
   JD: Core.jar/jd/plugins/PluginForHost$6$2$2.class
   JD: Core.jar/jd/plugins/PluginForHost$6$2.class
   JD: Core.jar/jd/plugins/PluginForHost$6.class
   JD: Core.jar/jd/plugins/PluginForHost$7.class
   JD: Core.jar/jd/plugins/PluginForHost$8.class
   JD: Core.jar/jd/plugins/PluginForHost$9.class
   JD: Core.jar/jd/plugins/PluginForHost$FilePair.class
   JD: Core.jar/jd/plugins/PluginForHost.class
   JD: Core.jar/org/jdownloader/api/myjdownloader/MyJDownloaderWaitingConnectionThread$1.class
   JD: Core.jar/org/jdownloader/api/myjdownloader/MyJDownloaderWaitingConnectionThread$MyJDownloaderConnectionRequest.class
   JD: Core.jar/org/jdownloader/api/myjdownloader/MyJDownloaderWaitingConnectionThread$MyJDownloaderConnectionResponse.class
   JD: Core.jar/org/jdownloader/api/myjdownloader/MyJDownloaderWaitingConnectionThread.class
   JD: Core.jar/org/jdownloader/api/useragent/ConnectedDevice.class
   JD: Core.jar/org/jdownloader/api/useragent/UserAgentController$1$1.class
   JD: Core.jar/org/jdownloader/api/useragent/UserAgentController$1$2.class.removed
   JD: Core.jar/org/jdownloader/api/useragent/UserAgentController$1$3.class.removed
   JD: Core.jar/org/jdownloader/api/useragent/UserAgentController$1.class
   JD: Core.jar/org/jdownloader/api/useragent/UserAgentController$2.class
   JD: Core.jar/org/jdownloader/api/useragent/UserAgentController$3.class
   JD: Core.jar/org/jdownloader/api/useragent/UserAgentController$4.class
   JD: Core.jar/org/jdownloader/api/useragent/UserAgentController$5.class
   JD: Core.jar/org/jdownloader/api/useragent/UserAgentController$6.class
   JD: Core.jar/org/jdownloader/api/useragent/UserAgentController.class
   JD: Core.jar/org/jdownloader/captcha/v2/challenge/recaptcha/v2/AbstractCaptchaHelperRecaptchaV2$1.class
   JD: Core.jar/org/jdownloader/captcha/v2/challenge/recaptcha/v2/AbstractCaptchaHelperRecaptchaV2$TYPE.class
   JD: Core.jar/org/jdownloader/captcha/v2/challenge/recaptcha/v2/AbstractCaptchaHelperRecaptchaV2.class
   JD: Core.jar/org/jdownloader/captcha/v2/solver/solver9kw/Captcha9kwSolver.class
   JD: Core.jar/org/jdownloader/captcha/v2/solver/solver9kw/Captcha9kwSolverMultiClick.class
   JD: Core.jar/org/jdownloader/controlling/FileCreationManager$1.class
   JD: Core.jar/org/jdownloader/controlling/FileCreationManager$DeleteOption$1.class
   JD: Core.jar/org/jdownloader/controlling/FileCreationManager$DeleteOption$2.class
   JD: Core.jar/org/jdownloader/controlling/FileCreationManager$DeleteOption$3.class
   JD: Core.jar/org/jdownloader/controlling/FileCreationManager$DeleteOption.class
   JD: Core.jar/org/jdownloader/controlling/FileCreationManager.class
   JD: Core.jar/org/jdownloader/controlling/ffmpeg/AbstractFFmpegBinary$4.class
   JD: Core.jar/org/jdownloader/dlc/DLCFactory.class
   JD: Core.jar/org/jdownloader/donate/DONATE_EVENT$1.class
   JD: Core.jar/org/jdownloader/donate/DONATE_EVENT$2.class
   JD: Core.jar/org/jdownloader/donate/DONATE_EVENT$3.class
   JD: Core.jar/org/jdownloader/donate/DONATE_EVENT$4.class
   JD: Core.jar/org/jdownloader/donate/DONATE_EVENT$5.class
   JD: Core.jar/org/jdownloader/donate/DONATE_EVENT$6.class
   JD: Core.jar/org/jdownloader/donate/DONATE_EVENT$7.class
   JD: Core.jar/org/jdownloader/donate/DONATE_EVENT$8.class
   JD: Core.jar/org/jdownloader/donate/DONATE_EVENT$9.class
   JD: Core.jar/org/jdownloader/donate/DONATE_EVENT.class
   JD: Core.jar/org/jdownloader/downloader/hls/HLSDownloader$1.class
   JD: Core.jar/org/jdownloader/downloader/hls/HLSDownloader$2.class
   JD: Core.jar/org/jdownloader/downloader/hls/HLSDownloader$3.class
   JD: Core.jar/org/jdownloader/downloader/hls/HLSDownloader$4.class
   JD: Core.jar/org/jdownloader/downloader/hls/HLSDownloader$5.class
   JD: Core.jar/org/jdownloader/downloader/hls/HLSDownloader$6.class
   JD: Core.jar/org/jdownloader/downloader/hls/HLSDownloader$7.class
   JD: Core.jar/org/jdownloader/downloader/hls/HLSDownloader$8.class
   JD: Core.jar/org/jdownloader/downloader/hls/HLSDownloader$9.class
   JD: Core.jar/org/jdownloader/downloader/hls/HLSDownloader$CONCATSOURCE.class
   JD: Core.jar/org/jdownloader/downloader/hls/HLSDownloader$PartFile.class
   JD: Core.jar/org/jdownloader/downloader/hls/HLSDownloader.class
   JD: Core.jar/org/jdownloader/downloader/hls/M3U8Playlist$M3U8Segment.class
   JD: Core.jar/org/jdownloader/downloader/hls/M3U8Playlist.class
   JD: Core.jar/org/jdownloader/gui/dialog/AskToUsePremiumDialog.class
   JD: Core.jar/org/jdownloader/gui/views/downloads/action/DownloadTabActionUtils$1.class
   JD: Core.jar/org/jdownloader/gui/views/downloads/action/DownloadTabActionUtils.class
   JD: Core.jar/org/jdownloader/jdserv/CounterInterface.class
   JD: Core.jar/org/jdownloader/jdserv/GeoDBInterface.class
   JD: Core.jar/org/jdownloader/jdserv/InstallerInterface.class
   JD: Core.jar/org/jdownloader/jdserv/JDServUtils.class
   JD: Core.jar/org/jdownloader/jdserv/JService.class
   JD: Core.jar/org/jdownloader/net/BCTLSSocketStreamFactory$1.class
   JD: Core.jar/org/jdownloader/net/BCTLSSocketStreamFactory$BCTLSSocketStreamTlsClient$1.class
   JD: Core.jar/org/jdownloader/net/BCTLSSocketStreamFactory$BCTLSSocketStreamTlsClient.class
   JD: Core.jar/org/jdownloader/net/BCTLSSocketStreamFactory.class
   JD: Core.jar/org/jdownloader/plugins/components/TurbobitCore$1.class
   JD: Core.jar/org/jdownloader/plugins/components/TurbobitCore$2.class.removed
   JD: Core.jar/org/jdownloader/plugins/components/TurbobitCore$DownloadType.class
   JD: Core.jar/org/jdownloader/plugins/components/TurbobitCore.class
   JD: Core.jar/org/jdownloader/plugins/components/UnknownHostingScriptCore.class
   JD: Core.jar/org/jdownloader/plugins/components/XFileSharingProBasic$1.class
   JD: Core.jar/org/jdownloader/plugins/components/XFileSharingProBasic.class
   JD: Core.jar/org/jdownloader/plugins/components/XFileSharingProBasicSpecialFilejoker.class
   JD: Core.jar/org/jdownloader/plugins/components/YetiShareCore.class
   JD: Core.jar/org/jdownloader/plugins/components/abstractSafeLinking.class
   JD: Core.jar/org/jdownloader/plugins/components/antiDDoSForDecrypt$1.class
   JD: Core.jar/org/jdownloader/plugins/components/antiDDoSForDecrypt.class
   JD: Core.jar/org/jdownloader/plugins/components/antiDDoSForHost$1.class
   JD: Core.jar/org/jdownloader/plugins/components/antiDDoSForHost.class
   JD: Core.jar/org/jdownloader/plugins/components/config/DeluxemusicTvConfigInterface$TRANSLATION.class
   JD: Core.jar/org/jdownloader/plugins/components/config/DeluxemusicTvConfigInterface.class
   JD: Core.jar/org/jdownloader/plugins/components/config/DropBoxConfig$TRANSLATION.class
   JD: Core.jar/org/jdownloader/plugins/components/config/DropBoxConfig.class
   JD: Core.jar/org/jdownloader/plugins/components/config/TurbobitConfig$1.class
   JD: Core.jar/org/jdownloader/plugins/components/config/TurbobitConfig$PreferredDomain$1.class
   JD: Core.jar/org/jdownloader/plugins/components/config/TurbobitConfig$PreferredDomain$2.class
   JD: Core.jar/org/jdownloader/plugins/components/config/TurbobitConfig$PreferredDomain.class
   JD: Core.jar/org/jdownloader/plugins/components/config/TurbobitConfig.class
   JD: Core.jar/org/jdownloader/plugins/components/google/GoogleHelper$1.class
   JD: Core.jar/org/jdownloader/plugins/components/google/GoogleHelper$2$1.class
   JD: Core.jar/org/jdownloader/plugins/components/google/GoogleHelper$2.class
   JD: Core.jar/org/jdownloader/plugins/components/google/GoogleHelper$3$1.class
   JD: Core.jar/org/jdownloader/plugins/components/google/GoogleHelper$3.class
   JD: Core.jar/org/jdownloader/plugins/components/google/GoogleHelper.class
   JD: Core.jar/org/jdownloader/plugins/components/youtube/YoutubeConfig$NotNullCustomGetter.class
   JD: Core.jar/org/jdownloader/plugins/components/youtube/YoutubeConfig$QualitySortIdentifierOrderAudioBitrate.class
   JD: Core.jar/org/jdownloader/plugins/components/youtube/YoutubeConfig$QualitySortIdentifierOrderAudioCodec.class
   JD: Core.jar/org/jdownloader/plugins/components/youtube/YoutubeConfig$QualitySortIdentifierOrderDefaultGetter.class
   JD: Core.jar/org/jdownloader/plugins/components/youtube/YoutubeConfig$QualitySortIdentifierOrderFiletype.class
   JD: Core.jar/org/jdownloader/plugins/components/youtube/YoutubeConfig$QualitySortIdentifierOrderResolution.class
   JD: Core.jar/org/jdownloader/plugins/components/youtube/YoutubeConfig$QualitySortIdentifierOrderVideoCodec.class
   JD: Core.jar/org/jdownloader/plugins/components/youtube/YoutubeConfig$QualitySortIdentifierOrderVideoFramerate.class
   JD: Core.jar/org/jdownloader/plugins/components/youtube/YoutubeConfig.class
   JD: Core.jar/org/jdownloader/plugins/components/youtube/YoutubeHelper$33.class
   JD: Core.jar/org/jdownloader/plugins/components/youtube/YoutubeHelper$34.class
   JD: Core.jar/org/jdownloader/plugins/components/youtube/YoutubeHelper$35.class
   JD: Core.jar/org/jdownloader/plugins/components/youtube/YoutubeHelper$36.class
   JD: Core.jar/org/jdownloader/plugins/components/youtube/YoutubeHelper$37.class
   JD: Core.jar/org/jdownloader/plugins/components/youtube/YoutubeHelper$38.class
   JD: Core.jar/org/jdownloader/plugins/components/youtube/YoutubeHelper$39.class
   JD: Core.jar/org/jdownloader/plugins/components/youtube/YoutubeHelper$40.class
   JD: Core.jar/org/jdownloader/plugins/components/youtube/YoutubeHelper.class
   JD: Core.jar/org/jdownloader/plugins/controller/PluginClassLoader$PluginClassLoaderChild.class
   JD: Core.jar/org/jdownloader/plugins/controller/PluginClassLoader.class
   JD: Core.jar/org/jdownloader/premium/BuyAndAddPremiumAccount$1.class
   JD: Core.jar/org/jdownloader/premium/BuyAndAddPremiumAccount.class
   JD: Core.jar/org/jdownloader/premium/BuyPremiumAction.class.removed
   JD: Core.jar/org/jdownloader/premium/OpenURLAction.class
   JD: Core.jar/org/jdownloader/premium/PremiumInfoDialog$1.class
   JD: Core.jar/org/jdownloader/premium/PremiumInfoDialog.class
   JD: Core.jar/org/jdownloader/startup/commands/AddLinkCommand$1.class
   JD: Core.jar/org/jdownloader/startup/commands/AddLinkCommand.class
   JD: extensions/Extraction.jar/org/jdownloader/extensions/extraction/gui/config/ExtractionConfigPanel$1$1.class
   JD: extensions/Extraction.jar/org/jdownloader/extensions/extraction/gui/config/ExtractionConfigPanel$1$2.class
   JD: extensions/Extraction.jar/org/jdownloader/extensions/extraction/gui/config/ExtractionConfigPanel$1$3.class
   JD: extensions/Extraction.jar/org/jdownloader/extensions/extraction/gui/config/ExtractionConfigPanel$1$4.class
   JD: extensions/Extraction.jar/org/jdownloader/extensions/extraction/gui/config/ExtractionConfigPanel$1$5.class
   JD: extensions/Extraction.jar/org/jdownloader/extensions/extraction/gui/config/ExtractionConfigPanel$1.class
   JD: extensions/Extraction.jar/org/jdownloader/extensions/extraction/gui/config/ExtractionConfigPanel$2.class
   JD: extensions/Extraction.jar/org/jdownloader/extensions/extraction/gui/config/ExtractionConfigPanel$3$1.class
   JD: extensions/Extraction.jar/org/jdownloader/extensions/extraction/gui/config/ExtractionConfigPanel$3.class
   JD: extensions/Extraction.jar/org/jdownloader/extensions/extraction/gui/config/ExtractionConfigPanel$4$1.class
   JD: extensions/Extraction.jar/org/jdownloader/extensions/extraction/gui/config/ExtractionConfigPanel$4$2$1.class
   JD: extensions/Extraction.jar/org/jdownloader/extensions/extraction/gui/config/ExtractionConfigPanel$4$2.class
   JD: extensions/Extraction.jar/org/jdownloader/extensions/extraction/gui/config/ExtractionConfigPanel$4$3$1.class
   JD: extensions/Extraction.jar/org/jdownloader/extensions/extraction/gui/config/ExtractionConfigPanel$4$3.class
   JD: extensions/Extraction.jar/org/jdownloader/extensions/extraction/gui/config/ExtractionConfigPanel$4.class
   JD: extensions/Extraction.jar/org/jdownloader/extensions/extraction/gui/config/ExtractionConfigPanel$5$1.class.removed
   JD: extensions/Extraction.jar/org/jdownloader/extensions/extraction/gui/config/ExtractionConfigPanel$5$2$1.class.removed
   JD: extensions/Extraction.jar/org/jdownloader/extensions/extraction/gui/config/ExtractionConfigPanel$5$2.class.removed
   JD: extensions/Extraction.jar/org/jdownloader/extensions/extraction/gui/config/ExtractionConfigPanel$5$3$1.class.removed
   JD: extensions/Extraction.jar/org/jdownloader/extensions/extraction/gui/config/ExtractionConfigPanel$5$3.class.removed
   JD: extensions/Extraction.jar/org/jdownloader/extensions/extraction/gui/config/ExtractionConfigPanel$5.class
   JD: extensions/Extraction.jar/org/jdownloader/extensions/extraction/gui/config/ExtractionConfigPanel$6.class.removed
   JD: extensions/Extraction.jar/org/jdownloader/extensions/extraction/gui/config/ExtractionConfigPanel.class
   JD: libs/JDGUI.jar/jd/gui/swing/jdgui/views/myjd/panels/RemoteControlPanel$1.class
   JD: libs/JDGUI.jar/jd/gui/swing/jdgui/views/myjd/panels/RemoteControlPanel.class
   JD: libs/JDHttp.jar/jd/http/requests/FormData$FormDataOutputStream.class
   JD: libs/JDHttp.jar/jd/http/requests/FormData$Type.class
   JD: libs/JDHttp.jar/jd/http/requests/FormData.class
   JD: libs/JDHttp.jar/jd/http/requests/PostFormDataRequest$1.class
   JD: libs/JDHttp.jar/jd/http/requests/PostFormDataRequest.class
   JD: libs/JDUtils.jar/jd/nutils/SimpleFTP$1.class
   JD: libs/JDUtils.jar/jd/nutils/SimpleFTP$2.class
   JD: libs/JDUtils.jar/jd/nutils/SimpleFTP$3.class
   JD: libs/JDUtils.jar/jd/nutils/SimpleFTP$ENCODING$1.class
   JD: libs/JDUtils.jar/jd/nutils/SimpleFTP$ENCODING$2.class
   JD: libs/JDUtils.jar/jd/nutils/SimpleFTP$ENCODING.class
   JD: libs/JDUtils.jar/jd/nutils/SimpleFTP$FEATURE.class
   JD: libs/JDUtils.jar/jd/nutils/SimpleFTP$SimpleFTPListEntry.class
   JD: libs/JDUtils.jar/jd/nutils/SimpleFTP$TYPE.class
   JD: libs/JDUtils.jar/jd/nutils/SimpleFTP.class
   JD: libs/cons.jar/org/jdownloader/container/Config$1.class
   JD: libs/cons.jar/org/jdownloader/container/D.class
   libs/JDGUI.jar
   libs/JDHttp.jar
   libs/JDUtils.jar
   libs/cons.jar
