Sat May 02 19:13:16 CST 2020
Package: package_1588417815958.awf
Install
Write Revision: 13885
----------------Plugins----------------
   jd/plugins/decrypter/AdfLy.class
   jd/plugins/decrypter/AnimesTelecine.class
   jd/plugins/decrypter/Animestc.class
   jd/plugins/decrypter/ArchiveOrg.class
   jd/plugins/decrypter/Ardmediathek.class
   jd/plugins/decrypter/ChoMikujPl.class
   jd/plugins/decrypter/ClictuneCom.class
   jd/plugins/decrypter/CouchTuner.class
   jd/plugins/decrypter/DecrypterForRedirectServicesWithoutDirectRedirects.class
   jd/plugins/decrypter/DlPrteCom.class
   jd/plugins/decrypter/DociPl.class
   jd/plugins/decrypter/DownlInk$1.class
   jd/plugins/decrypter/DownlInk$2.class
   jd/plugins/decrypter/DownlInk$enjStorable.class
   jd/plugins/decrypter/DownlInk.class
   jd/plugins/decrypter/DrawcrowdCom.class.removed
   jd/plugins/decrypter/EbaGovTrFolder.class.removed
   jd/plugins/decrypter/EuroShareEuFolder.class.removed
   jd/plugins/decrypter/FEmbedDecrypter.class
   jd/plugins/decrypter/FfetishPhotos.class
   jd/plugins/decrypter/FolderWatchURL.class
   jd/plugins/decrypter/FrancetelevisionsCom.class
   jd/plugins/decrypter/FrkShrFldr.class.removed
   jd/plugins/decrypter/GenericWBoardDecrypter$1.class
   jd/plugins/decrypter/GenericWBoardDecrypter.class
   jd/plugins/decrypter/GenericXFileShareProFolder.class
   jd/plugins/decrypter/GenericYetiShareFolder.class
   jd/plugins/decrypter/GoogleDriveDirectoryIndex.class
   jd/plugins/decrypter/Hard55Com.class.removed
   jd/plugins/decrypter/HqpornerCom.class
   jd/plugins/decrypter/ImgurCom.class.removed
   jd/plugins/decrypter/ImgurComGallery.class
   jd/plugins/decrypter/InstaGramComDecrypter.class
   jd/plugins/decrypter/IwaraTv.class
   jd/plugins/decrypter/LinksSafetyCom.class
   jd/plugins/decrypter/LinkvertiseCom.class.removed
   jd/plugins/decrypter/LiveMistapesComDecrypter.class.removed
   jd/plugins/decrypter/LiveMixtapesComDecrypter.class
   jd/plugins/decrypter/MegatvComDecrypter$1.class
   jd/plugins/decrypter/MegatvComDecrypter.class
   jd/plugins/decrypter/MightyScriptAdLinkFly$1.class
   jd/plugins/decrypter/MightyScriptAdLinkFly$CaptchaType.class
   jd/plugins/decrypter/MightyScriptAdLinkFly.class
   jd/plugins/decrypter/MirroraceCom.class
   jd/plugins/decrypter/NarodRuDecrypter.class.removed
   jd/plugins/decrypter/NwLbmRlsesNet.class
   jd/plugins/decrypter/OdriveCom.class
   jd/plugins/decrypter/OnecloudMediaFolder.class.removed
   jd/plugins/decrypter/PanBaiduCom.class
   jd/plugins/decrypter/ParelliSavvyClubComDecrypter.class.removed
   jd/plugins/decrypter/PinterestComDecrypter.class
   jd/plugins/decrypter/PixivNetGallery.class
   jd/plugins/decrypter/PluralsightComDecrypter.class
   jd/plugins/decrypter/PornHubCom.class
   jd/plugins/decrypter/PornportalComCrawler.class
   jd/plugins/decrypter/PrnHstComFldr.class
   jd/plugins/decrypter/PururinUs.class.removed
   jd/plugins/decrypter/ReviveLinkCom.class
   jd/plugins/decrypter/RewriteMegaConz.class
   jd/plugins/decrypter/RlGalleriesNt.class
   jd/plugins/decrypter/SerienStreamTo$1.class
   jd/plugins/decrypter/StreamTo$1.class
   jd/plugins/decrypter/StreamTo$2.class
   jd/plugins/decrypter/SxyprnCom.class
   jd/plugins/decrypter/TwitchTvDecrypt.class
   jd/plugins/decrypter/UpToStreamCom.class
   jd/plugins/decrypter/VKontakteRu.class
   jd/plugins/decrypter/VimeoComDecrypter$1.class
   jd/plugins/decrypter/VimeoComDecrypter.class
   jd/plugins/decrypter/VivaTvDecrypt.class
   jd/plugins/decrypter/XvideosComProfile.class
   jd/plugins/hoster/AlfafileNet.class
   jd/plugins/hoster/AllDebridCom$1.class
   jd/plugins/hoster/AllDebridCom$4.class
   jd/plugins/hoster/AllDebridCom.class
   jd/plugins/hoster/ArchiveOrg.class
   jd/plugins/hoster/BaixarPremiumNet.class
   jd/plugins/hoster/BandCampCom.class
   jd/plugins/hoster/BfilEs.class
   jd/plugins/hoster/BirdloadCom.class.removed
   jd/plugins/hoster/CamwhoresTv.class
   jd/plugins/hoster/CboxeraCom.class
   jd/plugins/hoster/ChoMikujPl$1.class
   jd/plugins/hoster/ChoMikujPl.class
   jd/plugins/hoster/CloudMailRu.class
   jd/plugins/hoster/CutuploadCom.class
   jd/plugins/hoster/DailyfilesNet$1.class.removed
   jd/plugins/hoster/DailyfilesNet$2.class.removed
   jd/plugins/hoster/DailyfilesNet.class.removed
   jd/plugins/hoster/DatPiffCom.class
   jd/plugins/hoster/DataDump$1.class
   jd/plugins/hoster/DataDump$2.class
   jd/plugins/hoster/DataDump.class
   jd/plugins/hoster/DdlTo.class
   jd/plugins/hoster/DebridFileCom.class
   jd/plugins/hoster/DebridLinkFr$1.class
   jd/plugins/hoster/DebridLinkFr.class
   jd/plugins/hoster/DeepbridCom.class
   jd/plugins/hoster/DepositFiles.class
   jd/plugins/hoster/DirectHTTP.class
   jd/plugins/hoster/DociPl.class
   jd/plugins/hoster/DopeFileCom.class.removed
   jd/plugins/hoster/DopeRomsCom.class.removed
   jd/plugins/hoster/DoubleJNetAu$1.class
   jd/plugins/hoster/DoubleJNetAu$AudioStream.class
   jd/plugins/hoster/DoubleJNetAu$Enity.class
   jd/plugins/hoster/DoubleJNetAu$StreamInfo.class
   jd/plugins/hoster/DoubleJNetAu.class
   jd/plugins/hoster/DownFlowNet.class.removed
   jd/plugins/hoster/DownloadAndroidRomCom.class
   jd/plugins/hoster/DownloadGg.class
   jd/plugins/hoster/DownloadSeedExtremeCom.class.removed
   jd/plugins/hoster/DownsterNet$Hoster.class
   jd/plugins/hoster/DownsterNet.class
   jd/plugins/hoster/DrawcrowdCom.class.removed
   jd/plugins/hoster/DropMe.class.removed
   jd/plugins/hoster/DropbbaseCom.class
   jd/plugins/hoster/DropgalaxyIn$1.class
   jd/plugins/hoster/DropgalaxyIn.class
   jd/plugins/hoster/Earn4filesCom.class
   jd/plugins/hoster/EasyBytezCom.class
   jd/plugins/hoster/EasyFilesPl.class
   jd/plugins/hoster/EasyloadIo.class
   jd/plugins/hoster/EbaGovTr.class.removed
   jd/plugins/hoster/EpubbooksCom.class
   jd/plugins/hoster/EstreamTo.class.removed
   jd/plugins/hoster/EuroShareEu.class.removed
   jd/plugins/hoster/EvilAngelCom.class
   jd/plugins/hoster/FaceBookComVideos.class
   jd/plugins/hoster/File2HostCom.class
   jd/plugins/hoster/File4GoCom.class
   jd/plugins/hoster/File4Net.class
   jd/plugins/hoster/FileAl.class
   jd/plugins/hoster/FileBitPl.class
   jd/plugins/hoster/FileBoomMe.class
   jd/plugins/hoster/FileJokerNet.class
   jd/plugins/hoster/FileSharkPl$1.class
   jd/plugins/hoster/FileSharkPl$2.class
   jd/plugins/hoster/FileSharkPl.class
   jd/plugins/hoster/FileToNetCom.class.removed
   jd/plugins/hoster/FileTripNet.class.removed
   jd/plugins/hoster/FilecatNet.class
   jd/plugins/hoster/FilemiaCo.class
   jd/plugins/hoster/FilenextCom.class
   jd/plugins/hoster/FilerNet.class
   jd/plugins/hoster/FileupSt9Net.class.removed
   jd/plugins/hoster/FiredropCom.class.removed
   jd/plugins/hoster/FlashfilesCom.class
   jd/plugins/hoster/FlickrCom.class
   jd/plugins/hoster/FluidPlayer.class
   jd/plugins/hoster/Freaksharenet.class.removed
   jd/plugins/hoster/FreshfilePl.class
   jd/plugins/hoster/FtmboxTop.class
   jd/plugins/hoster/GameFrontCom.class.removed
   jd/plugins/hoster/GeT24Org.class
   jd/plugins/hoster/GoKuaiCom.class
   jd/plugins/hoster/GoloadyCom.class
   jd/plugins/hoster/GoogleDrive.class
   jd/plugins/hoster/GupfilesCom.class.removed
   jd/plugins/hoster/HamicloudNet.class.removed
   jd/plugins/hoster/Hard55Com.class.removed
   jd/plugins/hoster/HdPussyXxx.class
   jd/plugins/hoster/HeiseDeVideo.class.removed
   jd/plugins/hoster/HighWayMe$1.class
   jd/plugins/hoster/HighWayMe.class
   jd/plugins/hoster/HqMirrorDe.class
   jd/plugins/hoster/HqcomboCom.class
   jd/plugins/hoster/HqqTv$1.class
   jd/plugins/hoster/HundredTwentySixDiskCom.class
   jd/plugins/hoster/IcerboxBiz.class
   jd/plugins/hoster/ImgUrCom$1.class.removed
   jd/plugins/hoster/ImgUrCom$2.class.removed
   jd/plugins/hoster/ImgUrCom$3.class.removed
   jd/plugins/hoster/ImgUrCom$TYPE.class.removed
   jd/plugins/hoster/ImgUrCom.class.removed
   jd/plugins/hoster/ImgurComHoster$1.class
   jd/plugins/hoster/ImgurComHoster$2.class
   jd/plugins/hoster/ImgurComHoster$3.class
   jd/plugins/hoster/ImgurComHoster$4.class
   jd/plugins/hoster/ImgurComHoster$TYPE.class
   jd/plugins/hoster/ImgurComHoster.class
   jd/plugins/hoster/ImxTo.class
   jd/plugins/hoster/IshareIaskSinaComCn.class
   jd/plugins/hoster/IsraCloud.class
   jd/plugins/hoster/IwaraTv.class
   jd/plugins/hoster/JetloadNet$1.class
   jd/plugins/hoster/JetloadNet.class
   jd/plugins/hoster/JhebergNet.class
   jd/plugins/hoster/K2SApi$1.class
   jd/plugins/hoster/K2SApi$2.class
   jd/plugins/hoster/K2SApi$CAPTCHA.class
   jd/plugins/hoster/K2SApi.class
   jd/plugins/hoster/KTo.class.removed
   jd/plugins/hoster/KatfileCom.class
   jd/plugins/hoster/Keep2ShareCc.class
   jd/plugins/hoster/KernelVideoSharingCom.class
   jd/plugins/hoster/LibGenInfo.class
   jd/plugins/hoster/LinkSnappyCom.class
   jd/plugins/hoster/LittlebyteNet.class
   jd/plugins/hoster/LiveMixTapesCom.class
   jd/plugins/hoster/LunaticFilesCom.class
   jd/plugins/hoster/Mega4upCom.class
   jd/plugins/hoster/MegaConz$1.class
   jd/plugins/hoster/MegaConz$2.class
   jd/plugins/hoster/MegaConz$MegaDownloadLinkDownloadable.class
   jd/plugins/hoster/MegaConz$MegaHashCheck$1.class
   jd/plugins/hoster/MegaConz$MegaHashCheck.class
   jd/plugins/hoster/MegaConz.class
   jd/plugins/hoster/MegaloadTo.class
   jd/plugins/hoster/MegarapidoNet.class
   jd/plugins/hoster/MegatvCom.class
   jd/plugins/hoster/MexashareCom.class
   jd/plugins/hoster/Mfhd.class
   jd/plugins/hoster/MixdropCo$1.class
   jd/plugins/hoster/MixdropCo.class
   jd/plugins/hoster/ModTheSimsInfo.class
   jd/plugins/hoster/MovikiRu.class.removed
   jd/plugins/hoster/MyMailRu$1.class
   jd/plugins/hoster/MyMailRu.class
   jd/plugins/hoster/MyStreamTo.class
   jd/plugins/hoster/NarodRu.class.removed
   jd/plugins/hoster/NaszaKlasa.class
   jd/plugins/hoster/NewgroundsCom.class
   jd/plugins/hoster/NexusmodsCom.class
   jd/plugins/hoster/NicoVideoJp.class
   jd/plugins/hoster/NitroBitNet.class.removed
   jd/plugins/hoster/NovaFileCom.class
   jd/plugins/hoster/OdriveCom.class
   jd/plugins/hoster/Offline.class
   jd/plugins/hoster/OnecloudMedia.class.removed
   jd/plugins/hoster/OnehundredThirtyNineFileCom.class
   jd/plugins/hoster/OoglyIo.class
   jd/plugins/hoster/OsUpCom.class
   jd/plugins/hoster/OxyCloud.class
   jd/plugins/hoster/ParelliSavvyClubCom.class.removed
   jd/plugins/hoster/PeekVidsCom.class
   jd/plugins/hoster/PhotobucketCom.class
   jd/plugins/hoster/PimpRollHostedTube.class
   jd/plugins/hoster/PixaBayCom.class
   jd/plugins/hoster/PixeldrainCom.class
   jd/plugins/hoster/PixhstCom.class.removed
   jd/plugins/hoster/PixivNet$1.class
   jd/plugins/hoster/PixivNet$2.class
   jd/plugins/hoster/PixivNet$3.class
   jd/plugins/hoster/PixivNet$4.class
   jd/plugins/hoster/PixivNet.class
   jd/plugins/hoster/PluralsightCom$QUALITY.class
   jd/plugins/hoster/PluralsightCom.class
   jd/plugins/hoster/PobierzBiz$1.class
   jd/plugins/hoster/PobierzBiz$2.class
   jd/plugins/hoster/PobierzBiz.class
   jd/plugins/hoster/PornHostCom.class
   jd/plugins/hoster/PornHubCom$1.class
   jd/plugins/hoster/PornHubCom$BouncyCastleAESCounterModeDecrypt.class
   jd/plugins/hoster/PornHubCom.class
   jd/plugins/hoster/PornboxVideo.class
   jd/plugins/hoster/PornhdCom.class
   jd/plugins/hoster/PornportalCom.class
   jd/plugins/hoster/PorntrexCom.class
   jd/plugins/hoster/PremboxCom.class
   jd/plugins/hoster/PremiumTo$1.class
   jd/plugins/hoster/PremiumTo$2.class
   jd/plugins/hoster/PremiumTo$PremiumDotToConfigInterface$Translation.class
   jd/plugins/hoster/PremiumTo$PremiumDotToConfigInterface.class
   jd/plugins/hoster/PremiumTo.class
   jd/plugins/hoster/PremiumaxNet.class
   jd/plugins/hoster/ProLeechLink.class
   jd/plugins/hoster/PublicUperaCo.class
   jd/plugins/hoster/Publish2Me.class
   jd/plugins/hoster/PururinUs.class.removed
   jd/plugins/hoster/RPNetBiz$1.class
   jd/plugins/hoster/RPNetBiz.class
   jd/plugins/hoster/RacatyCom.class.removed
   jd/plugins/hoster/RacatyNet.class
   jd/plugins/hoster/RapidGatorNet.class
   jd/plugins/hoster/RapidekPl.class
   jd/plugins/hoster/RapidoxPl.class
   jd/plugins/hoster/Rapids24Pl.class
   jd/plugins/hoster/RapidsPl$1.class
   jd/plugins/hoster/RapidsPl.class
   jd/plugins/hoster/RapiduNet$1.class
   jd/plugins/hoster/RapiduNet$2.class
   jd/plugins/hoster/RapiduNet.class
   jd/plugins/hoster/RayFileCom$1.class.removed
   jd/plugins/hoster/RayFileCom.class.removed
   jd/plugins/hoster/RealDebridCom$1.class
   jd/plugins/hoster/RealDebridCom$2.class
   jd/plugins/hoster/RealDebridCom$3.class
   jd/plugins/hoster/RealDebridCom$4.class
   jd/plugins/hoster/RealDebridCom$5.class
   jd/plugins/hoster/RealDebridCom$6.class
   jd/plugins/hoster/RealDebridCom$7.class
   jd/plugins/hoster/RealDebridCom$8.class
   jd/plugins/hoster/RealDebridCom.class
   jd/plugins/hoster/RehostTo.class.removed
   jd/plugins/hoster/RomulationNet.class
   jd/plugins/hoster/SecufilesCom.class
   jd/plugins/hoster/SeedrCc.class
   jd/plugins/hoster/SeventeeSixFengyunCom.class
   jd/plugins/hoster/SeventySevenFileCom.class
   jd/plugins/hoster/SfileMobi.class
   jd/plugins/hoster/SharingWtf.class
   jd/plugins/hoster/SimpleTubes.class
   jd/plugins/hoster/SimpleTubes1.class.removed
   jd/plugins/hoster/SimplyPremiumCom.class
   jd/plugins/hoster/SmoozedCom$1.class
   jd/plugins/hoster/SmoozedCom$2.class
   jd/plugins/hoster/SmoozedCom$3.class
   jd/plugins/hoster/SmoozedCom$4.class
   jd/plugins/hoster/SmoozedCom$5.class
   jd/plugins/hoster/SmoozedCom$6.class
   jd/plugins/hoster/SmoozedCom.class
   jd/plugins/hoster/SolidFilesCom.class
   jd/plugins/hoster/StahomatCzSuperloadCz.class
   jd/plugins/hoster/StreamtapeCom.class
   jd/plugins/hoster/SubyShareCom.class
   jd/plugins/hoster/SuperdownComBr$1.class
   jd/plugins/hoster/SuperdownComBr.class
   jd/plugins/hoster/SxyprnCom.class
   jd/plugins/hoster/TezFilesCom.class
   jd/plugins/hoster/TransloadMe.class
   jd/plugins/hoster/TstorageInfo.class
   jd/plugins/hoster/TurbixPl.class
   jd/plugins/hoster/TwisTysCom.class.removed
   jd/plugins/hoster/TwitchTv$1.class
   jd/plugins/hoster/TwitchTv.class
   jd/plugins/hoster/Up2shaRe.class
   jd/plugins/hoster/UpToBoxCom$1.class
   jd/plugins/hoster/UpToBoxCom$UptoboxAccountFactory$1.class
   jd/plugins/hoster/UpToBoxCom$UptoboxAccountFactory.class
   jd/plugins/hoster/UpToBoxCom.class
   jd/plugins/hoster/UpToStreamCom$1.class.removed
   jd/plugins/hoster/UpToStreamCom.class.removed
   jd/plugins/hoster/UpfileMobi.class.removed
   jd/plugins/hoster/UpfordownXyz.class
   jd/plugins/hoster/UploadfilesIo.class
   jd/plugins/hoster/UploadshipCom.class
   jd/plugins/hoster/UsersCloudCom.class
   jd/plugins/hoster/VevIo$1.class
   jd/plugins/hoster/VevIo.class
   jd/plugins/hoster/VidloxTv.class
   jd/plugins/hoster/VimeoCom$1.class
   jd/plugins/hoster/VimeoCom$VIMEO_URL_TYPE.class
   jd/plugins/hoster/VimeoCom$WrongRefererException.class
   jd/plugins/hoster/VimeoCom.class
   jd/plugins/hoster/VivaTv$1.class
   jd/plugins/hoster/VivaTv$2.class
   jd/plugins/hoster/VivaTv$3.class
   jd/plugins/hoster/VivaTv$4.class
   jd/plugins/hoster/VivaTv$5.class
   jd/plugins/hoster/VivaTv.class
   jd/plugins/hoster/WduploadCom.class
   jd/plugins/hoster/WorldBytezCom.class
   jd/plugins/hoster/WuShareCom.class
   jd/plugins/hoster/WupfileCom.class
   jd/plugins/hoster/XHamsterCom$1.class
   jd/plugins/hoster/XHamsterCom.class
   jd/plugins/hoster/XvideosCom.class
   jd/plugins/hoster/ZeveraCore$1.class
   jd/plugins/hoster/ZeveraCore$2.class
   jd/plugins/hoster/ZeveraCore$3.class
   jd/plugins/hoster/ZeveraCore.class
----------------Extensions----------------
----------------Direct Files----------------
   build.json
   translations/org/appwork/utils/locale/AWUTranslation.bs.lng
   translations/org/appwork/utils/locale/AWUTranslation.es__castillian.lng
   translations/org/jdownloader/extensions/extraction/translate/ExtractionTranslation.es__castillian.lng
   translations/org/jdownloader/extensions/shutdown/translate/ShutdownTranslation.es__castillian.lng
   translations/org/jdownloader/gui/translate/GuiTranslation.bs.lng
   translations/org/jdownloader/gui/translate/GuiTranslation.es__castillian.lng
   translations/org/jdownloader/translate/JdownloaderTranslation.es__castillian.lng
   translations/org/jdownloader/updatev2/UpdaterTranslation.es__castillian.lng
----------------Core Files----------------
   Core.jar
   JD: Core.jar/jd/controlling/downloadcontroller/HistoryEntry$1.class
   JD: Core.jar/jd/controlling/downloadcontroller/HistoryEntry.class
   JD: Core.jar/jd/controlling/downloadcontroller/SingleDownloadController$1.class
   JD: Core.jar/jd/controlling/downloadcontroller/SingleDownloadController$2$1.class
   JD: Core.jar/jd/controlling/downloadcontroller/SingleDownloadController$2.class
   JD: Core.jar/jd/controlling/downloadcontroller/SingleDownloadController$3.class
   JD: Core.jar/jd/controlling/downloadcontroller/SingleDownloadController$4.class
   JD: Core.jar/jd/controlling/downloadcontroller/SingleDownloadController$WaitingQueueItem.class
   JD: Core.jar/jd/controlling/downloadcontroller/SingleDownloadController.class
   JD: Core.jar/jd/controlling/linkcrawler/ArchiveCrawledPackage.class.removed
   JD: Core.jar/jd/controlling/linkcrawler/ArchiveCrawledPackageView.class.removed
   JD: Core.jar/jd/controlling/linkcrawler/ChildrenCollection.class.removed
   JD: Core.jar/jd/controlling/linkcrawler/CrawledPackage.class
   JD: Core.jar/jd/controlling/linkcrawler/CrawledPackageView$1.class
   JD: Core.jar/jd/controlling/linkcrawler/CrawledPackageView$LinkInfo.class
   JD: Core.jar/jd/controlling/linkcrawler/CrawledPackageView$Temp.class
   JD: Core.jar/jd/controlling/linkcrawler/CrawledPackageView.class
   JD: Core.jar/jd/controlling/linkcrawler/LinkCrawler$10.class
   JD: Core.jar/jd/controlling/linkcrawler/LinkCrawler$11.class
   JD: Core.jar/jd/controlling/linkcrawler/LinkCrawler$12.class
   JD: Core.jar/jd/controlling/linkcrawler/LinkCrawler$13.class
   JD: Core.jar/jd/controlling/linkcrawler/LinkCrawler$14.class
   JD: Core.jar/jd/controlling/linkcrawler/LinkCrawler$15.class
   JD: Core.jar/jd/controlling/linkcrawler/LinkCrawler$16.class
   JD: Core.jar/jd/controlling/linkcrawler/LinkCrawler$17.class
   JD: Core.jar/jd/controlling/linkcrawler/LinkCrawler$18.class
   JD: Core.jar/jd/controlling/linkcrawler/LinkCrawler$19.class
   JD: Core.jar/jd/controlling/linkcrawler/LinkCrawler$20.class
   JD: Core.jar/jd/controlling/linkcrawler/LinkCrawler$21.class
   JD: Core.jar/jd/controlling/linkcrawler/LinkCrawler$22.class
   JD: Core.jar/jd/controlling/linkcrawler/LinkCrawler$23.class
   JD: Core.jar/jd/controlling/linkcrawler/LinkCrawler$24.class
   JD: Core.jar/jd/controlling/linkcrawler/LinkCrawler$25$1.class
   JD: Core.jar/jd/controlling/linkcrawler/LinkCrawler$25.class
   JD: Core.jar/jd/controlling/linkcrawler/LinkCrawler$26$1.class
   JD: Core.jar/jd/controlling/linkcrawler/LinkCrawler$26.class
   JD: Core.jar/jd/controlling/linkcrawler/LinkCrawler$27.class
   JD: Core.jar/jd/controlling/linkcrawler/LinkCrawler$28.class
   JD: Core.jar/jd/controlling/linkcrawler/LinkCrawler$29.class
   JD: Core.jar/jd/controlling/linkcrawler/LinkCrawler$30.class
   JD: Core.jar/jd/controlling/linkcrawler/LinkCrawler$9.class
   JD: Core.jar/jd/controlling/linkcrawler/LinkCrawler.class
   JD: Core.jar/jd/controlling/packagecontroller/ChildrenView$ChildrenAvailablility.class
   JD: Core.jar/jd/controlling/packagecontroller/ChildrenView.class
   JD: Core.jar/jd/controlling/proxy/AbstractProxySelectorImpl$Type.class
   JD: Core.jar/jd/controlling/proxy/AbstractProxySelectorImpl.class
   JD: Core.jar/jd/controlling/proxy/ProxyController$10.class
   JD: Core.jar/jd/controlling/proxy/ProxyController$11.class
   JD: Core.jar/jd/controlling/proxy/ProxyController$12.class
   JD: Core.jar/jd/controlling/proxy/ProxyController$13.class
   JD: Core.jar/jd/controlling/proxy/ProxyController$14.class
   JD: Core.jar/jd/controlling/proxy/ProxyController$15.class
   JD: Core.jar/jd/controlling/proxy/ProxyController$16.class
   JD: Core.jar/jd/controlling/proxy/ProxyController$17.class
   JD: Core.jar/jd/controlling/proxy/ProxyController$18.class
   JD: Core.jar/jd/controlling/proxy/ProxyController$19.class
   JD: Core.jar/jd/controlling/proxy/ProxyController$2.class
   JD: Core.jar/jd/controlling/proxy/ProxyController$20.class
   JD: Core.jar/jd/controlling/proxy/ProxyController$3.class
   JD: Core.jar/jd/controlling/proxy/ProxyController$4.class
   JD: Core.jar/jd/controlling/proxy/ProxyController$5.class
   JD: Core.jar/jd/controlling/proxy/ProxyController$6.class
   JD: Core.jar/jd/controlling/proxy/ProxyController$7$1.class
   JD: Core.jar/jd/controlling/proxy/ProxyController$7.class
   JD: Core.jar/jd/controlling/proxy/ProxyController$8.class
   JD: Core.jar/jd/controlling/proxy/ProxyController$9.class
   JD: Core.jar/jd/controlling/proxy/ProxyController$SelectedProxyLock.class
   JD: Core.jar/jd/controlling/proxy/ProxyController.class
   JD: Core.jar/jd/controlling/proxy/SingleBasicProxySelectorImpl$1.class
   JD: Core.jar/jd/controlling/proxy/SingleBasicProxySelectorImpl.class
   JD: Core.jar/jd/parser/html/HTMLParser$HexHtmlParserCharSequence.class
   JD: Core.jar/jd/parser/html/HTMLParser.class
   JD: Core.jar/jd/plugins/Account$AccountType$1.class
   JD: Core.jar/jd/plugins/Account$AccountType$2.class
   JD: Core.jar/jd/plugins/Account$AccountType$3.class
   JD: Core.jar/jd/plugins/Account$AccountType$4.class
   JD: Core.jar/jd/plugins/Account$AccountType.class
   JD: Core.jar/jd/plugins/Account.class
   JD: Core.jar/jd/plugins/AccountInfo.class
   JD: Core.jar/jd/plugins/DownloadLink$1.class
   JD: Core.jar/jd/plugins/DownloadLink$2.class
   JD: Core.jar/jd/plugins/DownloadLink$3.class
   JD: Core.jar/jd/plugins/DownloadLink$4.class
   JD: Core.jar/jd/plugins/DownloadLink$5.class
   JD: Core.jar/jd/plugins/DownloadLink.class
   JD: Core.jar/jd/plugins/FilePackage$1$1.class
   JD: Core.jar/jd/plugins/FilePackage$1.class
   JD: Core.jar/jd/plugins/FilePackage$2.class
   JD: Core.jar/jd/plugins/FilePackage.class
   JD: Core.jar/jd/plugins/FilePackageView$1.class
   JD: Core.jar/jd/plugins/FilePackageView$10.class
   JD: Core.jar/jd/plugins/FilePackageView$2.class
   JD: Core.jar/jd/plugins/FilePackageView$3.class
   JD: Core.jar/jd/plugins/FilePackageView$4.class
   JD: Core.jar/jd/plugins/FilePackageView$5.class
   JD: Core.jar/jd/plugins/FilePackageView$6.class
   JD: Core.jar/jd/plugins/FilePackageView$7.class
   JD: Core.jar/jd/plugins/FilePackageView$8.class
   JD: Core.jar/jd/plugins/FilePackageView$9.class
   JD: Core.jar/jd/plugins/FilePackageView$ExtractionPluginState.class
   JD: Core.jar/jd/plugins/FilePackageView$LinkInfo.class
   JD: Core.jar/jd/plugins/FilePackageView$PluginState.class
   JD: Core.jar/jd/plugins/FilePackageView$Temp.class
   JD: Core.jar/jd/plugins/FilePackageView.class
   JD: Core.jar/jd/plugins/PluginConfigPanelNG$10.class
   JD: Core.jar/jd/plugins/PluginConfigPanelNG$7.class
   JD: Core.jar/jd/plugins/PluginConfigPanelNG$8.class
   JD: Core.jar/jd/plugins/PluginConfigPanelNG$9.class
   JD: Core.jar/jd/plugins/PluginConfigPanelNG.class
   JD: Core.jar/jd/plugins/PluginForHost$10$1.class
   JD: Core.jar/jd/plugins/PluginForHost$10$2.class
   JD: Core.jar/jd/plugins/PluginForHost$10.class
   JD: Core.jar/jd/plugins/PluginForHost$11.class
   JD: Core.jar/jd/plugins/PluginForHost$12.class
   JD: Core.jar/jd/plugins/PluginForHost$5$1$1.class
   JD: Core.jar/jd/plugins/PluginForHost$5$1.class
   JD: Core.jar/jd/plugins/PluginForHost$5.class
   JD: Core.jar/jd/plugins/PluginForHost$6$1.class
   JD: Core.jar/jd/plugins/PluginForHost$6$2$1.class
   JD: Core.jar/jd/plugins/PluginForHost$6$2$2.class
   JD: Core.jar/jd/plugins/PluginForHost$6$2.class
   JD: Core.jar/jd/plugins/PluginForHost$6.class
   JD: Core.jar/jd/plugins/PluginForHost$7.class
   JD: Core.jar/jd/plugins/PluginForHost$8.class
   JD: Core.jar/jd/plugins/PluginForHost$9.class
   JD: Core.jar/jd/plugins/PluginForHost$FilePair.class
   JD: Core.jar/jd/plugins/PluginForHost.class
   JD: Core.jar/jd/plugins/components/SiteType$SiteTemplate.class
   JD: Core.jar/jd/plugins/download/raf/OldRAFDownload$1.class
   JD: Core.jar/jd/plugins/download/raf/OldRAFDownload.class
   JD: Core.jar/org/jdownloader/api/DeprecatedAPIServer$1.class
   JD: Core.jar/org/jdownloader/api/DeprecatedAPIServer$2.class
   JD: Core.jar/org/jdownloader/api/DeprecatedAPIServer$3$1.class
   JD: Core.jar/org/jdownloader/api/DeprecatedAPIServer$3.class
   JD: Core.jar/org/jdownloader/api/DeprecatedAPIServer$4.class
   JD: Core.jar/org/jdownloader/api/DeprecatedAPIServer$5$1.class
   JD: Core.jar/org/jdownloader/api/DeprecatedAPIServer$5.class
   JD: Core.jar/org/jdownloader/api/DeprecatedAPIServer$APICert.class
   JD: Core.jar/org/jdownloader/api/DeprecatedAPIServer$CustomHttpConnection.class
   JD: Core.jar/org/jdownloader/api/DeprecatedAPIServer$DeprecatedGetRequest.class
   JD: Core.jar/org/jdownloader/api/DeprecatedAPIServer$DeprecatedHeadRequest.class
   JD: Core.jar/org/jdownloader/api/DeprecatedAPIServer$DeprecatedOptionsRequest.class
   JD: Core.jar/org/jdownloader/api/DeprecatedAPIServer$DeprecatedPostRequest.class
   JD: Core.jar/org/jdownloader/api/DeprecatedAPIServer.class
   JD: Core.jar/org/jdownloader/api/myjdownloader/MyJDownloaderController.class
   JD: Core.jar/org/jdownloader/api/utils/PackageControllerUtils$1.class
   JD: Core.jar/org/jdownloader/api/utils/PackageControllerUtils$2.class
   JD: Core.jar/org/jdownloader/api/utils/PackageControllerUtils.class
   JD: Core.jar/org/jdownloader/captcha/v2/challenge/recaptcha/v2/AbstractCaptchaHelperRecaptchaV2$1.class.removed
   JD: Core.jar/org/jdownloader/captcha/v2/challenge/recaptcha/v2/AbstractCaptchaHelperRecaptchaV2$TYPE.class.removed
   JD: Core.jar/org/jdownloader/captcha/v2/challenge/recaptcha/v2/AbstractCaptchaHelperRecaptchaV2.class.removed
   JD: Core.jar/org/jdownloader/captcha/v2/challenge/recaptcha/v2/AbstractRecaptchaV2$1.class
   JD: Core.jar/org/jdownloader/captcha/v2/challenge/recaptcha/v2/AbstractRecaptchaV2$TYPE.class
   JD: Core.jar/org/jdownloader/captcha/v2/challenge/recaptcha/v2/AbstractRecaptchaV2.class
   JD: Core.jar/org/jdownloader/captcha/v2/challenge/recaptcha/v2/CaptchaHelperCrawlerPluginRecaptchaV2.class
   JD: Core.jar/org/jdownloader/captcha/v2/challenge/recaptcha/v2/CaptchaHelperHostPluginRecaptchaV2.class
   JD: Core.jar/org/jdownloader/captcha/v2/challenge/recaptcha/v2/RecaptchaV2Challenge$1.class
   JD: Core.jar/org/jdownloader/captcha/v2/challenge/recaptcha/v2/RecaptchaV2Challenge$2.class
   JD: Core.jar/org/jdownloader/captcha/v2/challenge/recaptcha/v2/RecaptchaV2Challenge$3.class
   JD: Core.jar/org/jdownloader/captcha/v2/challenge/recaptcha/v2/RecaptchaV2Challenge$4.class
   JD: Core.jar/org/jdownloader/captcha/v2/challenge/recaptcha/v2/RecaptchaV2Challenge$5.class
   JD: Core.jar/org/jdownloader/captcha/v2/challenge/recaptcha/v2/RecaptchaV2Challenge$6.class
   JD: Core.jar/org/jdownloader/captcha/v2/challenge/recaptcha/v2/RecaptchaV2Challenge$7.class
   JD: Core.jar/org/jdownloader/captcha/v2/challenge/recaptcha/v2/RecaptchaV2Challenge$8.class
   JD: Core.jar/org/jdownloader/captcha/v2/challenge/recaptcha/v2/RecaptchaV2Challenge$9.class
   JD: Core.jar/org/jdownloader/captcha/v2/challenge/recaptcha/v2/RecaptchaV2Challenge$RecaptchaV2APIStorable.class
   JD: Core.jar/org/jdownloader/captcha/v2/challenge/recaptcha/v2/RecaptchaV2Challenge.class
   JD: Core.jar/org/jdownloader/captcha/v2/solver/service/BrowserSolverService.class
   JD: Core.jar/org/jdownloader/captcha/v2/solver/twocaptcha/TwoCaptchaSolver$1.class
   JD: Core.jar/org/jdownloader/captcha/v2/solver/twocaptcha/TwoCaptchaSolver$2.class
   JD: Core.jar/org/jdownloader/captcha/v2/solver/twocaptcha/TwoCaptchaSolver$3.class
   JD: Core.jar/org/jdownloader/captcha/v2/solver/twocaptcha/TwoCaptchaSolver$BalanceResponse.class
   JD: Core.jar/org/jdownloader/captcha/v2/solver/twocaptcha/TwoCaptchaSolver.class
   JD: Core.jar/org/jdownloader/gui/notify/gui/AbstractNotifyWindow$3.class
   JD: Core.jar/org/jdownloader/gui/notify/gui/AbstractNotifyWindow$4$1.class
   JD: Core.jar/org/jdownloader/gui/notify/gui/AbstractNotifyWindow$4.class
   JD: Core.jar/org/jdownloader/gui/notify/gui/AbstractNotifyWindow$5$1.class
   JD: Core.jar/org/jdownloader/gui/notify/gui/AbstractNotifyWindow$5.class
   JD: Core.jar/org/jdownloader/gui/notify/gui/AbstractNotifyWindow$6.class
   JD: Core.jar/org/jdownloader/gui/notify/gui/AbstractNotifyWindow$7.class
   JD: Core.jar/org/jdownloader/gui/notify/gui/AbstractNotifyWindow$8.class
   JD: Core.jar/org/jdownloader/gui/notify/gui/AbstractNotifyWindow$9.class
   JD: Core.jar/org/jdownloader/gui/notify/gui/AbstractNotifyWindow.class
   JD: Core.jar/org/jdownloader/gui/sponsor/BannerRotation$5$1.class
   JD: Core.jar/org/jdownloader/gui/sponsor/BannerRotation$5.class
   JD: Core.jar/org/jdownloader/gui/sponsor/BannerRotation$6.class
   JD: Core.jar/org/jdownloader/gui/sponsor/BannerRotation$7.class
   JD: Core.jar/org/jdownloader/gui/sponsor/BannerRotation.class
   JD: Core.jar/org/jdownloader/gui/toolbar/MenuManagerMainToolbar.class
   JD: Core.jar/org/jdownloader/gui/translate/GuiTranslation.class
   JD: Core.jar/org/jdownloader/gui/views/components/packagetable/PackageControllerTableModel$14.class
   JD: Core.jar/org/jdownloader/gui/views/components/packagetable/PackageControllerTableModel$15.class
   JD: Core.jar/org/jdownloader/gui/views/components/packagetable/PackageControllerTableModel$16.class
   JD: Core.jar/org/jdownloader/gui/views/components/packagetable/PackageControllerTableModel$17.class
   JD: Core.jar/org/jdownloader/gui/views/components/packagetable/PackageControllerTableModel$18.class
   JD: Core.jar/org/jdownloader/gui/views/components/packagetable/PackageControllerTableModel$19.class
   JD: Core.jar/org/jdownloader/gui/views/components/packagetable/PackageControllerTableModel.class
   JD: Core.jar/org/jdownloader/gui/views/components/packagetable/PackageControllerTableModelData.class
   JD: Core.jar/org/jdownloader/gui/views/downloads/action/CopyGenericContextAction.class
   JD: Core.jar/org/jdownloader/gui/views/downloads/action/OpenInBrowserAction$1$1.class
   JD: Core.jar/org/jdownloader/gui/views/downloads/action/OpenInBrowserAction$1.class
   JD: Core.jar/org/jdownloader/gui/views/downloads/action/OpenInBrowserAction.class
   JD: Core.jar/org/jdownloader/gui/views/downloads/columns/FileColumn$1.class
   JD: Core.jar/org/jdownloader/gui/views/downloads/columns/FileColumn$2.class
   JD: Core.jar/org/jdownloader/gui/views/downloads/columns/FileColumn.class
   JD: Core.jar/org/jdownloader/gui/views/linkgrabber/contextmenu/OpenInBrowserAction$1$1.class
   JD: Core.jar/org/jdownloader/gui/views/linkgrabber/contextmenu/OpenInBrowserAction$1.class
   JD: Core.jar/org/jdownloader/gui/views/linkgrabber/contextmenu/OpenInBrowserAction.class
   JD: Core.jar/org/jdownloader/net/BCTLSSocketStreamFactory$1.class
   JD: Core.jar/org/jdownloader/net/BCTLSSocketStreamFactory$BCTLSSocketStreamTlsClient$1.class
   JD: Core.jar/org/jdownloader/net/BCTLSSocketStreamFactory$BCTLSSocketStreamTlsClient.class
   JD: Core.jar/org/jdownloader/net/BCTLSSocketStreamFactory.class
   JD: Core.jar/org/jdownloader/plugins/components/UnknownHostingScriptCore.class
   JD: Core.jar/org/jdownloader/plugins/components/UnknownVideohostingCore.class
   JD: Core.jar/org/jdownloader/plugins/components/XFileSharingProBasic$1.class
   JD: Core.jar/org/jdownloader/plugins/components/XFileSharingProBasic.class
   JD: Core.jar/org/jdownloader/plugins/components/XFileSharingProBasicSpecialFilejoker.class
   JD: Core.jar/org/jdownloader/plugins/components/YetiShareCore.class
   JD: Core.jar/org/jdownloader/plugins/components/antiDDoSForDecrypt.class
   JD: Core.jar/org/jdownloader/plugins/components/antiDDoSForHost.class
   JD: Core.jar/org/jdownloader/plugins/components/config/ArdConfigInterface.class
   JD: Core.jar/org/jdownloader/plugins/components/config/GoogleConfig.class
   JD: Core.jar/org/jdownloader/plugins/components/config/MyMailRuConfig$1.class
   JD: Core.jar/org/jdownloader/plugins/components/config/MyMailRuConfig$PreferredQuality$1.class
   JD: Core.jar/org/jdownloader/plugins/components/config/MyMailRuConfig$PreferredQuality$2.class
   JD: Core.jar/org/jdownloader/plugins/components/config/MyMailRuConfig$PreferredQuality$3.class
   JD: Core.jar/org/jdownloader/plugins/components/config/MyMailRuConfig$PreferredQuality$4.class
   JD: Core.jar/org/jdownloader/plugins/components/config/MyMailRuConfig$PreferredQuality$5.class
   JD: Core.jar/org/jdownloader/plugins/components/config/MyMailRuConfig$PreferredQuality$6.class
   JD: Core.jar/org/jdownloader/plugins/components/config/MyMailRuConfig$PreferredQuality.class
   JD: Core.jar/org/jdownloader/plugins/components/config/MyMailRuConfig.class
   JD: Core.jar/org/jdownloader/plugins/components/config/PluralsightComConfig.class
   JD: Core.jar/org/jdownloader/plugins/components/config/UpToBoxComConfig$1.class
   JD: Core.jar/org/jdownloader/plugins/components/config/UpToBoxComConfig$PreferredQuality$1.class
   JD: Core.jar/org/jdownloader/plugins/components/config/UpToBoxComConfig$PreferredQuality$2.class
   JD: Core.jar/org/jdownloader/plugins/components/config/UpToBoxComConfig$PreferredQuality$3.class
   JD: Core.jar/org/jdownloader/plugins/components/config/UpToBoxComConfig$PreferredQuality$4.class
   JD: Core.jar/org/jdownloader/plugins/components/config/UpToBoxComConfig$PreferredQuality$5.class
   JD: Core.jar/org/jdownloader/plugins/components/config/UpToBoxComConfig$PreferredQuality$6.class
   JD: Core.jar/org/jdownloader/plugins/components/config/UpToBoxComConfig$PreferredQuality.class
   JD: Core.jar/org/jdownloader/plugins/components/config/UpToBoxComConfig.class
   JD: Core.jar/org/jdownloader/plugins/components/config/WatchboxDeConfigInterface$TRANSLATION.class.removed
   JD: Core.jar/org/jdownloader/plugins/components/config/WatchboxDeConfigInterface.class.removed
   JD: Core.jar/org/jdownloader/plugins/components/containers/VimeoContainer$Quality.class
   JD: Core.jar/org/jdownloader/plugins/components/containers/VimeoContainer$Source.class
   JD: Core.jar/org/jdownloader/plugins/components/containers/VimeoContainer.class
   JD: Core.jar/org/jdownloader/plugins/components/google/GoogleHelper$1.class
   JD: Core.jar/org/jdownloader/plugins/components/google/GoogleHelper$2$1.class
   JD: Core.jar/org/jdownloader/plugins/components/google/GoogleHelper$2.class
   JD: Core.jar/org/jdownloader/plugins/components/google/GoogleHelper$3$1.class
   JD: Core.jar/org/jdownloader/plugins/components/google/GoogleHelper$3.class
   JD: Core.jar/org/jdownloader/plugins/components/google/GoogleHelper.class
   JD: Core.jar/org/jdownloader/plugins/components/hls/HlsContainer.class
   JD: Core.jar/org/jdownloader/plugins/components/realDebridCom/api/json/TokenResponse.class
   JD: Core.jar/org/jdownloader/plugins/components/usenet/UsenetServer.class
   JD: Core.jar/org/jdownloader/plugins/components/youtube/YoutubeHelper.class
   JD: Core.jar/org/jdownloader/plugins/components/youtube/variants/VariantInfo.class
   JD: Core.jar/org/jdownloader/plugins/config/AccountJsonConfig$1.class
   JD: Core.jar/org/jdownloader/plugins/config/AccountJsonConfig$2$1.class
   JD: Core.jar/org/jdownloader/plugins/config/AccountJsonConfig$2.class
   JD: Core.jar/org/jdownloader/plugins/config/AccountJsonConfig.class
   JD: Core.jar/org/jdownloader/scripting/envjs/EnvJSBrowser.class
   JD: Core.jar/org/jdownloader/startup/commands/MyJDownloaderCommand$1.class
   JD: Core.jar/org/jdownloader/startup/commands/MyJDownloaderCommand.class
   JD: libs/JDGUI.jar/jd/gui/swing/dialog/AboutDialog.class
   JD: libs/JDGUI.jar/jd/gui/swing/dialog/ProxyDialog$1.class
   JD: libs/JDGUI.jar/jd/gui/swing/dialog/ProxyDialog$2.class
   JD: libs/JDGUI.jar/jd/gui/swing/dialog/ProxyDialog$3$1.class
   JD: libs/JDGUI.jar/jd/gui/swing/dialog/ProxyDialog$3.class
   JD: libs/JDGUI.jar/jd/gui/swing/dialog/ProxyDialog$4$1.class
   JD: libs/JDGUI.jar/jd/gui/swing/dialog/ProxyDialog$4.class
   JD: libs/JDGUI.jar/jd/gui/swing/dialog/ProxyDialog$NetIfSelection.class
   JD: libs/JDGUI.jar/jd/gui/swing/dialog/ProxyDialog.class
   JD: libs/JDGUI.jar/jd/gui/swing/jdgui/views/settings/components/ProxyInput$1.class.removed
   JD: libs/JDGUI.jar/jd/gui/swing/jdgui/views/settings/components/ProxyInput$2$1.class.removed
   JD: libs/JDGUI.jar/jd/gui/swing/jdgui/views/settings/components/ProxyInput$2.class.removed
   JD: libs/JDGUI.jar/jd/gui/swing/jdgui/views/settings/components/ProxyInput$3.class.removed
   JD: libs/JDGUI.jar/jd/gui/swing/jdgui/views/settings/components/ProxyInput.class.removed
   JD: libs/JDGUI.jar/jd/gui/swing/jdgui/views/settings/components/TextInput$1.class
   JD: libs/JDGUI.jar/jd/gui/swing/jdgui/views/settings/components/TextInput.class
   JD: libs/JDGUI.jar/jd/gui/swing/jdgui/views/settings/panels/MyJDownloaderSettingsPanel$10.class
   JD: libs/JDGUI.jar/jd/gui/swing/jdgui/views/settings/panels/MyJDownloaderSettingsPanel$11.class
   JD: libs/JDGUI.jar/jd/gui/swing/jdgui/views/settings/panels/MyJDownloaderSettingsPanel$12.class
   JD: libs/JDGUI.jar/jd/gui/swing/jdgui/views/settings/panels/MyJDownloaderSettingsPanel$3.class
   JD: libs/JDGUI.jar/jd/gui/swing/jdgui/views/settings/panels/MyJDownloaderSettingsPanel$4$1.class.removed
   JD: libs/JDGUI.jar/jd/gui/swing/jdgui/views/settings/panels/MyJDownloaderSettingsPanel$4.class
   JD: libs/JDGUI.jar/jd/gui/swing/jdgui/views/settings/panels/MyJDownloaderSettingsPanel$5$1.class
   JD: libs/JDGUI.jar/jd/gui/swing/jdgui/views/settings/panels/MyJDownloaderSettingsPanel$5.class
   JD: libs/JDGUI.jar/jd/gui/swing/jdgui/views/settings/panels/MyJDownloaderSettingsPanel$6$1.class
   JD: libs/JDGUI.jar/jd/gui/swing/jdgui/views/settings/panels/MyJDownloaderSettingsPanel$6.class
   JD: libs/JDGUI.jar/jd/gui/swing/jdgui/views/settings/panels/MyJDownloaderSettingsPanel$7$1.class
   JD: libs/JDGUI.jar/jd/gui/swing/jdgui/views/settings/panels/MyJDownloaderSettingsPanel$7.class
   JD: libs/JDGUI.jar/jd/gui/swing/jdgui/views/settings/panels/MyJDownloaderSettingsPanel$8.class
   JD: libs/JDGUI.jar/jd/gui/swing/jdgui/views/settings/panels/MyJDownloaderSettingsPanel$9.class
   JD: libs/JDGUI.jar/jd/gui/swing/jdgui/views/settings/panels/MyJDownloaderSettingsPanel.class
   JD: libs/JDGUI.jar/jd/gui/swing/jdgui/views/settings/panels/proxy/ProxyAutoAction$1$1.class
   JD: libs/JDGUI.jar/jd/gui/swing/jdgui/views/settings/panels/proxy/ProxyAutoAction$1.class
   JD: libs/JDGUI.jar/jd/gui/swing/jdgui/views/settings/panels/proxy/ProxyAutoAction$2.class
   JD: libs/JDGUI.jar/jd/gui/swing/jdgui/views/settings/panels/proxy/ProxyAutoAction.class
   JD: libs/JDGUI.jar/jd/gui/swing/jdgui/views/settings/panels/proxy/ProxyTableModel$1$1.class
   JD: libs/JDGUI.jar/jd/gui/swing/jdgui/views/settings/panels/proxy/ProxyTableModel$1.class
   JD: libs/JDGUI.jar/jd/gui/swing/jdgui/views/settings/panels/proxy/ProxyTableModel$2.class
   JD: libs/JDGUI.jar/jd/gui/swing/jdgui/views/settings/panels/proxy/ProxyTableModel$3.class
   JD: libs/JDGUI.jar/jd/gui/swing/jdgui/views/settings/panels/proxy/ProxyTableModel$4.class
   JD: libs/JDGUI.jar/jd/gui/swing/jdgui/views/settings/panels/proxy/ProxyTableModel$5.class
   JD: libs/JDGUI.jar/jd/gui/swing/jdgui/views/settings/panels/proxy/ProxyTableModel$6.class
   JD: libs/JDGUI.jar/jd/gui/swing/jdgui/views/settings/panels/proxy/ProxyTableModel$7$1.class
   JD: libs/JDGUI.jar/jd/gui/swing/jdgui/views/settings/panels/proxy/ProxyTableModel$7$2.class
   JD: libs/JDGUI.jar/jd/gui/swing/jdgui/views/settings/panels/proxy/ProxyTableModel$7.class
   JD: libs/JDGUI.jar/jd/gui/swing/jdgui/views/settings/panels/proxy/ProxyTableModel$8$1$1.class
   JD: libs/JDGUI.jar/jd/gui/swing/jdgui/views/settings/panels/proxy/ProxyTableModel$8$1.class
   JD: libs/JDGUI.jar/jd/gui/swing/jdgui/views/settings/panels/proxy/ProxyTableModel$8$2.class
   JD: libs/JDGUI.jar/jd/gui/swing/jdgui/views/settings/panels/proxy/ProxyTableModel$8.class
   JD: libs/JDGUI.jar/jd/gui/swing/jdgui/views/settings/panels/proxy/ProxyTableModel$9.class
   JD: libs/JDGUI.jar/jd/gui/swing/jdgui/views/settings/panels/proxy/ProxyTableModel.class
   JD: libs/JDHttp.jar/jd/http/Browser$1.class
   JD: libs/JDHttp.jar/jd/http/Browser$2.class
   JD: libs/JDHttp.jar/jd/http/Browser$BrowserException.class
   JD: libs/JDHttp.jar/jd/http/Browser.class
   JD: libs/JDHttp.jar/jd/http/Cookies.class
   JD: libs/JDHttp.jar/jd/http/HTTPConnectionFactory$1.class
   JD: libs/JDHttp.jar/jd/http/HTTPConnectionFactory.class
   JD: libs/JDHttp.jar/jd/http/SocketConnectionFactory$1.class
   JD: libs/JDHttp.jar/jd/http/SocketConnectionFactory.class
   JD: libs/bcprov-jdk15on.jar/META-INF.removed
   JD: libs/bcprov-jdk15on.jar/META-INF/BC1024KE.DSA
   JD: libs/bcprov-jdk15on.jar/META-INF/BC1024KE.SF
   JD: libs/bcprov-jdk15on.jar/META-INF/BC2048KE.DSA
   JD: libs/bcprov-jdk15on.jar/META-INF/BC2048KE.SF
   JD: libs/bcprov-jdk15on.jar/META-INF/MANIFEST.MF
   JD: libs/bcprov-jdk15on.jar/META-INF/versions/11/
   JD: libs/bcprov-jdk15on.jar/META-INF/versions/11/org/
   JD: libs/bcprov-jdk15on.jar/META-INF/versions/11/org/bouncycastle/
   JD: libs/bcprov-jdk15on.jar/META-INF/versions/11/org/bouncycastle/jcajce/
   JD: libs/bcprov-jdk15on.jar/META-INF/versions/11/org/bouncycastle/jcajce/provider/
   JD: libs/bcprov-jdk15on.jar/META-INF/versions/11/org/bouncycastle/jcajce/provider/asymmetric/
   JD: libs/bcprov-jdk15on.jar/META-INF/versions/11/org/bouncycastle/jcajce/provider/asymmetric/edec/
   JD: libs/bcprov-jdk15on.jar/META-INF/versions/11/org/bouncycastle/jcajce/provider/asymmetric/edec/BC11XDHPrivateKey.class
   JD: libs/bcprov-jdk15on.jar/META-INF/versions/11/org/bouncycastle/jcajce/provider/asymmetric/edec/BC11XDHPublicKey.class
   JD: libs/bcprov-jdk15on.jar/META-INF/versions/11/org/bouncycastle/jcajce/provider/asymmetric/edec/KeyFactorySpi$Ed25519.class
   JD: libs/bcprov-jdk15on.jar/META-INF/versions/11/org/bouncycastle/jcajce/provider/asymmetric/edec/KeyFactorySpi$Ed448.class
   JD: libs/bcprov-jdk15on.jar/META-INF/versions/11/org/bouncycastle/jcajce/provider/asymmetric/edec/KeyFactorySpi$EdDSA.class
   JD: libs/bcprov-jdk15on.jar/META-INF/versions/11/org/bouncycastle/jcajce/provider/asymmetric/edec/KeyFactorySpi$X25519.class
   JD: libs/bcprov-jdk15on.jar/META-INF/versions/11/org/bouncycastle/jcajce/provider/asymmetric/edec/KeyFactorySpi$X448.class
   JD: libs/bcprov-jdk15on.jar/META-INF/versions/11/org/bouncycastle/jcajce/provider/asymmetric/edec/KeyFactorySpi$XDH.class
   JD: libs/bcprov-jdk15on.jar/META-INF/versions/11/org/bouncycastle/jcajce/provider/asymmetric/edec/KeyFactorySpi.class
   JD: libs/bcprov-jdk15on.jar/META-INF/versions/11/org/bouncycastle/jcajce/provider/asymmetric/edec/KeyPairGeneratorSpi$Ed25519.class
   JD: libs/bcprov-jdk15on.jar/META-INF/versions/11/org/bouncycastle/jcajce/provider/asymmetric/edec/KeyPairGeneratorSpi$Ed448.class
   JD: libs/bcprov-jdk15on.jar/META-INF/versions/11/org/bouncycastle/jcajce/provider/asymmetric/edec/KeyPairGeneratorSpi$EdDSA.class
   JD: libs/bcprov-jdk15on.jar/META-INF/versions/11/org/bouncycastle/jcajce/provider/asymmetric/edec/KeyPairGeneratorSpi$X25519.class
   JD: libs/bcprov-jdk15on.jar/META-INF/versions/11/org/bouncycastle/jcajce/provider/asymmetric/edec/KeyPairGeneratorSpi$X448.class
   JD: libs/bcprov-jdk15on.jar/META-INF/versions/11/org/bouncycastle/jcajce/provider/asymmetric/edec/KeyPairGeneratorSpi$XDH.class
   JD: libs/bcprov-jdk15on.jar/META-INF/versions/11/org/bouncycastle/jcajce/provider/asymmetric/edec/KeyPairGeneratorSpi.class
   JD: libs/bcprov-jdk15on.jar/META-INF/versions/9/module-info.class
   JD: libs/bcprov-jdk15on.jar/org/bouncycastle/asn1/ASN1InputStream.class
   JD: libs/bcprov-jdk15on.jar/org/bouncycastle/asn1/ASN1ObjectIdentifier.class
   JD: libs/bcprov-jdk15on.jar/org/bouncycastle/asn1/ASN1OctetString.class
   JD: libs/bcprov-jdk15on.jar/org/bouncycastle/asn1/ASN1Sequence.class
   JD: libs/bcprov-jdk15on.jar/org/bouncycastle/asn1/ASN1Set.class
   JD: libs/bcprov-jdk15on.jar/org/bouncycastle/asn1/BERConstructedOctetString.class
   JD: libs/bcprov-jdk15on.jar/org/bouncycastle/asn1/BEROctetString.class
   JD: libs/bcprov-jdk15on.jar/org/bouncycastle/asn1/ConstructedOctetStream.class
   JD: libs/bcprov-jdk15on.jar/org/bouncycastle/asn1/DERBMPString.class
   JD: libs/bcprov-jdk15on.jar/org/bouncycastle/asn1/DLExternal.class
   JD: libs/bcprov-jdk15on.jar/org/bouncycastle/asn1/DefiniteLengthInputStream.class
   JD: libs/bcprov-jdk15on.jar/org/bouncycastle/asn1/IndefiniteLengthInputStream.class
   JD: libs/bcprov-jdk15on.jar/org/bouncycastle/asn1/LazyEncodedSequence.class
   JD: libs/bcprov-jdk15on.jar/org/bouncycastle/asn1/LimitedInputStream.class
   JD: libs/bcprov-jdk15on.jar/org/bouncycastle/asn1/bc/ObjectDataSequence.class
   JD: libs/bcprov-jdk15on.jar/org/bouncycastle/asn1/isara/
   JD: libs/bcprov-jdk15on.jar/org/bouncycastle/asn1/isara/IsaraObjectIdentifiers.class
   JD: libs/bcprov-jdk15on.jar/org/bouncycastle/asn1/nist/NISTObjectIdentifiers.class
   JD: libs/bcprov-jdk15on.jar/org/bouncycastle/asn1/pkcs/CertBag.class
   JD: libs/bcprov-jdk15on.jar/org/bouncycastle/asn1/pkcs/PKCSObjectIdentifiers.class
   JD: libs/bcprov-jdk15on.jar/org/bouncycastle/asn1/pkcs/PrivateKeyInfo.class
   JD: libs/bcprov-jdk15on.jar/org/bouncycastle/asn1/x509/AuthorityInformationAccess.class
   JD: libs/bcprov-jdk15on.jar/org/bouncycastle/asn1/x509/AuthorityKeyIdentifier.class
   JD: libs/bcprov-jdk15on.jar/org/bouncycastle/asn1/x509/BasicConstraints.class
   JD: libs/bcprov-jdk15on.jar/org/bouncycastle/asn1/x509/CRLDistPoint.class
   JD: libs/bcprov-jdk15on.jar/org/bouncycastle/asn1/x509/CertificatePolicies.class
   JD: libs/bcprov-jdk15on.jar/org/bouncycastle/asn1/x509/ExtendedKeyUsage.class
   JD: libs/bcprov-jdk15on.jar/org/bouncycastle/asn1/x509/Extensions.class
   JD: libs/bcprov-jdk15on.jar/org/bouncycastle/asn1/x509/GeneralNames.class
   JD: libs/bcprov-jdk15on.jar/org/bouncycastle/asn1/x509/KeyUsage.class
   JD: libs/bcprov-jdk15on.jar/org/bouncycastle/asn1/x509/PKIXNameConstraintValidator.class
   JD: libs/bcprov-jdk15on.jar/org/bouncycastle/asn1/x509/PolicyConstraints.class
   JD: libs/bcprov-jdk15on.jar/org/bouncycastle/asn1/x509/SubjectKeyIdentifier.class
   JD: libs/bcprov-jdk15on.jar/org/bouncycastle/asn1/x509/TBSCertificate.class
   JD: libs/bcprov-jdk15on.jar/org/bouncycastle/asn1/x9/ECNamedCurveTable.class
   JD: libs/bcprov-jdk15on.jar/org/bouncycastle/crypto/CryptoServicesPermission.class
   JD: libs/bcprov-jdk15on.jar/org/bouncycastle/crypto/CryptoServicesRegistrar$1.class
   JD: libs/bcprov-jdk15on.jar/org/bouncycastle/crypto/CryptoServicesRegistrar.class
   JD: libs/bcprov-jdk15on.jar/org/bouncycastle/crypto/PasswordConverter.class
   JD: libs/bcprov-jdk15on.jar/org/bouncycastle/crypto/StagedAgreement.class
   JD: libs/bcprov-jdk15on.jar/org/bouncycastle/crypto/agreement/ECDHCStagedAgreement.class
   JD: libs/bcprov-jdk15on.jar/org/bouncycastle/crypto/engines/DSTU7624WrapEngine.class
   JD: libs/bcprov-jdk15on.jar/org/bouncycastle/crypto/engines/SM2Engine$Mode.class
   JD: libs/bcprov-jdk15on.jar/org/bouncycastle/crypto/generators/BCrypt.class
   JD: libs/bcprov-jdk15on.jar/org/bouncycastle/crypto/generators/OpenBSDBCrypt.class
   JD: libs/bcprov-jdk15on.jar/org/bouncycastle/crypto/macs/KMAC.class
   JD: libs/bcprov-jdk15on.jar/org/bouncycastle/crypto/macs/SipHash128.class
   JD: libs/bcprov-jdk15on.jar/org/bouncycastle/crypto/modes/CFBBlockCipher.class
   JD: libs/bcprov-jdk15on.jar/org/bouncycastle/crypto/modes/ChaCha20Poly1305.class
   JD: libs/bcprov-jdk15on.jar/org/bouncycastle/crypto/params/Ed25519PrivateKeyParameters.class
   JD: libs/bcprov-jdk15on.jar/org/bouncycastle/crypto/params/Ed448PrivateKeyParameters.class
   JD: libs/bcprov-jdk15on.jar/org/bouncycastle/crypto/signers/Ed25519Signer$Buffer.class
   JD: libs/bcprov-jdk15on.jar/org/bouncycastle/crypto/signers/Ed25519Signer.class
   JD: libs/bcprov-jdk15on.jar/org/bouncycastle/crypto/signers/Ed25519ctxSigner$Buffer.class
   JD: libs/bcprov-jdk15on.jar/org/bouncycastle/crypto/signers/Ed25519ctxSigner.class
   JD: libs/bcprov-jdk15on.jar/org/bouncycastle/crypto/signers/Ed25519phSigner.class
   JD: libs/bcprov-jdk15on.jar/org/bouncycastle/crypto/signers/Ed448Signer$Buffer.class
   JD: libs/bcprov-jdk15on.jar/org/bouncycastle/crypto/signers/Ed448Signer.class
   JD: libs/bcprov-jdk15on.jar/org/bouncycastle/crypto/signers/Ed448phSigner.class
   JD: libs/bcprov-jdk15on.jar/org/bouncycastle/crypto/signers/ISOTrailers.class
   JD: libs/bcprov-jdk15on.jar/org/bouncycastle/crypto/tls.removed
   JD: libs/bcprov-jdk15on.jar/org/bouncycastle/crypto/tls/AbstractTlsAgreementCredentials.class.removed
   JD: libs/bcprov-jdk15on.jar/org/bouncycastle/crypto/tls/AbstractTlsCipherFactory.class.removed
   JD: libs/bcprov-jdk15on.jar/org/bouncycastle/crypto/tls/AbstractTlsClient.class.removed
   JD: libs/bcprov-jdk15on.jar/org/bouncycastle/crypto/tls/AbstractTlsContext.class.removed
   JD: libs/bcprov-jdk15on.jar/org/bouncycastle/crypto/tls/AbstractTlsCredentials.class.removed
   JD: libs/bcprov-jdk15on.jar/org/bouncycastle/crypto/tls/AbstractTlsEncryptionCredentials.class.removed
   JD: libs/bcprov-jdk15on.jar/org/bouncycastle/crypto/tls/AbstractTlsKeyExchange.class.removed
   JD: libs/bcprov-jdk15on.jar/org/bouncycastle/crypto/tls/AbstractTlsPeer.class.removed
   JD: libs/bcprov-jdk15on.jar/org/bouncycastle/crypto/tls/AbstractTlsServer.class.removed
   JD: libs/bcprov-jdk15on.jar/org/bouncycastle/crypto/tls/AbstractTlsSigner.class.removed
   JD: libs/bcprov-jdk15on.jar/org/bouncycastle/crypto/tls/AbstractTlsSignerCredentials.class.removed
   JD: libs/bcprov-jdk15on.jar/org/bouncycastle/crypto/tls/AlertDescription.class.removed
   JD: libs/bcprov-jdk15on.jar/org/bouncycastle/crypto/tls/AlertLevel.class.removed
   JD: libs/bcprov-jdk15on.jar/org/bouncycastle/crypto/tls/BasicTlsPSKIdentity.class.removed
   JD: libs/bcprov-jdk15on.jar/org/bouncycastle/crypto/tls/BulkCipherAlgorithm.class.removed
   JD: libs/bcprov-jdk15on.jar/org/bouncycastle/crypto/tls/ByteQueue.class.removed
   JD: libs/bcprov-jdk15on.jar/org/bouncycastle/crypto/tls/ByteQueueInputStream.class.removed
   JD: libs/bcprov-jdk15on.jar/org/bouncycastle/crypto/tls/ByteQueueOutputStream.class.removed
   JD: libs/bcprov-jdk15on.jar/org/bouncycastle/crypto/tls/CertChainType.class.removed
   JD: libs/bcprov-jdk15on.jar/org/bouncycastle/crypto/tls/Certificate.class.removed
   JD: libs/bcprov-jdk15on.jar/org/bouncycastle/crypto/tls/CertificateRequest.class.removed
   JD: libs/bcprov-jdk15on.jar/org/bouncycastle/crypto/tls/CertificateStatus.class.removed
   JD: libs/bcprov-jdk15on.jar/org/bouncycastle/crypto/tls/CertificateStatusRequest.class.removed
   JD: libs/bcprov-jdk15on.jar/org/bouncycastle/crypto/tls/CertificateStatusType.class.removed
   JD: libs/bcprov-jdk15on.jar/org/bouncycastle/crypto/tls/CertificateType.class.removed
   JD: libs/bcprov-jdk15on.jar/org/bouncycastle/crypto/tls/CertificateURL$ListBuffer16.class.removed
   JD: libs/bcprov-jdk15on.jar/org/bouncycastle/crypto/tls/CertificateURL.class.removed
   JD: libs/bcprov-jdk15on.jar/org/bouncycastle/crypto/tls/Chacha20Poly1305.class.removed
   JD: libs/bcprov-jdk15on.jar/org/bouncycastle/crypto/tls/ChangeCipherSpec.class.removed
   JD: libs/bcprov-jdk15on.jar/org/bouncycastle/crypto/tls/CipherSuite.class.removed
   JD: libs/bcprov-jdk15on.jar/org/bouncycastle/crypto/tls/CipherType.class.removed
   JD: libs/bcprov-jdk15on.jar/org/bouncycastle/crypto/tls/ClientAuthenticationType.class.removed
   JD: libs/bcprov-jdk15on.jar/org/bouncycastle/crypto/tls/ClientCertificateType.class.removed
   JD: libs/bcprov-jdk15on.jar/org/bouncycastle/crypto/tls/CombinedHash.class.removed
   JD: libs/bcprov-jdk15on.jar/org/bouncycastle/crypto/tls/CompressionMethod.class.removed
   JD: libs/bcprov-jdk15on.jar/org/bouncycastle/crypto/tls/ConnectionEnd.class.removed
   JD: libs/bcprov-jdk15on.jar/org/bouncycastle/crypto/tls/ContentType.class.removed
   JD: libs/bcprov-jdk15on.jar/org/bouncycastle/crypto/tls/DTLSClientProtocol$ClientHandshakeState.class.removed
   JD: libs/bcprov-jdk15on.jar/org/bouncycastle/crypto/tls/DTLSClientProtocol.class.removed
   JD: libs/bcprov-jdk15on.jar/org/bouncycastle/crypto/tls/DTLSEpoch.class.removed
   JD: libs/bcprov-jdk15on.jar/org/bouncycastle/crypto/tls/DTLSHandshakeRetransmit.class.removed
   JD: libs/bcprov-jdk15on.jar/org/bouncycastle/crypto/tls/DTLSProtocol.class.removed
   JD: libs/bcprov-jdk15on.jar/org/bouncycastle/crypto/tls/DTLSReassembler$Range.class.removed
   JD: libs/bcprov-jdk15on.jar/org/bouncycastle/crypto/tls/DTLSReassembler.class.removed
   JD: libs/bcprov-jdk15on.jar/org/bouncycastle/crypto/tls/DTLSRecordLayer.class.removed
   JD: libs/bcprov-jdk15on.jar/org/bouncycastle/crypto/tls/DTLSReliableHandshake$1.class.removed
   JD: libs/bcprov-jdk15on.jar/org/bouncycastle/crypto/tls/DTLSReliableHandshake$Message.class.removed
   JD: libs/bcprov-jdk15on.jar/org/bouncycastle/crypto/tls/DTLSReliableHandshake$RecordLayerBuffer.class.removed
   JD: libs/bcprov-jdk15on.jar/org/bouncycastle/crypto/tls/DTLSReliableHandshake.class.removed
   JD: libs/bcprov-jdk15on.jar/org/bouncycastle/crypto/tls/DTLSReplayWindow.class.removed
   JD: libs/bcprov-jdk15on.jar/org/bouncycastle/crypto/tls/DTLSServerProtocol$ServerHandshakeState.class.removed
   JD: libs/bcprov-jdk15on.jar/org/bouncycastle/crypto/tls/DTLSServerProtocol.class.removed
   JD: libs/bcprov-jdk15on.jar/org/bouncycastle/crypto/tls/DTLSTransport.class.removed
   JD: libs/bcprov-jdk15on.jar/org/bouncycastle/crypto/tls/DatagramTransport.class.removed
   JD: libs/bcprov-jdk15on.jar/org/bouncycastle/crypto/tls/DefaultTlsAgreementCredentials.class.removed
   JD: libs/bcprov-jdk15on.jar/org/bouncycastle/crypto/tls/DefaultTlsCipherFactory.class.removed
   JD: libs/bcprov-jdk15on.jar/org/bouncycastle/crypto/tls/DefaultTlsClient.class.removed
   JD: libs/bcprov-jdk15on.jar/org/bouncycastle/crypto/tls/DefaultTlsDHVerifier.class.removed
   JD: libs/bcprov-jdk15on.jar/org/bouncycastle/crypto/tls/DefaultTlsEncryptionCredentials.class.removed
   JD: libs/bcprov-jdk15on.jar/org/bouncycastle/crypto/tls/DefaultTlsSRPGroupVerifier.class.removed
   JD: libs/bcprov-jdk15on.jar/org/bouncycastle/crypto/tls/DefaultTlsServer.class.removed
   JD: libs/bcprov-jdk15on.jar/org/bouncycastle/crypto/tls/DefaultTlsSignerCredentials.class.removed
   JD: libs/bcprov-jdk15on.jar/org/bouncycastle/crypto/tls/DeferredHash.class.removed
   JD: libs/bcprov-jdk15on.jar/org/bouncycastle/crypto/tls/DigestInputBuffer.class.removed
   JD: libs/bcprov-jdk15on.jar/org/bouncycastle/crypto/tls/DigitallySigned.class.removed
   JD: libs/bcprov-jdk15on.jar/org/bouncycastle/crypto/tls/ECBasisType.class.removed
   JD: libs/bcprov-jdk15on.jar/org/bouncycastle/crypto/tls/ECCurveType.class.removed
   JD: libs/bcprov-jdk15on.jar/org/bouncycastle/crypto/tls/ECPointFormat.class.removed
   JD: libs/bcprov-jdk15on.jar/org/bouncycastle/crypto/tls/EncryptionAlgorithm.class.removed
   JD: libs/bcprov-jdk15on.jar/org/bouncycastle/crypto/tls/ExporterLabel.class.removed
   JD: libs/bcprov-jdk15on.jar/org/bouncycastle/crypto/tls/ExtensionType.class.removed
   JD: libs/bcprov-jdk15on.jar/org/bouncycastle/crypto/tls/FiniteFieldDHEGroup.class.removed
   JD: libs/bcprov-jdk15on.jar/org/bouncycastle/crypto/tls/HandshakeType.class.removed
   JD: libs/bcprov-jdk15on.jar/org/bouncycastle/crypto/tls/HashAlgorithm.class.removed
   JD: libs/bcprov-jdk15on.jar/org/bouncycastle/crypto/tls/HeartbeatExtension.class.removed
   JD: libs/bcprov-jdk15on.jar/org/bouncycastle/crypto/tls/HeartbeatMessage$PayloadBuffer.class.removed
   JD: libs/bcprov-jdk15on.jar/org/bouncycastle/crypto/tls/HeartbeatMessage.class.removed
   JD: libs/bcprov-jdk15on.jar/org/bouncycastle/crypto/tls/HeartbeatMessageType.class.removed
   JD: libs/bcprov-jdk15on.jar/org/bouncycastle/crypto/tls/HeartbeatMode.class.removed
   JD: libs/bcprov-jdk15on.jar/org/bouncycastle/crypto/tls/KeyExchangeAlgorithm.class.removed
   JD: libs/bcprov-jdk15on.jar/org/bouncycastle/crypto/tls/MACAlgorithm.class.removed
   JD: libs/bcprov-jdk15on.jar/org/bouncycastle/crypto/tls/MaxFragmentLength.class.removed
   JD: libs/bcprov-jdk15on.jar/org/bouncycastle/crypto/tls/NameType.class.removed
   JD: libs/bcprov-jdk15on.jar/org/bouncycastle/crypto/tls/NamedCurve.class.removed
   JD: libs/bcprov-jdk15on.jar/org/bouncycastle/crypto/tls/NewSessionTicket.class.removed
   JD: libs/bcprov-jdk15on.jar/org/bouncycastle/crypto/tls/OCSPStatusRequest.class.removed
   JD: libs/bcprov-jdk15on.jar/org/bouncycastle/crypto/tls/PRFAlgorithm.class.removed
   JD: libs/bcprov-jdk15on.jar/org/bouncycastle/crypto/tls/PSKTlsClient.class.removed
   JD: libs/bcprov-jdk15on.jar/org/bouncycastle/crypto/tls/PSKTlsServer.class.removed
   JD: libs/bcprov-jdk15on.jar/org/bouncycastle/crypto/tls/ProtocolVersion.class.removed
   JD: libs/bcprov-jdk15on.jar/org/bouncycastle/crypto/tls/RecordStream$1.class.removed
   JD: libs/bcprov-jdk15on.jar/org/bouncycastle/crypto/tls/RecordStream$SequenceNumber.class.removed
   JD: libs/bcprov-jdk15on.jar/org/bouncycastle/crypto/tls/RecordStream.class.removed
   JD: libs/bcprov-jdk15on.jar/org/bouncycastle/crypto/tls/SRPTlsClient.class.removed
   JD: libs/bcprov-jdk15on.jar/org/bouncycastle/crypto/tls/SRPTlsServer.class.removed
   JD: libs/bcprov-jdk15on.jar/org/bouncycastle/crypto/tls/SRTPProtectionProfile.class.removed
   JD: libs/bcprov-jdk15on.jar/org/bouncycastle/crypto/tls/SSL3Mac.class.removed
   JD: libs/bcprov-jdk15on.jar/org/bouncycastle/crypto/tls/SecurityParameters.class.removed
   JD: libs/bcprov-jdk15on.jar/org/bouncycastle/crypto/tls/ServerName.class.removed
   JD: libs/bcprov-jdk15on.jar/org/bouncycastle/crypto/tls/ServerNameList.class.removed
   JD: libs/bcprov-jdk15on.jar/org/bouncycastle/crypto/tls/ServerOnlyTlsAuthentication.class.removed
   JD: libs/bcprov-jdk15on.jar/org/bouncycastle/crypto/tls/ServerSRPParams.class.removed
   JD: libs/bcprov-jdk15on.jar/org/bouncycastle/crypto/tls/SessionParameters$1.class.removed
   JD: libs/bcprov-jdk15on.jar/org/bouncycastle/crypto/tls/SessionParameters$Builder.class.removed
   JD: libs/bcprov-jdk15on.jar/org/bouncycastle/crypto/tls/SessionParameters.class.removed
   JD: libs/bcprov-jdk15on.jar/org/bouncycastle/crypto/tls/SignatureAlgorithm.class.removed
   JD: libs/bcprov-jdk15on.jar/org/bouncycastle/crypto/tls/SignatureAndHashAlgorithm.class.removed
   JD: libs/bcprov-jdk15on.jar/org/bouncycastle/crypto/tls/SignerInputBuffer.class.removed
   JD: libs/bcprov-jdk15on.jar/org/bouncycastle/crypto/tls/SimulatedTlsSRPIdentityManager.class.removed
   JD: libs/bcprov-jdk15on.jar/org/bouncycastle/crypto/tls/SupplementalDataEntry.class.removed
   JD: libs/bcprov-jdk15on.jar/org/bouncycastle/crypto/tls/SupplementalDataType.class.removed
   JD: libs/bcprov-jdk15on.jar/org/bouncycastle/crypto/tls/TlsAEADCipher.class.removed
   JD: libs/bcprov-jdk15on.jar/org/bouncycastle/crypto/tls/TlsAgreementCredentials.class.removed
   JD: libs/bcprov-jdk15on.jar/org/bouncycastle/crypto/tls/TlsAuthentication.class.removed
   JD: libs/bcprov-jdk15on.jar/org/bouncycastle/crypto/tls/TlsBlockCipher.class.removed
   JD: libs/bcprov-jdk15on.jar/org/bouncycastle/crypto/tls/TlsCipher.class.removed
   JD: libs/bcprov-jdk15on.jar/org/bouncycastle/crypto/tls/TlsCipherFactory.class.removed
   JD: libs/bcprov-jdk15on.jar/org/bouncycastle/crypto/tls/TlsClient.class.removed
   JD: libs/bcprov-jdk15on.jar/org/bouncycastle/crypto/tls/TlsClientContext.class.removed
   JD: libs/bcprov-jdk15on.jar/org/bouncycastle/crypto/tls/TlsClientContextImpl.class.removed
   JD: libs/bcprov-jdk15on.jar/org/bouncycastle/crypto/tls/TlsClientProtocol.class.removed
   JD: libs/bcprov-jdk15on.jar/org/bouncycastle/crypto/tls/TlsCloseable.class.removed
   JD: libs/bcprov-jdk15on.jar/org/bouncycastle/crypto/tls/TlsCompression.class.removed
   JD: libs/bcprov-jdk15on.jar/org/bouncycastle/crypto/tls/TlsContext.class.removed
   JD: libs/bcprov-jdk15on.jar/org/bouncycastle/crypto/tls/TlsCredentials.class.removed
   JD: libs/bcprov-jdk15on.jar/org/bouncycastle/crypto/tls/TlsDHEKeyExchange.class.removed
   JD: libs/bcprov-jdk15on.jar/org/bouncycastle/crypto/tls/TlsDHKeyExchange.class.removed
   JD: libs/bcprov-jdk15on.jar/org/bouncycastle/crypto/tls/TlsDHUtils.class.removed
   JD: libs/bcprov-jdk15on.jar/org/bouncycastle/crypto/tls/TlsDHVerifier.class.removed
   JD: libs/bcprov-jdk15on.jar/org/bouncycastle/crypto/tls/TlsDSASigner.class.removed
   JD: libs/bcprov-jdk15on.jar/org/bouncycastle/crypto/tls/TlsDSSSigner.class.removed
   JD: libs/bcprov-jdk15on.jar/org/bouncycastle/crypto/tls/TlsECCUtils.class.removed
   JD: libs/bcprov-jdk15on.jar/org/bouncycastle/crypto/tls/TlsECDHEKeyExchange.class.removed
   JD: libs/bcprov-jdk15on.jar/org/bouncycastle/crypto/tls/TlsECDHKeyExchange.class.removed
   JD: libs/bcprov-jdk15on.jar/org/bouncycastle/crypto/tls/TlsECDSASigner.class.removed
   JD: libs/bcprov-jdk15on.jar/org/bouncycastle/crypto/tls/TlsEncryptionCredentials.class.removed
   JD: libs/bcprov-jdk15on.jar/org/bouncycastle/crypto/tls/TlsException.class.removed
   JD: libs/bcprov-jdk15on.jar/org/bouncycastle/crypto/tls/TlsExtensionsUtils.class.removed
   JD: libs/bcprov-jdk15on.jar/org/bouncycastle/crypto/tls/TlsFatalAlert.class.removed
   JD: libs/bcprov-jdk15on.jar/org/bouncycastle/crypto/tls/TlsFatalAlertReceived.class.removed
   JD: libs/bcprov-jdk15on.jar/org/bouncycastle/crypto/tls/TlsHandshakeHash.class.removed
   JD: libs/bcprov-jdk15on.jar/org/bouncycastle/crypto/tls/TlsInputStream.class.removed
   JD: libs/bcprov-jdk15on.jar/org/bouncycastle/crypto/tls/TlsKeyExchange.class.removed
   JD: libs/bcprov-jdk15on.jar/org/bouncycastle/crypto/tls/TlsMac.class.removed
   JD: libs/bcprov-jdk15on.jar/org/bouncycastle/crypto/tls/TlsNoCloseNotifyException.class.removed
   JD: libs/bcprov-jdk15on.jar/org/bouncycastle/crypto/tls/TlsNullCipher.class.removed
   JD: libs/bcprov-jdk15on.jar/org/bouncycastle/crypto/tls/TlsNullCompression.class.removed
   JD: libs/bcprov-jdk15on.jar/org/bouncycastle/crypto/tls/TlsOutputStream.class.removed
   JD: libs/bcprov-jdk15on.jar/org/bouncycastle/crypto/tls/TlsPSKIdentity.class.removed
   JD: libs/bcprov-jdk15on.jar/org/bouncycastle/crypto/tls/TlsPSKIdentityManager.class.removed
   JD: libs/bcprov-jdk15on.jar/org/bouncycastle/crypto/tls/TlsPSKKeyExchange.class.removed
   JD: libs/bcprov-jdk15on.jar/org/bouncycastle/crypto/tls/TlsPeer.class.removed
   JD: libs/bcprov-jdk15on.jar/org/bouncycastle/crypto/tls/TlsProtocol$HandshakeMessage.class.removed
   JD: libs/bcprov-jdk15on.jar/org/bouncycastle/crypto/tls/TlsProtocol.class.removed
   JD: libs/bcprov-jdk15on.jar/org/bouncycastle/crypto/tls/TlsRSAKeyExchange.class.removed
   JD: libs/bcprov-jdk15on.jar/org/bouncycastle/crypto/tls/TlsRSASigner.class.removed
   JD: libs/bcprov-jdk15on.jar/org/bouncycastle/crypto/tls/TlsRSAUtils.class.removed
   JD: libs/bcprov-jdk15on.jar/org/bouncycastle/crypto/tls/TlsSRPGroupVerifier.class.removed
   JD: libs/bcprov-jdk15on.jar/org/bouncycastle/crypto/tls/TlsSRPIdentityManager.class.removed
   JD: libs/bcprov-jdk15on.jar/org/bouncycastle/crypto/tls/TlsSRPKeyExchange.class.removed
   JD: libs/bcprov-jdk15on.jar/org/bouncycastle/crypto/tls/TlsSRPLoginParameters.class.removed
   JD: libs/bcprov-jdk15on.jar/org/bouncycastle/crypto/tls/TlsSRPUtils.class.removed
   JD: libs/bcprov-jdk15on.jar/org/bouncycastle/crypto/tls/TlsSRTPUtils.class.removed
   JD: libs/bcprov-jdk15on.jar/org/bouncycastle/crypto/tls/TlsServer.class.removed
   JD: libs/bcprov-jdk15on.jar/org/bouncycastle/crypto/tls/TlsServerContext.class.removed
   JD: libs/bcprov-jdk15on.jar/org/bouncycastle/crypto/tls/TlsServerContextImpl.class.removed
   JD: libs/bcprov-jdk15on.jar/org/bouncycastle/crypto/tls/TlsServerProtocol.class.removed
   JD: libs/bcprov-jdk15on.jar/org/bouncycastle/crypto/tls/TlsSession.class.removed
   JD: libs/bcprov-jdk15on.jar/org/bouncycastle/crypto/tls/TlsSessionImpl.class.removed
   JD: libs/bcprov-jdk15on.jar/org/bouncycastle/crypto/tls/TlsSigner.class.removed
   JD: libs/bcprov-jdk15on.jar/org/bouncycastle/crypto/tls/TlsSignerCredentials.class.removed
   JD: libs/bcprov-jdk15on.jar/org/bouncycastle/crypto/tls/TlsStreamCipher.class.removed
   JD: libs/bcprov-jdk15on.jar/org/bouncycastle/crypto/tls/TlsUtils.class.removed
   JD: libs/bcprov-jdk15on.jar/org/bouncycastle/crypto/tls/UDPTransport.class.removed
   JD: libs/bcprov-jdk15on.jar/org/bouncycastle/crypto/tls/URLAndHash.class.removed
   JD: libs/bcprov-jdk15on.jar/org/bouncycastle/crypto/tls/UseSRTPData.class.removed
   JD: libs/bcprov-jdk15on.jar/org/bouncycastle/crypto/tls/UserMappingType.class.removed
   JD: libs/bcprov-jdk15on.jar/org/bouncycastle/crypto/util/DERMacData$Type.class
   JD: libs/bcprov-jdk15on.jar/org/bouncycastle/crypto/util/PrivateKeyFactory.class
   JD: libs/bcprov-jdk15on.jar/org/bouncycastle/jcajce/BCFKSLoadStoreParameter$EncryptionAlgorithm.class
   JD: libs/bcprov-jdk15on.jar/org/bouncycastle/jcajce/BCFKSLoadStoreParameter$MacAlgorithm.class
   JD: libs/bcprov-jdk15on.jar/org/bouncycastle/jcajce/BCFKSLoadStoreParameter$SignatureAlgorithm.class
   JD: libs/bcprov-jdk15on.jar/org/bouncycastle/jcajce/PKIXCRLStore.class
   JD: libs/bcprov-jdk15on.jar/org/bouncycastle/jcajce/PKIXCRLStoreSelector$Builder.class
   JD: libs/bcprov-jdk15on.jar/org/bouncycastle/jcajce/PKIXCRLStoreSelector.class
   JD: libs/bcprov-jdk15on.jar/org/bouncycastle/jcajce/PKIXCertStore.class
   JD: libs/bcprov-jdk15on.jar/org/bouncycastle/jcajce/PKIXCertStoreSelector$Builder.class
   JD: libs/bcprov-jdk15on.jar/org/bouncycastle/jcajce/PKIXCertStoreSelector.class
   JD: libs/bcprov-jdk15on.jar/org/bouncycastle/jcajce/PKIXExtendedBuilderParameters$Builder.class
   JD: libs/bcprov-jdk15on.jar/org/bouncycastle/jcajce/PKIXExtendedBuilderParameters.class
   JD: libs/bcprov-jdk15on.jar/org/bouncycastle/jcajce/PKIXExtendedParameters$Builder.class
   JD: libs/bcprov-jdk15on.jar/org/bouncycastle/jcajce/PKIXExtendedParameters.class
   JD: libs/bcprov-jdk15on.jar/org/bouncycastle/jcajce/interfaces/EdDSAPrivateKey.class
   JD: libs/bcprov-jdk15on.jar/org/bouncycastle/jcajce/interfaces/EdDSAPublicKey.class
   JD: libs/bcprov-jdk15on.jar/org/bouncycastle/jcajce/interfaces/XDHPrivateKey.class
   JD: libs/bcprov-jdk15on.jar/org/bouncycastle/jcajce/interfaces/XDHPublicKey.class
   JD: libs/bcprov-jdk15on.jar/org/bouncycastle/jcajce/provider/asymmetric/DH.class
   JD: libs/bcprov-jdk15on.jar/org/bouncycastle/jcajce/provider/asymmetric/EC.class
   JD: libs/bcprov-jdk15on.jar/org/bouncycastle/jcajce/provider/asymmetric/ECGOST$Mappings.class
   JD: libs/bcprov-jdk15on.jar/org/bouncycastle/jcajce/provider/asymmetric/ECGOST.class
   JD: libs/bcprov-jdk15on.jar/org/bouncycastle/jcajce/provider/asymmetric/EdEC$Mappings.class
   JD: libs/bcprov-jdk15on.jar/org/bouncycastle/jcajce/provider/asymmetric/EdEC.class
   JD: libs/bcprov-jdk15on.jar/org/bouncycastle/jcajce/provider/asymmetric/GM.class
   JD: libs/bcprov-jdk15on.jar/org/bouncycastle/jcajce/provider/asymmetric/RSA$Mappings.class
   JD: libs/bcprov-jdk15on.jar/org/bouncycastle/jcajce/provider/asymmetric/RSA.class
   JD: libs/bcprov-jdk15on.jar/org/bouncycastle/jcajce/provider/asymmetric/ec/AlgorithmParametersSpi.class
   JD: libs/bcprov-jdk15on.jar/org/bouncycastle/jcajce/provider/asymmetric/ecgost12/BCECGOST3410_2012PrivateKey.class
   JD: libs/bcprov-jdk15on.jar/org/bouncycastle/jcajce/provider/asymmetric/edec/BCEdDSAPrivateKey.class
   JD: libs/bcprov-jdk15on.jar/org/bouncycastle/jcajce/provider/asymmetric/edec/BCEdDSAPublicKey.class
   JD: libs/bcprov-jdk15on.jar/org/bouncycastle/jcajce/provider/asymmetric/edec/BCXDHPrivateKey.class
   JD: libs/bcprov-jdk15on.jar/org/bouncycastle/jcajce/provider/asymmetric/edec/BCXDHPublicKey.class
   JD: libs/bcprov-jdk15on.jar/org/bouncycastle/jcajce/provider/asymmetric/edec/KeyFactorySpi$ED25519.class.removed
   JD: libs/bcprov-jdk15on.jar/org/bouncycastle/jcajce/provider/asymmetric/edec/KeyFactorySpi$ED448.class.removed
   JD: libs/bcprov-jdk15on.jar/org/bouncycastle/jcajce/provider/asymmetric/edec/KeyFactorySpi$EDDSA.class.removed
   JD: libs/bcprov-jdk15on.jar/org/bouncycastle/jcajce/provider/asymmetric/edec/KeyFactorySpi$Ed25519.class
   JD: libs/bcprov-jdk15on.jar/org/bouncycastle/jcajce/provider/asymmetric/edec/KeyFactorySpi$Ed448.class
   JD: libs/bcprov-jdk15on.jar/org/bouncycastle/jcajce/provider/asymmetric/edec/KeyFactorySpi$EdDSA.class
   JD: libs/bcprov-jdk15on.jar/org/bouncycastle/jcajce/provider/asymmetric/edec/KeyFactorySpi.class
   JD: libs/bcprov-jdk15on.jar/org/bouncycastle/jcajce/provider/asymmetric/edec/KeyPairGeneratorSpi.class
   JD: libs/bcprov-jdk15on.jar/org/bouncycastle/jcajce/provider/asymmetric/gost/AlgorithmParameterGeneratorSpi.class
   JD: libs/bcprov-jdk15on.jar/org/bouncycastle/jcajce/provider/asymmetric/rsa/BCRSAPrivateCrtKey.class
   JD: libs/bcprov-jdk15on.jar/org/bouncycastle/jcajce/provider/asymmetric/rsa/BCRSAPrivateKey.class
   JD: libs/bcprov-jdk15on.jar/org/bouncycastle/jcajce/provider/asymmetric/rsa/BCRSAPublicKey.class
   JD: libs/bcprov-jdk15on.jar/org/bouncycastle/jcajce/provider/asymmetric/rsa/KeyFactorySpi.class
   JD: libs/bcprov-jdk15on.jar/org/bouncycastle/jcajce/provider/asymmetric/rsa/KeyPairGeneratorSpi$PSS.class
   JD: libs/bcprov-jdk15on.jar/org/bouncycastle/jcajce/provider/asymmetric/rsa/KeyPairGeneratorSpi.class
   JD: libs/bcprov-jdk15on.jar/org/bouncycastle/jcajce/provider/asymmetric/rsa/PSSSignatureSpi.class
   JD: libs/bcprov-jdk15on.jar/org/bouncycastle/jcajce/provider/asymmetric/util/BaseAgreementSpi.class
   JD: libs/bcprov-jdk15on.jar/org/bouncycastle/jcajce/provider/asymmetric/util/DESUtil.class
   JD: libs/bcprov-jdk15on.jar/org/bouncycastle/jcajce/provider/asymmetric/util/EC5Util.class
   JD: libs/bcprov-jdk15on.jar/org/bouncycastle/jcajce/provider/asymmetric/x509/X509CertificateImpl.class
   JD: libs/bcprov-jdk15on.jar/org/bouncycastle/jcajce/provider/asymmetric/x509/X509CertificateInternal.class
   JD: libs/bcprov-jdk15on.jar/org/bouncycastle/jcajce/provider/asymmetric/x509/X509CertificateObject.class
   JD: libs/bcprov-jdk15on.jar/org/bouncycastle/jcajce/provider/asymmetric/x509/X509SignatureUtil.class
   JD: libs/bcprov-jdk15on.jar/org/bouncycastle/jcajce/provider/config/ConfigurableProvider.class
   JD: libs/bcprov-jdk15on.jar/org/bouncycastle/jcajce/provider/digest/BCMessageDigest.class
   JD: libs/bcprov-jdk15on.jar/org/bouncycastle/jcajce/provider/digest/SHA3$DigestSHAKE.class
   JD: libs/bcprov-jdk15on.jar/org/bouncycastle/jcajce/provider/digest/SHA3$DigestShake128_256.class
   JD: libs/bcprov-jdk15on.jar/org/bouncycastle/jcajce/provider/digest/SHA3$DigestShake256_512.class
   JD: libs/bcprov-jdk15on.jar/org/bouncycastle/jcajce/provider/digest/SHA3$Mappings.class
   JD: libs/bcprov-jdk15on.jar/org/bouncycastle/jcajce/provider/digest/SHA3.class
   JD: libs/bcprov-jdk15on.jar/org/bouncycastle/jcajce/provider/drbg/DRBG$1.class
   JD: libs/bcprov-jdk15on.jar/org/bouncycastle/jcajce/provider/drbg/DRBG$2.class
   JD: libs/bcprov-jdk15on.jar/org/bouncycastle/jcajce/provider/drbg/DRBG$3.class
   JD: libs/bcprov-jdk15on.jar/org/bouncycastle/jcajce/provider/drbg/DRBG$HybridSecureRandom$SignallingEntropySource.class
   JD: libs/bcprov-jdk15on.jar/org/bouncycastle/jcajce/provider/drbg/DRBG$URLSeededSecureRandom$1.class
   JD: libs/bcprov-jdk15on.jar/org/bouncycastle/jcajce/provider/drbg/DRBG$URLSeededSecureRandom$2.class
   JD: libs/bcprov-jdk15on.jar/org/bouncycastle/jcajce/provider/drbg/DRBG.class
   JD: libs/bcprov-jdk15on.jar/org/bouncycastle/jcajce/provider/keystore/bcfks/BcFKSKeyStoreSpi$SharedKeyStoreSpi.class
   JD: libs/bcprov-jdk15on.jar/org/bouncycastle/jcajce/provider/keystore/bcfks/BcFKSKeyStoreSpi.class
   JD: libs/bcprov-jdk15on.jar/org/bouncycastle/jcajce/provider/keystore/pkcs12/PKCS12KeyStoreSpi.class
   JD: libs/bcprov-jdk15on.jar/org/bouncycastle/jcajce/provider/symmetric/AES.class
   JD: libs/bcprov-jdk15on.jar/org/bouncycastle/jcajce/provider/symmetric/ARIA$CCM.class
   JD: libs/bcprov-jdk15on.jar/org/bouncycastle/jcajce/provider/symmetric/ARIA$GCM.class
   JD: libs/bcprov-jdk15on.jar/org/bouncycastle/jcajce/provider/symmetric/ARIA$Mappings.class
   JD: libs/bcprov-jdk15on.jar/org/bouncycastle/jcajce/provider/symmetric/ARIA.class
   JD: libs/bcprov-jdk15on.jar/org/bouncycastle/jcajce/provider/symmetric/DESede$Mappings.class
   JD: libs/bcprov-jdk15on.jar/org/bouncycastle/jcajce/provider/symmetric/DSTU7624$AlgParamGen128.class
   JD: libs/bcprov-jdk15on.jar/org/bouncycastle/jcajce/provider/symmetric/DSTU7624$AlgParamGen256.class
   JD: libs/bcprov-jdk15on.jar/org/bouncycastle/jcajce/provider/symmetric/DSTU7624$AlgParamGen512.class
   JD: libs/bcprov-jdk15on.jar/org/bouncycastle/jcajce/provider/symmetric/DSTU7624$Mappings.class
   JD: libs/bcprov-jdk15on.jar/org/bouncycastle/jcajce/provider/symmetric/GOST28147.class
   JD: libs/bcprov-jdk15on.jar/org/bouncycastle/jcajce/provider/symmetric/SCRYPT$BasePBKDF2.class
   JD: libs/bcprov-jdk15on.jar/org/bouncycastle/jcajce/provider/symmetric/SipHash128$KeyGen.class
   JD: libs/bcprov-jdk15on.jar/org/bouncycastle/jcajce/provider/symmetric/SipHash128$Mac24.class
   JD: libs/bcprov-jdk15on.jar/org/bouncycastle/jcajce/provider/symmetric/SipHash128$Mac48.class
   JD: libs/bcprov-jdk15on.jar/org/bouncycastle/jcajce/provider/symmetric/SipHash128$Mappings.class
   JD: libs/bcprov-jdk15on.jar/org/bouncycastle/jcajce/provider/symmetric/SipHash128.class
   JD: libs/bcprov-jdk15on.jar/org/bouncycastle/jcajce/provider/symmetric/util/BCPBEKey.class
   JD: libs/bcprov-jdk15on.jar/org/bouncycastle/jcajce/util/AnnotatedPrivateKey.class
   JD: libs/bcprov-jdk15on.jar/org/bouncycastle/jcajce/util/BCJcaJceHelper.class
   JD: libs/bcprov-jdk15on.jar/org/bouncycastle/jcajce/util/MessageDigestUtils.class
   JD: libs/bcprov-jdk15on.jar/org/bouncycastle/jcajce/util/PrivateKeyAnnotator.class
   JD: libs/bcprov-jdk15on.jar/org/bouncycastle/jce/provider/BouncyCastleProvider.class
   JD: libs/bcprov-jdk15on.jar/org/bouncycastle/jce/provider/CertPathValidatorUtilities.class
   JD: libs/bcprov-jdk15on.jar/org/bouncycastle/jce/provider/PKIXAttrCertPathBuilderSpi.class
   JD: libs/bcprov-jdk15on.jar/org/bouncycastle/jce/provider/PKIXCertPathBuilderSpi.class
   JD: libs/bcprov-jdk15on.jar/org/bouncycastle/jce/provider/RFC3280CertPathUtilities.class
   JD: libs/bcprov-jdk15on.jar/org/bouncycastle/jce/provider/RFC3281CertPathUtilities.class
   JD: libs/bcprov-jdk15on.jar/org/bouncycastle/math/ec/DoubleAddMultiplier.class
   JD: libs/bcprov-jdk15on.jar/org/bouncycastle/math/ec/MixedNafR2LMultiplier.class
   JD: libs/bcprov-jdk15on.jar/org/bouncycastle/math/ec/MontgomeryLadderMultiplier.class
   JD: libs/bcprov-jdk15on.jar/org/bouncycastle/math/ec/NafL2RMultiplier.class
   JD: libs/bcprov-jdk15on.jar/org/bouncycastle/math/ec/NafR2LMultiplier.class
   JD: libs/bcprov-jdk15on.jar/org/bouncycastle/math/ec/ReferenceMultiplier.class
   JD: libs/bcprov-jdk15on.jar/org/bouncycastle/math/ec/ZSignedDigitL2RMultiplier.class
   JD: libs/bcprov-jdk15on.jar/org/bouncycastle/math/ec/ZSignedDigitR2LMultiplier.class
   JD: libs/bcprov-jdk15on.jar/org/bouncycastle/math/ec/rfc7748/X25519Field.class
   JD: libs/bcprov-jdk15on.jar/org/bouncycastle/math/ec/rfc7748/X448Field.class
   JD: libs/bcprov-jdk15on.jar/org/bouncycastle/math/ec/rfc8032/Ed25519.class
   JD: libs/bcprov-jdk15on.jar/org/bouncycastle/math/ec/rfc8032/Ed448.class
   JD: libs/bcprov-jdk15on.jar/org/bouncycastle/pqc/crypto/ExhaustedPrivateKeyException.class
   JD: libs/bcprov-jdk15on.jar/org/bouncycastle/pqc/crypto/lms/
   JD: libs/bcprov-jdk15on.jar/org/bouncycastle/pqc/crypto/lms/Composer.class
   JD: libs/bcprov-jdk15on.jar/org/bouncycastle/pqc/crypto/lms/DigestUtil.class
   JD: libs/bcprov-jdk15on.jar/org/bouncycastle/pqc/crypto/lms/HSS$PlaceholderLMSPrivateKey.class
   JD: libs/bcprov-jdk15on.jar/org/bouncycastle/pqc/crypto/lms/HSS.class
   JD: libs/bcprov-jdk15on.jar/org/bouncycastle/pqc/crypto/lms/HSSKeyGenerationParameters.class
   JD: libs/bcprov-jdk15on.jar/org/bouncycastle/pqc/crypto/lms/HSSKeyPairGenerator.class
   JD: libs/bcprov-jdk15on.jar/org/bouncycastle/pqc/crypto/lms/HSSPrivateKeyParameters.class
   JD: libs/bcprov-jdk15on.jar/org/bouncycastle/pqc/crypto/lms/HSSPublicKeyParameters.class
   JD: libs/bcprov-jdk15on.jar/org/bouncycastle/pqc/crypto/lms/HSSSignature.class
   JD: libs/bcprov-jdk15on.jar/org/bouncycastle/pqc/crypto/lms/HSSSigner.class
   JD: libs/bcprov-jdk15on.jar/org/bouncycastle/pqc/crypto/lms/LMOtsParameters$1.class
   JD: libs/bcprov-jdk15on.jar/org/bouncycastle/pqc/crypto/lms/LMOtsParameters.class
   JD: libs/bcprov-jdk15on.jar/org/bouncycastle/pqc/crypto/lms/LMOtsPrivateKey.class
   JD: libs/bcprov-jdk15on.jar/org/bouncycastle/pqc/crypto/lms/LMOtsPublicKey.class
   JD: libs/bcprov-jdk15on.jar/org/bouncycastle/pqc/crypto/lms/LMOtsSignature.class
   JD: libs/bcprov-jdk15on.jar/org/bouncycastle/pqc/crypto/lms/LMS.class
   JD: libs/bcprov-jdk15on.jar/org/bouncycastle/pqc/crypto/lms/LMSException.class
   JD: libs/bcprov-jdk15on.jar/org/bouncycastle/pqc/crypto/lms/LMSKeyGenerationParameters.class
   JD: libs/bcprov-jdk15on.jar/org/bouncycastle/pqc/crypto/lms/LMSKeyPairGenerator.class
   JD: libs/bcprov-jdk15on.jar/org/bouncycastle/pqc/crypto/lms/LMSKeyParameters.class
   JD: libs/bcprov-jdk15on.jar/org/bouncycastle/pqc/crypto/lms/LMSParameters.class
   JD: libs/bcprov-jdk15on.jar/org/bouncycastle/pqc/crypto/lms/LMSPrivateKeyParameters$CacheKey.class
   JD: libs/bcprov-jdk15on.jar/org/bouncycastle/pqc/crypto/lms/LMSPrivateKeyParameters.class
   JD: libs/bcprov-jdk15on.jar/org/bouncycastle/pqc/crypto/lms/LMSPublicKeyParameters.class
   JD: libs/bcprov-jdk15on.jar/org/bouncycastle/pqc/crypto/lms/LMSSignature.class
   JD: libs/bcprov-jdk15on.jar/org/bouncycastle/pqc/crypto/lms/LMSSignedPubKey.class
   JD: libs/bcprov-jdk15on.jar/org/bouncycastle/pqc/crypto/lms/LMSSigner.class
   JD: libs/bcprov-jdk15on.jar/org/bouncycastle/pqc/crypto/lms/LMSigParameters$1.class
   JD: libs/bcprov-jdk15on.jar/org/bouncycastle/pqc/crypto/lms/LMSigParameters.class
   JD: libs/bcprov-jdk15on.jar/org/bouncycastle/pqc/crypto/lms/LM_OTS.class
   JD: libs/bcprov-jdk15on.jar/org/bouncycastle/pqc/crypto/lms/LmsUtils.class
   JD: libs/bcprov-jdk15on.jar/org/bouncycastle/pqc/crypto/lms/SeedDerive.class
   JD: libs/bcprov-jdk15on.jar/org/bouncycastle/pqc/crypto/qtesla/QTeslaKeyEncodingTests.class.removed
   JD: libs/bcprov-jdk15on.jar/org/bouncycastle/pqc/crypto/qteslarnd1.removed
   JD: libs/bcprov-jdk15on.jar/org/bouncycastle/pqc/crypto/qteslarnd1/CommonFunction.class.removed
   JD: libs/bcprov-jdk15on.jar/org/bouncycastle/pqc/crypto/qteslarnd1/Const.class.removed
   JD: libs/bcprov-jdk15on.jar/org/bouncycastle/pqc/crypto/qteslarnd1/HashUtils.class.removed
   JD: libs/bcprov-jdk15on.jar/org/bouncycastle/pqc/crypto/qteslarnd1/Pack.class.removed
   JD: libs/bcprov-jdk15on.jar/org/bouncycastle/pqc/crypto/qteslarnd1/Parameter.class.removed
   JD: libs/bcprov-jdk15on.jar/org/bouncycastle/pqc/crypto/qteslarnd1/Polynomial.class.removed
   JD: libs/bcprov-jdk15on.jar/org/bouncycastle/pqc/crypto/qteslarnd1/PolynomialHeuristic.class.removed
   JD: libs/bcprov-jdk15on.jar/org/bouncycastle/pqc/crypto/qteslarnd1/PolynomialProvablySecure.class.removed
   JD: libs/bcprov-jdk15on.jar/org/bouncycastle/pqc/crypto/qteslarnd1/QTESLA.class.removed
   JD: libs/bcprov-jdk15on.jar/org/bouncycastle/pqc/crypto/qteslarnd1/QTESLAKeyGenerationParameters.class.removed
   JD: libs/bcprov-jdk15on.jar/org/bouncycastle/pqc/crypto/qteslarnd1/QTESLAKeyPairGenerator.class.removed
   JD: libs/bcprov-jdk15on.jar/org/bouncycastle/pqc/crypto/qteslarnd1/QTESLAPrivateKeyParameters.class.removed
   JD: libs/bcprov-jdk15on.jar/org/bouncycastle/pqc/crypto/qteslarnd1/QTESLAPublicKeyParameters.class.removed
   JD: libs/bcprov-jdk15on.jar/org/bouncycastle/pqc/crypto/qteslarnd1/QTESLASecurityCategory.class.removed
   JD: libs/bcprov-jdk15on.jar/org/bouncycastle/pqc/crypto/qteslarnd1/QTESLASigner.class.removed
   JD: libs/bcprov-jdk15on.jar/org/bouncycastle/pqc/crypto/qteslarnd1/Sample.class.removed
   JD: libs/bcprov-jdk15on.jar/org/bouncycastle/pqc/crypto/util/PrivateKeyFactory.class
   JD: libs/bcprov-jdk15on.jar/org/bouncycastle/pqc/crypto/util/PrivateKeyInfoFactory.class
   JD: libs/bcprov-jdk15on.jar/org/bouncycastle/pqc/crypto/util/PublicKeyFactory$LMSConverter.class
   JD: libs/bcprov-jdk15on.jar/org/bouncycastle/pqc/crypto/util/PublicKeyFactory$XMSSConverter.class
   JD: libs/bcprov-jdk15on.jar/org/bouncycastle/pqc/crypto/util/PublicKeyFactory$XMSSMTConverter.class
   JD: libs/bcprov-jdk15on.jar/org/bouncycastle/pqc/crypto/util/PublicKeyFactory.class
   JD: libs/bcprov-jdk15on.jar/org/bouncycastle/pqc/crypto/util/SubjectPublicKeyInfoFactory.class
   JD: libs/bcprov-jdk15on.jar/org/bouncycastle/pqc/crypto/xmss/BDS.class
   JD: libs/bcprov-jdk15on.jar/org/bouncycastle/pqc/crypto/xmss/BDSStateMap.class
   JD: libs/bcprov-jdk15on.jar/org/bouncycastle/pqc/crypto/xmss/BDSTreeHash.class
   JD: libs/bcprov-jdk15on.jar/org/bouncycastle/pqc/crypto/xmss/DefaultXMSSMTOid.class
   JD: libs/bcprov-jdk15on.jar/org/bouncycastle/pqc/crypto/xmss/DefaultXMSSOid.class
   JD: libs/bcprov-jdk15on.jar/org/bouncycastle/pqc/crypto/xmss/DigestUtil.class
   JD: libs/bcprov-jdk15on.jar/org/bouncycastle/pqc/crypto/xmss/HashTreeAddress$Builder.class
   JD: libs/bcprov-jdk15on.jar/org/bouncycastle/pqc/crypto/xmss/LTreeAddress$Builder.class
   JD: libs/bcprov-jdk15on.jar/org/bouncycastle/pqc/crypto/xmss/OTSHashAddress$Builder.class
   JD: libs/bcprov-jdk15on.jar/org/bouncycastle/pqc/crypto/xmss/WOTSPlus.class
   JD: libs/bcprov-jdk15on.jar/org/bouncycastle/pqc/crypto/xmss/WOTSPlusOid.class
   JD: libs/bcprov-jdk15on.jar/org/bouncycastle/pqc/crypto/xmss/XMSSAddress$Builder.class
   JD: libs/bcprov-jdk15on.jar/org/bouncycastle/pqc/crypto/xmss/XMSSKeyPairGenerator.class
   JD: libs/bcprov-jdk15on.jar/org/bouncycastle/pqc/crypto/xmss/XMSSMTKeyPairGenerator.class
   JD: libs/bcprov-jdk15on.jar/org/bouncycastle/pqc/crypto/xmss/XMSSMTParameters.class
   JD: libs/bcprov-jdk15on.jar/org/bouncycastle/pqc/crypto/xmss/XMSSMTSignature$Builder.class
   JD: libs/bcprov-jdk15on.jar/org/bouncycastle/pqc/crypto/xmss/XMSSMTSignature.class
   JD: libs/bcprov-jdk15on.jar/org/bouncycastle/pqc/crypto/xmss/XMSSParameters.class
   JD: libs/bcprov-jdk15on.jar/org/bouncycastle/pqc/crypto/xmss/XMSSPublicKeyParameters.class
   JD: libs/bcprov-jdk15on.jar/org/bouncycastle/pqc/crypto/xmss/XMSSReducedSignature$Builder.class
   JD: libs/bcprov-jdk15on.jar/org/bouncycastle/pqc/crypto/xmss/XMSSReducedSignature.class
   JD: libs/bcprov-jdk15on.jar/org/bouncycastle/pqc/crypto/xmss/XMSSSigner.class
   JD: libs/bcprov-jdk15on.jar/org/bouncycastle/pqc/crypto/xmss/XMSSUtil$CheckingStream.class
   JD: libs/bcprov-jdk15on.jar/org/bouncycastle/pqc/jcajce/interfaces/LMSKey.class
   JD: libs/bcprov-jdk15on.jar/org/bouncycastle/pqc/jcajce/interfaces/LMSPrivateKey.class
   JD: libs/bcprov-jdk15on.jar/org/bouncycastle/pqc/jcajce/interfaces/XMSSMTPrivateKey.class
   JD: libs/bcprov-jdk15on.jar/org/bouncycastle/pqc/jcajce/interfaces/XMSSPrivateKey.class
   JD: libs/bcprov-jdk15on.jar/org/bouncycastle/pqc/jcajce/provider/BouncyCastlePQCProvider.class
   JD: libs/bcprov-jdk15on.jar/org/bouncycastle/pqc/jcajce/provider/LMS$Mappings.class
   JD: libs/bcprov-jdk15on.jar/org/bouncycastle/pqc/jcajce/provider/LMS.class
   JD: libs/bcprov-jdk15on.jar/org/bouncycastle/pqc/jcajce/provider/XMSS$Mappings.class
   JD: libs/bcprov-jdk15on.jar/org/bouncycastle/pqc/jcajce/provider/lms/
   JD: libs/bcprov-jdk15on.jar/org/bouncycastle/pqc/jcajce/provider/lms/BCLMSPrivateKey.class
   JD: libs/bcprov-jdk15on.jar/org/bouncycastle/pqc/jcajce/provider/lms/BCLMSPublicKey.class
   JD: libs/bcprov-jdk15on.jar/org/bouncycastle/pqc/jcajce/provider/lms/DigestUtil.class
   JD: libs/bcprov-jdk15on.jar/org/bouncycastle/pqc/jcajce/provider/lms/LMSKeyFactorySpi.class
   JD: libs/bcprov-jdk15on.jar/org/bouncycastle/pqc/jcajce/provider/lms/LMSKeyPairGeneratorSpi.class
   JD: libs/bcprov-jdk15on.jar/org/bouncycastle/pqc/jcajce/provider/lms/LMSSignatureSpi$generic.class
   JD: libs/bcprov-jdk15on.jar/org/bouncycastle/pqc/jcajce/provider/lms/LMSSignatureSpi.class
   JD: libs/bcprov-jdk15on.jar/org/bouncycastle/pqc/jcajce/provider/xmss/BCXMSSMTPrivateKey.class
   JD: libs/bcprov-jdk15on.jar/org/bouncycastle/pqc/jcajce/provider/xmss/BCXMSSMTPublicKey.class
   JD: libs/bcprov-jdk15on.jar/org/bouncycastle/pqc/jcajce/provider/xmss/BCXMSSPrivateKey.class
   JD: libs/bcprov-jdk15on.jar/org/bouncycastle/pqc/jcajce/provider/xmss/BCXMSSPublicKey.class
   JD: libs/bcprov-jdk15on.jar/org/bouncycastle/pqc/jcajce/provider/xmss/DigestUtil.class
   JD: libs/bcprov-jdk15on.jar/org/bouncycastle/pqc/jcajce/provider/xmss/XMSSMTSignatureSpi$generic.class
   JD: libs/bcprov-jdk15on.jar/org/bouncycastle/pqc/jcajce/provider/xmss/XMSSMTSignatureSpi.class
   JD: libs/bcprov-jdk15on.jar/org/bouncycastle/pqc/jcajce/provider/xmss/XMSSSignatureSpi$generic.class
   JD: libs/bcprov-jdk15on.jar/org/bouncycastle/pqc/jcajce/provider/xmss/XMSSSignatureSpi.class
   JD: libs/bcprov-jdk15on.jar/org/bouncycastle/pqc/jcajce/spec/LMSHSSParameterSpec.class
   JD: libs/bcprov-jdk15on.jar/org/bouncycastle/pqc/jcajce/spec/LMSParameterSpec.class
   JD: libs/bcprov-jdk15on.jar/org/bouncycastle/pqc/jcajce/spec/XMSSMTParameterSpec.class
   JD: libs/bcprov-jdk15on.jar/org/bouncycastle/pqc/jcajce/spec/XMSSParameterSpec.class
   JD: libs/bcprov-jdk15on.jar/org/bouncycastle/util/Arrays$Iterator.class
   JD: libs/bcprov-jdk15on.jar/org/bouncycastle/util/Arrays.class
   JD: libs/bcprov-jdk15on.jar/org/bouncycastle/util/CollectionStore.class
   JD: libs/bcprov-jdk15on.jar/org/bouncycastle/util/Iterable.class
   JD: libs/bcprov-jdk15on.jar/org/bouncycastle/util/Pack.class
   JD: libs/bcprov-jdk15on.jar/org/bouncycastle/util/Properties$1.class
   JD: libs/bcprov-jdk15on.jar/org/bouncycastle/util/Properties$2.class
   JD: libs/bcprov-jdk15on.jar/org/bouncycastle/util/Properties.class
   JD: libs/bcprov-jdk15on.jar/org/bouncycastle/util/Selector.class
   JD: libs/bcprov-jdk15on.jar/org/bouncycastle/util/Store.class
   JD: libs/bcprov-jdk15on.jar/org/bouncycastle/util/StringList.class
   JD: libs/bcprov-jdk15on.jar/org/bouncycastle/util/Strings$1.class
   JD: libs/bcprov-jdk15on.jar/org/bouncycastle/util/Strings$StringListImpl.class
   JD: libs/bcprov-jdk15on.jar/org/bouncycastle/util/io/TeeInputStream.class
   JD: libs/bcprov-jdk15on.jar/org/bouncycastle/util/test/SimpleTest.class
   JD: libs/cons.jar/org/jdownloader/container/Config$1$1.class
   JD: libs/cons.jar/org/jdownloader/container/Config$1.class
   JD: libs/cons.jar/org/jdownloader/container/Config$2.class
   JD: libs/cons.jar/org/jdownloader/container/Config.class
   libs/JDGUI.jar
   libs/JDHttp.jar
   libs/bcpkix-jdk15on.jar
   libs/bcprov-jdk15on.jar
   libs/bctls-jdk15on.jar
   libs/cons.jar
   licenses/bcpkix-jdk15on.jar.info
   licenses/bcprov-jdk15on.jar.info
   licenses/bctls-jdk15on.jar.info
   licenses/zip4j.jar.info
   themes/standard/org/jdownloader/images/banner/ddownload.com_en.png
   themes/standard/org/jdownloader/images/banner/share-online.biz_en.png.removed
