Mon Jun 01 17:47:23 CST 2020
Package: package_1591004830565.awf
Install
Write Revision: 13986
----------------Plugins----------------
   jd/plugins/decrypter/AbstractChan.class
   jd/plugins/decrypter/Ardmediathek.class
   jd/plugins/decrypter/ArtstationCom.class
   jd/plugins/decrypter/AudioinboxCom.class.removed
   jd/plugins/decrypter/AudionowDe.class
   jd/plugins/decrypter/BackinNet.class
   jd/plugins/decrypter/BoxCom.class
   jd/plugins/decrypter/CamwhoresTv.class
   jd/plugins/decrypter/CatcutNet.class
   jd/plugins/decrypter/CloudMailRuDecrypter.class
   jd/plugins/decrypter/CriptTo.class
   jd/plugins/decrypter/DaddyScriptsDaddysLinkProtector.class
   jd/plugins/decrypter/DataHuFolder.class
   jd/plugins/decrypter/DeimosClickCrawler.class
   jd/plugins/decrypter/EHentaiOrg.class
   jd/plugins/decrypter/EightMusesComDecrypter.class
   jd/plugins/decrypter/EmbedyCc.class
   jd/plugins/decrypter/FEmbedDecrypter.class
   jd/plugins/decrypter/FfetishPhotos.class
   jd/plugins/decrypter/Fm4OrfAt.class.removed
   jd/plugins/decrypter/FolderWatchURL.class.removed
   jd/plugins/decrypter/GenericNZBDecrypter.class
   jd/plugins/decrypter/GenericXFileShareProFolder.class
   jd/plugins/decrypter/GirlsReleasedCom.class
   jd/plugins/decrypter/GoogleDrive.class
   jd/plugins/decrypter/HentaiReadCom.class
   jd/plugins/decrypter/HqpornerCom.class
   jd/plugins/decrypter/ImgSrcRu.class
   jd/plugins/decrypter/InstaGramComDecrypter.class
   jd/plugins/decrypter/IssuuCom.class
   jd/plugins/decrypter/JhebergNet.class.removed
   jd/plugins/decrypter/Keep2ShareCcDecrypter.class
   jd/plugins/decrypter/KinoxTo.class
   jd/plugins/decrypter/MightyScriptAdLinkFly$1.class
   jd/plugins/decrypter/MightyScriptAdLinkFly.class
   jd/plugins/decrypter/MirroredTo.class
   jd/plugins/decrypter/MixCloudCom.class
   jd/plugins/decrypter/ORFMediathekDecrypter.class
   jd/plugins/decrypter/Oe1OrfAt.class.removed
   jd/plugins/decrypter/OrfAt.class
   jd/plugins/decrypter/OuoIo.class
   jd/plugins/decrypter/ParisanimeCom.class
   jd/plugins/decrypter/PixivNetGallery.class
   jd/plugins/decrypter/PixivNetSketch.class
   jd/plugins/decrypter/PornCom.class
   jd/plugins/decrypter/PornEmbedParser$1.class
   jd/plugins/decrypter/PornEmbedParser.class
   jd/plugins/decrypter/PornHubCom.class
   jd/plugins/decrypter/PornportalComCrawler.class
   jd/plugins/decrypter/QqComDecrypter.class.removed
   jd/plugins/decrypter/SoundCloudComDecrypter.class
   jd/plugins/decrypter/SpankBangCom.class
   jd/plugins/decrypter/Srnnks$DecryptRunnable.class
   jd/plugins/decrypter/Srnnks.class
   jd/plugins/decrypter/SrnnksCategory$Format.class
   jd/plugins/decrypter/SrnnksCategory$IdNamePair.class
   jd/plugins/decrypter/SrnnksCategory$Link.class
   jd/plugins/decrypter/SrnnksCategory.class
   jd/plugins/decrypter/TbCmV2$5.class
   jd/plugins/decrypter/TbCmV2$6.class
   jd/plugins/decrypter/TbCmV2$7.class
   jd/plugins/decrypter/TbCmV2.class
   jd/plugins/decrypter/TedCom.class
   jd/plugins/decrypter/TubeSssComDecrypter.class.removed
   jd/plugins/decrypter/TurboBitNetFolder.class
   jd/plugins/decrypter/TwitchTvDecrypt.class
   jd/plugins/decrypter/VKontakteRu.class
   jd/plugins/decrypter/VcryptNet.class
   jd/plugins/decrypter/VevoComDecrypter.class.removed
   jd/plugins/decrypter/VimeoComDecrypter$1.class
   jd/plugins/decrypter/VimeoComDecrypter.class
   jd/plugins/decrypter/WstreamVideo.class
   jd/plugins/decrypter/XHamsterGallery.class
   jd/plugins/decrypter/XboxSoZoneCom.class.removed
   jd/plugins/decrypter/YunpanCn.class
   jd/plugins/hoster/AkvideoStream.class
   jd/plugins/hoster/AnimePremiumTv.class
   jd/plugins/hoster/AnimeoutCom.class
   jd/plugins/hoster/AnonFileCom.class.removed
   jd/plugins/hoster/AnonFilesCom.class
   jd/plugins/hoster/ArtstationCom.class
   jd/plugins/hoster/AsmfileCom.class
   jd/plugins/hoster/AudioRokCom.class.removed
   jd/plugins/hoster/AudioinboxCom.class.removed
   jd/plugins/hoster/BaixarPremiumNet.class
   jd/plugins/hoster/BaixarPremiumNetComprarpremiumCom.class
   jd/plugins/hoster/BaixarPremiumNetContaComboComBr.class
   jd/plugins/hoster/BitSharesCom.class
   jd/plugins/hoster/BitchuteCom.class
   jd/plugins/hoster/BoxCom.class
   jd/plugins/hoster/BtafileCom.class
   jd/plugins/hoster/CamwhoresTv.class
   jd/plugins/hoster/CboxeraCom.class
   jd/plugins/hoster/ClicknuploadOrg.class
   jd/plugins/hoster/CocoleechCom.class
   jd/plugins/hoster/ConexaomegaCom.class
   jd/plugins/hoster/ContasturboCom.class
   jd/plugins/hoster/CosmoBoxOrg.class
   jd/plugins/hoster/DailyuploadsCc.class.removed
   jd/plugins/hoster/DailyuploadsNet.class
   jd/plugins/hoster/DataHu.class
   jd/plugins/hoster/DatopornCo.class.removed
   jd/plugins/hoster/DdlTo.class
   jd/plugins/hoster/DebfileCom.class.removed
   jd/plugins/hoster/DebridFileCom.class
   jd/plugins/hoster/DebridLinkFr.class
   jd/plugins/hoster/DeepbridCom.class
   jd/plugins/hoster/DeimosClick.class
   jd/plugins/hoster/DeltabitCo.class
   jd/plugins/hoster/DirectHTTP$1.class
   jd/plugins/hoster/DirectHTTP$2.class
   jd/plugins/hoster/DirectHTTP.class
   jd/plugins/hoster/Down4filesCom.class
   jd/plugins/hoster/DownsterNet$Hoster.class
   jd/plugins/hoster/DownsterNet.class
   jd/plugins/hoster/DropmegaCom.class.removed
   jd/plugins/hoster/DsServersCom.class.removed
   jd/plugins/hoster/DwnupCom.class.removed
   jd/plugins/hoster/EHentaiOrg.class
   jd/plugins/hoster/EPornerCom$1.class
   jd/plugins/hoster/EPornerCom.class
   jd/plugins/hoster/Earn4filesCom.class
   jd/plugins/hoster/EasyFilesPl.class
   jd/plugins/hoster/EasyvidOrg.class.removed
   jd/plugins/hoster/EightMusesCom.class
   jd/plugins/hoster/ElsfileCom.class.removed
   jd/plugins/hoster/EsouboryCz.class
   jd/plugins/hoster/FastfileCc.class
   jd/plugins/hoster/FastixRu.class
   jd/plugins/hoster/FfDownloaderCom.class
   jd/plugins/hoster/FileAl.class
   jd/plugins/hoster/FileBitPl.class
   jd/plugins/hoster/FileBoomMe.class
   jd/plugins/hoster/FileFactory.class
   jd/plugins/hoster/FileJokerNet.class
   jd/plugins/hoster/FileRioCom.class
   jd/plugins/hoster/FiledotXyz.class
   jd/plugins/hoster/FilemassNet.class.removed
   jd/plugins/hoster/FiletitleCom.class.removed
   jd/plugins/hoster/FileuploadPw.class
   jd/plugins/hoster/FilevastCom.class.removed
   jd/plugins/hoster/FilezipCc.class
   jd/plugins/hoster/FoxLeechCom.class
   jd/plugins/hoster/Free18Net.class
   jd/plugins/hoster/FreshfilePl.class
   jd/plugins/hoster/GeT24Org.class
   jd/plugins/hoster/GigaPetaCom.class
   jd/plugins/hoster/GofileIo.class
   jd/plugins/hoster/GoogleDrive.class
   jd/plugins/hoster/GooglePremium.class
   jd/plugins/hoster/HitFileNet.class
   jd/plugins/hoster/HostUjeNet.class
   jd/plugins/hoster/HotlinkCc.class
   jd/plugins/hoster/ImDbCom.class
   jd/plugins/hoster/ImgSrcRu.class
   jd/plugins/hoster/ImgtrexCom.class.removed
   jd/plugins/hoster/InstaGramCom.class
   jd/plugins/hoster/IssuuCom.class
   jd/plugins/hoster/JhebergNet.class.removed
   jd/plugins/hoster/K2SApi$1.class
   jd/plugins/hoster/K2SApi$2.class
   jd/plugins/hoster/K2SApi$CAPTCHA.class
   jd/plugins/hoster/K2SApi.class
   jd/plugins/hoster/KeeloadCom.class.removed
   jd/plugins/hoster/Keep2ShareCc$1.class.removed
   jd/plugins/hoster/Keep2ShareCc.class
   jd/plugins/hoster/KernelVideoSharingCom.class
   jd/plugins/hoster/KillerleaksCom.class.removed
   jd/plugins/hoster/KooFileCom$1.class.removed
   jd/plugins/hoster/KooFileCom.class
   jd/plugins/hoster/LinkSnappyCom$1.class
   jd/plugins/hoster/LinkSnappyCom$LinkSnappyComConfig$TRANSLATION.class
   jd/plugins/hoster/LinkSnappyCom$LinkSnappyComConfig.class
   jd/plugins/hoster/LinkSnappyCom.class
   jd/plugins/hoster/LuckfileCom.class
   jd/plugins/hoster/MediafireCom$1.class
   jd/plugins/hoster/MediafireCom$PasswordSolver.class
   jd/plugins/hoster/MediafireCom.class
   jd/plugins/hoster/MegaConz$1.class
   jd/plugins/hoster/MegaConz$2.class
   jd/plugins/hoster/MegaConz$3.class
   jd/plugins/hoster/MegaConz$MegaDownloadLinkDownloadable.class
   jd/plugins/hoster/MegaConz$MegaHashCheck$1.class
   jd/plugins/hoster/MegaConz$MegaHashCheck.class
   jd/plugins/hoster/MegaConz.class
   jd/plugins/hoster/MegaDebridEu.class
   jd/plugins/hoster/MegafilePL.class
   jd/plugins/hoster/MexashareCom.class
   jd/plugins/hoster/Mfhd.class.removed
   jd/plugins/hoster/MixCloudCom.class
   jd/plugins/hoster/MixSharedCom.class
   jd/plugins/hoster/MixdropCo.class
   jd/plugins/hoster/MobilismOrg.class
   jd/plugins/hoster/Mp4UploadCom.class
   jd/plugins/hoster/MultiVipNet.class
   jd/plugins/hoster/Multihoster8Com.class
   jd/plugins/hoster/MydebridCom.class
   jd/plugins/hoster/MyfilesOnl.class
   jd/plugins/hoster/NitroFlareCom.class
   jd/plugins/hoster/NoPremiumPl.class
   jd/plugins/hoster/NosVideoCom.class.removed
   jd/plugins/hoster/NovaFileCom.class
   jd/plugins/hoster/ObligaoCom.class
   jd/plugins/hoster/OffCloudCom.class
   jd/plugins/hoster/Offline.class
   jd/plugins/hoster/OneFichierCom$OnefichierAccountFactory$1.class
   jd/plugins/hoster/OneFichierCom$OnefichierAccountFactory.class
   jd/plugins/hoster/OneFichierCom.class
   jd/plugins/hoster/OrangeFilesMe.class.removed
   jd/plugins/hoster/OrtoFilesCom$1.class.removed
   jd/plugins/hoster/OrtoFilesCom.class
   jd/plugins/hoster/PixRouteCom.class
   jd/plugins/hoster/PlaytubeWs.class
   jd/plugins/hoster/PobierzBiz.class
   jd/plugins/hoster/PornHubCom$BouncyCastleAESCounterModeDecrypt.class
   jd/plugins/hoster/PornHubCom.class
   jd/plugins/hoster/PorndoeCom.class
   jd/plugins/hoster/PornportalCom$1.class
   jd/plugins/hoster/PornportalCom.class
   jd/plugins/hoster/PowVideoNet$1.class.removed
   jd/plugins/hoster/PowVideoNet.class
   jd/plugins/hoster/PreFilesCom.class
   jd/plugins/hoster/PremboxCom.class
   jd/plugins/hoster/PremiumaxNet.class
   jd/plugins/hoster/ProLeechLink.class
   jd/plugins/hoster/Publish2Me.class
   jd/plugins/hoster/PutloadTv.class
   jd/plugins/hoster/QqCom.class.removed
   jd/plugins/hoster/QtyFilesCom.class
   jd/plugins/hoster/RPNetBiz$1.class
   jd/plugins/hoster/RPNetBiz.class
   jd/plugins/hoster/RapidGatorNet.class
   jd/plugins/hoster/RapideoPl.class
   jd/plugins/hoster/RapidrarCom$1.class
   jd/plugins/hoster/RapidrarCom$2.class
   jd/plugins/hoster/RapidrarCom$3.class
   jd/plugins/hoster/RapidrarCom$enjStorable.class
   jd/plugins/hoster/RapidrarCom.class
   jd/plugins/hoster/Rapids24Pl.class
   jd/plugins/hoster/RapidtrafficPl.class
   jd/plugins/hoster/RarlinkCom.class
   jd/plugins/hoster/RealDebridCom$1.class
   jd/plugins/hoster/RealDebridCom$2.class
   jd/plugins/hoster/RealDebridCom$3.class
   jd/plugins/hoster/RealDebridCom$4.class
   jd/plugins/hoster/RealDebridCom$5.class
   jd/plugins/hoster/RealDebridCom$6.class
   jd/plugins/hoster/RealDebridCom$7.class
   jd/plugins/hoster/RealDebridCom$8.class
   jd/plugins/hoster/RealDebridCom$APIException.class
   jd/plugins/hoster/RealDebridCom.class
   jd/plugins/hoster/RedFileEu.class.removed
   jd/plugins/hoster/RedTubeCom.class
   jd/plugins/hoster/RocketshareCom.class.removed
   jd/plugins/hoster/SakurafileCom.class
   jd/plugins/hoster/ShareOnlineTo.class
   jd/plugins/hoster/SharebitUploadCom.class
   jd/plugins/hoster/SharemodsCom.class
   jd/plugins/hoster/SimpleTubes.class
   jd/plugins/hoster/SimplyDebridCom.class
   jd/plugins/hoster/SimplyPremiumCom.class
   jd/plugins/hoster/SmoozedCom$1.class
   jd/plugins/hoster/SmoozedCom$2.class
   jd/plugins/hoster/SmoozedCom$3.class
   jd/plugins/hoster/SmoozedCom$4.class
   jd/plugins/hoster/SmoozedCom$5.class
   jd/plugins/hoster/SmoozedCom$6.class
   jd/plugins/hoster/SmoozedCom.class
   jd/plugins/hoster/SonifilesCom.class.removed
   jd/plugins/hoster/SoundClickCom.class
   jd/plugins/hoster/SpeedVideoNet.class
   jd/plugins/hoster/SpeedvidNet.class.removed
   jd/plugins/hoster/SpinrillaCom.class
   jd/plugins/hoster/SslNewsInfo$SslNewsInfoConfigInterface.class.removed
   jd/plugins/hoster/SslNewsInfo.class.removed
   jd/plugins/hoster/StackstorageCom.class
   jd/plugins/hoster/StileProjectCom.class
   jd/plugins/hoster/StreamRatioCom$1.class.removed
   jd/plugins/hoster/StreamRatioCom.class.removed
   jd/plugins/hoster/StreamcloudTv.class
   jd/plugins/hoster/StreamplayTo.class
   jd/plugins/hoster/StreamtapeCom.class
   jd/plugins/hoster/SugarSyncCom.class
   jd/plugins/hoster/SundryfilesCom.class
   jd/plugins/hoster/SupervideoTv.class
   jd/plugins/hoster/SyncsOnline.class
   jd/plugins/hoster/TapeciarniaPl.class.removed
   jd/plugins/hoster/Tb7Pl.class
   jd/plugins/hoster/TeamskeetCom.class.removed
   jd/plugins/hoster/TezFilesCom.class
   jd/plugins/hoster/ThevideosGa.class
   jd/plugins/hoster/TiktokCom.class
   jd/plugins/hoster/TinyfilesCom.class
   jd/plugins/hoster/TubeSssCom.class.removed
   jd/plugins/hoster/TunePk.class
   jd/plugins/hoster/TurbixPl.class
   jd/plugins/hoster/TvnowDe$1.class
   jd/plugins/hoster/TvnowDe.class
   jd/plugins/hoster/TwitchTv.class
   jd/plugins/hoster/TwojLimitPl.class
   jd/plugins/hoster/UlabsDe.class
   jd/plugins/hoster/UnknownPornScript2.class
   jd/plugins/hoster/UpNitoSk.class.removed
   jd/plugins/hoster/UpToBoxCom$1.class
   jd/plugins/hoster/UpToBoxCom$UptoboxAccountFactory$1.class
   jd/plugins/hoster/UpToBoxCom$UptoboxAccountFactory.class
   jd/plugins/hoster/UpToBoxCom.class
   jd/plugins/hoster/UploadCloudPro.class
   jd/plugins/hoster/UploadStube.class.removed
   jd/plugins/hoster/Uploadedto$1.class
   jd/plugins/hoster/Uploadedto$2.class
   jd/plugins/hoster/Uploadedto.class
   jd/plugins/hoster/UploaderJp.class
   jd/plugins/hoster/UploadgigCom.class
   jd/plugins/hoster/UploadproperCom.class.removed
   jd/plugins/hoster/UploadproperNet.class
   jd/plugins/hoster/UpstreamTo.class
   jd/plugins/hoster/UrFilesCom.class
   jd/plugins/hoster/UzManTvCom.class.removed
   jd/plugins/hoster/VKontakteRuHoster.class
   jd/plugins/hoster/VevIo$1.class.removed
   jd/plugins/hoster/VevIo.class
   jd/plugins/hoster/VevoCom.class.removed
   jd/plugins/hoster/VidUpIo.class
   jd/plugins/hoster/VidcloudCo$VidcloudConfigInterface$TRANSLATION.class
   jd/plugins/hoster/VidcloudCo$VidcloudConfigInterface.class
   jd/plugins/hoster/VidcloudCo.class
   jd/plugins/hoster/VideoCnnturkCom.class.removed
   jd/plugins/hoster/VidfastCo.class
   jd/plugins/hoster/VidloxTv.class
   jd/plugins/hoster/VidmolyTo.class
   jd/plugins/hoster/VidtodoCom.class
   jd/plugins/hoster/VikiCom.class
   jd/plugins/hoster/VupTo.class
   jd/plugins/hoster/WidoolCom.class
   jd/plugins/hoster/WstreamVideo.class
   jd/plugins/hoster/WyslijPlikPl.class
   jd/plugins/hoster/XHamsterCom$1.class
   jd/plugins/hoster/XHamsterCom.class
   jd/plugins/hoster/XboxIsoZoneCom.class.removed
   jd/plugins/hoster/Xt7Pl.class
   jd/plugins/hoster/YiffyfurTube.class
   jd/plugins/hoster/YouJizzCom.class
   jd/plugins/hoster/YouPornCom.class
   jd/plugins/hoster/YourFileLinkCom.class.removed
   jd/plugins/hoster/YousuwpCom.class.removed
   jd/plugins/hoster/YunPanCn.class
   jd/plugins/hoster/ZMagsCom.class
   jd/plugins/hoster/ZeveraCore$1.class
   jd/plugins/hoster/ZeveraCore$2.class
   jd/plugins/hoster/ZeveraCore$3.class
   jd/plugins/hoster/ZeveraCore.class
   jd/plugins/hoster/ZipfileCc.class
   jd/plugins/hoster/ZippyloadsCom.class.removed
----------------Extensions----------------
   extensions/Extraction.jar
----------------Direct Files----------------
   build.json
   translations/org/appwork/utils/locale/AWUTranslation.pt_BR.lng
   translations/org/jdownloader/extensions/shutdown/translate/ShutdownTranslation.zh__hant.lng
   translations/org/jdownloader/gui/translate/GuiTranslation.pt_BR.lng
   translations/org/jdownloader/gui/translate/GuiTranslation.zh__hant.lng
----------------Core Files----------------
   Core.jar
   JD: Core.jar/jd/controlling/ClipboardMonitoring$1.class
   JD: Core.jar/jd/controlling/ClipboardMonitoring$2.class
   JD: Core.jar/jd/controlling/ClipboardMonitoring$3.class
   JD: Core.jar/jd/controlling/ClipboardMonitoring$4.class
   JD: Core.jar/jd/controlling/ClipboardMonitoring.class
   JD: Core.jar/jd/controlling/linkchecker/LinkChecker$1.class
   JD: Core.jar/jd/controlling/linkchecker/LinkChecker$2.class
   JD: Core.jar/jd/controlling/linkchecker/LinkChecker$InternCheckableLink.class
   JD: Core.jar/jd/controlling/linkchecker/LinkChecker.class
   JD: Core.jar/jd/controlling/linkchecker/LinkCheckerThread.class
   JD: Core.jar/jd/controlling/linkcrawler/CrawledLink$1.class
   JD: Core.jar/jd/controlling/linkcrawler/CrawledLink$2.class
   JD: Core.jar/jd/controlling/linkcrawler/CrawledLink.class
   JD: Core.jar/jd/controlling/linkcrawler/LinkCrawler.class
   JD: Core.jar/jd/controlling/reconnect/pluginsinc/easybox804/EasyBox804$1.class
   JD: Core.jar/jd/controlling/reconnect/pluginsinc/easybox804/EasyBox804$2.class
   JD: Core.jar/jd/controlling/reconnect/pluginsinc/easybox804/EasyBox804$3.class
   JD: Core.jar/jd/controlling/reconnect/pluginsinc/easybox804/EasyBox804.class
   JD: Core.jar/jd/plugins/Account$1.class
   JD: Core.jar/jd/plugins/Account$2.class
   JD: Core.jar/jd/plugins/Account$AccountError.class
   JD: Core.jar/jd/plugins/Account$AccountType$1.class
   JD: Core.jar/jd/plugins/Account$AccountType$2.class
   JD: Core.jar/jd/plugins/Account$AccountType$3.class
   JD: Core.jar/jd/plugins/Account$AccountType$4.class
   JD: Core.jar/jd/plugins/Account$AccountType.class
   JD: Core.jar/jd/plugins/Account.class
   JD: Core.jar/jd/plugins/CookieStorable.class
   JD: Core.jar/jd/plugins/CookiesStorable.class
   JD: Core.jar/jd/plugins/PluginForDecrypt$1.class
   JD: Core.jar/jd/plugins/PluginForDecrypt.class
   JD: Core.jar/jd/plugins/PluginForHost$1.class
   JD: Core.jar/jd/plugins/PluginForHost$10$1.class
   JD: Core.jar/jd/plugins/PluginForHost$10$2.class
   JD: Core.jar/jd/plugins/PluginForHost$10.class
   JD: Core.jar/jd/plugins/PluginForHost$11.class
   JD: Core.jar/jd/plugins/PluginForHost$12.class
   JD: Core.jar/jd/plugins/PluginForHost$2.class
   JD: Core.jar/jd/plugins/PluginForHost$3.class
   JD: Core.jar/jd/plugins/PluginForHost$4.class
   JD: Core.jar/jd/plugins/PluginForHost$5$1$1.class
   JD: Core.jar/jd/plugins/PluginForHost$5$1.class
   JD: Core.jar/jd/plugins/PluginForHost$5.class
   JD: Core.jar/jd/plugins/PluginForHost$6$1.class
   JD: Core.jar/jd/plugins/PluginForHost$6$2$1.class
   JD: Core.jar/jd/plugins/PluginForHost$6$2$2.class
   JD: Core.jar/jd/plugins/PluginForHost$6$2.class
   JD: Core.jar/jd/plugins/PluginForHost$6.class
   JD: Core.jar/jd/plugins/PluginForHost$7.class
   JD: Core.jar/jd/plugins/PluginForHost$8.class
   JD: Core.jar/jd/plugins/PluginForHost$9.class
   JD: Core.jar/jd/plugins/PluginForHost$FilePair.class
   JD: Core.jar/jd/plugins/PluginForHost.class
   JD: Core.jar/org/jdownloader/api/logs/LogAPIImpl$1.class
   JD: Core.jar/org/jdownloader/api/logs/LogAPIImpl$2.class
   JD: Core.jar/org/jdownloader/api/logs/LogAPIImpl.class
   JD: Core.jar/org/jdownloader/api/logs/LogFolderStorable.class
   JD: Core.jar/org/jdownloader/captcha/v2/challenge/recaptcha/v2/AbstractRecaptchaV2$1.class
   JD: Core.jar/org/jdownloader/captcha/v2/challenge/recaptcha/v2/AbstractRecaptchaV2.class
   JD: Core.jar/org/jdownloader/captcha/v2/solver/browser/BrowserReference.class
   JD: Core.jar/org/jdownloader/captcha/v2/solver/dbc/DeathByCaptchaSolver$1.class
   JD: Core.jar/org/jdownloader/captcha/v2/solver/dbc/DeathByCaptchaSolver.class
   JD: Core.jar/org/jdownloader/captcha/v2/solver/service/BrowserSolverService.class
   JD: Core.jar/org/jdownloader/captcha/v2/solver/twocaptcha/TwoCaptchaSolver$2.class
   JD: Core.jar/org/jdownloader/captcha/v2/solver/twocaptcha/TwoCaptchaSolver$3.class
   JD: Core.jar/org/jdownloader/captcha/v2/solver/twocaptcha/TwoCaptchaSolver$BalanceResponse.class
   JD: Core.jar/org/jdownloader/captcha/v2/solver/twocaptcha/TwoCaptchaSolver.class
   JD: Core.jar/org/jdownloader/controlling/filter/CompiledFiletypeFilter$1.class
   JD: Core.jar/org/jdownloader/controlling/filter/CompiledFiletypeFilter$ArchiveExtensions.class
   JD: Core.jar/org/jdownloader/controlling/filter/CompiledFiletypeFilter$ImageExtensions.class
   JD: Core.jar/org/jdownloader/controlling/filter/CompiledFiletypeFilter$VideoExtensions.class
   JD: Core.jar/org/jdownloader/controlling/filter/CompiledFiletypeFilter.class
   JD: Core.jar/org/jdownloader/downloader/hls/HLSDownloader$7.class
   JD: Core.jar/org/jdownloader/downloader/hls/HLSDownloader$8.class
   JD: Core.jar/org/jdownloader/downloader/hls/HLSDownloader.class
   JD: Core.jar/org/jdownloader/gui/translate/GuiTranslation.class
   JD: Core.jar/org/jdownloader/gui/views/downloads/columns/FileCountColumn$1.class
   JD: Core.jar/org/jdownloader/gui/views/downloads/columns/FileCountColumn.class
   JD: Core.jar/org/jdownloader/gui/views/downloads/columns/FileSizeColumn$1.class
   JD: Core.jar/org/jdownloader/gui/views/downloads/columns/FileSizeColumn.class
   JD: Core.jar/org/jdownloader/gui/views/downloads/columns/SizeColumn$1.class
   JD: Core.jar/org/jdownloader/gui/views/downloads/columns/SizeColumn.class
   JD: Core.jar/org/jdownloader/gui/views/downloads/table/DownloadsTableModel.class
   JD: Core.jar/org/jdownloader/gui/views/linkgrabber/LinkGrabberTableModel$1.class
   JD: Core.jar/org/jdownloader/gui/views/linkgrabber/LinkGrabberTableModel$2.class
   JD: Core.jar/org/jdownloader/gui/views/linkgrabber/LinkGrabberTableModel$3.class
   JD: Core.jar/org/jdownloader/gui/views/linkgrabber/LinkGrabberTableModel.class
   JD: Core.jar/org/jdownloader/gui/views/linkgrabber/quickfilter/FilterTable$1.class
   JD: Core.jar/org/jdownloader/gui/views/linkgrabber/quickfilter/FilterTable$10.class
   JD: Core.jar/org/jdownloader/gui/views/linkgrabber/quickfilter/FilterTable$2$1.class
   JD: Core.jar/org/jdownloader/gui/views/linkgrabber/quickfilter/FilterTable$2.class
   JD: Core.jar/org/jdownloader/gui/views/linkgrabber/quickfilter/FilterTable$3.class
   JD: Core.jar/org/jdownloader/gui/views/linkgrabber/quickfilter/FilterTable$4.class
   JD: Core.jar/org/jdownloader/gui/views/linkgrabber/quickfilter/FilterTable$5.class
   JD: Core.jar/org/jdownloader/gui/views/linkgrabber/quickfilter/FilterTable$6.class
   JD: Core.jar/org/jdownloader/gui/views/linkgrabber/quickfilter/FilterTable$7.class
   JD: Core.jar/org/jdownloader/gui/views/linkgrabber/quickfilter/FilterTable$8.class
   JD: Core.jar/org/jdownloader/gui/views/linkgrabber/quickfilter/FilterTable$9$1.class
   JD: Core.jar/org/jdownloader/gui/views/linkgrabber/quickfilter/FilterTable$9.class
   JD: Core.jar/org/jdownloader/gui/views/linkgrabber/quickfilter/FilterTable$FilterTableUpdater.class
   JD: Core.jar/org/jdownloader/gui/views/linkgrabber/quickfilter/FilterTable.class
   JD: Core.jar/org/jdownloader/plugins/components/FlexShareCore.class
   JD: Core.jar/org/jdownloader/plugins/components/ImgShotCore.class
   JD: Core.jar/org/jdownloader/plugins/components/TurbobitCore$1.class
   JD: Core.jar/org/jdownloader/plugins/components/TurbobitCore$DownloadType.class
   JD: Core.jar/org/jdownloader/plugins/components/TurbobitCore.class
   JD: Core.jar/org/jdownloader/plugins/components/UnknownHostingScriptCore.class
   JD: Core.jar/org/jdownloader/plugins/components/UnknownVideohostingCore$1.class
   JD: Core.jar/org/jdownloader/plugins/components/UnknownVideohostingCore$2.class
   JD: Core.jar/org/jdownloader/plugins/components/UnknownVideohostingCore$3.class
   JD: Core.jar/org/jdownloader/plugins/components/UnknownVideohostingCore$4.class
   JD: Core.jar/org/jdownloader/plugins/components/UnknownVideohostingCore.class
   JD: Core.jar/org/jdownloader/plugins/components/XFileSharingProBasic$1.class
   JD: Core.jar/org/jdownloader/plugins/components/XFileSharingProBasic$XFSApiAccountFactory$1.class
   JD: Core.jar/org/jdownloader/plugins/components/XFileSharingProBasic$XFSApiAccountFactory.class
   JD: Core.jar/org/jdownloader/plugins/components/XFileSharingProBasic.class
   JD: Core.jar/org/jdownloader/plugins/components/XFileSharingProBasicSpecialFilejoker.class
   JD: Core.jar/org/jdownloader/plugins/components/YetiShareCore.class
   JD: Core.jar/org/jdownloader/plugins/components/abstractSafeLinking.class
   JD: Core.jar/org/jdownloader/plugins/components/antiDDoSForDecrypt$1.class
   JD: Core.jar/org/jdownloader/plugins/components/antiDDoSForDecrypt.class
   JD: Core.jar/org/jdownloader/plugins/components/antiDDoSForHost$1.class
   JD: Core.jar/org/jdownloader/plugins/components/antiDDoSForHost.class
   JD: Core.jar/org/jdownloader/plugins/components/config/EpornerComConfig$1.class
   JD: Core.jar/org/jdownloader/plugins/components/config/EpornerComConfig$PreferredStreamQuality$1.class
   JD: Core.jar/org/jdownloader/plugins/components/config/EpornerComConfig$PreferredStreamQuality$2.class
   JD: Core.jar/org/jdownloader/plugins/components/config/EpornerComConfig$PreferredStreamQuality$3.class
   JD: Core.jar/org/jdownloader/plugins/components/config/EpornerComConfig$PreferredStreamQuality$4.class
   JD: Core.jar/org/jdownloader/plugins/components/config/EpornerComConfig$PreferredStreamQuality$5.class
   JD: Core.jar/org/jdownloader/plugins/components/config/EpornerComConfig$PreferredStreamQuality$6.class
   JD: Core.jar/org/jdownloader/plugins/components/config/EpornerComConfig$PreferredStreamQuality$7.class
   JD: Core.jar/org/jdownloader/plugins/components/config/EpornerComConfig$PreferredStreamQuality.class
   JD: Core.jar/org/jdownloader/plugins/components/config/EpornerComConfig.class
   JD: Core.jar/org/jdownloader/plugins/components/config/IssuuComConfig.class
   JD: Core.jar/org/jdownloader/plugins/components/config/Keep2shareConfig$TRANSLATION.class
   JD: Core.jar/org/jdownloader/plugins/components/config/Keep2shareConfig.class
   JD: Core.jar/org/jdownloader/plugins/components/config/Keep2shareConfigFileboom.class
   JD: Core.jar/org/jdownloader/plugins/components/config/Keep2shareConfigPublish2.class
   JD: Core.jar/org/jdownloader/plugins/components/config/Keep2shareConfigTezfiles.class
   JD: Core.jar/org/jdownloader/plugins/components/config/XFSConfig.class
   JD: Core.jar/org/jdownloader/plugins/components/config/XFSConfigVideo$1.class
   JD: Core.jar/org/jdownloader/plugins/components/config/XFSConfigVideo$PreferredDownloadQuality$1.class
   JD: Core.jar/org/jdownloader/plugins/components/config/XFSConfigVideo$PreferredDownloadQuality$2.class
   JD: Core.jar/org/jdownloader/plugins/components/config/XFSConfigVideo$PreferredDownloadQuality$3.class
   JD: Core.jar/org/jdownloader/plugins/components/config/XFSConfigVideo$PreferredDownloadQuality$4.class
   JD: Core.jar/org/jdownloader/plugins/components/config/XFSConfigVideo$PreferredDownloadQuality.class
   JD: Core.jar/org/jdownloader/plugins/components/config/XFSConfigVideo$PreferredStreamQuality$1.class
   JD: Core.jar/org/jdownloader/plugins/components/config/XFSConfigVideo$PreferredStreamQuality$2.class
   JD: Core.jar/org/jdownloader/plugins/components/config/XFSConfigVideo$PreferredStreamQuality$3.class
   JD: Core.jar/org/jdownloader/plugins/components/config/XFSConfigVideo$PreferredStreamQuality$4.class
   JD: Core.jar/org/jdownloader/plugins/components/config/XFSConfigVideo$PreferredStreamQuality$5.class
   JD: Core.jar/org/jdownloader/plugins/components/config/XFSConfigVideo$PreferredStreamQuality$6.class
   JD: Core.jar/org/jdownloader/plugins/components/config/XFSConfigVideo$PreferredStreamQuality.class
   JD: Core.jar/org/jdownloader/plugins/components/config/XFSConfigVideo.class
   JD: Core.jar/org/jdownloader/plugins/components/config/XFSConfigVideoDdownloadCom.class
   JD: Core.jar/org/jdownloader/plugins/components/config/XFSConfigVideoDeltabitCo.class
   JD: Core.jar/org/jdownloader/plugins/components/config/XFSConfigVideoSupervideoTv.class
   JD: Core.jar/org/jdownloader/plugins/components/config/XFSConfigVideoUpstreamTo.class
   JD: Core.jar/org/jdownloader/plugins/components/config/XFSConfigVideoVidloxMe.class
   JD: Core.jar/org/jdownloader/plugins/components/config/XFSConfigVideoVupTo.class
   JD: Core.jar/org/jdownloader/plugins/components/google/GoogleHelper$1.class
   JD: Core.jar/org/jdownloader/plugins/components/google/GoogleHelper$2$1.class
   JD: Core.jar/org/jdownloader/plugins/components/google/GoogleHelper$2.class
   JD: Core.jar/org/jdownloader/plugins/components/google/GoogleHelper$3$1.class
   JD: Core.jar/org/jdownloader/plugins/components/google/GoogleHelper$3.class
   JD: Core.jar/org/jdownloader/plugins/components/google/GoogleHelper.class
   JD: Core.jar/org/jdownloader/plugins/components/youtube/YoutubeHelper$1.class
   JD: Core.jar/org/jdownloader/plugins/components/youtube/YoutubeHelper$10.class
   JD: Core.jar/org/jdownloader/plugins/components/youtube/YoutubeHelper$11.class
   JD: Core.jar/org/jdownloader/plugins/components/youtube/YoutubeHelper$12.class
   JD: Core.jar/org/jdownloader/plugins/components/youtube/YoutubeHelper$13.class
   JD: Core.jar/org/jdownloader/plugins/components/youtube/YoutubeHelper$14.class
   JD: Core.jar/org/jdownloader/plugins/components/youtube/YoutubeHelper$15.class
   JD: Core.jar/org/jdownloader/plugins/components/youtube/YoutubeHelper$16.class
   JD: Core.jar/org/jdownloader/plugins/components/youtube/YoutubeHelper$17.class
   JD: Core.jar/org/jdownloader/plugins/components/youtube/YoutubeHelper$18.class
   JD: Core.jar/org/jdownloader/plugins/components/youtube/YoutubeHelper$19.class
   JD: Core.jar/org/jdownloader/plugins/components/youtube/YoutubeHelper$2.class
   JD: Core.jar/org/jdownloader/plugins/components/youtube/YoutubeHelper$20.class
   JD: Core.jar/org/jdownloader/plugins/components/youtube/YoutubeHelper$21.class
   JD: Core.jar/org/jdownloader/plugins/components/youtube/YoutubeHelper$22.class
   JD: Core.jar/org/jdownloader/plugins/components/youtube/YoutubeHelper$23.class
   JD: Core.jar/org/jdownloader/plugins/components/youtube/YoutubeHelper$24.class
   JD: Core.jar/org/jdownloader/plugins/components/youtube/YoutubeHelper$25.class
   JD: Core.jar/org/jdownloader/plugins/components/youtube/YoutubeHelper$26.class
   JD: Core.jar/org/jdownloader/plugins/components/youtube/YoutubeHelper$27.class
   JD: Core.jar/org/jdownloader/plugins/components/youtube/YoutubeHelper$28.class
   JD: Core.jar/org/jdownloader/plugins/components/youtube/YoutubeHelper$29.class
   JD: Core.jar/org/jdownloader/plugins/components/youtube/YoutubeHelper$3.class
   JD: Core.jar/org/jdownloader/plugins/components/youtube/YoutubeHelper$30.class
   JD: Core.jar/org/jdownloader/plugins/components/youtube/YoutubeHelper$31.class
   JD: Core.jar/org/jdownloader/plugins/components/youtube/YoutubeHelper$32.class
   JD: Core.jar/org/jdownloader/plugins/components/youtube/YoutubeHelper$33.class
   JD: Core.jar/org/jdownloader/plugins/components/youtube/YoutubeHelper$34.class
   JD: Core.jar/org/jdownloader/plugins/components/youtube/YoutubeHelper$35.class
   JD: Core.jar/org/jdownloader/plugins/components/youtube/YoutubeHelper$36.class
   JD: Core.jar/org/jdownloader/plugins/components/youtube/YoutubeHelper$37.class
   JD: Core.jar/org/jdownloader/plugins/components/youtube/YoutubeHelper$38.class
   JD: Core.jar/org/jdownloader/plugins/components/youtube/YoutubeHelper$39.class
   JD: Core.jar/org/jdownloader/plugins/components/youtube/YoutubeHelper$4.class
   JD: Core.jar/org/jdownloader/plugins/components/youtube/YoutubeHelper$40.class
   JD: Core.jar/org/jdownloader/plugins/components/youtube/YoutubeHelper$5.class
   JD: Core.jar/org/jdownloader/plugins/components/youtube/YoutubeHelper$6.class
   JD: Core.jar/org/jdownloader/plugins/components/youtube/YoutubeHelper$7.class
   JD: Core.jar/org/jdownloader/plugins/components/youtube/YoutubeHelper$8.class
   JD: Core.jar/org/jdownloader/plugins/components/youtube/YoutubeHelper$9.class
   JD: Core.jar/org/jdownloader/plugins/components/youtube/YoutubeHelper$StreamMap.class
   JD: Core.jar/org/jdownloader/plugins/components/youtube/YoutubeHelper.class
   JD: Core.jar/org/jdownloader/plugins/components/youtube/itag/AudioBitrate.class
   JD: Core.jar/org/jdownloader/plugins/components/youtube/itag/AudioCodec.class
   JD: Core.jar/org/jdownloader/plugins/components/youtube/itag/ImageQuality$1.class
   JD: Core.jar/org/jdownloader/plugins/components/youtube/itag/ImageQuality$2.class
   JD: Core.jar/org/jdownloader/plugins/components/youtube/itag/ImageQuality$3.class
   JD: Core.jar/org/jdownloader/plugins/components/youtube/itag/ImageQuality$4.class
   JD: Core.jar/org/jdownloader/plugins/components/youtube/itag/ImageQuality.class
   JD: Core.jar/org/jdownloader/plugins/components/youtube/itag/QualitySortIdentifier$1.class
   JD: Core.jar/org/jdownloader/plugins/components/youtube/itag/QualitySortIdentifier$2.class
   JD: Core.jar/org/jdownloader/plugins/components/youtube/itag/QualitySortIdentifier$3.class
   JD: Core.jar/org/jdownloader/plugins/components/youtube/itag/QualitySortIdentifier$4.class
   JD: Core.jar/org/jdownloader/plugins/components/youtube/itag/QualitySortIdentifier$5.class
   JD: Core.jar/org/jdownloader/plugins/components/youtube/itag/QualitySortIdentifier$6.class
   JD: Core.jar/org/jdownloader/plugins/components/youtube/itag/QualitySortIdentifier$7.class
   JD: Core.jar/org/jdownloader/plugins/components/youtube/itag/QualitySortIdentifier$8.class
   JD: Core.jar/org/jdownloader/plugins/components/youtube/itag/QualitySortIdentifier.class
   JD: Core.jar/org/jdownloader/plugins/components/youtube/itag/VideoCodec.class
   JD: Core.jar/org/jdownloader/plugins/components/youtube/itag/VideoFrameRate.class
   JD: Core.jar/org/jdownloader/plugins/components/youtube/itag/VideoResolution.class
   JD: Core.jar/org/jdownloader/plugins/components/youtube/itag/YoutubeITAG$1.class
   JD: Core.jar/org/jdownloader/plugins/components/youtube/itag/YoutubeITAG$YoutubeITAGVersion.class
   JD: Core.jar/org/jdownloader/plugins/components/youtube/itag/YoutubeITAG.class
   JD: Core.jar/org/jdownloader/plugins/components/youtube/variants/VariantBase$1.class
   JD: Core.jar/org/jdownloader/plugins/components/youtube/variants/VariantBase.class
   JD: Core.jar/org/jdownloader/plugins/controller/LazyPluginClass.class
   JD: Core.jar/org/jdownloader/plugins/controller/PluginClassLoader$PluginClassLoaderChild.class
   JD: Core.jar/org/jdownloader/plugins/controller/PluginClassLoader.class
   JD: Core.jar/org/jdownloader/plugins/controller/PluginController$1.class
   JD: Core.jar/org/jdownloader/plugins/controller/PluginController$CHECK_RESULT.class
   JD: Core.jar/org/jdownloader/plugins/controller/PluginController$PluginClassInfo.class
   JD: Core.jar/org/jdownloader/plugins/controller/PluginController.class
   JD: Core.jar/org/jdownloader/plugins/controller/PluginScannerFiles.class
   JD: Core.jar/org/jdownloader/plugins/controller/PluginScannerNIO.class
   JD: Core.jar/org/jdownloader/plugins/controller/crawler/CrawlerPluginController$1.class
   JD: Core.jar/org/jdownloader/plugins/controller/crawler/CrawlerPluginController.class
   JD: Core.jar/org/jdownloader/plugins/controller/crawler/LazyCrawlerPluginCache$1.class.removed
   JD: Core.jar/org/jdownloader/plugins/controller/crawler/LazyCrawlerPluginCache.class
   JD: Core.jar/org/jdownloader/plugins/controller/host/HostPluginController$1.class
   JD: Core.jar/org/jdownloader/plugins/controller/host/HostPluginController$3.class
   JD: Core.jar/org/jdownloader/plugins/controller/host/HostPluginController$4.class
   JD: Core.jar/org/jdownloader/plugins/controller/host/HostPluginController$5$1.class
   JD: Core.jar/org/jdownloader/plugins/controller/host/HostPluginController$5.class
   JD: Core.jar/org/jdownloader/plugins/controller/host/HostPluginController.class
   JD: Core.jar/org/jdownloader/plugins/controller/host/LazyHostPluginCache$1.class
   JD: Core.jar/org/jdownloader/plugins/controller/host/LazyHostPluginCache.class
   JD: Core.jar/org/jdownloader/scripting/JavaScriptEngineFactory$1.class
   JD: Core.jar/org/jdownloader/scripting/JavaScriptEngineFactory$CustomRhinoScriptEngineFactory.class
   JD: Core.jar/org/jdownloader/scripting/JavaScriptEngineFactory$CustomizedScriptEngineManager.class
   JD: Core.jar/org/jdownloader/scripting/JavaScriptEngineFactory$ExternalScriptable.class
   JD: Core.jar/org/jdownloader/scripting/JavaScriptEngineFactory$InterfaceImplementor$InterfaceImplementorInvocationHandler.class
   JD: Core.jar/org/jdownloader/scripting/JavaScriptEngineFactory$InterfaceImplementor.class
   JD: Core.jar/org/jdownloader/scripting/JavaScriptEngineFactory$RhinoCompiledScript.class
   JD: Core.jar/org/jdownloader/scripting/JavaScriptEngineFactory$RhinoScriptEngine$1.class
   JD: Core.jar/org/jdownloader/scripting/JavaScriptEngineFactory$RhinoScriptEngine.class
   JD: Core.jar/org/jdownloader/scripting/JavaScriptEngineFactory$RhinoTopLevel.class
   JD: Core.jar/org/jdownloader/scripting/JavaScriptEngineFactory.class
   JD: extensions/Extraction.jar/org/jdownloader/extensions/extraction/gui/config/ExtractionConfigPanel$1$1.class
   JD: extensions/Extraction.jar/org/jdownloader/extensions/extraction/gui/config/ExtractionConfigPanel$1$2.class
   JD: extensions/Extraction.jar/org/jdownloader/extensions/extraction/gui/config/ExtractionConfigPanel$1$3.class
   JD: extensions/Extraction.jar/org/jdownloader/extensions/extraction/gui/config/ExtractionConfigPanel$1$4.class
   JD: extensions/Extraction.jar/org/jdownloader/extensions/extraction/gui/config/ExtractionConfigPanel$1$5.class
   JD: extensions/Extraction.jar/org/jdownloader/extensions/extraction/gui/config/ExtractionConfigPanel$1.class
   JD: extensions/Extraction.jar/org/jdownloader/extensions/extraction/gui/config/ExtractionConfigPanel.class
   JD: libs/JDGUI.jar/jd/gui/swing/dialog/AboutDialog$1$1.class
   JD: libs/JDGUI.jar/jd/gui/swing/dialog/AboutDialog$1.class
   JD: libs/JDGUI.jar/jd/gui/swing/dialog/AboutDialog$2.class
   JD: libs/JDGUI.jar/jd/gui/swing/dialog/AboutDialog$3.class
   JD: libs/JDGUI.jar/jd/gui/swing/dialog/AboutDialog$4$1.class
   JD: libs/JDGUI.jar/jd/gui/swing/dialog/AboutDialog$4.class
   JD: libs/JDGUI.jar/jd/gui/swing/dialog/AboutDialog.class
   JD: libs/JDHttp.jar/jd/http/Browser$1.class
   JD: libs/JDHttp.jar/jd/http/Browser$2.class
   JD: libs/JDHttp.jar/jd/http/Browser.class
   JD: libs/JDHttp.jar/jd/http/Cookies.class
   JD: libs/JDHttp.jar/jd/http/Request$1.class
   JD: libs/JDHttp.jar/jd/http/Request.class
   jd/captcha/methods/zdd6/example.jpg
   jd/captcha/methods/zdd6/jacinfo.xml
   jd/captcha/methods/zdd6/letters.mth
   jd/captcha/methods/zdd6/script.jas
   libs/JDGUI.jar
   libs/JDHttp.jar
