Sat Feb 06 22:51:11 CST 2021
Package: package_1612623052753.awf
Install
Write Revision: 14841
----------------Plugins----------------
   jd/plugins/decrypter/AdfLy.class
   jd/plugins/decrypter/AlldebridComFolder.class
   jd/plugins/decrypter/ArchiveOrg.class
   jd/plugins/decrypter/Ardmediathek.class
   jd/plugins/decrypter/AsBook.class
   jd/plugins/decrypter/AsscompactDeDecrypter.class.removed
   jd/plugins/decrypter/AtvAt$1.class
   jd/plugins/decrypter/AtvAt$2.class.removed
   jd/plugins/decrypter/AtvAt.class
   jd/plugins/decrypter/AvxHmeW$1.class
   jd/plugins/decrypter/AvxHmeW.class
   jd/plugins/decrypter/AzureMediaService.class
   jd/plugins/decrypter/BingCom.class
   jd/plugins/decrypter/BsTo.class
   jd/plugins/decrypter/Cloud1und1De.class
   jd/plugins/decrypter/CloudMailRuDecrypter.class
   jd/plugins/decrypter/CosyUploadCom.class.removed
   jd/plugins/decrypter/CriptTo.class
   jd/plugins/decrypter/DecrypterForRedirectServicesWithoutDirectRedirects.class
   jd/plugins/decrypter/DefinebabeComDecrypter.class
   jd/plugins/decrypter/DegooCom.class
   jd/plugins/decrypter/DeluxemusicTvPlaylist.class
   jd/plugins/decrypter/DiskYandexNetFolder.class
   jd/plugins/decrypter/DownloadPandaAppCom.class.removed
   jd/plugins/decrypter/DramaCoolVideo.class
   jd/plugins/decrypter/DramaVeryCom.class.removed
   jd/plugins/decrypter/DummyCNL$1.class
   jd/plugins/decrypter/DummyCNL$2.class.removed
   jd/plugins/decrypter/DummyCNL.class
   jd/plugins/decrypter/DwindlyIo.class.removed
   jd/plugins/decrypter/EightTracksCom.class
   jd/plugins/decrypter/EmbedyCc.class
   jd/plugins/decrypter/EmulatorgamesNet.class
   jd/plugins/decrypter/EndlessAnime.class.removed
   jd/plugins/decrypter/EqbeatsOrg.class.removed
   jd/plugins/decrypter/EroProfileComGallery.class
   jd/plugins/decrypter/EroVideoNet.class
   jd/plugins/decrypter/ExtremeProtectCom.class
   jd/plugins/decrypter/FapGyCom.class.removed
   jd/plugins/decrypter/FasLi.class
   jd/plugins/decrypter/FbjavNet.class
   jd/plugins/decrypter/FexNet.class
   jd/plugins/decrypter/FileAlFolder.class
   jd/plugins/decrypter/FilecheckLink.class.removed
   jd/plugins/decrypter/FilesFmFolder.class
   jd/plugins/decrypter/FivemodFileRu.class
   jd/plugins/decrypter/FlickrCom.class
   jd/plugins/decrypter/FlowyourvideoCom.class.removed
   jd/plugins/decrypter/FlsMailRu.class.removed
   jd/plugins/decrypter/ForaTvDecrypt.class.removed
   jd/plugins/decrypter/FotoAlbumEE.class.removed
   jd/plugins/decrypter/FoursnipPw.class.removed
   jd/plugins/decrypter/FreakEngyRu.class.removed
   jd/plugins/decrypter/FreeTexthostCom.class.removed
   jd/plugins/decrypter/FreefileloadMl.class.removed
   jd/plugins/decrypter/GamaBananaCom.class.removed
   jd/plugins/decrypter/GameOfScanlation.class.removed
   jd/plugins/decrypter/Gaskrank.class
   jd/plugins/decrypter/GemPixelPremiumURLShortener.class.removed
   jd/plugins/decrypter/GenericBase64Decrypter.class
   jd/plugins/decrypter/GenericXFileShareProShortUrlCrawler.class
   jd/plugins/decrypter/GenericYetiShareFolder.class
   jd/plugins/decrypter/GenericYetiShareFolderSpecialOxycloud.class.removed
   jd/plugins/decrypter/GetapkCo.class.removed
   jd/plugins/decrypter/GetsurlCom.class.removed
   jd/plugins/decrypter/GoGoAnimePro$1.class
   jd/plugins/decrypter/GoGoAnimePro.class
   jd/plugins/decrypter/GoGoStream.class
   jd/plugins/decrypter/GogoAnimeTv.class
   jd/plugins/decrypter/GoogleDrive.class
   jd/plugins/decrypter/GpasteUs.class
   jd/plugins/decrypter/HackIMDB.class.removed
   jd/plugins/decrypter/HostedfilesNet.class
   jd/plugins/decrypter/ImgurComGallery$1.class
   jd/plugins/decrypter/ImgurComGallery.class
   jd/plugins/decrypter/InstaGramComDecrypter.class
   jd/plugins/decrypter/LezlezlezCom.class
   jd/plugins/decrypter/MegaConz$MegaFolder.class
   jd/plugins/decrypter/MegaConz.class
   jd/plugins/decrypter/MightyScriptAdLinkFly$1.class
   jd/plugins/decrypter/MightyScriptAdLinkFly$CaptchaType.class
   jd/plugins/decrypter/MightyScriptAdLinkFly.class
   jd/plugins/decrypter/MixCloudCom.class
   jd/plugins/decrypter/OBoomCom.class.removed
   jd/plugins/decrypter/OkRuDecrypter.class
   jd/plugins/decrypter/PicsVc.class
   jd/plugins/decrypter/PinterestComDecrypter.class
   jd/plugins/decrypter/PixeldrainComFolder.class
   jd/plugins/decrypter/PlayVidComDecrypter.class
   jd/plugins/decrypter/PornHubCom.class
   jd/plugins/decrypter/PremiumizeMeZeveraFolder.class
   jd/plugins/decrypter/PruteklyncsXyz.class
   jd/plugins/decrypter/TvnowDe.class
   jd/plugins/decrypter/TwitchTvDecrypt.class
   jd/plugins/decrypter/UdemyComDecrypter.class
   jd/plugins/decrypter/UprotectorXyz.class
   jd/plugins/decrypter/VKontakteRu.class
   jd/plugins/decrypter/WeTransferComFolder.class
   jd/plugins/decrypter/XvideosComProfile.class
   jd/plugins/decrypter/ZDFMediathekDecrypter.class
   jd/plugins/decrypter/ZippyShareComFolder.class
   jd/plugins/hoster/AllDebridCom$1.class
   jd/plugins/hoster/AllDebridCom$2.class
   jd/plugins/hoster/AllDebridCom$3.class
   jd/plugins/hoster/AllDebridCom$AlldebridComConfig$TRANSLATION.class
   jd/plugins/hoster/AllDebridCom$AlldebridComConfig.class
   jd/plugins/hoster/AllDebridCom.class
   jd/plugins/hoster/AnonFilesCom.class
   jd/plugins/hoster/ApkadminCom.class
   jd/plugins/hoster/ArchiveOrg.class
   jd/plugins/hoster/ArchivosMe.class
   jd/plugins/hoster/AsscompactDe.class.removed
   jd/plugins/hoster/AvxHmeW.class
   jd/plugins/hoster/BbcCom.class
   jd/plugins/hoster/BrfilesCom.class
   jd/plugins/hoster/CloudMailRu.class
   jd/plugins/hoster/CspanOrg.class
   jd/plugins/hoster/DdebridCom.class
   jd/plugins/hoster/DdownloadCom.class
   jd/plugins/hoster/DebridItaliaCom.class
   jd/plugins/hoster/DebridLinkFr$1.class
   jd/plugins/hoster/DebridLinkFr.class
   jd/plugins/hoster/DeepbridCom.class
   jd/plugins/hoster/DefineBabeCom.class
   jd/plugins/hoster/DegooCom.class
   jd/plugins/hoster/DepositFiles.class
   jd/plugins/hoster/DevdriveCloud.class
   jd/plugins/hoster/DirectHTTP$1.class
   jd/plugins/hoster/DirectHTTP$2.class
   jd/plugins/hoster/DirectHTTP.class
   jd/plugins/hoster/DiskYandexNet.class
   jd/plugins/hoster/DoodstreamCom.class
   jd/plugins/hoster/EHentaiOrg.class
   jd/plugins/hoster/EPornerCom.class
   jd/plugins/hoster/EraiDdlthreeInfo.class
   jd/plugins/hoster/EvoloadIo.class
   jd/plugins/hoster/FaceBookComVideos$1.class
   jd/plugins/hoster/FaceBookComVideos.class
   jd/plugins/hoster/FastDownCom.class
   jd/plugins/hoster/FexNet.class
   jd/plugins/hoster/FileBitPl.class
   jd/plugins/hoster/FileHippoCom.class
   jd/plugins/hoster/FileImCom.class
   jd/plugins/hoster/FileSharkPl$1.class.removed
   jd/plugins/hoster/FileSharkPl$2.class.removed
   jd/plugins/hoster/FileSharkPl.class.removed
   jd/plugins/hoster/FilesMailRu.class.removed
   jd/plugins/hoster/FivemodFileRu.class
   jd/plugins/hoster/FlowyourvideoCom.class.removed
   jd/plugins/hoster/Ftp$1.class
   jd/plugins/hoster/Ftp$2.class
   jd/plugins/hoster/Ftp.class
   jd/plugins/hoster/GamovideoCom.class
   jd/plugins/hoster/GaskrankTv.class
   jd/plugins/hoster/GelbooruCom.class
   jd/plugins/hoster/GenericM3u8.class
   jd/plugins/hoster/GigaDownCom.class
   jd/plugins/hoster/GofileIo.class
   jd/plugins/hoster/GoogleDrive$1.class
   jd/plugins/hoster/GoogleDrive$2.class
   jd/plugins/hoster/GoogleDrive.class
   jd/plugins/hoster/HellSpyCz.class
   jd/plugins/hoster/HotlinkCc.class
   jd/plugins/hoster/ImagetwistCom.class
   jd/plugins/hoster/ImgmazeCom.class
   jd/plugins/hoster/K2SApi$1.class
   jd/plugins/hoster/K2SApi$2.class
   jd/plugins/hoster/K2SApi$CAPTCHA.class
   jd/plugins/hoster/K2SApi.class
   jd/plugins/hoster/Keep2ShareCc.class
   jd/plugins/hoster/KernelVideoSharingComV2$1.class
   jd/plugins/hoster/KernelVideoSharingComV2.class
   jd/plugins/hoster/KernelVideoSharingComV2HostsDefault.class
   jd/plugins/hoster/LetsuploadCo.class
   jd/plugins/hoster/LibGenInfo.class
   jd/plugins/hoster/LinkspremiumDownload.class
   jd/plugins/hoster/MediasetplayMediasetIt.class
   jd/plugins/hoster/MegaConz$1.class
   jd/plugins/hoster/MegaConz$2.class
   jd/plugins/hoster/MegaConz$3.class
   jd/plugins/hoster/MegaConz$MegaDownloadLinkDownloadable.class
   jd/plugins/hoster/MegaConz$MegaHashCheck$1.class
   jd/plugins/hoster/MegaConz$MegaHashCheck.class
   jd/plugins/hoster/MegaConz.class
   jd/plugins/hoster/MegafilePL.class
   jd/plugins/hoster/MobilismOrg.class
   jd/plugins/hoster/Mp4UploadCom.class
   jd/plugins/hoster/MydirtyhobbyCom.class
   jd/plugins/hoster/MysharingCc.class
   jd/plugins/hoster/NZBLordCom.class.removed
   jd/plugins/hoster/NinjastreamTo$1.class
   jd/plugins/hoster/NinjastreamTo.class
   jd/plugins/hoster/OBoomCom.class.removed
   jd/plugins/hoster/Offline.class
   jd/plugins/hoster/OneFichierCom$1.class
   jd/plugins/hoster/OneFichierCom$OnefichierAccountFactory$1.class
   jd/plugins/hoster/OneFichierCom$OnefichierAccountFactory.class
   jd/plugins/hoster/OneFichierCom.class
   jd/plugins/hoster/OxycloudCom.class
   jd/plugins/hoster/PinterestCom$1.class
   jd/plugins/hoster/PinterestCom$2.class
   jd/plugins/hoster/PinterestCom.class
   jd/plugins/hoster/PixeldrainCom.class
   jd/plugins/hoster/PornHubCom$1.class
   jd/plugins/hoster/PornHubCom$BouncyCastleAESCounterModeDecrypt.class
   jd/plugins/hoster/PornHubCom.class
   jd/plugins/hoster/PremiumTo.class
   jd/plugins/hoster/PremiumizeMe$1.class
   jd/plugins/hoster/PremiumizeMe$PremiumizeAccountFactory$1.class
   jd/plugins/hoster/PremiumizeMe$PremiumizeAccountFactory.class
   jd/plugins/hoster/PremiumizeMe$PremiumizeMeConfigInterface.class
   jd/plugins/hoster/PremiumizeMe.class
   jd/plugins/hoster/ProstreamTo.class.removed
   jd/plugins/hoster/PrzeslijCom.class
   jd/plugins/hoster/PutIO.class
   jd/plugins/hoster/RGhostRu.class
   jd/plugins/hoster/RapidGatorNet.class
   jd/plugins/hoster/RealDebridCom$1.class
   jd/plugins/hoster/RealDebridCom$2.class
   jd/plugins/hoster/RealDebridCom$3.class
   jd/plugins/hoster/RealDebridCom$4.class
   jd/plugins/hoster/RealDebridCom$5.class
   jd/plugins/hoster/RealDebridCom$6.class
   jd/plugins/hoster/RealDebridCom$7.class
   jd/plugins/hoster/RealDebridCom$8.class
   jd/plugins/hoster/RealDebridCom$APIException.class
   jd/plugins/hoster/RealDebridCom.class
   jd/plugins/hoster/RedTubeCom.class
   jd/plugins/hoster/RockFileCo.class
   jd/plugins/hoster/RomsgamesNet.class
   jd/plugins/hoster/RtveEs.class
   jd/plugins/hoster/SdilejCz.class
   jd/plugins/hoster/ServePornCom.class
   jd/plugins/hoster/SharingWtf.class
   jd/plugins/hoster/ShitpostCo.class
   jd/plugins/hoster/SimplyPremiumCom.class
   jd/plugins/hoster/SmoozedCom$1.class
   jd/plugins/hoster/SmoozedCom$2.class.removed
   jd/plugins/hoster/SmoozedCom$3.class.removed
   jd/plugins/hoster/SmoozedCom$4.class.removed
   jd/plugins/hoster/SmoozedCom$5.class.removed
   jd/plugins/hoster/SmoozedCom$6.class.removed
   jd/plugins/hoster/SmoozedCom.class
   jd/plugins/hoster/SnowfilesCom.class.removed
   jd/plugins/hoster/SundryfilesCom.class
   jd/plugins/hoster/TakefileLink.class
   jd/plugins/hoster/TazvidsCom.class.removed
   jd/plugins/hoster/Tf1Fr.class
   jd/plugins/hoster/TheyarehugeCom.class
   jd/plugins/hoster/TrainbitCom.class
   jd/plugins/hoster/TruefileCc.class
   jd/plugins/hoster/TurboBitNet$1.class
   jd/plugins/hoster/TurboBitNet.class
   jd/plugins/hoster/TvnowDe$1.class
   jd/plugins/hoster/TvnowDe.class
   jd/plugins/hoster/UdemyCom.class
   jd/plugins/hoster/UnknownPornScript4.class
   jd/plugins/hoster/UnknownPornScript5.class
   jd/plugins/hoster/UpToBoxCom$1.class
   jd/plugins/hoster/UpToBoxCom$UptoboxAccountFactory$1.class
   jd/plugins/hoster/UpToBoxCom$UptoboxAccountFactory.class
   jd/plugins/hoster/UpToBoxCom.class
   jd/plugins/hoster/UploadgigCom.class
   jd/plugins/hoster/UploadhavenCom.class
   jd/plugins/hoster/UpstoRe.class
   jd/plugins/hoster/VKontakteRuHoster.class
   jd/plugins/hoster/VideoGoogle.class
   jd/plugins/hoster/VideoMediasetIt.class
   jd/plugins/hoster/VidmolyTo.class
   jd/plugins/hoster/ViperfileCom.class
   jd/plugins/hoster/VisharePl.class
   jd/plugins/hoster/WeTransferCom.class
   jd/plugins/hoster/WstreamVideo.class
   jd/plugins/hoster/XHamsterCom$1.class
   jd/plugins/hoster/XHamsterCom.class
   jd/plugins/hoster/XnXxCom.class
   jd/plugins/hoster/XtitsCom.class
   jd/plugins/hoster/XvideosCom$1.class
   jd/plugins/hoster/XvideosCom.class
   jd/plugins/hoster/YetiShareCoreSpecialOxycloud.class.removed
   jd/plugins/hoster/YiffyfurTube.class
   jd/plugins/hoster/YouPornCom$1.class
   jd/plugins/hoster/YouPornCom.class
   jd/plugins/hoster/YoutubeDashV2$1.class
   jd/plugins/hoster/YoutubeDashV2$10.class
   jd/plugins/hoster/YoutubeDashV2$11.class
   jd/plugins/hoster/YoutubeDashV2$12.class
   jd/plugins/hoster/YoutubeDashV2$13.class
   jd/plugins/hoster/YoutubeDashV2$14.class
   jd/plugins/hoster/YoutubeDashV2$15$1.class.removed
   jd/plugins/hoster/YoutubeDashV2$15.class
   jd/plugins/hoster/YoutubeDashV2$16$1.class
   jd/plugins/hoster/YoutubeDashV2$16.class
   jd/plugins/hoster/YoutubeDashV2$17.class
   jd/plugins/hoster/YoutubeDashV2$2.class
   jd/plugins/hoster/YoutubeDashV2$3.class
   jd/plugins/hoster/YoutubeDashV2$4$1.class.removed
   jd/plugins/hoster/YoutubeDashV2$4.class
   jd/plugins/hoster/YoutubeDashV2$5$1.class
   jd/plugins/hoster/YoutubeDashV2$5.class
   jd/plugins/hoster/YoutubeDashV2$6.class
   jd/plugins/hoster/YoutubeDashV2$7.class
   jd/plugins/hoster/YoutubeDashV2$8.class
   jd/plugins/hoster/YoutubeDashV2$9.class
   jd/plugins/hoster/YoutubeDashV2$DashDownloadPluginProgress.class
   jd/plugins/hoster/YoutubeDashV2.class
   jd/plugins/hoster/ZdfDeMediathek$ZdfmediathekConfigInterface$TRANSLATION.class
   jd/plugins/hoster/ZdfDeMediathek$ZdfmediathekConfigInterface.class
   jd/plugins/hoster/ZdfDeMediathek.class
   jd/plugins/hoster/ZeveraCore$1.class
   jd/plugins/hoster/ZeveraCore$2.class
   jd/plugins/hoster/ZeveraCore$3.class
   jd/plugins/hoster/ZeveraCore.class
----------------Extensions----------------
   extensions/Extraction.jar
----------------Direct Files----------------
   build.json
----------------Core Files----------------
   Core.jar
   JD: Core.jar/jd/SecondLevelLaunch$1.class
   JD: Core.jar/jd/SecondLevelLaunch$10.class
   JD: Core.jar/jd/SecondLevelLaunch$11.class
   JD: Core.jar/jd/SecondLevelLaunch$12.class
   JD: Core.jar/jd/SecondLevelLaunch$13.class
   JD: Core.jar/jd/SecondLevelLaunch$2.class
   JD: Core.jar/jd/SecondLevelLaunch$3.class
   JD: Core.jar/jd/SecondLevelLaunch$4.class
   JD: Core.jar/jd/SecondLevelLaunch$5.class
   JD: Core.jar/jd/SecondLevelLaunch$6.class
   JD: Core.jar/jd/SecondLevelLaunch$7$1.class
   JD: Core.jar/jd/SecondLevelLaunch$7.class
   JD: Core.jar/jd/SecondLevelLaunch$8.class
   JD: Core.jar/jd/SecondLevelLaunch$9$1$1.class
   JD: Core.jar/jd/SecondLevelLaunch$9$1$2.class
   JD: Core.jar/jd/SecondLevelLaunch$9$1$3.class
   JD: Core.jar/jd/SecondLevelLaunch$9$1$4$1$1.class
   JD: Core.jar/jd/SecondLevelLaunch$9$1$4$1$2.class
   JD: Core.jar/jd/SecondLevelLaunch$9$1$4$1$3.class
   JD: Core.jar/jd/SecondLevelLaunch$9$1$4$1.class
   JD: Core.jar/jd/SecondLevelLaunch$9$1$4$2.class
   JD: Core.jar/jd/SecondLevelLaunch$9$1$4.class
   JD: Core.jar/jd/SecondLevelLaunch$9$1$5$1$1.class
   JD: Core.jar/jd/SecondLevelLaunch$9$1$5$1$2.class
   JD: Core.jar/jd/SecondLevelLaunch$9$1$5$1.class
   JD: Core.jar/jd/SecondLevelLaunch$9$1$5.class
   JD: Core.jar/jd/SecondLevelLaunch$9$1$6$1.class
   JD: Core.jar/jd/SecondLevelLaunch$9$1$6.class
   JD: Core.jar/jd/SecondLevelLaunch$9$1$7.class
   JD: Core.jar/jd/SecondLevelLaunch$9$1.class
   JD: Core.jar/jd/SecondLevelLaunch$9.class
   JD: Core.jar/jd/SecondLevelLaunch.class
   JD: Core.jar/jd/config/Property.class
   JD: Core.jar/jd/controlling/ClipboardMonitoring$1$1.class
   JD: Core.jar/jd/controlling/ClipboardMonitoring$1$2.class
   JD: Core.jar/jd/controlling/ClipboardMonitoring$1.class
   JD: Core.jar/jd/controlling/ClipboardMonitoring$2.class
   JD: Core.jar/jd/controlling/ClipboardMonitoring$3.class
   JD: Core.jar/jd/controlling/ClipboardMonitoring$4.class
   JD: Core.jar/jd/controlling/ClipboardMonitoring$5.class
   JD: Core.jar/jd/controlling/ClipboardMonitoring$ClipboardChangeDetector$CHANGE_FLAG.class
   JD: Core.jar/jd/controlling/ClipboardMonitoring$ClipboardChangeDetector.class
   JD: Core.jar/jd/controlling/ClipboardMonitoring$ClipboardContent.class
   JD: Core.jar/jd/controlling/ClipboardMonitoring$ClipboardHash.class
   JD: Core.jar/jd/controlling/ClipboardMonitoring$HTMLFragment.class
   JD: Core.jar/jd/controlling/ClipboardMonitoring$IGNORE.class
   JD: Core.jar/jd/controlling/ClipboardMonitoring$WindowsClipboardHack.class
   JD: Core.jar/jd/controlling/ClipboardMonitoring.class
   JD: Core.jar/jd/controlling/TaskQueue.class
   JD: Core.jar/jd/controlling/WindowsClipboardChangeDetector$1.class
   JD: Core.jar/jd/controlling/WindowsClipboardChangeDetector$2.class
   JD: Core.jar/jd/controlling/WindowsClipboardChangeDetector$3.class
   JD: Core.jar/jd/controlling/WindowsClipboardChangeDetector.class
   JD: Core.jar/jd/controlling/downloadcontroller/DownloadController$16.class
   JD: Core.jar/jd/controlling/downloadcontroller/DownloadController$17.class
   JD: Core.jar/jd/controlling/downloadcontroller/DownloadController$18.class
   JD: Core.jar/jd/controlling/downloadcontroller/DownloadController.class
   JD: Core.jar/jd/controlling/linkchecker/LinkChecker$1.class
   JD: Core.jar/jd/controlling/linkchecker/LinkChecker$2.class
   JD: Core.jar/jd/controlling/linkchecker/LinkChecker.class
   JD: Core.jar/jd/controlling/linkcollector/LinknameCleaner$EXTENSION_SETTINGS.class
   JD: Core.jar/jd/controlling/linkcollector/LinknameCleaner.class
   JD: Core.jar/jd/controlling/linkcrawler/LinkCrawlerDeepInspector.class
   JD: Core.jar/jd/controlling/reconnect/pluginsinc/liveheader/CFG_LIVEHEADER.class
   JD: Core.jar/jd/controlling/reconnect/pluginsinc/liveheader/LiveHeaderReconnectSettings.class
   JD: Core.jar/jd/plugins/DownloadLink$1.class
   JD: Core.jar/jd/plugins/DownloadLink$2.class
   JD: Core.jar/jd/plugins/DownloadLink$3.class
   JD: Core.jar/jd/plugins/DownloadLink$4.class
   JD: Core.jar/jd/plugins/DownloadLink$5.class
   JD: Core.jar/jd/plugins/DownloadLink$AvailableStatus.class
   JD: Core.jar/jd/plugins/DownloadLink.class
   JD: Core.jar/jd/plugins/DownloadLinkProperty$Property.class
   JD: Core.jar/jd/plugins/PluginForHost$1.class
   JD: Core.jar/jd/plugins/PluginForHost$10$1.class
   JD: Core.jar/jd/plugins/PluginForHost$10$2.class
   JD: Core.jar/jd/plugins/PluginForHost$10.class
   JD: Core.jar/jd/plugins/PluginForHost$11.class
   JD: Core.jar/jd/plugins/PluginForHost$12.class
   JD: Core.jar/jd/plugins/PluginForHost$2.class
   JD: Core.jar/jd/plugins/PluginForHost$3.class
   JD: Core.jar/jd/plugins/PluginForHost$4.class
   JD: Core.jar/jd/plugins/PluginForHost$5$1$1.class.removed
   JD: Core.jar/jd/plugins/PluginForHost$5$1.class
   JD: Core.jar/jd/plugins/PluginForHost$5$2$1.class
   JD: Core.jar/jd/plugins/PluginForHost$5$2.class
   JD: Core.jar/jd/plugins/PluginForHost$5.class
   JD: Core.jar/jd/plugins/PluginForHost$6$1.class
   JD: Core.jar/jd/plugins/PluginForHost$6$2$1.class
   JD: Core.jar/jd/plugins/PluginForHost$6$2$2.class
   JD: Core.jar/jd/plugins/PluginForHost$6$2.class
   JD: Core.jar/jd/plugins/PluginForHost$6.class
   JD: Core.jar/jd/plugins/PluginForHost$7.class
   JD: Core.jar/jd/plugins/PluginForHost$8.class
   JD: Core.jar/jd/plugins/PluginForHost$9.class
   JD: Core.jar/jd/plugins/PluginForHost$FilePair.class
   JD: Core.jar/jd/plugins/PluginForHost.class
   JD: Core.jar/jd/plugins/download/DownloadInterface$Chunk.class
   JD: Core.jar/jd/plugins/download/DownloadInterface.class
   JD: Core.jar/jd/plugins/download/raf/HTTPChunk.class
   JD: Core.jar/org/jdownloader/api/downloads/DownloadControllerEventPublisher$1.class
   JD: Core.jar/org/jdownloader/api/downloads/DownloadControllerEventPublisher$10.class
   JD: Core.jar/org/jdownloader/api/downloads/DownloadControllerEventPublisher$11.class
   JD: Core.jar/org/jdownloader/api/downloads/DownloadControllerEventPublisher$2.class
   JD: Core.jar/org/jdownloader/api/downloads/DownloadControllerEventPublisher$3.class
   JD: Core.jar/org/jdownloader/api/downloads/DownloadControllerEventPublisher$4.class
   JD: Core.jar/org/jdownloader/api/downloads/DownloadControllerEventPublisher$5.class
   JD: Core.jar/org/jdownloader/api/downloads/DownloadControllerEventPublisher$6.class
   JD: Core.jar/org/jdownloader/api/downloads/DownloadControllerEventPublisher$7.class
   JD: Core.jar/org/jdownloader/api/downloads/DownloadControllerEventPublisher$8.class
   JD: Core.jar/org/jdownloader/api/downloads/DownloadControllerEventPublisher$9.class
   JD: Core.jar/org/jdownloader/api/downloads/DownloadControllerEventPublisher$BASIC_EVENT.class
   JD: Core.jar/org/jdownloader/api/downloads/DownloadControllerEventPublisher$LinkQueryStorableDummy.class
   JD: Core.jar/org/jdownloader/api/downloads/DownloadControllerEventPublisher$PackageQueryStorableDummy.class
   JD: Core.jar/org/jdownloader/api/downloads/DownloadControllerEventPublisher.class
   JD: Core.jar/org/jdownloader/api/jdanywhere/api/JDAnywhereEventPublisher$1.class
   JD: Core.jar/org/jdownloader/api/jdanywhere/api/JDAnywhereEventPublisher$2.class
   JD: Core.jar/org/jdownloader/api/jdanywhere/api/JDAnywhereEventPublisher$3.class
   JD: Core.jar/org/jdownloader/api/jdanywhere/api/JDAnywhereEventPublisher$4.class
   JD: Core.jar/org/jdownloader/api/jdanywhere/api/JDAnywhereEventPublisher$5.class
   JD: Core.jar/org/jdownloader/api/jdanywhere/api/JDAnywhereEventPublisher$6.class
   JD: Core.jar/org/jdownloader/api/jdanywhere/api/JDAnywhereEventPublisher$7.class
   JD: Core.jar/org/jdownloader/api/jdanywhere/api/JDAnywhereEventPublisher$8.class
   JD: Core.jar/org/jdownloader/api/jdanywhere/api/JDAnywhereEventPublisher$9.class
   JD: Core.jar/org/jdownloader/api/jdanywhere/api/JDAnywhereEventPublisher$EVENTID.class
   JD: Core.jar/org/jdownloader/api/jdanywhere/api/JDAnywhereEventPublisher.class
   JD: Core.jar/org/jdownloader/captcha/v2/solver/browser/BrowserReference.class
   JD: Core.jar/org/jdownloader/downloader/segment/SegmentDownloader$1.class
   JD: Core.jar/org/jdownloader/downloader/segment/SegmentDownloader$2.class
   JD: Core.jar/org/jdownloader/downloader/segment/SegmentDownloader.class
   JD: Core.jar/org/jdownloader/gui/translate/GuiTranslation.class
   JD: Core.jar/org/jdownloader/gui/views/linkgrabber/addlinksdialog/DragAndDropDelegater.class
   JD: Core.jar/org/jdownloader/gui/views/linkgrabber/contextmenu/PasteContextLinksAction.class
   JD: Core.jar/org/jdownloader/jna/windows/JNAWindowsWindowManager.class
   JD: Core.jar/org/jdownloader/osevents/OperatingSystemEventSender$1.class
   JD: Core.jar/org/jdownloader/osevents/OperatingSystemEventSender$2.class
   JD: Core.jar/org/jdownloader/osevents/OperatingSystemEventSender.class
   JD: Core.jar/org/jdownloader/osevents/multios/SignalEventSource$1.class
   JD: Core.jar/org/jdownloader/osevents/multios/SignalEventSource.class
   JD: Core.jar/org/jdownloader/plugins/components/UnknownHostingScriptCore.class
   JD: Core.jar/org/jdownloader/plugins/components/XFileSharingProBasic$1.class
   JD: Core.jar/org/jdownloader/plugins/components/XFileSharingProBasic$2.class
   JD: Core.jar/org/jdownloader/plugins/components/XFileSharingProBasic$XFSApiAccountFactory$1.class
   JD: Core.jar/org/jdownloader/plugins/components/XFileSharingProBasic$XFSApiAccountFactory.class
   JD: Core.jar/org/jdownloader/plugins/components/XFileSharingProBasic.class
   JD: Core.jar/org/jdownloader/plugins/components/XFileSharingProBasicSpecialFilejoker.class
   JD: Core.jar/org/jdownloader/plugins/components/YetiShareCore$1.class
   JD: Core.jar/org/jdownloader/plugins/components/YetiShareCore$2.class
   JD: Core.jar/org/jdownloader/plugins/components/YetiShareCore.class
   JD: Core.jar/org/jdownloader/plugins/components/YetiShareCoreNew.class
   JD: Core.jar/org/jdownloader/plugins/components/config/AnonFilesComConfig.class
   JD: Core.jar/org/jdownloader/plugins/components/config/TurbobitCoreConfigTurbobitNet$PreferredDomain$1.class
   JD: Core.jar/org/jdownloader/plugins/components/config/TurbobitCoreConfigTurbobitNet$PreferredDomain$2.class
   JD: Core.jar/org/jdownloader/plugins/components/config/TurbobitCoreConfigTurbobitNet$PreferredDomain$3.class
   JD: Core.jar/org/jdownloader/plugins/components/config/TurbobitCoreConfigTurbobitNet$PreferredDomain.class
   JD: Core.jar/org/jdownloader/plugins/components/config/TurbobitCoreConfigTurbobitNet.class
   JD: Core.jar/org/jdownloader/plugins/components/config/XvideosComConfig$PreferredHLSQuality$1.class
   JD: Core.jar/org/jdownloader/plugins/components/config/XvideosComConfig$PreferredHLSQuality$2.class
   JD: Core.jar/org/jdownloader/plugins/components/config/XvideosComConfig$PreferredHLSQuality$3.class
   JD: Core.jar/org/jdownloader/plugins/components/config/XvideosComConfig$PreferredHLSQuality$4.class
   JD: Core.jar/org/jdownloader/plugins/components/config/XvideosComConfig$PreferredHLSQuality$5.class
   JD: Core.jar/org/jdownloader/plugins/components/config/XvideosComConfig$PreferredHLSQuality$6.class
   JD: Core.jar/org/jdownloader/plugins/components/config/XvideosComConfig$PreferredHLSQuality.class
   JD: Core.jar/org/jdownloader/plugins/components/config/XvideosComConfig$PreferredHTTPQuality$1.class
   JD: Core.jar/org/jdownloader/plugins/components/config/XvideosComConfig$PreferredHTTPQuality$2.class
   JD: Core.jar/org/jdownloader/plugins/components/config/XvideosComConfig$PreferredHTTPQuality.class
   JD: Core.jar/org/jdownloader/plugins/components/config/XvideosComConfig.class
   JD: Core.jar/org/jdownloader/plugins/components/hls/HlsContainer$1.class
   JD: Core.jar/org/jdownloader/plugins/components/hls/HlsContainer$CODEC.class
   JD: Core.jar/org/jdownloader/plugins/components/hls/HlsContainer$CODEC_TYPE.class
   JD: Core.jar/org/jdownloader/plugins/components/hls/HlsContainer$StreamCodec.class
   JD: Core.jar/org/jdownloader/plugins/components/hls/HlsContainer.class
   JD: Core.jar/org/jdownloader/scripting/CustomRhinoScriptEngineFactory.class
   JD: Core.jar/org/jdownloader/scripting/JSRhinoPermissionRestricter$SandboxContextFactory$1.class
   JD: Core.jar/org/jdownloader/scripting/JSRhinoPermissionRestricter$SandboxContextFactory$MyContext.class
   JD: Core.jar/org/jdownloader/scripting/JSRhinoPermissionRestricter$SandboxContextFactory.class
   JD: Core.jar/org/jdownloader/scripting/JSRhinoPermissionRestricter$SandboxException.class
   JD: Core.jar/org/jdownloader/scripting/JSRhinoPermissionRestricter$SandboxNativeJavaObject.class
   JD: Core.jar/org/jdownloader/scripting/JSRhinoPermissionRestricter$SandboxWrapFactory.class
   JD: Core.jar/org/jdownloader/scripting/JSRhinoPermissionRestricter.class
   JD: Core.jar/org/jdownloader/scripting/JavaScriptEngineFactory$1.class
   JD: Core.jar/org/jdownloader/scripting/JavaScriptEngineFactory$CustomRhinoScriptEngineFactory.class.removed
   JD: Core.jar/org/jdownloader/scripting/JavaScriptEngineFactory$CustomizedScriptEngineManager.class
   JD: Core.jar/org/jdownloader/scripting/JavaScriptEngineFactory$ExternalScriptable.class
   JD: Core.jar/org/jdownloader/scripting/JavaScriptEngineFactory$InterfaceImplementor$InterfaceImplementorInvocationHandler.class
   JD: Core.jar/org/jdownloader/scripting/JavaScriptEngineFactory$InterfaceImplementor.class
   JD: Core.jar/org/jdownloader/scripting/JavaScriptEngineFactory$RhinoCompiledScript.class
   JD: Core.jar/org/jdownloader/scripting/JavaScriptEngineFactory$RhinoScriptEngine$1.class
   JD: Core.jar/org/jdownloader/scripting/JavaScriptEngineFactory$RhinoScriptEngine.class
   JD: Core.jar/org/jdownloader/scripting/JavaScriptEngineFactory$RhinoTopLevel.class
   JD: Core.jar/org/jdownloader/scripting/JavaScriptEngineFactory.class
   JD: Core.jar/org/jdownloader/scripting/ScriptEngineFactoryService.html
   JD: extensions/Extraction.jar/org/jdownloader/extensions/extraction/mime.type
   JD: libs/JDGUI.jar/jd/gui/swing/dialog/AboutDialog.class
   JD: libs/JDGUI.jar/jd/gui/swing/jdgui/components/premiumbar/AccountListTableModel$1.class
   JD: libs/JDGUI.jar/jd/gui/swing/jdgui/components/premiumbar/AccountListTableModel$10.class
   JD: libs/JDGUI.jar/jd/gui/swing/jdgui/components/premiumbar/AccountListTableModel$11.class
   JD: libs/JDGUI.jar/jd/gui/swing/jdgui/components/premiumbar/AccountListTableModel$12.class
   JD: libs/JDGUI.jar/jd/gui/swing/jdgui/components/premiumbar/AccountListTableModel$2.class
   JD: libs/JDGUI.jar/jd/gui/swing/jdgui/components/premiumbar/AccountListTableModel$3$1.class
   JD: libs/JDGUI.jar/jd/gui/swing/jdgui/components/premiumbar/AccountListTableModel$3.class
   JD: libs/JDGUI.jar/jd/gui/swing/jdgui/components/premiumbar/AccountListTableModel$4.class
   JD: libs/JDGUI.jar/jd/gui/swing/jdgui/components/premiumbar/AccountListTableModel$5.class
   JD: libs/JDGUI.jar/jd/gui/swing/jdgui/components/premiumbar/AccountListTableModel$6.class
   JD: libs/JDGUI.jar/jd/gui/swing/jdgui/components/premiumbar/AccountListTableModel$7.class
   JD: libs/JDGUI.jar/jd/gui/swing/jdgui/components/premiumbar/AccountListTableModel$8$1.class
   JD: libs/JDGUI.jar/jd/gui/swing/jdgui/components/premiumbar/AccountListTableModel$8.class
   JD: libs/JDGUI.jar/jd/gui/swing/jdgui/components/premiumbar/AccountListTableModel$9$1.class
   JD: libs/JDGUI.jar/jd/gui/swing/jdgui/components/premiumbar/AccountListTableModel$9$2.class
   JD: libs/JDGUI.jar/jd/gui/swing/jdgui/components/premiumbar/AccountListTableModel$9.class
   JD: libs/JDGUI.jar/jd/gui/swing/jdgui/components/premiumbar/AccountListTableModel.class
   JD: libs/JDHttp.jar/jd/http/Browser$1.class
   JD: libs/JDHttp.jar/jd/http/Browser$2.class
   JD: libs/JDHttp.jar/jd/http/Browser.class
   JD: libs/JDUtils.jar/jd/nutils/Formatter.class
   JD: libs/jsyntaxpane.jar/META-INF/services/jsyntaxpane/scripts/insertdate.js
   libs/JDGUI.jar
   libs/JDHttp.jar
   libs/JDUtils.jar
   libs/jsyntaxpane.jar
