Sun Aug 01 01:13:47 CST 2021
Package: package_1627751600036.awf
Install
Write Revision: 15541
----------------Plugins----------------
   jd/plugins/decrypter/AdfLy.class
   jd/plugins/decrypter/ArchiveOrg.class
   jd/plugins/decrypter/Ardmediathek.class
   jd/plugins/decrypter/AtvAt$1.class
   jd/plugins/decrypter/AtvAt.class
   jd/plugins/decrypter/AventertainmentsCom.class
   jd/plugins/decrypter/BcVc.class
   jd/plugins/decrypter/BiqleRu$1.class
   jd/plugins/decrypter/BiqleRu.class
   jd/plugins/decrypter/CamwhoresTv.class
   jd/plugins/decrypter/ChipDeDecrypter.class
   jd/plugins/decrypter/DesixnxxNet.class
   jd/plugins/decrypter/FEmbedDecrypter.class
   jd/plugins/decrypter/FShareVnFolder.class
   jd/plugins/decrypter/FileCryptCc.class
   jd/plugins/decrypter/GeneralMultiuploadDecrypter$1.class
   jd/plugins/decrypter/GeneralMultiuploadDecrypter.class
   jd/plugins/decrypter/GenericXFileShareProFolder.class
   jd/plugins/decrypter/GetToLink.class
   jd/plugins/decrypter/GigafileNuCrawler.class
   jd/plugins/decrypter/GoogleDrive.class
   jd/plugins/decrypter/GoogleDriveDirectoryIndex.class
   jd/plugins/decrypter/HitomiLa.class
   jd/plugins/decrypter/ImagebamCom.class
   jd/plugins/decrypter/InstaGramComDecrypter.class
   jd/plugins/decrypter/JulesjordanComDecrypter.class
   jd/plugins/decrypter/KndGrlsCom.class
   jd/plugins/decrypter/MangadexOrg.class
   jd/plugins/decrypter/MightyScriptAdLinkFly$1.class
   jd/plugins/decrypter/MightyScriptAdLinkFly.class
   jd/plugins/decrypter/MightyScriptAdLinkFlyDefault.class
   jd/plugins/decrypter/MotherLessCom$1.class
   jd/plugins/decrypter/MotherLessCom.class
   jd/plugins/decrypter/MylinkLi$1.class
   jd/plugins/decrypter/MylinkLi.class
   jd/plugins/decrypter/NhentaiNet.class
   jd/plugins/decrypter/ORFMediathekDecrypter.class
   jd/plugins/decrypter/PicsVc.class
   jd/plugins/decrypter/PlayVidComDecrypter.class
   jd/plugins/decrypter/PluralsightComDecrypter.class
   jd/plugins/decrypter/PornHubCom.class
   jd/plugins/decrypter/PubizaCom.class
   jd/plugins/decrypter/ShrtflyVip.class
   jd/plugins/decrypter/SmaleTubeComGallery.class
   jd/plugins/decrypter/SoundCloudComDecrypter.class
   jd/plugins/decrypter/SpankBangCom.class
   jd/plugins/decrypter/ThisvidComAlbums.class
   jd/plugins/decrypter/TwitterCom.class
   jd/plugins/decrypter/UlozToFolder.class
   jd/plugins/decrypter/VKontakteRu.class
   jd/plugins/decrypter/VidEarnDecrypter.class
   jd/plugins/decrypter/VimeoComDecrypter$1.class
   jd/plugins/decrypter/VimeoComDecrypter.class
   jd/plugins/decrypter/VipergirlsToBoard.class
   jd/plugins/decrypter/XnXxComCrawler.class
   jd/plugins/decrypter/XvideosComProfile.class
   jd/plugins/decrypter/ZDFMediathekDecrypter$QUALITY.class
   jd/plugins/decrypter/ZDFMediathekDecrypter.class
   jd/plugins/hoster/AllDebridCom$1.class
   jd/plugins/hoster/AllDebridCom$2.class
   jd/plugins/hoster/AllDebridCom$3.class
   jd/plugins/hoster/AllDebridCom$AlldebridComConfig$TRANSLATION.class
   jd/plugins/hoster/AllDebridCom$AlldebridComConfig.class
   jd/plugins/hoster/AllDebridCom.class
   jd/plugins/hoster/ArchiveOrg.class
   jd/plugins/hoster/AventertainmentsCom.class
   jd/plugins/hoster/BangbrosCom.class
   jd/plugins/hoster/BeegCom.class
   jd/plugins/hoster/CentfileCom.class
   jd/plugins/hoster/ChipDe.class
   jd/plugins/hoster/ClicknuploadOrg.class
   jd/plugins/hoster/ContasturboCom.class
   jd/plugins/hoster/DefineBabeCom.class
   jd/plugins/hoster/DesixnxxNet.class
   jd/plugins/hoster/DiskYandexNet.class
   jd/plugins/hoster/DropboxCom.class
   jd/plugins/hoster/DropgalaxyIn.class
   jd/plugins/hoster/DuboxCom.class
   jd/plugins/hoster/EsouboryCz.class
   jd/plugins/hoster/EvilAngelCom$2.class
   jd/plugins/hoster/EvilAngelCom.class
   jd/plugins/hoster/ExLoadCom.class
   jd/plugins/hoster/FShareVn$1.class
   jd/plugins/hoster/FShareVn.class
   jd/plugins/hoster/FaceBookComVideos$1.class
   jd/plugins/hoster/FaceBookComVideos.class
   jd/plugins/hoster/FileBoomMe.class
   jd/plugins/hoster/FileFactory.class
   jd/plugins/hoster/FileJokerNet.class
   jd/plugins/hoster/FilebonusNet.class
   jd/plugins/hoster/GamesReveurDe.class
   jd/plugins/hoster/GenericImgShot.class
   jd/plugins/hoster/GenericM3u8.class
   jd/plugins/hoster/GfyCatCom.class
   jd/plugins/hoster/GigafileNu.class
   jd/plugins/hoster/GiphyCom.class
   jd/plugins/hoster/GofileIo.class
   jd/plugins/hoster/GoogleDrive$1.class
   jd/plugins/hoster/GoogleDrive.class
   jd/plugins/hoster/GoogleDriveDirectoryIndex.class
   jd/plugins/hoster/HallanBest.class.removed
   jd/plugins/hoster/HallanClub.class.removed
   jd/plugins/hoster/HearthisAt.class
   jd/plugins/hoster/HighloadTo.class
   jd/plugins/hoster/HitNewsCom.class
   jd/plugins/hoster/ImageFap.class
   jd/plugins/hoster/ImagetwistCom.class
   jd/plugins/hoster/ImgSpiceCom.class
   jd/plugins/hoster/ImxTo.class
   jd/plugins/hoster/InstaGramCom$1.class
   jd/plugins/hoster/InstaGramCom.class
   jd/plugins/hoster/JapanWhoresCom.class
   jd/plugins/hoster/JizzbunkerCom.class
   jd/plugins/hoster/JulesjordanCom$JulesjordanComConfigInterface$TRANSLATION.class
   jd/plugins/hoster/JulesjordanCom$JulesjordanComConfigInterface.class
   jd/plugins/hoster/JulesjordanCom.class
   jd/plugins/hoster/Keep2ShareCc.class
   jd/plugins/hoster/KernelVideoSharingComV2$1.class
   jd/plugins/hoster/KernelVideoSharingComV2.class
   jd/plugins/hoster/KernelVideoSharingComV2HostsDefault.class
   jd/plugins/hoster/KinkCom.class
   jd/plugins/hoster/LbryTv.class
   jd/plugins/hoster/MegaupNet.class
   jd/plugins/hoster/NaughtyamericaCom.class
   jd/plugins/hoster/NinegagCom.class
   jd/plugins/hoster/NippyShareCom.class
   jd/plugins/hoster/NitroFlareCom.class
   jd/plugins/hoster/NovaFileCom$1.class
   jd/plugins/hoster/NovaFileCom.class
   jd/plugins/hoster/OkXxx.class
   jd/plugins/hoster/OneFichierCom$1.class
   jd/plugins/hoster/OneFichierCom$OnefichierAccountFactory$1.class
   jd/plugins/hoster/OneFichierCom$OnefichierAccountFactory.class
   jd/plugins/hoster/OneFichierCom.class
   jd/plugins/hoster/PeekVidsCom.class
   jd/plugins/hoster/PinterestCom.class
   jd/plugins/hoster/PixRouteCom.class
   jd/plugins/hoster/PixivNet.class
   jd/plugins/hoster/PlayVidCom.class
   jd/plugins/hoster/PluralsightCom$QUALITY.class
   jd/plugins/hoster/PluralsightCom.class
   jd/plugins/hoster/PornHubCom$BouncyCastleAESCounterModeDecrypt.class
   jd/plugins/hoster/PornHubCom.class
   jd/plugins/hoster/PornTubeClubCom.class
   jd/plugins/hoster/PremiumTo.class
   jd/plugins/hoster/RealDebridCom$4.class
   jd/plugins/hoster/RealDebridCom$5.class
   jd/plugins/hoster/RealDebridCom$6.class
   jd/plugins/hoster/RealDebridCom$7.class
   jd/plugins/hoster/RealDebridCom.class
   jd/plugins/hoster/RtveEs.class
   jd/plugins/hoster/SeedrCc.class
   jd/plugins/hoster/SoundcloudCom$1.class
   jd/plugins/hoster/SoundcloudCom$2.class
   jd/plugins/hoster/SoundcloudCom$3.class
   jd/plugins/hoster/SoundcloudCom$AudioQualitySelectionMode$1.class
   jd/plugins/hoster/SoundcloudCom$AudioQualitySelectionMode$2.class
   jd/plugins/hoster/SoundcloudCom$AudioQualitySelectionMode$3.class
   jd/plugins/hoster/SoundcloudCom$AudioQualitySelectionMode.class
   jd/plugins/hoster/SoundcloudCom.class
   jd/plugins/hoster/SpankBangCom.class
   jd/plugins/hoster/StreamlareCom.class
   jd/plugins/hoster/StreamonTo.class
   jd/plugins/hoster/StreamplayTo.class
   jd/plugins/hoster/StreamzCc.class
   jd/plugins/hoster/TezFilesCom.class
   jd/plugins/hoster/TropicShareCom.class
   jd/plugins/hoster/TumblrCom.class
   jd/plugins/hoster/TurboBitNet.class
   jd/plugins/hoster/TwitterCom$1.class
   jd/plugins/hoster/TwitterCom$TwitterConfigInterface$TRANSLATION.class
   jd/plugins/hoster/TwitterCom$TwitterConfigInterface.class
   jd/plugins/hoster/TwitterCom.class
   jd/plugins/hoster/UdemyCom.class
   jd/plugins/hoster/UlozTo.class
   jd/plugins/hoster/UnknownPornScript8.class
   jd/plugins/hoster/UploadsMobi.class
   jd/plugins/hoster/UpstoRe.class
   jd/plugins/hoster/UpvideoTo.class
   jd/plugins/hoster/UstreamTv.class.removed
   jd/plugins/hoster/VKontakteRuHoster$1.class
   jd/plugins/hoster/VKontakteRuHoster$Quality$1.class
   jd/plugins/hoster/VKontakteRuHoster$Quality$2.class
   jd/plugins/hoster/VKontakteRuHoster$Quality$3.class
   jd/plugins/hoster/VKontakteRuHoster$Quality$4.class
   jd/plugins/hoster/VKontakteRuHoster$Quality$5.class
   jd/plugins/hoster/VKontakteRuHoster$Quality$6.class
   jd/plugins/hoster/VKontakteRuHoster$Quality.class
   jd/plugins/hoster/VKontakteRuHoster$QualitySelectionMode$1.class
   jd/plugins/hoster/VKontakteRuHoster$QualitySelectionMode$2.class
   jd/plugins/hoster/VKontakteRuHoster$QualitySelectionMode$3.class
   jd/plugins/hoster/VKontakteRuHoster$QualitySelectionMode$4.class
   jd/plugins/hoster/VKontakteRuHoster$QualitySelectionMode.class
   jd/plugins/hoster/VKontakteRuHoster.class
   jd/plugins/hoster/VideoFCTwoCom.class
   jd/plugins/hoster/VideoOneLife.class
   jd/plugins/hoster/VideosectionCom.class
   jd/plugins/hoster/VidhdCo.class
   jd/plugins/hoster/VimeoCom$1.class
   jd/plugins/hoster/VimeoCom$VIMEO_URL_TYPE.class
   jd/plugins/hoster/VimeoCom$WrongRefererException.class
   jd/plugins/hoster/VimeoCom.class
   jd/plugins/hoster/ViprIm.class
   jd/plugins/hoster/VpornvideosCom.class
   jd/plugins/hoster/WebcamsbabeCom.class
   jd/plugins/hoster/XHamsterCom$1.class
   jd/plugins/hoster/XHamsterCom.class
   jd/plugins/hoster/XnXxCom.class
   jd/plugins/hoster/XubsterCom.class
   jd/plugins/hoster/XvideosCom$1.class
   jd/plugins/hoster/XvideosCom.class
   jd/plugins/hoster/YouPornCom$1.class
   jd/plugins/hoster/YouPornCom.class
   jd/plugins/hoster/ZbigzCom.class
----------------Extensions----------------
   extensions/AntiShutdown.jar
   extensions/Extraction.jar
   extensions/JDShutdown.jar
----------------Direct Files----------------
   build.json
----------------Core Files----------------
   Core.jar
   JD: Core.jar/jd/config/Property.class
   JD: Core.jar/jd/controlling/downloadcontroller/DiskSpaceChecker.class
   JD: Core.jar/jd/controlling/downloadcontroller/DiskSpaceManager$1.class
   JD: Core.jar/jd/controlling/downloadcontroller/DiskSpaceManager$DISKSPACERESERVATIONRESULT.class
   JD: Core.jar/jd/controlling/downloadcontroller/DiskSpaceManager.class
   JD: Core.jar/jd/controlling/downloadcontroller/FilePackageStorable.class
   JD: Core.jar/jd/controlling/linkcollector/CrawledLinkStorable$1.class
   JD: Core.jar/jd/controlling/linkcollector/CrawledLinkStorable$LinkOriginStorable.class
   JD: Core.jar/jd/controlling/linkcollector/CrawledLinkStorable.class
   JD: Core.jar/jd/controlling/linkcollector/CrawledPackageStorable$1.class
   JD: Core.jar/jd/controlling/linkcollector/CrawledPackageStorable$2.class
   JD: Core.jar/jd/controlling/linkcollector/CrawledPackageStorable$3.class.removed
   JD: Core.jar/jd/controlling/linkcollector/CrawledPackageStorable$4.class.removed
   JD: Core.jar/jd/controlling/linkcollector/CrawledPackageStorable$TYPE.class
   JD: Core.jar/jd/controlling/linkcollector/CrawledPackageStorable.class
   JD: Core.jar/jd/controlling/linkcollector/LinkCollector$1$1.class
   JD: Core.jar/jd/controlling/linkcollector/LinkCollector$1.class
   JD: Core.jar/jd/controlling/linkcollector/LinkCollector$10.class
   JD: Core.jar/jd/controlling/linkcollector/LinkCollector$11.class
   JD: Core.jar/jd/controlling/linkcollector/LinkCollector$12.class
   JD: Core.jar/jd/controlling/linkcollector/LinkCollector$13.class
   JD: Core.jar/jd/controlling/linkcollector/LinkCollector$14.class
   JD: Core.jar/jd/controlling/linkcollector/LinkCollector$15.class
   JD: Core.jar/jd/controlling/linkcollector/LinkCollector$16.class
   JD: Core.jar/jd/controlling/linkcollector/LinkCollector$17.class
   JD: Core.jar/jd/controlling/linkcollector/LinkCollector$18.class
   JD: Core.jar/jd/controlling/linkcollector/LinkCollector$19$1.class
   JD: Core.jar/jd/controlling/linkcollector/LinkCollector$19.class
   JD: Core.jar/jd/controlling/linkcollector/LinkCollector$2$1.class
   JD: Core.jar/jd/controlling/linkcollector/LinkCollector$2.class
   JD: Core.jar/jd/controlling/linkcollector/LinkCollector$20.class
   JD: Core.jar/jd/controlling/linkcollector/LinkCollector$21.class
   JD: Core.jar/jd/controlling/linkcollector/LinkCollector$22.class
   JD: Core.jar/jd/controlling/linkcollector/LinkCollector$23.class
   JD: Core.jar/jd/controlling/linkcollector/LinkCollector$24$1.class
   JD: Core.jar/jd/controlling/linkcollector/LinkCollector$24$2.class
   JD: Core.jar/jd/controlling/linkcollector/LinkCollector$24.class
   JD: Core.jar/jd/controlling/linkcollector/LinkCollector$25$1.class
   JD: Core.jar/jd/controlling/linkcollector/LinkCollector$25.class
   JD: Core.jar/jd/controlling/linkcollector/LinkCollector$26.class
   JD: Core.jar/jd/controlling/linkcollector/LinkCollector$27$1.class
   JD: Core.jar/jd/controlling/linkcollector/LinkCollector$27.class
   JD: Core.jar/jd/controlling/linkcollector/LinkCollector$28$1.class
   JD: Core.jar/jd/controlling/linkcollector/LinkCollector$28$2.class
   JD: Core.jar/jd/controlling/linkcollector/LinkCollector$28.class
   JD: Core.jar/jd/controlling/linkcollector/LinkCollector$29.class
   JD: Core.jar/jd/controlling/linkcollector/LinkCollector$3$1.class
   JD: Core.jar/jd/controlling/linkcollector/LinkCollector$3.class
   JD: Core.jar/jd/controlling/linkcollector/LinkCollector$30.class
   JD: Core.jar/jd/controlling/linkcollector/LinkCollector$31.class
   JD: Core.jar/jd/controlling/linkcollector/LinkCollector$32.class
   JD: Core.jar/jd/controlling/linkcollector/LinkCollector$33.class
   JD: Core.jar/jd/controlling/linkcollector/LinkCollector$4.class
   JD: Core.jar/jd/controlling/linkcollector/LinkCollector$5.class
   JD: Core.jar/jd/controlling/linkcollector/LinkCollector$6.class
   JD: Core.jar/jd/controlling/linkcollector/LinkCollector$7.class
   JD: Core.jar/jd/controlling/linkcollector/LinkCollector$8.class
   JD: Core.jar/jd/controlling/linkcollector/LinkCollector$9.class
   JD: Core.jar/jd/controlling/linkcollector/LinkCollector$CrawledPackageMappingID.class
   JD: Core.jar/jd/controlling/linkcollector/LinkCollector$JobLinkChecker.class
   JD: Core.jar/jd/controlling/linkcollector/LinkCollector$JobLinkCrawler$1.class
   JD: Core.jar/jd/controlling/linkcollector/LinkCollector$JobLinkCrawler.class
   JD: Core.jar/jd/controlling/linkcollector/LinkCollector$LoadedPackage.class
   JD: Core.jar/jd/controlling/linkcollector/LinkCollector$MoveLinksMode.class
   JD: Core.jar/jd/controlling/linkcollector/LinkCollector$MoveLinksSettings.class
   JD: Core.jar/jd/controlling/linkcollector/LinkCollector.class
   JD: Core.jar/jd/controlling/linkcollector/LinkCollectorStorable$1.class
   JD: Core.jar/jd/controlling/linkcollector/LinkCollectorStorable.class
   JD: Core.jar/jd/controlling/linkcrawler/CrawledPackage$1.class
   JD: Core.jar/jd/controlling/linkcrawler/CrawledPackage$2.class.removed
   JD: Core.jar/jd/controlling/linkcrawler/CrawledPackage$3.class.removed
   JD: Core.jar/jd/controlling/linkcrawler/CrawledPackage$TYPE.class
   JD: Core.jar/jd/controlling/linkcrawler/CrawledPackage.class
   JD: Core.jar/jd/controlling/linkcrawler/LinkCrawler$23.class
   JD: Core.jar/jd/controlling/linkcrawler/LinkCrawler$24$1.class
   JD: Core.jar/jd/controlling/linkcrawler/LinkCrawler$24.class
   JD: Core.jar/jd/controlling/linkcrawler/LinkCrawler$25$1.class
   JD: Core.jar/jd/controlling/linkcrawler/LinkCrawler$25.class
   JD: Core.jar/jd/controlling/linkcrawler/LinkCrawler$26.class
   JD: Core.jar/jd/controlling/linkcrawler/LinkCrawler$27.class
   JD: Core.jar/jd/controlling/linkcrawler/LinkCrawler$28.class
   JD: Core.jar/jd/controlling/linkcrawler/LinkCrawler.class
   JD: Core.jar/jd/controlling/linkcrawler/PackageInfo.class
   JD: Core.jar/jd/controlling/packagecontroller/AbstractPackageNode.class
   JD: Core.jar/jd/controlling/packagecontroller/PackageController$10.class
   JD: Core.jar/jd/controlling/packagecontroller/PackageController$11.class
   JD: Core.jar/jd/controlling/packagecontroller/PackageController$12.class
   JD: Core.jar/jd/controlling/packagecontroller/PackageController$13.class
   JD: Core.jar/jd/controlling/packagecontroller/PackageController$14$1.class.removed
   JD: Core.jar/jd/controlling/packagecontroller/PackageController$14.class
   JD: Core.jar/jd/controlling/packagecontroller/PackageController$15.class
   JD: Core.jar/jd/controlling/packagecontroller/PackageController$2.class
   JD: Core.jar/jd/controlling/packagecontroller/PackageController$3.class
   JD: Core.jar/jd/controlling/packagecontroller/PackageController$4.class
   JD: Core.jar/jd/controlling/packagecontroller/PackageController$5.class
   JD: Core.jar/jd/controlling/packagecontroller/PackageController$6.class
   JD: Core.jar/jd/controlling/packagecontroller/PackageController$7.class
   JD: Core.jar/jd/controlling/packagecontroller/PackageController$8.class
   JD: Core.jar/jd/controlling/packagecontroller/PackageController$9.class
   JD: Core.jar/jd/controlling/packagecontroller/PackageController.class
   JD: Core.jar/jd/controlling/packagecontroller/PackageControllerComparator$1.class
   JD: Core.jar/jd/controlling/packagecontroller/PackageControllerComparator$2.class
   JD: Core.jar/jd/controlling/packagecontroller/PackageControllerComparator$3.class
   JD: Core.jar/jd/controlling/packagecontroller/PackageControllerComparator$4.class
   JD: Core.jar/jd/controlling/packagecontroller/PackageControllerComparator.class
   JD: Core.jar/jd/controlling/reconnect/pluginsinc/liveheader/CFG_LIVEHEADER.class
   JD: Core.jar/jd/controlling/reconnect/pluginsinc/upnp/UPNPReconnectInvoker.class
   JD: Core.jar/jd/controlling/reconnect/pluginsinc/upnp/cling/StreamClientImpl.class
   JD: Core.jar/jd/plugins/DefaultEditAccountPanel$1.class
   JD: Core.jar/jd/plugins/DefaultEditAccountPanel$2.class
   JD: Core.jar/jd/plugins/DefaultEditAccountPanel.class
   JD: Core.jar/jd/plugins/DownloadLink$1.class
   JD: Core.jar/jd/plugins/DownloadLink$2.class
   JD: Core.jar/jd/plugins/DownloadLink$3.class
   JD: Core.jar/jd/plugins/DownloadLink$4.class
   JD: Core.jar/jd/plugins/DownloadLink$5.class
   JD: Core.jar/jd/plugins/DownloadLink$AvailableStatus.class
   JD: Core.jar/jd/plugins/DownloadLink.class
   JD: Core.jar/jd/plugins/DownloadLinkStorable$1.class
   JD: Core.jar/jd/plugins/DownloadLinkStorable$2.class
   JD: Core.jar/jd/plugins/DownloadLinkStorable$3.class
   JD: Core.jar/jd/plugins/DownloadLinkStorable.class
   JD: Core.jar/jd/plugins/FilePackage$1$1.class
   JD: Core.jar/jd/plugins/FilePackage$1.class
   JD: Core.jar/jd/plugins/FilePackage$2.class
   JD: Core.jar/jd/plugins/FilePackage.class
   JD: Core.jar/jd/plugins/Plugin$2.class
   JD: Core.jar/jd/plugins/Plugin$3.class
   JD: Core.jar/jd/plugins/Plugin$4.class
   JD: Core.jar/jd/plugins/Plugin.class
   JD: Core.jar/jd/plugins/PluginForDecrypt.class
   JD: Core.jar/jd/plugins/download/DownloadInterface$Chunk.class
   JD: Core.jar/jd/plugins/download/DownloadInterface.class
   JD: Core.jar/jd/plugins/download/raf/ChunkRange.class
   JD: Core.jar/jd/plugins/download/raf/HTTPChunk$1.class
   JD: Core.jar/jd/plugins/download/raf/HTTPChunk$2.class
   JD: Core.jar/jd/plugins/download/raf/HTTPChunk$ERROR.class
   JD: Core.jar/jd/plugins/download/raf/HTTPChunk.class
   JD: Core.jar/jd/plugins/download/raf/HTTPDownloader$2.class
   JD: Core.jar/jd/plugins/download/raf/HTTPDownloader$3.class
   JD: Core.jar/jd/plugins/download/raf/HTTPDownloader$VALIDATION.class
   JD: Core.jar/jd/plugins/download/raf/HTTPDownloader$VALIDATION_RESULT.class
   JD: Core.jar/jd/plugins/download/raf/HTTPDownloader.class
   JD: Core.jar/jd/websocket/WebSocketClient.class
   JD: Core.jar/org/jdownloader/captcha/v2/challenge/recaptcha/v2/AbstractRecaptchaV2$1.class
   JD: Core.jar/org/jdownloader/captcha/v2/challenge/recaptcha/v2/AbstractRecaptchaV2.class
   JD: Core.jar/org/jdownloader/captcha/v2/solver/browser/CFG_BROWSER_CAPTCHA_SOLVER.class
   JD: Core.jar/org/jdownloader/captcha/v2/solver/solver9kw/Captcha9kwSolver.class
   JD: Core.jar/org/jdownloader/controlling/ffmpeg/FFmpeg$1.class
   JD: Core.jar/org/jdownloader/controlling/ffmpeg/FFmpeg.class
   JD: Core.jar/org/jdownloader/dlc/DLCFactory$1.class
   JD: Core.jar/org/jdownloader/dlc/DLCFactory$2.class
   JD: Core.jar/org/jdownloader/dlc/DLCFactory$3.class
   JD: Core.jar/org/jdownloader/dlc/DLCFactory.class
   JD: Core.jar/org/jdownloader/downloader/hls/HLSDownloader$10.class
   JD: Core.jar/org/jdownloader/downloader/hls/HLSDownloader$6.class
   JD: Core.jar/org/jdownloader/downloader/hls/HLSDownloader$7.class
   JD: Core.jar/org/jdownloader/downloader/hls/HLSDownloader$8.class
   JD: Core.jar/org/jdownloader/downloader/hls/HLSDownloader$9.class
   JD: Core.jar/org/jdownloader/downloader/hls/HLSDownloader$M3U8SEGMENTSTATE.class
   JD: Core.jar/org/jdownloader/downloader/hls/HLSDownloader.class
   JD: Core.jar/org/jdownloader/downloader/segment/SegmentDownloader.class
   JD: Core.jar/org/jdownloader/gui/jdtrayicon/CFG_TRAY_CONFIG.class
   JD: Core.jar/org/jdownloader/gui/notify/gui/CFG_BUBBLE.class
   JD: Core.jar/org/jdownloader/gui/shortcuts/CFG_SHORTCUT.class
   JD: Core.jar/org/jdownloader/gui/toolbar/MenuManagerMainToolbar.class
   JD: Core.jar/org/jdownloader/gui/views/components/packagetable/PackageControllerTableModel.class
   JD: Core.jar/org/jdownloader/gui/views/components/packagetable/actions/SearchToolbarAction$1.class
   JD: Core.jar/org/jdownloader/gui/views/components/packagetable/actions/SearchToolbarAction.class
   JD: Core.jar/org/jdownloader/gui/views/components/packagetable/actions/SortPackagesDownloadOrdnerOnColumn$1.class.removed
   JD: Core.jar/org/jdownloader/gui/views/components/packagetable/actions/SortPackagesDownloadOrdnerOnColumn.class
   JD: Core.jar/org/jdownloader/gui/views/linkgrabber/bottombar/AutoConfirmStopAction$1.class
   JD: Core.jar/org/jdownloader/gui/views/linkgrabber/bottombar/AutoConfirmStopAction$2.class
   JD: Core.jar/org/jdownloader/gui/views/linkgrabber/bottombar/AutoConfirmStopAction$3.class
   JD: Core.jar/org/jdownloader/gui/views/linkgrabber/bottombar/AutoConfirmStopAction$4.class
   JD: Core.jar/org/jdownloader/gui/views/linkgrabber/bottombar/AutoConfirmStopAction$5.class
   JD: Core.jar/org/jdownloader/gui/views/linkgrabber/bottombar/AutoConfirmStopAction$6.class
   JD: Core.jar/org/jdownloader/gui/views/linkgrabber/bottombar/AutoConfirmStopAction.class
   JD: Core.jar/org/jdownloader/gui/views/linkgrabber/contextmenu/SortAction$1$1.class.removed
   JD: Core.jar/org/jdownloader/gui/views/linkgrabber/contextmenu/SortAction$1$2.class.removed
   JD: Core.jar/org/jdownloader/gui/views/linkgrabber/contextmenu/SortAction$1.class
   JD: Core.jar/org/jdownloader/gui/views/linkgrabber/contextmenu/SortAction.class
   JD: Core.jar/org/jdownloader/net/AutoBCSSLSocketStreamFactory$1.class
   JD: Core.jar/org/jdownloader/net/AutoBCSSLSocketStreamFactory.class
   JD: Core.jar/org/jdownloader/net/BCSSLSocketStreamFactory$1.class
   JD: Core.jar/org/jdownloader/net/BCSSLSocketStreamFactory$BCTLSSocketStreamTlsClient$1.class
   JD: Core.jar/org/jdownloader/net/BCSSLSocketStreamFactory$BCTLSSocketStreamTlsClient.class
   JD: Core.jar/org/jdownloader/net/BCSSLSocketStreamFactory.class
   JD: Core.jar/org/jdownloader/plugins/components/XFileSharingProBasic$1.class
   JD: Core.jar/org/jdownloader/plugins/components/XFileSharingProBasic$2.class
   JD: Core.jar/org/jdownloader/plugins/components/XFileSharingProBasic$URL_TYPE.class
   JD: Core.jar/org/jdownloader/plugins/components/XFileSharingProBasic$XFSApiAccountFactory$1.class
   JD: Core.jar/org/jdownloader/plugins/components/XFileSharingProBasic$XFSApiAccountFactory.class
   JD: Core.jar/org/jdownloader/plugins/components/XFileSharingProBasic.class
   JD: Core.jar/org/jdownloader/plugins/components/XFileSharingProBasicSpecialFilejoker.class
   JD: Core.jar/org/jdownloader/plugins/components/config/ArdConfigInterface.class
   JD: Core.jar/org/jdownloader/plugins/components/config/BiqleRuConfig$Quality$1.class
   JD: Core.jar/org/jdownloader/plugins/components/config/BiqleRuConfig$Quality$2.class
   JD: Core.jar/org/jdownloader/plugins/components/config/BiqleRuConfig$Quality$3.class
   JD: Core.jar/org/jdownloader/plugins/components/config/BiqleRuConfig$Quality$4.class
   JD: Core.jar/org/jdownloader/plugins/components/config/BiqleRuConfig$Quality$5.class
   JD: Core.jar/org/jdownloader/plugins/components/config/BiqleRuConfig$Quality$6.class.removed
   JD: Core.jar/org/jdownloader/plugins/components/config/BiqleRuConfig$Quality.class
   JD: Core.jar/org/jdownloader/plugins/components/config/BiqleRuConfig$QualitySelectionMode$1.class
   JD: Core.jar/org/jdownloader/plugins/components/config/BiqleRuConfig$QualitySelectionMode$2.class
   JD: Core.jar/org/jdownloader/plugins/components/config/BiqleRuConfig$QualitySelectionMode$3.class
   JD: Core.jar/org/jdownloader/plugins/components/config/BiqleRuConfig$QualitySelectionMode.class
   JD: Core.jar/org/jdownloader/plugins/components/config/BiqleRuConfig.class
   JD: Core.jar/org/jdownloader/plugins/components/config/ChipDeConfig.class
   JD: Core.jar/org/jdownloader/plugins/components/config/FileCryptConfig.class
   JD: Core.jar/org/jdownloader/plugins/components/config/PluralsightComConfig$TRANSLATION.class.removed
   JD: Core.jar/org/jdownloader/plugins/components/config/PluralsightComConfig.class
   JD: Core.jar/org/jdownloader/plugins/components/containers/VimeoContainer$Quality.class
   JD: Core.jar/org/jdownloader/plugins/components/containers/VimeoContainer$Source.class
   JD: Core.jar/org/jdownloader/plugins/components/containers/VimeoContainer.class
   JD: Core.jar/org/jdownloader/plugins/components/google/GoogleHelper.class
   JD: Core.jar/org/jdownloader/settings/GraphicalUserInterfaceSettings.class
   JD: Core.jar/org/jdownloader/settings/staticreferences/CFG_9KWCAPTCHA.class
   JD: Core.jar/org/jdownloader/settings/staticreferences/CFG_ANTICAPTCHA_COM.class
   JD: Core.jar/org/jdownloader/settings/staticreferences/CFG_API.class
   JD: Core.jar/org/jdownloader/settings/staticreferences/CFG_CAPTCHA.class
   JD: Core.jar/org/jdownloader/settings/staticreferences/CFG_CAPTCHA_SOLUTIONS.class
   JD: Core.jar/org/jdownloader/settings/staticreferences/CFG_CHEAP_CAPTCHA.class
   JD: Core.jar/org/jdownloader/settings/staticreferences/CFG_DBC.class
   JD: Core.jar/org/jdownloader/settings/staticreferences/CFG_END_CAPTCHA.class
   JD: Core.jar/org/jdownloader/settings/staticreferences/CFG_GENERAL.class
   JD: Core.jar/org/jdownloader/settings/staticreferences/CFG_GUI.class
   JD: Core.jar/org/jdownloader/settings/staticreferences/CFG_IMAGE_TYPERZ.class
   JD: Core.jar/org/jdownloader/settings/staticreferences/CFG_JAC_CAPTCHA_SOLVER.class
   JD: Core.jar/org/jdownloader/settings/staticreferences/CFG_LINKCOLLECTOR.class
   JD: Core.jar/org/jdownloader/settings/staticreferences/CFG_LINKFILTER.class
   JD: Core.jar/org/jdownloader/settings/staticreferences/CFG_LINKGRABBER.class
   JD: Core.jar/org/jdownloader/settings/staticreferences/CFG_PACKAGIZER.class
   JD: Core.jar/org/jdownloader/settings/staticreferences/CFG_RECONNECT.class
   JD: Core.jar/org/jdownloader/settings/staticreferences/CFG_SILENTMODE.class
   JD: Core.jar/org/jdownloader/settings/staticreferences/CFG_SOUND.class
   JD: Core.jar/org/jdownloader/settings/staticreferences/CFG_TWO_CAPTCHA.class
   JD: Core.jar/org/jdownloader/settings/staticreferences/CFG_YOUTUBE.class
   JD: extensions/AntiShutdown.jar/org/jdownloader/extensions/antistandby/CFG_ANTISTANDBY.class
   JD: extensions/Extraction.jar/org/jdownloader/extensions/extraction/CFG_EXTRACTION.class
   JD: extensions/Extraction.jar/org/jdownloader/extensions/extraction/split/SplitType$1.class
   JD: extensions/Extraction.jar/org/jdownloader/extensions/extraction/split/SplitType$2.class
   JD: extensions/Extraction.jar/org/jdownloader/extensions/extraction/split/SplitType$3.class
   JD: extensions/Extraction.jar/org/jdownloader/extensions/extraction/split/SplitType$4.class
   JD: extensions/Extraction.jar/org/jdownloader/extensions/extraction/split/SplitType.class
   JD: extensions/JDShutdown.jar/org/jdownloader/extensions/shutdown/CFG_SHUTDOWN.class
   JD: libs/JDGUI.jar/jd/gui/swing/dialog/AboutDialog$1.class
   JD: libs/JDGUI.jar/jd/gui/swing/dialog/AboutDialog$2$1.class
   JD: libs/JDGUI.jar/jd/gui/swing/dialog/AboutDialog$2.class
   JD: libs/JDGUI.jar/jd/gui/swing/dialog/AboutDialog$3.class
   JD: libs/JDGUI.jar/jd/gui/swing/dialog/AboutDialog$4.class
   JD: libs/JDGUI.jar/jd/gui/swing/dialog/AboutDialog$5.class
   JD: libs/JDGUI.jar/jd/gui/swing/dialog/AboutDialog$6$1.class
   JD: libs/JDGUI.jar/jd/gui/swing/dialog/AboutDialog$6.class
   JD: libs/JDGUI.jar/jd/gui/swing/dialog/AboutDialog.class
   JD: libs/JDGUI.jar/jd/gui/swing/jdgui/views/settings/panels/MyJDownloaderSettingsPanel$1.class
   JD: libs/JDGUI.jar/jd/gui/swing/jdgui/views/settings/panels/MyJDownloaderSettingsPanel$10.class
   JD: libs/JDGUI.jar/jd/gui/swing/jdgui/views/settings/panels/MyJDownloaderSettingsPanel$11.class
   JD: libs/JDGUI.jar/jd/gui/swing/jdgui/views/settings/panels/MyJDownloaderSettingsPanel$12.class
   JD: libs/JDGUI.jar/jd/gui/swing/jdgui/views/settings/panels/MyJDownloaderSettingsPanel$13.class
   JD: libs/JDGUI.jar/jd/gui/swing/jdgui/views/settings/panels/MyJDownloaderSettingsPanel$2.class
   JD: libs/JDGUI.jar/jd/gui/swing/jdgui/views/settings/panels/MyJDownloaderSettingsPanel$3.class
   JD: libs/JDGUI.jar/jd/gui/swing/jdgui/views/settings/panels/MyJDownloaderSettingsPanel$4.class
   JD: libs/JDGUI.jar/jd/gui/swing/jdgui/views/settings/panels/MyJDownloaderSettingsPanel$5$1.class.removed
   JD: libs/JDGUI.jar/jd/gui/swing/jdgui/views/settings/panels/MyJDownloaderSettingsPanel$5.class
   JD: libs/JDGUI.jar/jd/gui/swing/jdgui/views/settings/panels/MyJDownloaderSettingsPanel$6$1.class
   JD: libs/JDGUI.jar/jd/gui/swing/jdgui/views/settings/panels/MyJDownloaderSettingsPanel$6.class
   JD: libs/JDGUI.jar/jd/gui/swing/jdgui/views/settings/panels/MyJDownloaderSettingsPanel$7$1.class
   JD: libs/JDGUI.jar/jd/gui/swing/jdgui/views/settings/panels/MyJDownloaderSettingsPanel$7.class
   JD: libs/JDGUI.jar/jd/gui/swing/jdgui/views/settings/panels/MyJDownloaderSettingsPanel$8$1.class
   JD: libs/JDGUI.jar/jd/gui/swing/jdgui/views/settings/panels/MyJDownloaderSettingsPanel$8.class
   JD: libs/JDGUI.jar/jd/gui/swing/jdgui/views/settings/panels/MyJDownloaderSettingsPanel$9.class
   JD: libs/JDGUI.jar/jd/gui/swing/jdgui/views/settings/panels/MyJDownloaderSettingsPanel.class
   JD: libs/JDHttp.jar/jd/http/Cookie.class
   JD: libs/JDHttp.jar/jd/http/Cookies.class
   JD: libs/JDHttp.jar/jd/http/requests/PostFormDataRequest.class
   JD: libs/JDHttp.jar/jd/http/requests/PostRequest.class
   JD: libs/JDUtils.jar/jd/nutils/encoding/HTMLEntities.class
   libs/JDGUI.jar
   libs/JDHttp.jar
   libs/JDUtils.jar
   libs/laf/flatlaf.license
