Wed Dec 08 11:15:25 CST 2021
Package: package_1638933278620.awf
Install
Write Revision: 15829
----------------Plugins----------------
   jd/plugins/decrypter/AdfLy.class
   jd/plugins/decrypter/ArchiveOrg.class
   jd/plugins/decrypter/Ardmediathek.class
   jd/plugins/decrypter/AtvAt$1.class
   jd/plugins/decrypter/AtvAt.class
   jd/plugins/decrypter/AvxHmeW$1.class
   jd/plugins/decrypter/AvxHmeW$2.class
   jd/plugins/decrypter/AvxHmeW.class
   jd/plugins/decrypter/BbcComDecrypter.class
   jd/plugins/decrypter/BcVc.class
   jd/plugins/decrypter/Bestcash2020Com.class
   jd/plugins/decrypter/BitchuteComChannel.class
   jd/plugins/decrypter/BloombergComDecrypter.class
   jd/plugins/decrypter/Brds4Chnrg$1.class
   jd/plugins/decrypter/Brds4Chnrg.class
   jd/plugins/decrypter/BteTo.class
   jd/plugins/decrypter/BucklerLink.class
   jd/plugins/decrypter/CamhubCc.class
   jd/plugins/decrypter/ChoMikujPl.class
   jd/plugins/decrypter/CnbcComDecrypter.class.removed
   jd/plugins/decrypter/CriptTo.class
   jd/plugins/decrypter/CtDiskComFolder.class
   jd/plugins/decrypter/CyberdropMeAlbum.class
   jd/plugins/decrypter/DaddyScriptsDaddysLinkProtector.class
   jd/plugins/decrypter/DanbooruDonmaiUs.class
   jd/plugins/decrypter/DatpiffComCrawler.class
   jd/plugins/decrypter/DefinebabeComDecrypter.class
   jd/plugins/decrypter/DegooCom.class
   jd/plugins/decrypter/DesixnxxNet.class.removed
   jd/plugins/decrypter/DiscoveryComDecrypter.class.removed
   jd/plugins/decrypter/DiskYandexNetFolder.class
   jd/plugins/decrypter/DownloadSaikoanimesNetFolder.class
   jd/plugins/decrypter/EhowComDecrypter.class.removed
   jd/plugins/decrypter/EightMusesComDecrypter.class
   jd/plugins/decrypter/EmbedUploadCom.class.removed
   jd/plugins/decrypter/EmuParadiseMe.class
   jd/plugins/decrypter/FEmbedDecrypter$1.class
   jd/plugins/decrypter/FEmbedDecrypter.class
   jd/plugins/decrypter/FacebookVideoShortURLs.class
   jd/plugins/decrypter/FcLc$1.class
   jd/plugins/decrypter/FcLc$2.class
   jd/plugins/decrypter/FcLc.class
   jd/plugins/decrypter/FileCryptCc.class
   jd/plugins/decrypter/FlickrCom$1.class
   jd/plugins/decrypter/FlickrCom$2.class
   jd/plugins/decrypter/FlickrCom$AlbumType.class
   jd/plugins/decrypter/FlickrCom$FlickrAlbum.class
   jd/plugins/decrypter/FlickrCom.class
   jd/plugins/decrypter/FourShareVnFolder.class
   jd/plugins/decrypter/FourSharedComFolder.class
   jd/plugins/decrypter/FromsmashComFolder.class
   jd/plugins/decrypter/Ftp$1.class
   jd/plugins/decrypter/Ftp$2.class
   jd/plugins/decrypter/Ftp$3.class
   jd/plugins/decrypter/Ftp.class
   jd/plugins/decrypter/FucktubeCom.class
   jd/plugins/decrypter/GenericM3u8Decrypter.class
   jd/plugins/decrypter/GenericRedirectors.class
   jd/plugins/decrypter/GenericXFileShareProFolder.class
   jd/plugins/decrypter/GenericYetiShareFolder.class
   jd/plugins/decrypter/GetComics.class
   jd/plugins/decrypter/GirlsReleasedCom$PageType.class
   jd/plugins/decrypter/GirlsReleasedCom.class
   jd/plugins/decrypter/GldSlTo.class
   jd/plugins/decrypter/GoFileIo.class
   jd/plugins/decrypter/GoogleDrive.class
   jd/plugins/decrypter/GoogleDriveDirectoryIndex.class
   jd/plugins/decrypter/GronkhTv.class
   jd/plugins/decrypter/HidriveComCrawler.class
   jd/plugins/decrypter/HighTailComDecrypter.class
   jd/plugins/decrypter/HotSpotComMy.class
   jd/plugins/decrypter/HqpornerCom.class
   jd/plugins/decrypter/ImgurComGallery$1.class
   jd/plugins/decrypter/ImgurComGallery.class
   jd/plugins/decrypter/InstaGramComDecrypter$1.class
   jd/plugins/decrypter/InstaGramComDecrypter.class
   jd/plugins/decrypter/IwaraTv.class
   jd/plugins/decrypter/KeepLinksMe.class
   jd/plugins/decrypter/KinoxTo.class
   jd/plugins/decrypter/LinkjustCom.class
   jd/plugins/decrypter/Loan2hostCom.class
   jd/plugins/decrypter/LockmyLink.class
   jd/plugins/decrypter/MangaEdenCom.class
   jd/plugins/decrypter/MangaReaderNet.class.removed
   jd/plugins/decrypter/MangadexOrg.class
   jd/plugins/decrypter/MangahomeCom.class
   jd/plugins/decrypter/MaxstreamVideoCrawler.class
   jd/plugins/decrypter/Me2lineCom.class
   jd/plugins/decrypter/MegatvComDecrypter$1.class.removed
   jd/plugins/decrypter/MegatvComDecrypter.class.removed
   jd/plugins/decrypter/MgfpCm.class
   jd/plugins/decrypter/MightyScriptAdLinkFly$1.class
   jd/plugins/decrypter/MightyScriptAdLinkFly$CaptchaType.class
   jd/plugins/decrypter/MightyScriptAdLinkFly.class
   jd/plugins/decrypter/MightyScriptAdLinkFlyDefault.class
   jd/plugins/decrypter/MotherLessCom.class
   jd/plugins/decrypter/MyMailRu.class
   jd/plugins/decrypter/NhentaiNet.class
   jd/plugins/decrypter/ORFMediathekDecrypter.class
   jd/plugins/decrypter/OkpussyComDecrypter.class.removed
   jd/plugins/decrypter/PerfectGirlsNet.class
   jd/plugins/decrypter/PhoenixDe.class.removed
   jd/plugins/decrypter/PicsVc.class
   jd/plugins/decrypter/PixabayComCrawler.class
   jd/plugins/decrypter/PixivNetGallery.class
   jd/plugins/decrypter/PluralsightComDecrypter.class
   jd/plugins/decrypter/PornCom.class
   jd/plugins/decrypter/PornEmbedParser.class
   jd/plugins/decrypter/PornHubCom.class
   jd/plugins/decrypter/PornportalComCrawler.class
   jd/plugins/decrypter/PornzizCom.class
   jd/plugins/decrypter/Q32Pw.class
   jd/plugins/decrypter/RecurbateComProfile.class
   jd/plugins/decrypter/ReverBnationCom.class
   jd/plugins/decrypter/Rlslg.class.removed
   jd/plugins/decrypter/RokfinCom.class
   jd/plugins/decrypter/RuTubeRuDecrypter.class
   jd/plugins/decrypter/Rule34Xxx.class
   jd/plugins/decrypter/RumbleCom.class
   jd/plugins/decrypter/ScribdCom.class
   jd/plugins/decrypter/ShooshtimeComCrawler.class
   jd/plugins/decrypter/ShrtflyVip.class
   jd/plugins/decrypter/SkaiGr.class.removed
   jd/plugins/decrypter/SpasteCom.class
   jd/plugins/decrypter/SrBox.class
   jd/plugins/decrypter/StaShDecrypter.class
   jd/plugins/decrypter/TedCom.class
   jd/plugins/decrypter/ThreehundredTwenteekMe.class.removed
   jd/plugins/decrypter/TmoFansCom.class.removed
   jd/plugins/decrypter/TumblrComDecrypter.class
   jd/plugins/decrypter/TwitVidComDecrypter.class.removed
   jd/plugins/decrypter/TwitterCom.class
   jd/plugins/decrypter/UnknownPornScript1Crawler.class
   jd/plugins/decrypter/VKontakteRu$1.class
   jd/plugins/decrypter/VKontakteRu.class
   jd/plugins/decrypter/Video2brainComDecrypter.class.removed
   jd/plugins/decrypter/VideoOnlineUaDecrypter.class.removed
   jd/plugins/decrypter/VipergirlsToBoard.class
   jd/plugins/decrypter/VivaTvDecrypt.class
   jd/plugins/decrypter/WebtoonsCom.class
   jd/plugins/decrypter/WorldStarHipHopComDecrypter.class
   jd/plugins/decrypter/WstreamVideo.class.removed
   jd/plugins/decrypter/XHamsterGallery.class
   jd/plugins/decrypter/XnXxComCrawler.class
   jd/plugins/decrypter/XvideosComProfile.class
   jd/plugins/decrypter/XxxSslCom.class.removed
   jd/plugins/decrypter/ZDFMediathekDecrypter$QUALITY.class
   jd/plugins/decrypter/ZDFMediathekDecrypter.class
   jd/plugins/decrypter/ZpasteNet.class
   jd/plugins/hoster/ARDMediathek.class
   jd/plugins/hoster/AdulttimeCom.class
   jd/plugins/hoster/AfileCloud.class
   jd/plugins/hoster/AllDebridCom$1.class
   jd/plugins/hoster/AllDebridCom$2.class
   jd/plugins/hoster/AllDebridCom$3.class
   jd/plugins/hoster/AllDebridCom$AlldebridComConfig$TRANSLATION.class
   jd/plugins/hoster/AllDebridCom$AlldebridComConfig.class
   jd/plugins/hoster/AllDebridCom.class
   jd/plugins/hoster/AnalacrobatsCom.class
   jd/plugins/hoster/AnavidsCom.class.removed
   jd/plugins/hoster/AnavidzCom.class
   jd/plugins/hoster/AnimalplanetDe.class.removed
   jd/plugins/hoster/AnimeggOrg.class
   jd/plugins/hoster/AnonymousfilesIo.class.removed
   jd/plugins/hoster/AnyhentaiCom.class
   jd/plugins/hoster/ApkadminCom.class
   jd/plugins/hoster/ArchiveOrg.class
   jd/plugins/hoster/BayFilesCom.class
   jd/plugins/hoster/BeegCom.class
   jd/plugins/hoster/BibeltvDe.class
   jd/plugins/hoster/BicyclingCom.class.removed
   jd/plugins/hoster/BiguzNet.class
   jd/plugins/hoster/BookFiOrg.class
   jd/plugins/hoster/BowfileCom.class
   jd/plugins/hoster/BoxbitApp.class
   jd/plugins/hoster/BrfilesCom.class
   jd/plugins/hoster/BtafileCom.class
   jd/plugins/hoster/BundestagDe.class
   jd/plugins/hoster/ChedriveCom.class
   jd/plugins/hoster/ClipHunterCom.class
   jd/plugins/hoster/CloudUpCom.class
   jd/plugins/hoster/CnbcCom$1.class.removed
   jd/plugins/hoster/CnbcCom.class.removed
   jd/plugins/hoster/CnetCom.class
   jd/plugins/hoster/CocoleechCom.class
   jd/plugins/hoster/CommonsWikimediaOrg.class
   jd/plugins/hoster/CosmoBoxOrg.class
   jd/plugins/hoster/CoubCom.class
   jd/plugins/hoster/CtDiskCom$1.class
   jd/plugins/hoster/CtDiskCom.class
   jd/plugins/hoster/DanbooruDonmaiUs$1.class
   jd/plugins/hoster/DanbooruDonmaiUs.class
   jd/plugins/hoster/DatPiffCom.class
   jd/plugins/hoster/DataFileHostCom$1.class.removed
   jd/plugins/hoster/DataFileHostCom.class.removed
   jd/plugins/hoster/DdownloadCom.class
   jd/plugins/hoster/DefineBabeCom.class
   jd/plugins/hoster/DegooCom.class
   jd/plugins/hoster/DesixnxxNet.class.removed
   jd/plugins/hoster/DirectHTTP$2.class
   jd/plugins/hoster/DirectHTTP.class
   jd/plugins/hoster/DirtyshipCom.class
   jd/plugins/hoster/DiscoveryCom$1.class.removed
   jd/plugins/hoster/DiscoveryCom.class.removed
   jd/plugins/hoster/DiskYandexNet.class
   jd/plugins/hoster/DocplayerNet.class
   jd/plugins/hoster/DodownloadingCom.class
   jd/plugins/hoster/DoodstreamCom.class
   jd/plugins/hoster/DouyinCom.class
   jd/plugins/hoster/DownloadHr.class.removed
   jd/plugins/hoster/DownloaderGuru$1.class.removed
   jd/plugins/hoster/DownloaderGuru.class.removed
   jd/plugins/hoster/DrTuberCom$1.class
   jd/plugins/hoster/DrTuberCom.class
   jd/plugins/hoster/DropdocRu.class
   jd/plugins/hoster/DropgalaxyIn$1.class
   jd/plugins/hoster/DropgalaxyIn.class
   jd/plugins/hoster/DroplrCom.class.removed
   jd/plugins/hoster/DropmefilesComUa.class
   jd/plugins/hoster/DufileCom.class
   jd/plugins/hoster/EHowCom.class.removed
   jd/plugins/hoster/EPornerCom$1.class
   jd/plugins/hoster/EPornerCom.class
   jd/plugins/hoster/EasyuploadIo.class
   jd/plugins/hoster/EbaumsWorldCom.class.removed
   jd/plugins/hoster/EightMusesCom.class
   jd/plugins/hoster/EltrecetvComAr.class
   jd/plugins/hoster/EmuParadiseMe$EmuParadiseMeAccountFactory$1.class
   jd/plugins/hoster/EmuParadiseMe$EmuParadiseMeAccountFactory.class
   jd/plugins/hoster/EmuParadiseMe.class
   jd/plugins/hoster/EroxiaCom.class
   jd/plugins/hoster/EuronewsCom.class.removed
   jd/plugins/hoster/EvilAngelCom$1.class
   jd/plugins/hoster/EvilAngelCom$2.class
   jd/plugins/hoster/EvilAngelCom$3.class
   jd/plugins/hoster/EvilAngelCom.class
   jd/plugins/hoster/EvilangelCore$1.class
   jd/plugins/hoster/EvilangelCore$2.class
   jd/plugins/hoster/EvilangelCore$3.class
   jd/plugins/hoster/EvilangelCore.class
   jd/plugins/hoster/FEmbedCom.class
   jd/plugins/hoster/FShareVn$1.class
   jd/plugins/hoster/FShareVn$2.class
   jd/plugins/hoster/FShareVn.class
   jd/plugins/hoster/FaceBookComVideos$1.class
   jd/plugins/hoster/FaceBookComVideos.class
   jd/plugins/hoster/FacecastNet.class
   jd/plugins/hoster/FakirdebridNet$1.class
   jd/plugins/hoster/FakirdebridNet$FakirdebridNetAccountFactory$1.class
   jd/plugins/hoster/FakirdebridNet$FakirdebridNetAccountFactory.class
   jd/plugins/hoster/FakirdebridNet.class
   jd/plugins/hoster/FanBridgeCom.class.removed
   jd/plugins/hoster/FantasymassageCom.class
   jd/plugins/hoster/FastDriveIo.class
   jd/plugins/hoster/FastPicRu.class
   jd/plugins/hoster/FastclickTo.class
   jd/plugins/hoster/FastfilesPl.class.removed
   jd/plugins/hoster/FastixRu.class
   jd/plugins/hoster/FayloobmennikCloud.class
   jd/plugins/hoster/File2HostCom.class
   jd/plugins/hoster/File4Net$1.class
   jd/plugins/hoster/File4Net.class
   jd/plugins/hoster/File4SafeCom.class
   jd/plugins/hoster/FileBigNet.class
   jd/plugins/hoster/FileBoomMe.class
   jd/plugins/hoster/FileHippoCom.class
   jd/plugins/hoster/FileJokerNet.class
   jd/plugins/hoster/FilePupNet.class
   jd/plugins/hoster/FileShareTop$1.class.removed
   jd/plugins/hoster/FileShareTop.class.removed
   jd/plugins/hoster/FileSpaceOrg.class
   jd/plugins/hoster/FileToLinkCom.class.removed
   jd/plugins/hoster/FileUploadDotnet$1.class
   jd/plugins/hoster/FileUploadDotnet.class
   jd/plugins/hoster/FileaxaCom.class
   jd/plugins/hoster/FilebinNet.class
   jd/plugins/hoster/FileinfinityCom.class.removed
   jd/plugins/hoster/FilemiaCo.class.removed
   jd/plugins/hoster/FilerNet.class
   jd/plugins/hoster/FilesDlanDpUa.class
   jd/plugins/hoster/FilesUploadOrg.class.removed
   jd/plugins/hoster/FileshareRo.class
   jd/plugins/hoster/FilesloopCom.class.removed
   jd/plugins/hoster/FilespaceCom.class
   jd/plugins/hoster/FilestoreTo.class
   jd/plugins/hoster/FiletransferIo.class
   jd/plugins/hoster/FlashfilesCom.class
   jd/plugins/hoster/FlickrCom$1.class
   jd/plugins/hoster/FlickrCom$2.class
   jd/plugins/hoster/FlickrCom$PhotoQuality$1.class
   jd/plugins/hoster/FlickrCom$PhotoQuality$10.class
   jd/plugins/hoster/FlickrCom$PhotoQuality$11.class
   jd/plugins/hoster/FlickrCom$PhotoQuality$12.class
   jd/plugins/hoster/FlickrCom$PhotoQuality$13.class
   jd/plugins/hoster/FlickrCom$PhotoQuality$14.class
   jd/plugins/hoster/FlickrCom$PhotoQuality$15.class
   jd/plugins/hoster/FlickrCom$PhotoQuality$16.class
   jd/plugins/hoster/FlickrCom$PhotoQuality$17.class
   jd/plugins/hoster/FlickrCom$PhotoQuality$2.class
   jd/plugins/hoster/FlickrCom$PhotoQuality$3.class
   jd/plugins/hoster/FlickrCom$PhotoQuality$4.class
   jd/plugins/hoster/FlickrCom$PhotoQuality$5.class
   jd/plugins/hoster/FlickrCom$PhotoQuality$6.class
   jd/plugins/hoster/FlickrCom$PhotoQuality$7.class
   jd/plugins/hoster/FlickrCom$PhotoQuality$8.class
   jd/plugins/hoster/FlickrCom$PhotoQuality$9.class
   jd/plugins/hoster/FlickrCom$PhotoQuality.class
   jd/plugins/hoster/FlickrCom$VideoQuality$1.class
   jd/plugins/hoster/FlickrCom$VideoQuality$2.class
   jd/plugins/hoster/FlickrCom$VideoQuality$3.class
   jd/plugins/hoster/FlickrCom$VideoQuality.class
   jd/plugins/hoster/FlickrCom.class
   jd/plugins/hoster/FlorenfileCom.class
   jd/plugins/hoster/FluidPlayer.class
   jd/plugins/hoster/FourShareVn$1.class
   jd/plugins/hoster/FourShareVn.class
   jd/plugins/hoster/FourSharedCom.class
   jd/plugins/hoster/FrancetelevisionsCom.class
   jd/plugins/hoster/Free18Net.class
   jd/plugins/hoster/FreeDiscPl.class
   jd/plugins/hoster/FreeFuckVidzCom.class
   jd/plugins/hoster/FreeM3DownloadNet.class
   jd/plugins/hoster/FromsmashCom.class
   jd/plugins/hoster/FtmboxTop.class
   jd/plugins/hoster/Ftp$1.class
   jd/plugins/hoster/Ftp$2.class
   jd/plugins/hoster/Ftp.class
   jd/plugins/hoster/FucktubeCom.class.removed
   jd/plugins/hoster/FunkNet.class.removed
   jd/plugins/hoster/FuxCom.class
   jd/plugins/hoster/GamMapCm.class
   jd/plugins/hoster/GamerNl.class.removed
   jd/plugins/hoster/GamesDatabaseCom.class
   jd/plugins/hoster/GamovideoCom.class
   jd/plugins/hoster/GeTt.class.removed
   jd/plugins/hoster/GenericImgShot.class
   jd/plugins/hoster/GeraGeraComBr.class.removed
   jd/plugins/hoster/GirlShareRo.class
   jd/plugins/hoster/GirlfriendvideosCom.class
   jd/plugins/hoster/GoUploadCom.class
   jd/plugins/hoster/GofileIo.class
   jd/plugins/hoster/GoogleDrive$1.class
   jd/plugins/hoster/GoogleDrive$2.class
   jd/plugins/hoster/GoogleDrive.class
   jd/plugins/hoster/GoogleDriveDirectoryIndex.class
   jd/plugins/hoster/Grab8Com$1.class
   jd/plugins/hoster/Grab8Com.class
   jd/plugins/hoster/GulfUpCom.class
   jd/plugins/hoster/HanimeTv.class
   jd/plugins/hoster/HarefileCom.class
   jd/plugins/hoster/HdPussyXxx.class
   jd/plugins/hoster/HearthisAt.class
   jd/plugins/hoster/HentaiDudeCom.class
   jd/plugins/hoster/HidriveCom.class
   jd/plugins/hoster/HighWayCore$1.class
   jd/plugins/hoster/HighWayCore$2.class
   jd/plugins/hoster/HighWayCore.class
   jd/plugins/hoster/HighWayMe$1.class.removed
   jd/plugins/hoster/HighWayMe$HighWayMeConfigInterface.class.removed
   jd/plugins/hoster/HighWayMe.class.removed
   jd/plugins/hoster/HighWayMe2$1.class
   jd/plugins/hoster/HighWayMe2$2.class
   jd/plugins/hoster/HighWayMe2$HighWayMeConfigInterface$Translation.class
   jd/plugins/hoster/HighWayMe2$HighWayMeConfigInterface.class
   jd/plugins/hoster/HighWayMe2.class
   jd/plugins/hoster/HightailCom.class
   jd/plugins/hoster/HogTv.class
   jd/plugins/hoster/HotlinkCc.class
   jd/plugins/hoster/HqcollectMe.class.removed
   jd/plugins/hoster/HqcollectNet.class
   jd/plugins/hoster/ImageFap$1.class
   jd/plugins/hoster/ImageFap$2.class
   jd/plugins/hoster/ImageFap.class
   jd/plugins/hoster/ImageVenueCom.class
   jd/plugins/hoster/ImagezillaNet.class.removed
   jd/plugins/hoster/ImgBabesCom.class
   jd/plugins/hoster/ImgbbCo.class
   jd/plugins/hoster/ImgurComHoster$1.class
   jd/plugins/hoster/ImgurComHoster$2.class
   jd/plugins/hoster/ImgurComHoster$3.class
   jd/plugins/hoster/ImgurComHoster$4.class
   jd/plugins/hoster/ImgurComHoster$5.class
   jd/plugins/hoster/ImgurComHoster$6.class
   jd/plugins/hoster/ImgurComHoster$RESPONSE_TYPE.class
   jd/plugins/hoster/ImgurComHoster.class
   jd/plugins/hoster/IwaraTv.class
   jd/plugins/hoster/JkrishnamurtiOrg.class.removed
   jd/plugins/hoster/JoinPeerTubeOrg.class
   jd/plugins/hoster/K2SApi$1.class
   jd/plugins/hoster/K2SApi$2.class
   jd/plugins/hoster/K2SApi$3.class
   jd/plugins/hoster/K2SApi$4.class.removed
   jd/plugins/hoster/K2SApi$5.class.removed
   jd/plugins/hoster/K2SApi$CAPTCHA.class
   jd/plugins/hoster/K2SApi.class
   jd/plugins/hoster/KathtvOrg.class.removed
   jd/plugins/hoster/Keep2ShareCc.class
   jd/plugins/hoster/KenfilesCom.class
   jd/plugins/hoster/KernelVideoSharingComV2$1.class
   jd/plugins/hoster/KernelVideoSharingComV2.class
   jd/plugins/hoster/KernelVideoSharingComV2HostsDefault.class
   jd/plugins/hoster/KernelVideoSharingComV2HostsDefault3.class
   jd/plugins/hoster/KinkCom$1.class
   jd/plugins/hoster/KinkCom.class
   jd/plugins/hoster/KwikCx.class
   jd/plugins/hoster/LbryTv.class
   jd/plugins/hoster/LibGenInfo.class
   jd/plugins/hoster/LinkSnappyCom$1.class
   jd/plugins/hoster/LinkSnappyCom$LinkSnappyComConfig$TRANSLATION.class
   jd/plugins/hoster/LinkSnappyCom$LinkSnappyComConfig.class
   jd/plugins/hoster/LinkSnappyCom.class
   jd/plugins/hoster/LiteroticaCom.class
   jd/plugins/hoster/LiveMixTapesCom.class
   jd/plugins/hoster/LocalHostrCom.class
   jd/plugins/hoster/LololyricsCom.class
   jd/plugins/hoster/Luv2skeetCom.class
   jd/plugins/hoster/MaisUolComBr.class
   jd/plugins/hoster/MangaedenCom.class
   jd/plugins/hoster/Mangafox.class
   jd/plugins/hoster/MangahomeCom.class.removed
   jd/plugins/hoster/MaxstreamVideo.class
   jd/plugins/hoster/MediafilesCc.class
   jd/plugins/hoster/MediasetplayMediasetIt.class
   jd/plugins/hoster/Mega4upCom.class
   jd/plugins/hoster/MegafileCc.class
   jd/plugins/hoster/MegatvCom.class.removed
   jd/plugins/hoster/MetacafeCom.class.removed
   jd/plugins/hoster/MilfzrCom.class
   jd/plugins/hoster/MixdropCo.class
   jd/plugins/hoster/ModsTo.class
   jd/plugins/hoster/ModsfireCom.class
   jd/plugins/hoster/MonpartageFr.class
   jd/plugins/hoster/MotherLessCom.class
   jd/plugins/hoster/Mp3redCo.class.removed
   jd/plugins/hoster/MyMailRu$1.class
   jd/plugins/hoster/MyMailRu.class
   jd/plugins/hoster/NbcCom.class.removed
   jd/plugins/hoster/NewsAstraWebCom$1.class
   jd/plugins/hoster/NewsAstraWebCom.class
   jd/plugins/hoster/NewsDemonCom.class
   jd/plugins/hoster/NicoVideoJp.class
   jd/plugins/hoster/NinjastreamTo$1.class.removed
   jd/plugins/hoster/NinjastreamTo.class
   jd/plugins/hoster/NitroFlareCom.class
   jd/plugins/hoster/NovaFileCom.class
   jd/plugins/hoster/ORFMediathek$1.class
   jd/plugins/hoster/ORFMediathek.class
   jd/plugins/hoster/Offline.class
   jd/plugins/hoster/OkRu$1.class
   jd/plugins/hoster/OkRu.class
   jd/plugins/hoster/OkpussyCom.class.removed
   jd/plugins/hoster/OkstreamCc.class
   jd/plugins/hoster/OneFichierCom$OnefichierAccountFactory$1.class
   jd/plugins/hoster/OneFichierCom$OnefichierAccountFactory.class
   jd/plugins/hoster/OneFichierCom.class
   jd/plugins/hoster/OnfCa.class
   jd/plugins/hoster/OxyCloud.class
   jd/plugins/hoster/PalcomixCom.class
   jd/plugins/hoster/PbsOrg.class
   jd/plugins/hoster/PerfectGirlsNet.class
   jd/plugins/hoster/PhoenixDe.class.removed
   jd/plugins/hoster/PixivNet$1.class
   jd/plugins/hoster/PixivNet$2.class
   jd/plugins/hoster/PixivNet$3.class
   jd/plugins/hoster/PixivNet$4.class
   jd/plugins/hoster/PixivNet$5.class
   jd/plugins/hoster/PixivNet.class
   jd/plugins/hoster/PlayVidCom.class
   jd/plugins/hoster/PlaytubeWs.class.removed
   jd/plugins/hoster/PornHubCom$1.class
   jd/plugins/hoster/PornHubCom$BouncyCastleAESCounterModeDecrypt.class
   jd/plugins/hoster/PornHubCom.class
   jd/plugins/hoster/PornboxVideo.class.removed
   jd/plugins/hoster/PorndigCom.class
   jd/plugins/hoster/PornhdCom.class
   jd/plugins/hoster/PornportalCom.class
   jd/plugins/hoster/PornsocketCom.class
   jd/plugins/hoster/PreFilesCom.class
   jd/plugins/hoster/PremboxCom.class
   jd/plugins/hoster/PremiumizeMe$PremiumizeAccountFactory.class
   jd/plugins/hoster/PremiumizeMe.class
   jd/plugins/hoster/PrimarywaveCom.class.removed
   jd/plugins/hoster/PrimeMusicRu.class
   jd/plugins/hoster/ProSevenDe.class
   jd/plugins/hoster/PubgFileSi.class
   jd/plugins/hoster/Publish2Me$1.class
   jd/plugins/hoster/Publish2Me.class
   jd/plugins/hoster/PussyCom.class.removed
   jd/plugins/hoster/PutloadTv.class.removed
   jd/plugins/hoster/QtyFilesCom.class
   jd/plugins/hoster/RapidGatorNet.class
   jd/plugins/hoster/RapidtrafficPl$1.class
   jd/plugins/hoster/RapidtrafficPl$2.class
   jd/plugins/hoster/RapidtrafficPl.class
   jd/plugins/hoster/RarbgTo.class
   jd/plugins/hoster/RarlinkCom.class
   jd/plugins/hoster/RecurbateCom$1.class
   jd/plugins/hoster/RecurbateCom.class
   jd/plugins/hoster/RedBunkerNet.class
   jd/plugins/hoster/ResearchgateNet.class
   jd/plugins/hoster/ReverBnationComHoster$1.class.removed
   jd/plugins/hoster/ReverBnationComHoster$2.class.removed
   jd/plugins/hoster/ReverBnationComHoster.class
   jd/plugins/hoster/RomulationOrg.class
   jd/plugins/hoster/RosefileNet.class
   jd/plugins/hoster/RtbfBe$RtbfBeConfigInterface$TRANSLATION.class
   jd/plugins/hoster/RtbfBe$RtbfBeConfigInterface.class
   jd/plugins/hoster/RtbfBe.class
   jd/plugins/hoster/RuTubeRu.class
   jd/plugins/hoster/RuschTvCom.class.removed
   jd/plugins/hoster/SaveTv.class
   jd/plugins/hoster/ScribdCom.class
   jd/plugins/hoster/SdilejCz.class
   jd/plugins/hoster/SecretfileNet.class
   jd/plugins/hoster/SendCm.class
   jd/plugins/hoster/ServusCom$1.class
   jd/plugins/hoster/ServusCom$ApiType.class
   jd/plugins/hoster/ServusCom.class
   jd/plugins/hoster/SevenTwoDjCom.class
   jd/plugins/hoster/SextvxCom.class
   jd/plugins/hoster/SexvclPw.class.removed
   jd/plugins/hoster/SharingWtf.class
   jd/plugins/hoster/ShesFreakyCom.class
   jd/plugins/hoster/ShooshTimeCom.class.removed
   jd/plugins/hoster/ShooshtimeCom.class
   jd/plugins/hoster/SigmatvCom.class
   jd/plugins/hoster/SimplyPremiumCom.class.removed
   jd/plugins/hoster/SimplyPremiumCom2$1.class
   jd/plugins/hoster/SimplyPremiumCom2$2.class
   jd/plugins/hoster/SimplyPremiumCom2$SimplyPremiumAccountFactory$1.class
   jd/plugins/hoster/SimplyPremiumCom2$SimplyPremiumAccountFactory.class
   jd/plugins/hoster/SimplyPremiumCom2$SimplyPremiumComConfigInterface$Translation.class
   jd/plugins/hoster/SimplyPremiumCom2$SimplyPremiumComConfigInterface.class
   jd/plugins/hoster/SimplyPremiumCom2.class
   jd/plugins/hoster/SkaiGr.class.removed
   jd/plugins/hoster/SoundcloudCom$1.class
   jd/plugins/hoster/SoundcloudCom$2.class
   jd/plugins/hoster/SoundcloudCom$3.class
   jd/plugins/hoster/SoundcloudCom$AudioQualitySelectionMode$1.class
   jd/plugins/hoster/SoundcloudCom$AudioQualitySelectionMode$2.class
   jd/plugins/hoster/SoundcloudCom$AudioQualitySelectionMode$3.class
   jd/plugins/hoster/SoundcloudCom$AudioQualitySelectionMode.class
   jd/plugins/hoster/SoundcloudCom.class
   jd/plugins/hoster/SpinrillaCom.class
   jd/plugins/hoster/SproutVideoCom.class
   jd/plugins/hoster/SqlGg.class
   jd/plugins/hoster/StaSh.class
   jd/plugins/hoster/StreamlandTo.class.removed
   jd/plugins/hoster/StreamsbNet.class
   jd/plugins/hoster/StreamtapeCom.class
   jd/plugins/hoster/StreamtyCom.class.removed
   jd/plugins/hoster/StreamwireNet.class.removed
   jd/plugins/hoster/StreamzCc.class
   jd/plugins/hoster/SubSceneCom.class
   jd/plugins/hoster/SupervideoTv.class
   jd/plugins/hoster/TakefileLink.class
   jd/plugins/hoster/TelviDe.class.removed
   jd/plugins/hoster/TezFilesCom$1.class
   jd/plugins/hoster/TezFilesCom.class
   jd/plugins/hoster/Tf1Fr.class
   jd/plugins/hoster/ThevideosGa.class.removed
   jd/plugins/hoster/TiktokCom.class
   jd/plugins/hoster/TokyoTubeCom.class.removed
   jd/plugins/hoster/TokyomotionNet.class
   jd/plugins/hoster/TrendypornCom.class
   jd/plugins/hoster/TrillHDCom.class.removed
   jd/plugins/hoster/TropicShareCom.class
   jd/plugins/hoster/Tube8Com$BouncyCastleAESCounterModeDecrypt.class
   jd/plugins/hoster/Tube8Com.class
   jd/plugins/hoster/TubeMioCom.class.removed
   jd/plugins/hoster/TunePk.class
   jd/plugins/hoster/TvSmeSk.class.removed
   jd/plugins/hoster/TviIolPt.class.removed
   jd/plugins/hoster/TwitVidCom.class.removed
   jd/plugins/hoster/TwitterCom$1.class
   jd/plugins/hoster/TwitterCom$TwitterConfigInterface$TRANSLATION.class
   jd/plugins/hoster/TwitterCom$TwitterConfigInterface.class
   jd/plugins/hoster/TwitterCom.class
   jd/plugins/hoster/TwoHundredTwentyRo.class.removed
   jd/plugins/hoster/TwobayOrg.class
   jd/plugins/hoster/TxxxCom.class
   jd/plugins/hoster/UbiqfileCom.class
   jd/plugins/hoster/UdlTo.class
   jd/plugins/hoster/UfileIo.class
   jd/plugins/hoster/Unkn0wnCloud.class
   jd/plugins/hoster/UnknownPornScript1.class
   jd/plugins/hoster/UnknownPornScript8.class
   jd/plugins/hoster/UploadAc.class
   jd/plugins/hoster/UploadMbCom.class.removed
   jd/plugins/hoster/UploadTn.class
   jd/plugins/hoster/UploadeverCom.class
   jd/plugins/hoster/UploadgigCom.class
   jd/plugins/hoster/UploadhavenCom.class
   jd/plugins/hoster/UploadingVn.class
   jd/plugins/hoster/UploadmxCom.class
   jd/plugins/hoster/UploadyIo.class
   jd/plugins/hoster/UpstoRe.class
   jd/plugins/hoster/UseNetEwekaNl.class
   jd/plugins/hoster/UsenextCom.class
   jd/plugins/hoster/UserloadCo.class
   jd/plugins/hoster/VKontakteRuHoster$1.class
   jd/plugins/hoster/VKontakteRuHoster$Quality$1.class
   jd/plugins/hoster/VKontakteRuHoster$Quality$2.class
   jd/plugins/hoster/VKontakteRuHoster$Quality$3.class
   jd/plugins/hoster/VKontakteRuHoster$Quality$4.class
   jd/plugins/hoster/VKontakteRuHoster$Quality$5.class
   jd/plugins/hoster/VKontakteRuHoster$Quality$6.class
   jd/plugins/hoster/VKontakteRuHoster$Quality.class
   jd/plugins/hoster/VKontakteRuHoster$QualitySelectionMode$1.class
   jd/plugins/hoster/VKontakteRuHoster$QualitySelectionMode$2.class
   jd/plugins/hoster/VKontakteRuHoster$QualitySelectionMode$3.class
   jd/plugins/hoster/VKontakteRuHoster$QualitySelectionMode$4.class
   jd/plugins/hoster/VKontakteRuHoster$QualitySelectionMode.class
   jd/plugins/hoster/VKontakteRuHoster.class
   jd/plugins/hoster/VShareEu.class.removed
   jd/plugins/hoster/VddlrCm.class.removed
   jd/plugins/hoster/VeeHdCom.class.removed
   jd/plugins/hoster/VidcloudCo$VidcloudConfigInterface$TRANSLATION.class
   jd/plugins/hoster/VidcloudCo$VidcloudConfigInterface.class
   jd/plugins/hoster/VidcloudCo.class
   jd/plugins/hoster/Video2brainCom.class.removed
   jd/plugins/hoster/VideoFCTwoCom.class
   jd/plugins/hoster/VideoOnlineUa.class.removed
   jd/plugins/hoster/VideobinCo.class
   jd/plugins/hoster/VideokoTo.class.removed
   jd/plugins/hoster/VideovardSx.class
   jd/plugins/hoster/VidfastCo.class.removed
   jd/plugins/hoster/VidmolyTo.class
   jd/plugins/hoster/VidobaNet.class.removed
   jd/plugins/hoster/VidozaNet.class
   jd/plugins/hoster/VidrobaCom.class
   jd/plugins/hoster/VidsMySpaceCom.class
   jd/plugins/hoster/VidsharTv.class
   jd/plugins/hoster/VidtodoCom.class.removed
   jd/plugins/hoster/VidyardCom.class
   jd/plugins/hoster/VimeoCom$1.class
   jd/plugins/hoster/VimeoCom$VIMEO_URL_TYPE.class
   jd/plugins/hoster/VimeoCom$WrongRefererException.class
   jd/plugins/hoster/VimeoCom.class
   jd/plugins/hoster/VinloadCom.class
   jd/plugins/hoster/ViprIm.class
   jd/plugins/hoster/VitaminoGretmenCom.class
   jd/plugins/hoster/VivaTv.class
   jd/plugins/hoster/VtubeTo.class
   jd/plugins/hoster/VuploadCom.class
   jd/plugins/hoster/WorkuploadCom.class
   jd/plugins/hoster/WorldStarHipHopCom.class
   jd/plugins/hoster/WplikCom.class
   jd/plugins/hoster/WrzucajplikiPl.class
   jd/plugins/hoster/WstreamVideo.class.removed
   jd/plugins/hoster/WuShareCom.class
   jd/plugins/hoster/XHamsterCom$1.class
   jd/plugins/hoster/XHamsterCom.class
   jd/plugins/hoster/XTubeCom.class.removed
   jd/plugins/hoster/XbabeCom.class
   jd/plugins/hoster/XfileloadsCom.class
   jd/plugins/hoster/XfilesharingCom.class
   jd/plugins/hoster/XnXxCom.class.removed
   jd/plugins/hoster/XnxxGold.class
   jd/plugins/hoster/XubsterCom.class
   jd/plugins/hoster/XvideosCom$1.class.removed
   jd/plugins/hoster/XvideosCom.class
   jd/plugins/hoster/XvideosCore$1.class
   jd/plugins/hoster/XvideosCore.class
   jd/plugins/hoster/YetifileCom.class
   jd/plugins/hoster/YoudboxCom.class
   jd/plugins/hoster/YoutubeDashV2$1.class
   jd/plugins/hoster/YoutubeDashV2$10.class
   jd/plugins/hoster/YoutubeDashV2$11.class
   jd/plugins/hoster/YoutubeDashV2$12.class
   jd/plugins/hoster/YoutubeDashV2$13.class
   jd/plugins/hoster/YoutubeDashV2$14.class
   jd/plugins/hoster/YoutubeDashV2$15.class
   jd/plugins/hoster/YoutubeDashV2$16$1.class
   jd/plugins/hoster/YoutubeDashV2$16.class
   jd/plugins/hoster/YoutubeDashV2$17.class
   jd/plugins/hoster/YoutubeDashV2$2.class
   jd/plugins/hoster/YoutubeDashV2$3.class
   jd/plugins/hoster/YoutubeDashV2$4.class
   jd/plugins/hoster/YoutubeDashV2$5$1.class
   jd/plugins/hoster/YoutubeDashV2$5.class
   jd/plugins/hoster/YoutubeDashV2$6.class
   jd/plugins/hoster/YoutubeDashV2$7.class
   jd/plugins/hoster/YoutubeDashV2$8.class
   jd/plugins/hoster/YoutubeDashV2$9.class
   jd/plugins/hoster/YoutubeDashV2$DashDownloadPluginProgress.class
   jd/plugins/hoster/YoutubeDashV2.class
   jd/plugins/hoster/ZapiszSe.class
   jd/plugins/hoster/ZaycevNet.class
   jd/plugins/hoster/ZdfDeMediathek$ZdfmediathekConfigInterface$TRANSLATION.class
   jd/plugins/hoster/ZdfDeMediathek$ZdfmediathekConfigInterface.class
   jd/plugins/hoster/ZdfDeMediathek.class
   jd/plugins/hoster/ZeroshareMe.class
   jd/plugins/hoster/ZeveraCom$ZeveraAccountFactory.class
   jd/plugins/hoster/ZeveraCom.class
   jd/plugins/hoster/ZeveraCore$1.class
   jd/plugins/hoster/ZeveraCore$2.class
   jd/plugins/hoster/ZeveraCore$3.class
   jd/plugins/hoster/ZeveraCore.class
   jd/plugins/hoster/ZoomUs.class
----------------Extensions----------------
   extensions/Extraction.jar
----------------Direct Files----------------
   build.json
   translations/org/appwork/utils/locale/AWUTranslation.zh__hans.lng
   translations/org/appwork/utils/logging2/sendlogs/LogSenderTranslation.bs.lng
   translations/org/appwork/utils/logging2/sendlogs/LogSenderTranslation.tr.lng
   translations/org/jdownloader/extensions/extraction/translate/ExtractionTranslation.zh__hans.lng
   translations/org/jdownloader/extensions/shutdown/translate/ShutdownTranslation.zh__hans.lng
   translations/org/jdownloader/gui/jdtrayicon/translate/TrayiconTranslation.tr.lng
   translations/org/jdownloader/gui/translate/GuiTranslation.bs.lng
   translations/org/jdownloader/gui/translate/GuiTranslation.pt_BR.lng
   translations/org/jdownloader/gui/translate/GuiTranslation.tr.lng
   translations/org/jdownloader/gui/translate/GuiTranslation.zh__hans.lng
   translations/org/jdownloader/translate/JdownloaderTranslation.bg.lng
   translations/org/jdownloader/translate/JdownloaderTranslation.bs.lng
   translations/org/jdownloader/translate/JdownloaderTranslation.ca.lng
   translations/org/jdownloader/translate/JdownloaderTranslation.el.lng
   translations/org/jdownloader/translate/JdownloaderTranslation.en.lng
   translations/org/jdownloader/translate/JdownloaderTranslation.en_AU.lng
   translations/org/jdownloader/translate/JdownloaderTranslation.es.lng
   translations/org/jdownloader/translate/JdownloaderTranslation.fr.lng
   translations/org/jdownloader/translate/JdownloaderTranslation.hr.lng
   translations/org/jdownloader/translate/JdownloaderTranslation.it.lng
   translations/org/jdownloader/translate/JdownloaderTranslation.ko.lng
   translations/org/jdownloader/translate/JdownloaderTranslation.pl.lng
   translations/org/jdownloader/translate/JdownloaderTranslation.pt_BR.lng
   translations/org/jdownloader/translate/JdownloaderTranslation.ru.lng
   translations/org/jdownloader/translate/JdownloaderTranslation.sv.lng
   translations/org/jdownloader/translate/JdownloaderTranslation.tr.lng
   translations/org/jdownloader/translate/JdownloaderTranslation.zh.lng
   translations/org/jdownloader/translate/JdownloaderTranslation.zh_CN.lng
   translations/org/jdownloader/translate/JdownloaderTranslation.zh_TW.lng
   translations/org/jdownloader/translate/JdownloaderTranslation.zh__hans.lng
   translations/org/jdownloader/translate/JdownloaderTranslation.zh__hant.lng
   translations/org/jdownloader/updatev2/UpdaterTranslation.zh__hans.lng
----------------Core Files----------------
   Core.jar
   JD: Core.jar/jd/controlling/downloadcontroller/DiskSpaceChecker17.class
   JD: Core.jar/jd/controlling/downloadcontroller/DiskSpaceManager$1.class
   JD: Core.jar/jd/controlling/downloadcontroller/DiskSpaceManager$2.class
   JD: Core.jar/jd/controlling/downloadcontroller/DiskSpaceManager$DISKSPACERESERVATIONRESULT.class
   JD: Core.jar/jd/controlling/downloadcontroller/DiskSpaceManager.class
   JD: Core.jar/jd/controlling/downloadcontroller/DownloadController$1.class
   JD: Core.jar/jd/controlling/downloadcontroller/DownloadController$10.class
   JD: Core.jar/jd/controlling/downloadcontroller/DownloadController$11.class
   JD: Core.jar/jd/controlling/downloadcontroller/DownloadController$12.class
   JD: Core.jar/jd/controlling/downloadcontroller/DownloadController$13$1$1$1.class
   JD: Core.jar/jd/controlling/downloadcontroller/DownloadController$13$1$1.class
   JD: Core.jar/jd/controlling/downloadcontroller/DownloadController$13$1.class
   JD: Core.jar/jd/controlling/downloadcontroller/DownloadController$13.class
   JD: Core.jar/jd/controlling/downloadcontroller/DownloadController$14.class
   JD: Core.jar/jd/controlling/downloadcontroller/DownloadController$15.class
   JD: Core.jar/jd/controlling/downloadcontroller/DownloadController$16$1.class
   JD: Core.jar/jd/controlling/downloadcontroller/DownloadController$16.class
   JD: Core.jar/jd/controlling/downloadcontroller/DownloadController$17.class
   JD: Core.jar/jd/controlling/downloadcontroller/DownloadController$18.class
   JD: Core.jar/jd/controlling/downloadcontroller/DownloadController$19.class
   JD: Core.jar/jd/controlling/downloadcontroller/DownloadController$2.class
   JD: Core.jar/jd/controlling/downloadcontroller/DownloadController$3.class
   JD: Core.jar/jd/controlling/downloadcontroller/DownloadController$4.class
   JD: Core.jar/jd/controlling/downloadcontroller/DownloadController$5.class
   JD: Core.jar/jd/controlling/downloadcontroller/DownloadController$6.class
   JD: Core.jar/jd/controlling/downloadcontroller/DownloadController$7.class
   JD: Core.jar/jd/controlling/downloadcontroller/DownloadController$8.class
   JD: Core.jar/jd/controlling/downloadcontroller/DownloadController$9.class
   JD: Core.jar/jd/controlling/downloadcontroller/DownloadController$LoadedPackage$1.class
   JD: Core.jar/jd/controlling/downloadcontroller/DownloadController$LoadedPackage$IndexedDownloadLink.class
   JD: Core.jar/jd/controlling/downloadcontroller/DownloadController$LoadedPackage.class
   JD: Core.jar/jd/controlling/downloadcontroller/DownloadController.class
   JD: Core.jar/jd/controlling/linkcollector/LinkCollectorConfig.class
   JD: Core.jar/jd/controlling/linkcollector/LinknameCleaner.class
   JD: Core.jar/jd/controlling/linkcrawler/CrawledLink$1.class
   JD: Core.jar/jd/controlling/linkcrawler/CrawledLink$2.class
   JD: Core.jar/jd/controlling/linkcrawler/CrawledLink.class
   JD: Core.jar/jd/controlling/linkcrawler/LinkCrawler$1.class
   JD: Core.jar/jd/controlling/linkcrawler/LinkCrawler$10.class
   JD: Core.jar/jd/controlling/linkcrawler/LinkCrawler$11.class
   JD: Core.jar/jd/controlling/linkcrawler/LinkCrawler$12.class
   JD: Core.jar/jd/controlling/linkcrawler/LinkCrawler$13.class
   JD: Core.jar/jd/controlling/linkcrawler/LinkCrawler$14.class
   JD: Core.jar/jd/controlling/linkcrawler/LinkCrawler$15.class
   JD: Core.jar/jd/controlling/linkcrawler/LinkCrawler$16.class
   JD: Core.jar/jd/controlling/linkcrawler/LinkCrawler$17.class
   JD: Core.jar/jd/controlling/linkcrawler/LinkCrawler$18.class
   JD: Core.jar/jd/controlling/linkcrawler/LinkCrawler$19.class
   JD: Core.jar/jd/controlling/linkcrawler/LinkCrawler$2.class
   JD: Core.jar/jd/controlling/linkcrawler/LinkCrawler$20.class
   JD: Core.jar/jd/controlling/linkcrawler/LinkCrawler$21.class
   JD: Core.jar/jd/controlling/linkcrawler/LinkCrawler$22.class
   JD: Core.jar/jd/controlling/linkcrawler/LinkCrawler$23.class
   JD: Core.jar/jd/controlling/linkcrawler/LinkCrawler$24$1.class
   JD: Core.jar/jd/controlling/linkcrawler/LinkCrawler$24.class
   JD: Core.jar/jd/controlling/linkcrawler/LinkCrawler$25$1.class
   JD: Core.jar/jd/controlling/linkcrawler/LinkCrawler$25.class
   JD: Core.jar/jd/controlling/linkcrawler/LinkCrawler$26.class
   JD: Core.jar/jd/controlling/linkcrawler/LinkCrawler$27.class
   JD: Core.jar/jd/controlling/linkcrawler/LinkCrawler$28.class
   JD: Core.jar/jd/controlling/linkcrawler/LinkCrawler$29.class
   JD: Core.jar/jd/controlling/linkcrawler/LinkCrawler$3.class
   JD: Core.jar/jd/controlling/linkcrawler/LinkCrawler$4.class
   JD: Core.jar/jd/controlling/linkcrawler/LinkCrawler$5.class
   JD: Core.jar/jd/controlling/linkcrawler/LinkCrawler$6.class
   JD: Core.jar/jd/controlling/linkcrawler/LinkCrawler$7.class
   JD: Core.jar/jd/controlling/linkcrawler/LinkCrawler$8.class
   JD: Core.jar/jd/controlling/linkcrawler/LinkCrawler$9.class
   JD: Core.jar/jd/controlling/linkcrawler/LinkCrawler$DISTRIBUTE.class
   JD: Core.jar/jd/controlling/linkcrawler/LinkCrawler$DUPLICATE.class
   JD: Core.jar/jd/controlling/linkcrawler/LinkCrawler$LinkCrawlerGeneration.class
   JD: Core.jar/jd/controlling/linkcrawler/LinkCrawler$LinkCrawlerTask.class
   JD: Core.jar/jd/controlling/linkcrawler/LinkCrawler.class
   JD: Core.jar/jd/controlling/linkcrawler/LinkCrawlerConfig.class
   JD: Core.jar/jd/controlling/linkcrawler/LinkCrawlerDeepInspector.class
   JD: Core.jar/jd/controlling/proxy/AbstractBan.class
   JD: Core.jar/jd/controlling/proxy/AbstractProxySelectorImpl.class
   JD: Core.jar/jd/controlling/proxy/AuthExceptionGenericBan.class
   JD: Core.jar/jd/controlling/proxy/ConnectExceptionInPluginBan.class
   JD: Core.jar/jd/controlling/proxy/EndPointConnectExceptionBan.class
   JD: Core.jar/jd/controlling/proxy/GenericConnectExceptionBan.class
   JD: Core.jar/jd/controlling/proxy/PluginRelatedConnectionBan.class
   JD: Core.jar/jd/controlling/proxy/ProxyController$1.class
   JD: Core.jar/jd/controlling/proxy/ProxyController$10.class
   JD: Core.jar/jd/controlling/proxy/ProxyController$11.class
   JD: Core.jar/jd/controlling/proxy/ProxyController$12.class
   JD: Core.jar/jd/controlling/proxy/ProxyController$13.class
   JD: Core.jar/jd/controlling/proxy/ProxyController$14.class
   JD: Core.jar/jd/controlling/proxy/ProxyController$15.class
   JD: Core.jar/jd/controlling/proxy/ProxyController$16.class
   JD: Core.jar/jd/controlling/proxy/ProxyController$17.class
   JD: Core.jar/jd/controlling/proxy/ProxyController$18.class
   JD: Core.jar/jd/controlling/proxy/ProxyController$19.class
   JD: Core.jar/jd/controlling/proxy/ProxyController$2.class
   JD: Core.jar/jd/controlling/proxy/ProxyController$20.class
   JD: Core.jar/jd/controlling/proxy/ProxyController$3.class
   JD: Core.jar/jd/controlling/proxy/ProxyController$4.class
   JD: Core.jar/jd/controlling/proxy/ProxyController$5.class
   JD: Core.jar/jd/controlling/proxy/ProxyController$6.class
   JD: Core.jar/jd/controlling/proxy/ProxyController$7$1.class
   JD: Core.jar/jd/controlling/proxy/ProxyController$7.class
   JD: Core.jar/jd/controlling/proxy/ProxyController$8.class
   JD: Core.jar/jd/controlling/proxy/ProxyController$9.class
   JD: Core.jar/jd/controlling/proxy/ProxyController$SelectedProxyLock.class
   JD: Core.jar/jd/controlling/proxy/ProxyController.class
   JD: Core.jar/jd/controlling/reconnect/DummyRouterPlugin.class
   JD: Core.jar/jd/controlling/reconnect/pluginsinc/liveheader/LiveHeaderInvoker$1.class
   JD: Core.jar/jd/controlling/reconnect/pluginsinc/liveheader/LiveHeaderInvoker.class
   JD: Core.jar/jd/plugins/DecrypterRetryException$RetryReason.class
   JD: Core.jar/jd/plugins/DecrypterRetryException.class
   JD: Core.jar/jd/plugins/DownloadLink$1.class
   JD: Core.jar/jd/plugins/DownloadLink$2.class
   JD: Core.jar/jd/plugins/DownloadLink$3.class
   JD: Core.jar/jd/plugins/DownloadLink$4.class
   JD: Core.jar/jd/plugins/DownloadLink$5.class
   JD: Core.jar/jd/plugins/DownloadLink$AvailableStatus.class
   JD: Core.jar/jd/plugins/DownloadLink.class
   JD: Core.jar/jd/plugins/Plugin$1.class
   JD: Core.jar/jd/plugins/Plugin$2.class
   JD: Core.jar/jd/plugins/Plugin$3.class
   JD: Core.jar/jd/plugins/Plugin$4.class
   JD: Core.jar/jd/plugins/Plugin.class
   JD: Core.jar/jd/plugins/PluginForDecrypt$1.class
   JD: Core.jar/jd/plugins/PluginForDecrypt$2.class
   JD: Core.jar/jd/plugins/PluginForDecrypt.class
   JD: Core.jar/jd/plugins/PluginForHost.class
   JD: Core.jar/jd/plugins/components/PluginJSonUtils.class
   JD: Core.jar/jd/plugins/download/DownloadLinkDownloadable$2.class
   JD: Core.jar/jd/plugins/download/DownloadLinkDownloadable$3.class
   JD: Core.jar/jd/plugins/download/DownloadLinkDownloadable$4.class
   JD: Core.jar/jd/plugins/download/DownloadLinkDownloadable.class
   JD: Core.jar/org/jdownloader/api/config/AdvancedConfigManagerAPI.class
   JD: Core.jar/org/jdownloader/api/config/AdvancedConfigManagerAPIImpl$1.class
   JD: Core.jar/org/jdownloader/api/config/AdvancedConfigManagerAPIImpl$2$1$1.class
   JD: Core.jar/org/jdownloader/api/config/AdvancedConfigManagerAPIImpl$2$1.class
   JD: Core.jar/org/jdownloader/api/config/AdvancedConfigManagerAPIImpl$2.class
   JD: Core.jar/org/jdownloader/api/config/AdvancedConfigManagerAPIImpl$3$1.class
   JD: Core.jar/org/jdownloader/api/config/AdvancedConfigManagerAPIImpl$3.class
   JD: Core.jar/org/jdownloader/api/config/AdvancedConfigManagerAPIImpl.class
   JD: Core.jar/org/jdownloader/captcha/v2/AbstractCaptchaDialog.class
   JD: Core.jar/org/jdownloader/captcha/v2/challenge/keycaptcha/dialog/KeyCaptchaCategoryDialog.class
   JD: Core.jar/org/jdownloader/captcha/v2/challenge/solvemedia/SolveMedia.class
   JD: Core.jar/org/jdownloader/captcha/v2/solver/browser/BrowserCaptchaDialog$10.class
   JD: Core.jar/org/jdownloader/captcha/v2/solver/browser/BrowserCaptchaDialog$11.class
   JD: Core.jar/org/jdownloader/captcha/v2/solver/browser/BrowserCaptchaDialog$12.class
   JD: Core.jar/org/jdownloader/captcha/v2/solver/browser/BrowserCaptchaDialog$13.class
   JD: Core.jar/org/jdownloader/captcha/v2/solver/browser/BrowserCaptchaDialog$14.class
   JD: Core.jar/org/jdownloader/captcha/v2/solver/browser/BrowserCaptchaDialog$15$1.class
   JD: Core.jar/org/jdownloader/captcha/v2/solver/browser/BrowserCaptchaDialog$15.class
   JD: Core.jar/org/jdownloader/captcha/v2/solver/browser/BrowserCaptchaDialog$16.class
   JD: Core.jar/org/jdownloader/captcha/v2/solver/browser/BrowserCaptchaDialog$7$1.class
   JD: Core.jar/org/jdownloader/captcha/v2/solver/browser/BrowserCaptchaDialog$7$2.class
   JD: Core.jar/org/jdownloader/captcha/v2/solver/browser/BrowserCaptchaDialog$7.class
   JD: Core.jar/org/jdownloader/captcha/v2/solver/browser/BrowserCaptchaDialog$8.class
   JD: Core.jar/org/jdownloader/captcha/v2/solver/browser/BrowserCaptchaDialog$9.class
   JD: Core.jar/org/jdownloader/captcha/v2/solver/browser/BrowserCaptchaDialog.class
   JD: Core.jar/org/jdownloader/captcha/v2/solver/browser/BrowserCaptchaSolverConfig.class
   JD: Core.jar/org/jdownloader/captcha/v2/solver/browser/BrowserReference$1.class
   JD: Core.jar/org/jdownloader/captcha/v2/solver/browser/BrowserReference$2.class
   JD: Core.jar/org/jdownloader/captcha/v2/solver/browser/BrowserReference$3.class
   JD: Core.jar/org/jdownloader/captcha/v2/solver/browser/BrowserReference$4.class
   JD: Core.jar/org/jdownloader/captcha/v2/solver/browser/BrowserReference$5.class
   JD: Core.jar/org/jdownloader/captcha/v2/solver/browser/BrowserReference.class
   JD: Core.jar/org/jdownloader/captcha/v2/solver/twocaptcha/TwoCaptchaConfigPanel$2.class
   JD: Core.jar/org/jdownloader/captcha/v2/solver/twocaptcha/TwoCaptchaSolver$3.class
   JD: Core.jar/org/jdownloader/captcha/v2/solver/twocaptcha/TwoCaptchaSolver.class
   JD: Core.jar/org/jdownloader/controlling/filter/RuleWrapper$1.class
   JD: Core.jar/org/jdownloader/controlling/filter/RuleWrapper.class
   JD: Core.jar/org/jdownloader/donate/DONATE_EVENT$1.class
   JD: Core.jar/org/jdownloader/donate/DONATE_EVENT$2.class
   JD: Core.jar/org/jdownloader/donate/DONATE_EVENT$3.class
   JD: Core.jar/org/jdownloader/donate/DONATE_EVENT$4.class
   JD: Core.jar/org/jdownloader/donate/DONATE_EVENT$5.class
   JD: Core.jar/org/jdownloader/donate/DONATE_EVENT$6.class
   JD: Core.jar/org/jdownloader/donate/DONATE_EVENT$7.class
   JD: Core.jar/org/jdownloader/donate/DONATE_EVENT$8.class
   JD: Core.jar/org/jdownloader/donate/DONATE_EVENT$9.class
   JD: Core.jar/org/jdownloader/donate/DONATE_EVENT.class
   JD: Core.jar/org/jdownloader/downloader/hls/HLSDownloader$8.class
   JD: Core.jar/org/jdownloader/downloader/hls/HLSDownloader$9.class
   JD: Core.jar/org/jdownloader/downloader/hls/HLSDownloader$M3U8SEGMENTSTATE.class
   JD: Core.jar/org/jdownloader/downloader/hls/HLSDownloader.class
   JD: Core.jar/org/jdownloader/downloader/segment/SegmentDownloader.class
   JD: Core.jar/org/jdownloader/gui/GuiUtils$1.class
   JD: Core.jar/org/jdownloader/gui/GuiUtils.class
   JD: Core.jar/org/jdownloader/gui/helpdialogs/HelpDialog$1$1.class
   JD: Core.jar/org/jdownloader/gui/helpdialogs/HelpDialog$1.class
   JD: Core.jar/org/jdownloader/gui/helpdialogs/HelpDialog.class
   JD: Core.jar/org/jdownloader/gui/mainmenu/DonateAction$1.class
   JD: Core.jar/org/jdownloader/gui/mainmenu/DonateAction.class
   JD: Core.jar/org/jdownloader/gui/translate/GuiTranslation.class
   JD: Core.jar/org/jdownloader/gui/views/downloads/action/CopyGenericContextAction$1.class
   JD: Core.jar/org/jdownloader/gui/views/downloads/action/CopyGenericContextAction.class
   JD: Core.jar/org/jdownloader/gui/views/downloads/action/GenericDeleteFromDownloadlistAction$1.class
   JD: Core.jar/org/jdownloader/gui/views/downloads/action/GenericDeleteFromDownloadlistAction$2.class
   JD: Core.jar/org/jdownloader/gui/views/downloads/action/GenericDeleteFromDownloadlistAction$3.class
   JD: Core.jar/org/jdownloader/gui/views/downloads/action/GenericDeleteFromDownloadlistAction$4$1.class
   JD: Core.jar/org/jdownloader/gui/views/downloads/action/GenericDeleteFromDownloadlistAction$4.class
   JD: Core.jar/org/jdownloader/gui/views/downloads/action/GenericDeleteFromDownloadlistAction$5.class
   JD: Core.jar/org/jdownloader/gui/views/downloads/action/GenericDeleteFromDownloadlistAction$6.class
   JD: Core.jar/org/jdownloader/gui/views/downloads/action/GenericDeleteFromDownloadlistAction.class
   JD: Core.jar/org/jdownloader/gui/views/downloads/action/SkipAction$1.class
   JD: Core.jar/org/jdownloader/gui/views/downloads/action/SkipAction$2.class
   JD: Core.jar/org/jdownloader/gui/views/downloads/action/SkipAction$State.class
   JD: Core.jar/org/jdownloader/gui/views/downloads/action/SkipAction.class
   JD: Core.jar/org/jdownloader/gui/views/downloads/properties/AbstractNodePropertiesPanel$1.class
   JD: Core.jar/org/jdownloader/gui/views/downloads/properties/AbstractNodePropertiesPanel$10.class
   JD: Core.jar/org/jdownloader/gui/views/downloads/properties/AbstractNodePropertiesPanel$11.class
   JD: Core.jar/org/jdownloader/gui/views/downloads/properties/AbstractNodePropertiesPanel$12.class
   JD: Core.jar/org/jdownloader/gui/views/downloads/properties/AbstractNodePropertiesPanel$13.class
   JD: Core.jar/org/jdownloader/gui/views/downloads/properties/AbstractNodePropertiesPanel$14.class
   JD: Core.jar/org/jdownloader/gui/views/downloads/properties/AbstractNodePropertiesPanel$15.class
   JD: Core.jar/org/jdownloader/gui/views/downloads/properties/AbstractNodePropertiesPanel$16.class
   JD: Core.jar/org/jdownloader/gui/views/downloads/properties/AbstractNodePropertiesPanel$17.class
   JD: Core.jar/org/jdownloader/gui/views/downloads/properties/AbstractNodePropertiesPanel$18.class
   JD: Core.jar/org/jdownloader/gui/views/downloads/properties/AbstractNodePropertiesPanel$19.class
   JD: Core.jar/org/jdownloader/gui/views/downloads/properties/AbstractNodePropertiesPanel$2.class
   JD: Core.jar/org/jdownloader/gui/views/downloads/properties/AbstractNodePropertiesPanel$20.class
   JD: Core.jar/org/jdownloader/gui/views/downloads/properties/AbstractNodePropertiesPanel$21.class
   JD: Core.jar/org/jdownloader/gui/views/downloads/properties/AbstractNodePropertiesPanel$22.class
   JD: Core.jar/org/jdownloader/gui/views/downloads/properties/AbstractNodePropertiesPanel$23.class
   JD: Core.jar/org/jdownloader/gui/views/downloads/properties/AbstractNodePropertiesPanel$24$1.class.removed
   JD: Core.jar/org/jdownloader/gui/views/downloads/properties/AbstractNodePropertiesPanel$24.class
   JD: Core.jar/org/jdownloader/gui/views/downloads/properties/AbstractNodePropertiesPanel$25$1.class
   JD: Core.jar/org/jdownloader/gui/views/downloads/properties/AbstractNodePropertiesPanel$25.class
   JD: Core.jar/org/jdownloader/gui/views/downloads/properties/AbstractNodePropertiesPanel$26.class
   JD: Core.jar/org/jdownloader/gui/views/downloads/properties/AbstractNodePropertiesPanel$3$1.class
   JD: Core.jar/org/jdownloader/gui/views/downloads/properties/AbstractNodePropertiesPanel$3.class
   JD: Core.jar/org/jdownloader/gui/views/downloads/properties/AbstractNodePropertiesPanel$4.class
   JD: Core.jar/org/jdownloader/gui/views/downloads/properties/AbstractNodePropertiesPanel$5.class
   JD: Core.jar/org/jdownloader/gui/views/downloads/properties/AbstractNodePropertiesPanel$6$1.class
   JD: Core.jar/org/jdownloader/gui/views/downloads/properties/AbstractNodePropertiesPanel$6.class
   JD: Core.jar/org/jdownloader/gui/views/downloads/properties/AbstractNodePropertiesPanel$7.class
   JD: Core.jar/org/jdownloader/gui/views/downloads/properties/AbstractNodePropertiesPanel$8.class
   JD: Core.jar/org/jdownloader/gui/views/downloads/properties/AbstractNodePropertiesPanel$9.class
   JD: Core.jar/org/jdownloader/gui/views/downloads/properties/AbstractNodePropertiesPanel$Listener.class
   JD: Core.jar/org/jdownloader/gui/views/downloads/properties/AbstractNodePropertiesPanel.class
   JD: Core.jar/org/jdownloader/gui/views/linkgrabber/addlinksdialog/AddLinksDialog$1.class
   JD: Core.jar/org/jdownloader/gui/views/linkgrabber/addlinksdialog/AddLinksDialog$10.class
   JD: Core.jar/org/jdownloader/gui/views/linkgrabber/addlinksdialog/AddLinksDialog$11.class
   JD: Core.jar/org/jdownloader/gui/views/linkgrabber/addlinksdialog/AddLinksDialog$12.class
   JD: Core.jar/org/jdownloader/gui/views/linkgrabber/addlinksdialog/AddLinksDialog$13.class
   JD: Core.jar/org/jdownloader/gui/views/linkgrabber/addlinksdialog/AddLinksDialog$14.class
   JD: Core.jar/org/jdownloader/gui/views/linkgrabber/addlinksdialog/AddLinksDialog$15.class
   JD: Core.jar/org/jdownloader/gui/views/linkgrabber/addlinksdialog/AddLinksDialog$16$1$1.class
   JD: Core.jar/org/jdownloader/gui/views/linkgrabber/addlinksdialog/AddLinksDialog$16$1.class
   JD: Core.jar/org/jdownloader/gui/views/linkgrabber/addlinksdialog/AddLinksDialog$16.class
   JD: Core.jar/org/jdownloader/gui/views/linkgrabber/addlinksdialog/AddLinksDialog$17.class
   JD: Core.jar/org/jdownloader/gui/views/linkgrabber/addlinksdialog/AddLinksDialog$18.class
   JD: Core.jar/org/jdownloader/gui/views/linkgrabber/addlinksdialog/AddLinksDialog$19.class
   JD: Core.jar/org/jdownloader/gui/views/linkgrabber/addlinksdialog/AddLinksDialog$2.class
   JD: Core.jar/org/jdownloader/gui/views/linkgrabber/addlinksdialog/AddLinksDialog$20.class
   JD: Core.jar/org/jdownloader/gui/views/linkgrabber/addlinksdialog/AddLinksDialog$21.class
   JD: Core.jar/org/jdownloader/gui/views/linkgrabber/addlinksdialog/AddLinksDialog$22$1.class
   JD: Core.jar/org/jdownloader/gui/views/linkgrabber/addlinksdialog/AddLinksDialog$22.class
   JD: Core.jar/org/jdownloader/gui/views/linkgrabber/addlinksdialog/AddLinksDialog$23$1.class
   JD: Core.jar/org/jdownloader/gui/views/linkgrabber/addlinksdialog/AddLinksDialog$23$2.class
   JD: Core.jar/org/jdownloader/gui/views/linkgrabber/addlinksdialog/AddLinksDialog$23$3.class
   JD: Core.jar/org/jdownloader/gui/views/linkgrabber/addlinksdialog/AddLinksDialog$23$4.class
   JD: Core.jar/org/jdownloader/gui/views/linkgrabber/addlinksdialog/AddLinksDialog$23$5.class
   JD: Core.jar/org/jdownloader/gui/views/linkgrabber/addlinksdialog/AddLinksDialog$23.class
   JD: Core.jar/org/jdownloader/gui/views/linkgrabber/addlinksdialog/AddLinksDialog$3.class
   JD: Core.jar/org/jdownloader/gui/views/linkgrabber/addlinksdialog/AddLinksDialog$4.class
   JD: Core.jar/org/jdownloader/gui/views/linkgrabber/addlinksdialog/AddLinksDialog$5.class
   JD: Core.jar/org/jdownloader/gui/views/linkgrabber/addlinksdialog/AddLinksDialog$6.class
   JD: Core.jar/org/jdownloader/gui/views/linkgrabber/addlinksdialog/AddLinksDialog$7.class
   JD: Core.jar/org/jdownloader/gui/views/linkgrabber/addlinksdialog/AddLinksDialog$8.class
   JD: Core.jar/org/jdownloader/gui/views/linkgrabber/addlinksdialog/AddLinksDialog$9.class
   JD: Core.jar/org/jdownloader/gui/views/linkgrabber/addlinksdialog/AddLinksDialog.class
   JD: Core.jar/org/jdownloader/gui/views/linkgrabber/addlinksdialog/LinkgrabberSettings.class
   JD: Core.jar/org/jdownloader/jna/windows/JNAWindowsWindowManager$1.class
   JD: Core.jar/org/jdownloader/jna/windows/JNAWindowsWindowManager.class
   JD: Core.jar/org/jdownloader/logging/LogController.class
   JD: Core.jar/org/jdownloader/net/AutoBCSSLSocketStreamFactory.class
   JD: Core.jar/org/jdownloader/net/BCSSLSocketStreamFactory$1.class
   JD: Core.jar/org/jdownloader/net/BCSSLSocketStreamFactory$BCTLSSocketStreamTlsClient$1.class
   JD: Core.jar/org/jdownloader/net/BCSSLSocketStreamFactory$BCTLSSocketStreamTlsClient.class
   JD: Core.jar/org/jdownloader/net/BCSSLSocketStreamFactory.class
   JD: Core.jar/org/jdownloader/plugins/components/FlexShareCore.class
   JD: Core.jar/org/jdownloader/plugins/components/GoogleDriveDirectoryIndex.js
   JD: Core.jar/org/jdownloader/plugins/components/ImgShotCore.class
   JD: Core.jar/org/jdownloader/plugins/components/UnknownHostingScriptCore.class
   JD: Core.jar/org/jdownloader/plugins/components/XFileSharingProBasic$1.class
   JD: Core.jar/org/jdownloader/plugins/components/XFileSharingProBasic$2.class
   JD: Core.jar/org/jdownloader/plugins/components/XFileSharingProBasic$URL_TYPE.class
   JD: Core.jar/org/jdownloader/plugins/components/XFileSharingProBasic$XFSApiAccountFactory$1.class
   JD: Core.jar/org/jdownloader/plugins/components/XFileSharingProBasic$XFSApiAccountFactory.class
   JD: Core.jar/org/jdownloader/plugins/components/XFileSharingProBasic.class
   JD: Core.jar/org/jdownloader/plugins/components/XFileSharingProBasicSpecialFilejoker.class
   JD: Core.jar/org/jdownloader/plugins/components/YetiShareCore$1.class
   JD: Core.jar/org/jdownloader/plugins/components/YetiShareCore$2.class
   JD: Core.jar/org/jdownloader/plugins/components/YetiShareCore.class
   JD: Core.jar/org/jdownloader/plugins/components/abstractSafeLinking.class
   JD: Core.jar/org/jdownloader/plugins/components/config/ArchiveOrgConfig$TRANSLATION.class
   JD: Core.jar/org/jdownloader/plugins/components/config/ArchiveOrgConfig.class
   JD: Core.jar/org/jdownloader/plugins/components/config/BiqleRuConfig.class
   JD: Core.jar/org/jdownloader/plugins/components/config/BsToConfig.class
   JD: Core.jar/org/jdownloader/plugins/components/config/CheckeinsDeConfig.class.removed
   JD: Core.jar/org/jdownloader/plugins/components/config/DataFileHostConfigInterface$TRANSLATION.class.removed
   JD: Core.jar/org/jdownloader/plugins/components/config/DataFileHostConfigInterface.class.removed
   JD: Core.jar/org/jdownloader/plugins/components/config/DouyinComConfig.class
   JD: Core.jar/org/jdownloader/plugins/components/config/EightMusesComConfig$1.class
   JD: Core.jar/org/jdownloader/plugins/components/config/EightMusesComConfig$CrawlMode$1.class
   JD: Core.jar/org/jdownloader/plugins/components/config/EightMusesComConfig$CrawlMode$2.class
   JD: Core.jar/org/jdownloader/plugins/components/config/EightMusesComConfig$CrawlMode.class
   JD: Core.jar/org/jdownloader/plugins/components/config/EightMusesComConfig.class
   JD: Core.jar/org/jdownloader/plugins/components/config/EvilangelCoreConfig$1.class
   JD: Core.jar/org/jdownloader/plugins/components/config/EvilangelCoreConfig$Quality$1.class
   JD: Core.jar/org/jdownloader/plugins/components/config/EvilangelCoreConfig$Quality$2.class
   JD: Core.jar/org/jdownloader/plugins/components/config/EvilangelCoreConfig$Quality$3.class
   JD: Core.jar/org/jdownloader/plugins/components/config/EvilangelCoreConfig$Quality$4.class
   JD: Core.jar/org/jdownloader/plugins/components/config/EvilangelCoreConfig$Quality$5.class
   JD: Core.jar/org/jdownloader/plugins/components/config/EvilangelCoreConfig$Quality$6.class
   JD: Core.jar/org/jdownloader/plugins/components/config/EvilangelCoreConfig$Quality$7.class
   JD: Core.jar/org/jdownloader/plugins/components/config/EvilangelCoreConfig$Quality$8.class
   JD: Core.jar/org/jdownloader/plugins/components/config/EvilangelCoreConfig$Quality$9.class
   JD: Core.jar/org/jdownloader/plugins/components/config/EvilangelCoreConfig$Quality.class
   JD: Core.jar/org/jdownloader/plugins/components/config/EvilangelCoreConfig.class
   JD: Core.jar/org/jdownloader/plugins/components/config/EvilangelCoreConfigAdulttime.class
   JD: Core.jar/org/jdownloader/plugins/components/config/FreeM3DownloadNetConfig.class
   JD: Core.jar/org/jdownloader/plugins/components/config/FshareVnConfig.class
   JD: Core.jar/org/jdownloader/plugins/components/config/GldSlToConfig.class
   JD: Core.jar/org/jdownloader/plugins/components/config/JoinPeerTubeOrgConfig.class
   JD: Core.jar/org/jdownloader/plugins/components/config/Keep2shareConfig.class
   JD: Core.jar/org/jdownloader/plugins/components/config/MediathekRbbOnlineConfig.class.removed
   JD: Core.jar/org/jdownloader/plugins/components/config/NdrDeConfig.class.removed
   JD: Core.jar/org/jdownloader/plugins/components/config/OneARDConfig.class.removed
   JD: Core.jar/org/jdownloader/plugins/components/config/OneFichierConfigInterface$OneFichierConfigInterfaceTranslation.class
   JD: Core.jar/org/jdownloader/plugins/components/config/OneFichierConfigInterface.class
   JD: Core.jar/org/jdownloader/plugins/components/config/PixivNetConfig.class
   JD: Core.jar/org/jdownloader/plugins/components/config/PorndigComConfig$1.class
   JD: Core.jar/org/jdownloader/plugins/components/config/PorndigComConfig$PreferredQuality$1.class
   JD: Core.jar/org/jdownloader/plugins/components/config/PorndigComConfig$PreferredQuality$2.class
   JD: Core.jar/org/jdownloader/plugins/components/config/PorndigComConfig$PreferredQuality$3.class
   JD: Core.jar/org/jdownloader/plugins/components/config/PorndigComConfig$PreferredQuality$4.class
   JD: Core.jar/org/jdownloader/plugins/components/config/PorndigComConfig$PreferredQuality$5.class
   JD: Core.jar/org/jdownloader/plugins/components/config/PorndigComConfig$PreferredQuality$6.class
   JD: Core.jar/org/jdownloader/plugins/components/config/PorndigComConfig$PreferredQuality$7.class
   JD: Core.jar/org/jdownloader/plugins/components/config/PorndigComConfig$PreferredQuality.class
   JD: Core.jar/org/jdownloader/plugins/components/config/PorndigComConfig.class
   JD: Core.jar/org/jdownloader/plugins/components/config/RbbOnlineConfig.class.removed
   JD: Core.jar/org/jdownloader/plugins/components/config/SrOnlineConfig.class.removed
   JD: Core.jar/org/jdownloader/plugins/components/config/XvideosComConfig$1.class.removed
   JD: Core.jar/org/jdownloader/plugins/components/config/XvideosComConfig$PreferredHLSQuality$1.class.removed
   JD: Core.jar/org/jdownloader/plugins/components/config/XvideosComConfig$PreferredHLSQuality$2.class.removed
   JD: Core.jar/org/jdownloader/plugins/components/config/XvideosComConfig$PreferredHLSQuality$3.class.removed
   JD: Core.jar/org/jdownloader/plugins/components/config/XvideosComConfig$PreferredHLSQuality$4.class.removed
   JD: Core.jar/org/jdownloader/plugins/components/config/XvideosComConfig$PreferredHLSQuality$5.class.removed
   JD: Core.jar/org/jdownloader/plugins/components/config/XvideosComConfig$PreferredHLSQuality$6.class.removed
   JD: Core.jar/org/jdownloader/plugins/components/config/XvideosComConfig$PreferredHLSQuality.class.removed
   JD: Core.jar/org/jdownloader/plugins/components/config/XvideosComConfig$PreferredHTTPQuality$1.class.removed
   JD: Core.jar/org/jdownloader/plugins/components/config/XvideosComConfig$PreferredHTTPQuality$2.class.removed
   JD: Core.jar/org/jdownloader/plugins/components/config/XvideosComConfig$PreferredHTTPQuality.class.removed
   JD: Core.jar/org/jdownloader/plugins/components/config/XvideosComConfig.class
   JD: Core.jar/org/jdownloader/plugins/components/config/XvideosComConfigCore$1.class
   JD: Core.jar/org/jdownloader/plugins/components/config/XvideosComConfigCore$PreferredHLSQuality$1.class
   JD: Core.jar/org/jdownloader/plugins/components/config/XvideosComConfigCore$PreferredHLSQuality$2.class
   JD: Core.jar/org/jdownloader/plugins/components/config/XvideosComConfigCore$PreferredHLSQuality$3.class
   JD: Core.jar/org/jdownloader/plugins/components/config/XvideosComConfigCore$PreferredHLSQuality$4.class
   JD: Core.jar/org/jdownloader/plugins/components/config/XvideosComConfigCore$PreferredHLSQuality$5.class
   JD: Core.jar/org/jdownloader/plugins/components/config/XvideosComConfigCore$PreferredHLSQuality.class
   JD: Core.jar/org/jdownloader/plugins/components/config/XvideosComConfigCore$PreferredHTTPQuality$1.class
   JD: Core.jar/org/jdownloader/plugins/components/config/XvideosComConfigCore$PreferredHTTPQuality$2.class
   JD: Core.jar/org/jdownloader/plugins/components/config/XvideosComConfigCore$PreferredHTTPQuality.class
   JD: Core.jar/org/jdownloader/plugins/components/config/XvideosComConfigCore$PreferredOfficialDownloadQuality$1.class
   JD: Core.jar/org/jdownloader/plugins/components/config/XvideosComConfigCore$PreferredOfficialDownloadQuality$2.class
   JD: Core.jar/org/jdownloader/plugins/components/config/XvideosComConfigCore$PreferredOfficialDownloadQuality$3.class
   JD: Core.jar/org/jdownloader/plugins/components/config/XvideosComConfigCore$PreferredOfficialDownloadQuality$4.class
   JD: Core.jar/org/jdownloader/plugins/components/config/XvideosComConfigCore$PreferredOfficialDownloadQuality.class
   JD: Core.jar/org/jdownloader/plugins/components/config/XvideosComConfigCore.class
   JD: Core.jar/org/jdownloader/plugins/components/config/XvideosComXnxxGoldConfig.class
   JD: Core.jar/org/jdownloader/plugins/components/google/GoogleHelper$2.class
   JD: Core.jar/org/jdownloader/plugins/components/google/GoogleHelper$3$1.class
   JD: Core.jar/org/jdownloader/plugins/components/google/GoogleHelper$3.class
   JD: Core.jar/org/jdownloader/plugins/components/google/GoogleHelper$4$1.class
   JD: Core.jar/org/jdownloader/plugins/components/google/GoogleHelper$4.class
   JD: Core.jar/org/jdownloader/plugins/components/google/GoogleHelper.class
   JD: Core.jar/org/jdownloader/plugins/components/usenet/UsenetServer.class
   JD: Core.jar/org/jdownloader/plugins/components/youtube/ClipDataCache.class
   JD: Core.jar/org/jdownloader/plugins/components/youtube/ItagHelper$1.class
   JD: Core.jar/org/jdownloader/plugins/components/youtube/ItagHelper$2.class
   JD: Core.jar/org/jdownloader/plugins/components/youtube/ItagHelper$VariantInfo.class
   JD: Core.jar/org/jdownloader/plugins/components/youtube/ItagHelper.class
   JD: Core.jar/org/jdownloader/plugins/components/youtube/YoutubeClipData.class
   JD: Core.jar/org/jdownloader/plugins/components/youtube/YoutubeConfig.class
   JD: Core.jar/org/jdownloader/plugins/components/youtube/YoutubeHelper$10.class
   JD: Core.jar/org/jdownloader/plugins/components/youtube/YoutubeHelper$11.class
   JD: Core.jar/org/jdownloader/plugins/components/youtube/YoutubeHelper$17.class
   JD: Core.jar/org/jdownloader/plugins/components/youtube/YoutubeHelper$18.class
   JD: Core.jar/org/jdownloader/plugins/components/youtube/YoutubeHelper$19.class
   JD: Core.jar/org/jdownloader/plugins/components/youtube/YoutubeHelper$20.class
   JD: Core.jar/org/jdownloader/plugins/components/youtube/YoutubeHelper$21.class
   JD: Core.jar/org/jdownloader/plugins/components/youtube/YoutubeHelper$22.class
   JD: Core.jar/org/jdownloader/plugins/components/youtube/YoutubeHelper$23.class
   JD: Core.jar/org/jdownloader/plugins/components/youtube/YoutubeHelper$24.class
   JD: Core.jar/org/jdownloader/plugins/components/youtube/YoutubeHelper$25.class
   JD: Core.jar/org/jdownloader/plugins/components/youtube/YoutubeHelper$26.class
   JD: Core.jar/org/jdownloader/plugins/components/youtube/YoutubeHelper$27.class
   JD: Core.jar/org/jdownloader/plugins/components/youtube/YoutubeHelper$28.class
   JD: Core.jar/org/jdownloader/plugins/components/youtube/YoutubeHelper$29.class
   JD: Core.jar/org/jdownloader/plugins/components/youtube/YoutubeHelper$30.class
   JD: Core.jar/org/jdownloader/plugins/components/youtube/YoutubeHelper$31.class
   JD: Core.jar/org/jdownloader/plugins/components/youtube/YoutubeHelper$32.class
   JD: Core.jar/org/jdownloader/plugins/components/youtube/YoutubeHelper$33.class
   JD: Core.jar/org/jdownloader/plugins/components/youtube/YoutubeHelper$34.class
   JD: Core.jar/org/jdownloader/plugins/components/youtube/YoutubeHelper$35.class
   JD: Core.jar/org/jdownloader/plugins/components/youtube/YoutubeHelper$36.class
   JD: Core.jar/org/jdownloader/plugins/components/youtube/YoutubeHelper$37.class
   JD: Core.jar/org/jdownloader/plugins/components/youtube/YoutubeHelper$38.class
   JD: Core.jar/org/jdownloader/plugins/components/youtube/YoutubeHelper$39.class
   JD: Core.jar/org/jdownloader/plugins/components/youtube/YoutubeHelper$40.class
   JD: Core.jar/org/jdownloader/plugins/components/youtube/YoutubeHelper$41.class
   JD: Core.jar/org/jdownloader/plugins/components/youtube/YoutubeHelper$42.class
   JD: Core.jar/org/jdownloader/plugins/components/youtube/YoutubeHelper$43.class
   JD: Core.jar/org/jdownloader/plugins/components/youtube/YoutubeHelper$StreamMap.class
   JD: Core.jar/org/jdownloader/plugins/components/youtube/YoutubeHelper.class
   JD: Core.jar/org/jdownloader/plugins/components/youtube/configpanel/VariantsMapTableModel$1.class
   JD: Core.jar/org/jdownloader/plugins/components/youtube/configpanel/VariantsMapTableModel$10.class
   JD: Core.jar/org/jdownloader/plugins/components/youtube/configpanel/VariantsMapTableModel$11.class
   JD: Core.jar/org/jdownloader/plugins/components/youtube/configpanel/VariantsMapTableModel$12.class
   JD: Core.jar/org/jdownloader/plugins/components/youtube/configpanel/VariantsMapTableModel$13.class
   JD: Core.jar/org/jdownloader/plugins/components/youtube/configpanel/VariantsMapTableModel$14.class
   JD: Core.jar/org/jdownloader/plugins/components/youtube/configpanel/VariantsMapTableModel$15.class
   JD: Core.jar/org/jdownloader/plugins/components/youtube/configpanel/VariantsMapTableModel$16.class
   JD: Core.jar/org/jdownloader/plugins/components/youtube/configpanel/VariantsMapTableModel$2.class
   JD: Core.jar/org/jdownloader/plugins/components/youtube/configpanel/VariantsMapTableModel$3.class
   JD: Core.jar/org/jdownloader/plugins/components/youtube/configpanel/VariantsMapTableModel$4.class
   JD: Core.jar/org/jdownloader/plugins/components/youtube/configpanel/VariantsMapTableModel$5.class
   JD: Core.jar/org/jdownloader/plugins/components/youtube/configpanel/VariantsMapTableModel$6.class
   JD: Core.jar/org/jdownloader/plugins/components/youtube/configpanel/VariantsMapTableModel$7.class
   JD: Core.jar/org/jdownloader/plugins/components/youtube/configpanel/VariantsMapTableModel$8.class
   JD: Core.jar/org/jdownloader/plugins/components/youtube/configpanel/VariantsMapTableModel$9.class
   JD: Core.jar/org/jdownloader/plugins/components/youtube/configpanel/VariantsMapTableModel$AutoResizingIntColumn$1.class
   JD: Core.jar/org/jdownloader/plugins/components/youtube/configpanel/VariantsMapTableModel$AutoResizingIntColumn.class
   JD: Core.jar/org/jdownloader/plugins/components/youtube/configpanel/VariantsMapTableModel$AutoResizingTextColumn$1.class
   JD: Core.jar/org/jdownloader/plugins/components/youtube/configpanel/VariantsMapTableModel$AutoResizingTextColumn.class
   JD: Core.jar/org/jdownloader/plugins/components/youtube/configpanel/VariantsMapTableModel$EnabledColumn$1.class
   JD: Core.jar/org/jdownloader/plugins/components/youtube/configpanel/VariantsMapTableModel$EnabledColumn$2.class
   JD: Core.jar/org/jdownloader/plugins/components/youtube/configpanel/VariantsMapTableModel$EnabledColumn.class
   JD: Core.jar/org/jdownloader/plugins/components/youtube/configpanel/VariantsMapTableModel.class
   JD: Core.jar/org/jdownloader/plugins/components/youtube/itag/YoutubeITAG$1.class
   JD: Core.jar/org/jdownloader/plugins/components/youtube/itag/YoutubeITAG$YoutubeITAGVersion.class
   JD: Core.jar/org/jdownloader/plugins/components/youtube/itag/YoutubeITAG.class
   JD: Core.jar/org/jdownloader/plugins/components/youtube/variants/AbstractVariant.class
   JD: Core.jar/org/jdownloader/plugins/components/youtube/variants/AudioInterface.class
   JD: Core.jar/org/jdownloader/plugins/components/youtube/variants/AudioVariant$1.class
   JD: Core.jar/org/jdownloader/plugins/components/youtube/variants/AudioVariant$2.class
   JD: Core.jar/org/jdownloader/plugins/components/youtube/variants/AudioVariant.class
   JD: Core.jar/org/jdownloader/plugins/components/youtube/variants/FileContainer$1.class
   JD: Core.jar/org/jdownloader/plugins/components/youtube/variants/FileContainer.class
   JD: Core.jar/org/jdownloader/plugins/components/youtube/variants/VariantBase$1.class
   JD: Core.jar/org/jdownloader/plugins/components/youtube/variants/VariantBase.class
   JD: Core.jar/org/jdownloader/plugins/components/youtube/variants/VideoInterface.class
   JD: Core.jar/org/jdownloader/plugins/components/youtube/variants/VideoVariant$1.class
   JD: Core.jar/org/jdownloader/plugins/components/youtube/variants/VideoVariant$2.class
   JD: Core.jar/org/jdownloader/plugins/components/youtube/variants/VideoVariant.class
   JD: Core.jar/org/jdownloader/plugins/controller/crawler/CrawlerPluginController$1.class
   JD: Core.jar/org/jdownloader/plugins/controller/host/HostPluginController$2.class
   JD: Core.jar/org/jdownloader/plugins/controller/host/PluginFinder.class
   JD: Core.jar/org/jdownloader/scripting/JavaScriptEngineFactory.class
   JD: Core.jar/org/jdownloader/settings/GeneralSettings$CreateFolderTrigger.class
   JD: Core.jar/org/jdownloader/settings/GeneralSettings$CustomDownloadFolderGetter.class
   JD: Core.jar/org/jdownloader/settings/GeneralSettings$DefaultDownloadFolder.class
   JD: Core.jar/org/jdownloader/settings/GeneralSettings$DeleteContainerAction.class
   JD: Core.jar/org/jdownloader/settings/GeneralSettings$OnSkipDueToAlreadyExistsAction$1.class
   JD: Core.jar/org/jdownloader/settings/GeneralSettings$OnSkipDueToAlreadyExistsAction$2.class
   JD: Core.jar/org/jdownloader/settings/GeneralSettings$OnSkipDueToAlreadyExistsAction$3.class
   JD: Core.jar/org/jdownloader/settings/GeneralSettings$OnSkipDueToAlreadyExistsAction.class
   JD: Core.jar/org/jdownloader/settings/GeneralSettings.class
   JD: Core.jar/org/jdownloader/settings/advanced/AdvancedConfigEntry$1$1.class
   JD: Core.jar/org/jdownloader/settings/advanced/AdvancedConfigEntry$1.class
   JD: Core.jar/org/jdownloader/settings/advanced/AdvancedConfigEntry$2$1.class
   JD: Core.jar/org/jdownloader/settings/advanced/AdvancedConfigEntry$2.class
   JD: Core.jar/org/jdownloader/settings/advanced/AdvancedConfigEntry.class
   JD: Core.jar/org/jdownloader/settings/staticreferences/CFG_GENERAL.class
   JD: Core.jar/org/jdownloader/settings/staticreferences/CFG_LINKGRABBER.class
   JD: Core.jar/org/jdownloader/startup/commands/SetConfigCommand$1$1.class
   JD: Core.jar/org/jdownloader/startup/commands/SetConfigCommand$1$2.class
   JD: Core.jar/org/jdownloader/startup/commands/SetConfigCommand$1.class
   JD: Core.jar/org/jdownloader/startup/commands/SetConfigCommand.class
   JD: Core.jar/org/jdownloader/translate/JdownloaderTranslation.class
   JD: extensions/Extraction.jar/org/jdownloader/extensions/extraction/Archive.class
   JD: extensions/Extraction.jar/org/jdownloader/extensions/extraction/ArchiveController$1.class
   JD: extensions/Extraction.jar/org/jdownloader/extensions/extraction/ArchiveController$2.class
   JD: extensions/Extraction.jar/org/jdownloader/extensions/extraction/ArchiveController$3.class.removed
   JD: extensions/Extraction.jar/org/jdownloader/extensions/extraction/ArchiveController.class
   JD: extensions/Extraction.jar/org/jdownloader/extensions/extraction/ArchiveSettings$1.class
   JD: extensions/Extraction.jar/org/jdownloader/extensions/extraction/ArchiveSettings.class
   JD: extensions/Extraction.jar/org/jdownloader/extensions/extraction/ExtractionInfo.class
   JD: extensions/Extraction.jar/org/jdownloader/extensions/extraction/IExtraction.class
   JD: extensions/Extraction.jar/org/jdownloader/extensions/extraction/actions/ExtractAction$1$1.class
   JD: extensions/Extraction.jar/org/jdownloader/extensions/extraction/actions/ExtractAction$1$2$1.class
   JD: extensions/Extraction.jar/org/jdownloader/extensions/extraction/actions/ExtractAction$1$2.class
   JD: extensions/Extraction.jar/org/jdownloader/extensions/extraction/actions/ExtractAction$1$3.class
   JD: extensions/Extraction.jar/org/jdownloader/extensions/extraction/actions/ExtractAction$1.class
   JD: extensions/Extraction.jar/org/jdownloader/extensions/extraction/actions/ExtractAction$2.class
   JD: extensions/Extraction.jar/org/jdownloader/extensions/extraction/actions/ExtractAction$ExtractToPathLogic$1.class
   JD: extensions/Extraction.jar/org/jdownloader/extensions/extraction/actions/ExtractAction$ExtractToPathLogic$2.class
   JD: extensions/Extraction.jar/org/jdownloader/extensions/extraction/actions/ExtractAction$ExtractToPathLogic$3.class
   JD: extensions/Extraction.jar/org/jdownloader/extensions/extraction/actions/ExtractAction$ExtractToPathLogic$4.class
   JD: extensions/Extraction.jar/org/jdownloader/extensions/extraction/actions/ExtractAction$ExtractToPathLogic.class
   JD: extensions/Extraction.jar/org/jdownloader/extensions/extraction/actions/ExtractAction.class
   JD: extensions/Extraction.jar/org/jdownloader/extensions/extraction/multi/Multi$1.class
   JD: extensions/Extraction.jar/org/jdownloader/extensions/extraction/multi/Multi$2.class
   JD: extensions/Extraction.jar/org/jdownloader/extensions/extraction/multi/Multi$3.class
   JD: extensions/Extraction.jar/org/jdownloader/extensions/extraction/multi/Multi.class
   JD: extensions/Extraction.jar/org/jdownloader/extensions/extraction/multi/Seven7ExtractCallback$1.class
   JD: extensions/Extraction.jar/org/jdownloader/extensions/extraction/multi/Seven7ExtractCallback$2.class
   JD: extensions/Extraction.jar/org/jdownloader/extensions/extraction/multi/Seven7ExtractCallback$3.class
   JD: extensions/Extraction.jar/org/jdownloader/extensions/extraction/multi/Seven7ExtractCallback$4.class
   JD: extensions/Extraction.jar/org/jdownloader/extensions/extraction/multi/Seven7ExtractCallback$5.class
   JD: extensions/Extraction.jar/org/jdownloader/extensions/extraction/multi/Seven7ExtractCallback.class
   JD: extensions/Extraction.jar/org/jdownloader/extensions/extraction/split/SplitType$2.class
   JD: extensions/Extraction.jar/org/jdownloader/extensions/extraction/split/SplitType$3.class
   JD: extensions/Extraction.jar/org/jdownloader/extensions/extraction/split/SplitType$4.class
   JD: extensions/Extraction.jar/org/jdownloader/extensions/extraction/split/SplitType.class
   JD: extensions/Extraction.jar/org/jdownloader/extensions/extraction/split/UnixSplit.class
   JD: libs/JDGUI.jar/jd/gui/UserIO$1.class
   JD: libs/JDGUI.jar/jd/gui/UserIO$2.class
   JD: libs/JDGUI.jar/jd/gui/UserIO$3.class
   JD: libs/JDGUI.jar/jd/gui/UserIO.class
   JD: libs/JDGUI.jar/jd/gui/swing/dialog/AboutDialog.class
   JD: libs/JDGUI.jar/jd/gui/swing/jdgui/JDGui$13.class
   JD: libs/JDGUI.jar/jd/gui/swing/jdgui/JDGui$14.class
   JD: libs/JDGUI.jar/jd/gui/swing/jdgui/views/settings/panels/accountmanager/PremiumAccountTableModel$1.class
   JD: libs/JDGUI.jar/jd/gui/swing/jdgui/views/settings/panels/accountmanager/PremiumAccountTableModel$10.class
   JD: libs/JDGUI.jar/jd/gui/swing/jdgui/views/settings/panels/accountmanager/PremiumAccountTableModel$11.class
   JD: libs/JDGUI.jar/jd/gui/swing/jdgui/views/settings/panels/accountmanager/PremiumAccountTableModel$12.class
   JD: libs/JDGUI.jar/jd/gui/swing/jdgui/views/settings/panels/accountmanager/PremiumAccountTableModel$2.class
   JD: libs/JDGUI.jar/jd/gui/swing/jdgui/views/settings/panels/accountmanager/PremiumAccountTableModel$3$1.class
   JD: libs/JDGUI.jar/jd/gui/swing/jdgui/views/settings/panels/accountmanager/PremiumAccountTableModel$3$2.class
   JD: libs/JDGUI.jar/jd/gui/swing/jdgui/views/settings/panels/accountmanager/PremiumAccountTableModel$3.class
   JD: libs/JDGUI.jar/jd/gui/swing/jdgui/views/settings/panels/accountmanager/PremiumAccountTableModel$4.class
   JD: libs/JDGUI.jar/jd/gui/swing/jdgui/views/settings/panels/accountmanager/PremiumAccountTableModel$5.class
   JD: libs/JDGUI.jar/jd/gui/swing/jdgui/views/settings/panels/accountmanager/PremiumAccountTableModel$6.class
   JD: libs/JDGUI.jar/jd/gui/swing/jdgui/views/settings/panels/accountmanager/PremiumAccountTableModel$7$1.class
   JD: libs/JDGUI.jar/jd/gui/swing/jdgui/views/settings/panels/accountmanager/PremiumAccountTableModel$7.class
   JD: libs/JDGUI.jar/jd/gui/swing/jdgui/views/settings/panels/accountmanager/PremiumAccountTableModel$8$1.class
   JD: libs/JDGUI.jar/jd/gui/swing/jdgui/views/settings/panels/accountmanager/PremiumAccountTableModel$8$2.class
   JD: libs/JDGUI.jar/jd/gui/swing/jdgui/views/settings/panels/accountmanager/PremiumAccountTableModel$8.class
   JD: libs/JDGUI.jar/jd/gui/swing/jdgui/views/settings/panels/accountmanager/PremiumAccountTableModel$9.class
   JD: libs/JDGUI.jar/jd/gui/swing/jdgui/views/settings/panels/accountmanager/PremiumAccountTableModel$ExpireColumn.class
   JD: libs/JDGUI.jar/jd/gui/swing/jdgui/views/settings/panels/accountmanager/PremiumAccountTableModel$TrafficColumn.class
   JD: libs/JDGUI.jar/jd/gui/swing/jdgui/views/settings/panels/accountmanager/PremiumAccountTableModel.class
   JD: libs/JDGUI.jar/jd/gui/swing/jdgui/views/settings/panels/linkgrabberfilter/ExportAction.class
   JD: libs/JDGUI.jar/jd/gui/swing/jdgui/views/settings/panels/packagizer/ExportAction.class
   JD: libs/JDGUI.jar/jd/gui/swing/jdgui/views/settings/panels/packagizer/OrderColumn$1.class
   JD: libs/JDGUI.jar/jd/gui/swing/jdgui/views/settings/panels/packagizer/OrderColumn$2.class
   JD: libs/JDGUI.jar/jd/gui/swing/jdgui/views/settings/panels/packagizer/OrderColumn.class
   JD: libs/JDHttp.jar/jd/http/requests/PostRequest$1.class
   JD: libs/JDHttp.jar/jd/http/requests/PostRequest$2.class
   JD: libs/JDHttp.jar/jd/http/requests/PostRequest$SEND.class
   JD: libs/JDHttp.jar/jd/http/requests/PostRequest.class
   JD: libs/JDUtils.jar/jd/nutils/DynByteBuffer$1.class
   JD: libs/JDUtils.jar/jd/nutils/DynByteBuffer$2.class
   JD: libs/JDUtils.jar/jd/nutils/DynByteBuffer.class
   JD: libs/JDUtils.jar/jd/nutils/Executer$1.class
   JD: libs/JDUtils.jar/jd/nutils/Executer$StreamObserver.class
   JD: libs/JDUtils.jar/jd/nutils/Executer.class
   JD: libs/JDUtils.jar/jd/nutils/SimpleFTP$1.class
   JD: libs/JDUtils.jar/jd/nutils/SimpleFTP$2.class
   JD: libs/JDUtils.jar/jd/nutils/SimpleFTP$3.class
   JD: libs/JDUtils.jar/jd/nutils/SimpleFTP$ENCODING$1.class
   JD: libs/JDUtils.jar/jd/nutils/SimpleFTP$ENCODING$2.class
   JD: libs/JDUtils.jar/jd/nutils/SimpleFTP$ENCODING.class
   JD: libs/JDUtils.jar/jd/nutils/SimpleFTP$FEATURE.class
   JD: libs/JDUtils.jar/jd/nutils/SimpleFTP$RESPONSE_CODE.class
   JD: libs/JDUtils.jar/jd/nutils/SimpleFTP$STATE.class
   JD: libs/JDUtils.jar/jd/nutils/SimpleFTP$SimpleFTPListEntry.class
   JD: libs/JDUtils.jar/jd/nutils/SimpleFTP$TLS_MODE.class
   JD: libs/JDUtils.jar/jd/nutils/SimpleFTP$TYPE.class
   JD: libs/JDUtils.jar/jd/nutils/SimpleFTP.class
   JD: libs/JDUtils.jar/jd/nutils/encoding/Encoding.class
   JD: libs/JDUtils.jar/jd/nutils/io/JDIO$1.class.removed
   JD: libs/JDUtils.jar/jd/nutils/io/JDIO$FileSelector.class.removed
   JD: libs/JDUtils.jar/jd/nutils/io/JDIO.class
   JD: libs/jna.jar/META-INF/MANIFEST.MF
   JD: libs/jna.jar/com/sun/jna/Native.class
   JD: libs/jna.jar/com/sun/jna/Version.class
   JD: libs/jna_platform.jar/META-INF/MANIFEST.MF
   JD: libs/jna_platform.jar/com/sun/jna/platform/linux/Udev$UdevContext.class
   JD: libs/jna_platform.jar/com/sun/jna/platform/mac/CoreFoundation$CFIndex.class
   JD: libs/jna_platform.jar/com/sun/jna/platform/mac/CoreFoundation$CFStringRef.class
   JD: libs/jna_platform.jar/com/sun/jna/platform/mac/CoreFoundation$CFTypeID.class
   JD: libs/jna_platform.jar/com/sun/jna/platform/mac/SystemB.class
   JD: libs/jna_platform.jar/com/sun/jna/platform/unix/LibCAPI$size_t$ByReference.class
   JD: libs/jna_platform.jar/com/sun/jna/platform/unix/LibCAPI$size_t.class
   JD: libs/jna_platform.jar/com/sun/jna/platform/unix/LibCAPI$ssize_t.class
   JD: libs/jna_platform.jar/com/sun/jna/platform/win32/Advapi32.class
   JD: libs/jna_platform.jar/com/sun/jna/platform/win32/Advapi32Util$1.class
   JD: libs/jna_platform.jar/com/sun/jna/platform/win32/Advapi32Util$2.class
   JD: libs/jna_platform.jar/com/sun/jna/platform/win32/Advapi32Util$AccessCheckPermission.class
   JD: libs/jna_platform.jar/com/sun/jna/platform/win32/Advapi32Util$EnumKey.class
   JD: libs/jna_platform.jar/com/sun/jna/platform/win32/Advapi32Util$EventLogIterator.class
   JD: libs/jna_platform.jar/com/sun/jna/platform/win32/Advapi32Util$EventLogRecord.class
   JD: libs/jna_platform.jar/com/sun/jna/platform/win32/Advapi32Util$EventLogType.class
   JD: libs/jna_platform.jar/com/sun/jna/platform/win32/Advapi32Util$InfoKey.class
   JD: libs/jna_platform.jar/com/sun/jna/platform/win32/Advapi32Util$Privilege.class
   JD: libs/jna_platform.jar/com/sun/jna/platform/win32/Advapi32Util.class
   JD: libs/jna_platform.jar/com/sun/jna/platform/win32/COM/COMBindingBaseObject.class
   JD: libs/jna_platform.jar/com/sun/jna/platform/win32/COM/COMLateBindingObject.class
   JD: libs/jna_platform.jar/com/sun/jna/platform/win32/Cfgmgr32.class
   JD: libs/jna_platform.jar/com/sun/jna/platform/win32/Cfgmgr32Util$Cfgmgr32Exception.class
   JD: libs/jna_platform.jar/com/sun/jna/platform/win32/Cfgmgr32Util.class
   JD: libs/jna_platform.jar/com/sun/jna/platform/win32/Crypt32Util.class
   JD: libs/jna_platform.jar/com/sun/jna/platform/win32/PsapiUtil.class
   JD: libs/jna_platform.jar/com/sun/jna/platform/win32/Shell32.class
   JD: libs/jna_platform.jar/com/sun/jna/platform/win32/Shell32Util.class
   JD: libs/jna_platform.jar/com/sun/jna/platform/win32/User32.class
   JD: libs/jna_platform.jar/com/sun/jna/platform/win32/WinCrypt$CERT_CHAIN_CONTEXT$ByReference.class
   JD: libs/jna_platform.jar/com/sun/jna/platform/win32/WinCrypt$CERT_CHAIN_CONTEXT.class
   JD: libs/jna_platform.jar/com/sun/jna/platform/win32/WinCrypt$CERT_CHAIN_ELEMENT$ByReference.class
   JD: libs/jna_platform.jar/com/sun/jna/platform/win32/WinCrypt$CERT_CHAIN_ELEMENT.class
   JD: libs/jna_platform.jar/com/sun/jna/platform/win32/WinCrypt$CERT_CHAIN_PARA$ByReference.class
   JD: libs/jna_platform.jar/com/sun/jna/platform/win32/WinCrypt$CERT_CHAIN_PARA.class
   JD: libs/jna_platform.jar/com/sun/jna/platform/win32/WinCrypt$CERT_CHAIN_POLICY_PARA$ByReference.class
   JD: libs/jna_platform.jar/com/sun/jna/platform/win32/WinCrypt$CERT_CHAIN_POLICY_PARA.class
   JD: libs/jna_platform.jar/com/sun/jna/platform/win32/WinCrypt$CERT_CHAIN_POLICY_STATUS$ByReference.class
   JD: libs/jna_platform.jar/com/sun/jna/platform/win32/WinCrypt$CERT_CHAIN_POLICY_STATUS.class
   JD: libs/jna_platform.jar/com/sun/jna/platform/win32/WinCrypt$CERT_CONTEXT$ByReference.class
   JD: libs/jna_platform.jar/com/sun/jna/platform/win32/WinCrypt$CERT_CONTEXT.class
   JD: libs/jna_platform.jar/com/sun/jna/platform/win32/WinCrypt$CERT_EXTENSION$ByReference.class
   JD: libs/jna_platform.jar/com/sun/jna/platform/win32/WinCrypt$CERT_EXTENSION.class
   JD: libs/jna_platform.jar/com/sun/jna/platform/win32/WinCrypt$CERT_EXTENSIONS$ByReference.class
   JD: libs/jna_platform.jar/com/sun/jna/platform/win32/WinCrypt$CERT_EXTENSIONS.class
   JD: libs/jna_platform.jar/com/sun/jna/platform/win32/WinCrypt$CERT_INFO$ByReference.class
   JD: libs/jna_platform.jar/com/sun/jna/platform/win32/WinCrypt$CERT_INFO.class
   JD: libs/jna_platform.jar/com/sun/jna/platform/win32/WinCrypt$CERT_PUBLIC_KEY_INFO$ByReference.class
   JD: libs/jna_platform.jar/com/sun/jna/platform/win32/WinCrypt$CERT_PUBLIC_KEY_INFO.class
   JD: libs/jna_platform.jar/com/sun/jna/platform/win32/WinCrypt$CERT_REVOCATION_CRL_INFO$ByReference.class
   JD: libs/jna_platform.jar/com/sun/jna/platform/win32/WinCrypt$CERT_REVOCATION_CRL_INFO.class
   JD: libs/jna_platform.jar/com/sun/jna/platform/win32/WinCrypt$CERT_REVOCATION_INFO$ByReference.class
   JD: libs/jna_platform.jar/com/sun/jna/platform/win32/WinCrypt$CERT_REVOCATION_INFO.class
   JD: libs/jna_platform.jar/com/sun/jna/platform/win32/WinCrypt$CERT_SIMPLE_CHAIN$ByReference.class
   JD: libs/jna_platform.jar/com/sun/jna/platform/win32/WinCrypt$CERT_SIMPLE_CHAIN.class
   JD: libs/jna_platform.jar/com/sun/jna/platform/win32/WinCrypt$CERT_STRONG_SIGN_PARA$ByReference.class
   JD: libs/jna_platform.jar/com/sun/jna/platform/win32/WinCrypt$CERT_STRONG_SIGN_PARA$DUMMYUNION.class
   JD: libs/jna_platform.jar/com/sun/jna/platform/win32/WinCrypt$CERT_STRONG_SIGN_PARA.class
   JD: libs/jna_platform.jar/com/sun/jna/platform/win32/WinCrypt$CERT_STRONG_SIGN_SERIALIZED_INFO$ByReference.class
   JD: libs/jna_platform.jar/com/sun/jna/platform/win32/WinCrypt$CERT_STRONG_SIGN_SERIALIZED_INFO.class
   JD: libs/jna_platform.jar/com/sun/jna/platform/win32/WinCrypt$CERT_TRUST_LIST_INFO$ByReference.class
   JD: libs/jna_platform.jar/com/sun/jna/platform/win32/WinCrypt$CERT_TRUST_LIST_INFO.class
   JD: libs/jna_platform.jar/com/sun/jna/platform/win32/WinCrypt$CERT_TRUST_STATUS$ByReference.class
   JD: libs/jna_platform.jar/com/sun/jna/platform/win32/WinCrypt$CERT_TRUST_STATUS.class
   JD: libs/jna_platform.jar/com/sun/jna/platform/win32/WinCrypt$CERT_USAGE_MATCH$ByReference.class
   JD: libs/jna_platform.jar/com/sun/jna/platform/win32/WinCrypt$CERT_USAGE_MATCH.class
   JD: libs/jna_platform.jar/com/sun/jna/platform/win32/WinCrypt$CRL_CONTEXT$ByReference.class
   JD: libs/jna_platform.jar/com/sun/jna/platform/win32/WinCrypt$CRL_CONTEXT.class
   JD: libs/jna_platform.jar/com/sun/jna/platform/win32/WinCrypt$CRL_ENTRY$ByReference.class
   JD: libs/jna_platform.jar/com/sun/jna/platform/win32/WinCrypt$CRL_ENTRY.class
   JD: libs/jna_platform.jar/com/sun/jna/platform/win32/WinCrypt$CRL_INFO$ByReference.class
   JD: libs/jna_platform.jar/com/sun/jna/platform/win32/WinCrypt$CRL_INFO.class
   JD: libs/jna_platform.jar/com/sun/jna/platform/win32/WinCrypt$CRYPTPROTECT_PROMPTSTRUCT.class
   JD: libs/jna_platform.jar/com/sun/jna/platform/win32/WinCrypt$CRYPT_ALGORITHM_IDENTIFIER$ByReference.class
   JD: libs/jna_platform.jar/com/sun/jna/platform/win32/WinCrypt$CRYPT_ALGORITHM_IDENTIFIER.class
   JD: libs/jna_platform.jar/com/sun/jna/platform/win32/WinCrypt$CRYPT_ATTRIBUTE$ByReference.class
   JD: libs/jna_platform.jar/com/sun/jna/platform/win32/WinCrypt$CRYPT_ATTRIBUTE.class
   JD: libs/jna_platform.jar/com/sun/jna/platform/win32/WinCrypt$CRYPT_BIT_BLOB$ByReference.class
   JD: libs/jna_platform.jar/com/sun/jna/platform/win32/WinCrypt$CRYPT_BIT_BLOB.class
   JD: libs/jna_platform.jar/com/sun/jna/platform/win32/WinCrypt$CRYPT_KEY_PROV_INFO$ByReference.class
   JD: libs/jna_platform.jar/com/sun/jna/platform/win32/WinCrypt$CRYPT_KEY_PROV_INFO.class
   JD: libs/jna_platform.jar/com/sun/jna/platform/win32/WinCrypt$CRYPT_KEY_PROV_PARAM$ByReference.class
   JD: libs/jna_platform.jar/com/sun/jna/platform/win32/WinCrypt$CRYPT_KEY_PROV_PARAM.class
   JD: libs/jna_platform.jar/com/sun/jna/platform/win32/WinCrypt$CRYPT_SIGN_MESSAGE_PARA$ByReference.class
   JD: libs/jna_platform.jar/com/sun/jna/platform/win32/WinCrypt$CRYPT_SIGN_MESSAGE_PARA.class
   JD: libs/jna_platform.jar/com/sun/jna/platform/win32/WinCrypt$CRYPT_VERIFY_MESSAGE_PARA$ByReference.class
   JD: libs/jna_platform.jar/com/sun/jna/platform/win32/WinCrypt$CRYPT_VERIFY_MESSAGE_PARA.class
   JD: libs/jna_platform.jar/com/sun/jna/platform/win32/WinCrypt$CTL_CONTEXT$ByReference.class
   JD: libs/jna_platform.jar/com/sun/jna/platform/win32/WinCrypt$CTL_CONTEXT.class
   JD: libs/jna_platform.jar/com/sun/jna/platform/win32/WinCrypt$CTL_ENTRY$ByReference.class
   JD: libs/jna_platform.jar/com/sun/jna/platform/win32/WinCrypt$CTL_ENTRY.class
   JD: libs/jna_platform.jar/com/sun/jna/platform/win32/WinCrypt$CTL_INFO$ByReference.class
   JD: libs/jna_platform.jar/com/sun/jna/platform/win32/WinCrypt$CTL_INFO.class
   JD: libs/jna_platform.jar/com/sun/jna/platform/win32/WinCrypt$CTL_USAGE$ByReference.class
   JD: libs/jna_platform.jar/com/sun/jna/platform/win32/WinCrypt$CTL_USAGE.class
   JD: libs/jna_platform.jar/com/sun/jna/platform/win32/WinCrypt$DATA_BLOB.class
   JD: libs/jna_platform.jar/com/sun/jna/platform/win32/WinCrypt$HCERTCHAINENGINE.class
   JD: libs/jna_platform.jar/com/sun/jna/platform/win32/WinCrypt$HCERTSTORE.class
   JD: libs/jna_platform.jar/com/sun/jna/platform/win32/WinCrypt$HCRYPTMSG.class
   JD: libs/jna_platform.jar/com/sun/jna/platform/win32/WinCrypt$HCRYPTPROV_LEGACY.class
   JD: libs/jna_platform.jar/com/sun/jna/platform/win32/WinCrypt.class
   JD: libs/jna_platform.jar/com/sun/jna/platform/win32/WinNT$ACCESS_ACEStructure.class
   JD: libs/jna_platform.jar/com/sun/jna/platform/win32/WinNT$ACCESS_ALLOWED_ACE.class
   JD: libs/jna_platform.jar/com/sun/jna/platform/win32/WinNT$ACCESS_DENIED_ACE.class
   JD: libs/jna_platform.jar/com/sun/jna/platform/win32/WinNT$ACE_HEADER.class
   JD: libs/jna_platform.jar/com/sun/jna/platform/win32/WinNT$ACL.class
   JD: libs/jna_platform.jar/com/sun/jna/platform/win32/WinNT$BATTERY_REPORTING_SCALE.class
   JD: libs/jna_platform.jar/com/sun/jna/platform/win32/WinNT$CACHE_DESCRIPTOR.class
   JD: libs/jna_platform.jar/com/sun/jna/platform/win32/WinNT$CACHE_RELATIONSHIP.class
   JD: libs/jna_platform.jar/com/sun/jna/platform/win32/WinNT$EVENTLOGRECORD.class
   JD: libs/jna_platform.jar/com/sun/jna/platform/win32/WinNT$FILE_NOTIFY_INFORMATION.class
   JD: libs/jna_platform.jar/com/sun/jna/platform/win32/WinNT$GENERIC_MAPPING$ByReference.class
   JD: libs/jna_platform.jar/com/sun/jna/platform/win32/WinNT$GENERIC_MAPPING.class
   JD: libs/jna_platform.jar/com/sun/jna/platform/win32/WinNT$GROUP_AFFINITY.class
   JD: libs/jna_platform.jar/com/sun/jna/platform/win32/WinNT$GROUP_RELATIONSHIP.class
   JD: libs/jna_platform.jar/com/sun/jna/platform/win32/WinNT$HANDLE.class
   JD: libs/jna_platform.jar/com/sun/jna/platform/win32/WinNT$HANDLEByReference.class
   JD: libs/jna_platform.jar/com/sun/jna/platform/win32/WinNT$HRESULT.class
   JD: libs/jna_platform.jar/com/sun/jna/platform/win32/WinNT$IO_COUNTERS.class
   JD: libs/jna_platform.jar/com/sun/jna/platform/win32/WinNT$LARGE_INTEGER$ByReference.class
   JD: libs/jna_platform.jar/com/sun/jna/platform/win32/WinNT$LARGE_INTEGER$LowHigh.class
   JD: libs/jna_platform.jar/com/sun/jna/platform/win32/WinNT$LARGE_INTEGER$UNION.class
   JD: libs/jna_platform.jar/com/sun/jna/platform/win32/WinNT$LARGE_INTEGER.class
   JD: libs/jna_platform.jar/com/sun/jna/platform/win32/WinNT$LUID.class
   JD: libs/jna_platform.jar/com/sun/jna/platform/win32/WinNT$LUID_AND_ATTRIBUTES.class
   JD: libs/jna_platform.jar/com/sun/jna/platform/win32/WinNT$LocaleMacros.class
   JD: libs/jna_platform.jar/com/sun/jna/platform/win32/WinNT$MEMORY_BASIC_INFORMATION.class
   JD: libs/jna_platform.jar/com/sun/jna/platform/win32/WinNT$NUMA_NODE_RELATIONSHIP.class
   JD: libs/jna_platform.jar/com/sun/jna/platform/win32/WinNT$OSVERSIONINFO.class
   JD: libs/jna_platform.jar/com/sun/jna/platform/win32/WinNT$OSVERSIONINFOEX.class
   JD: libs/jna_platform.jar/com/sun/jna/platform/win32/WinNT$PACLByReference.class
   JD: libs/jna_platform.jar/com/sun/jna/platform/win32/WinNT$POWER_ACTION_POLICY.class
   JD: libs/jna_platform.jar/com/sun/jna/platform/win32/WinNT$PRIVILEGE_SET.class
   JD: libs/jna_platform.jar/com/sun/jna/platform/win32/WinNT$PROCESSOR_CACHE_TYPE.class
   JD: libs/jna_platform.jar/com/sun/jna/platform/win32/WinNT$PROCESSOR_GROUP_INFO.class
   JD: libs/jna_platform.jar/com/sun/jna/platform/win32/WinNT$PROCESSOR_POWER_INFORMATION.class
   JD: libs/jna_platform.jar/com/sun/jna/platform/win32/WinNT$PROCESSOR_RELATIONSHIP.class
   JD: libs/jna_platform.jar/com/sun/jna/platform/win32/WinNT$PSID$ByReference.class
   JD: libs/jna_platform.jar/com/sun/jna/platform/win32/WinNT$PSID.class
   JD: libs/jna_platform.jar/com/sun/jna/platform/win32/WinNT$PSIDByReference.class
   JD: libs/jna_platform.jar/com/sun/jna/platform/win32/WinNT$SECURITY_DESCRIPTOR$ByReference.class
   JD: libs/jna_platform.jar/com/sun/jna/platform/win32/WinNT$SECURITY_DESCRIPTOR.class
   JD: libs/jna_platform.jar/com/sun/jna/platform/win32/WinNT$SECURITY_DESCRIPTOR_RELATIVE$ByReference.class
   JD: libs/jna_platform.jar/com/sun/jna/platform/win32/WinNT$SECURITY_DESCRIPTOR_RELATIVE.class
   JD: libs/jna_platform.jar/com/sun/jna/platform/win32/WinNT$SECURITY_IMPERSONATION_LEVEL.class
   JD: libs/jna_platform.jar/com/sun/jna/platform/win32/WinNT$SECURITY_QUALITY_OF_SERVICE.class
   JD: libs/jna_platform.jar/com/sun/jna/platform/win32/WinNT$SID_AND_ATTRIBUTES.class
   JD: libs/jna_platform.jar/com/sun/jna/platform/win32/WinNT$SID_NAME_USE.class
   JD: libs/jna_platform.jar/com/sun/jna/platform/win32/WinNT$SYSTEM_BATTERY_STATE.class
   JD: libs/jna_platform.jar/com/sun/jna/platform/win32/WinNT$SYSTEM_LOGICAL_PROCESSOR_INFORMATION$AnonymousStructNumaNode.class
   JD: libs/jna_platform.jar/com/sun/jna/platform/win32/WinNT$SYSTEM_LOGICAL_PROCESSOR_INFORMATION$AnonymousStructProcessorCore.class
   JD: libs/jna_platform.jar/com/sun/jna/platform/win32/WinNT$SYSTEM_LOGICAL_PROCESSOR_INFORMATION$AnonymousUnionPayload.class
   JD: libs/jna_platform.jar/com/sun/jna/platform/win32/WinNT$SYSTEM_LOGICAL_PROCESSOR_INFORMATION.class
   JD: libs/jna_platform.jar/com/sun/jna/platform/win32/WinNT$SYSTEM_LOGICAL_PROCESSOR_INFORMATION_EX.class
   JD: libs/jna_platform.jar/com/sun/jna/platform/win32/WinNT$SYSTEM_POWER_CAPABILITIES.class
   JD: libs/jna_platform.jar/com/sun/jna/platform/win32/WinNT$SYSTEM_POWER_INFORMATION.class
   JD: libs/jna_platform.jar/com/sun/jna/platform/win32/WinNT$SYSTEM_POWER_LEVEL.class
   JD: libs/jna_platform.jar/com/sun/jna/platform/win32/WinNT$SYSTEM_POWER_POLICY.class
   JD: libs/jna_platform.jar/com/sun/jna/platform/win32/WinNT$TOKEN_GROUPS.class
   JD: libs/jna_platform.jar/com/sun/jna/platform/win32/WinNT$TOKEN_INFORMATION_CLASS.class
   JD: libs/jna_platform.jar/com/sun/jna/platform/win32/WinNT$TOKEN_OWNER.class
   JD: libs/jna_platform.jar/com/sun/jna/platform/win32/WinNT$TOKEN_PRIMARY_GROUP.class
   JD: libs/jna_platform.jar/com/sun/jna/platform/win32/WinNT$TOKEN_PRIVILEGES.class
   JD: libs/jna_platform.jar/com/sun/jna/platform/win32/WinNT$TOKEN_TYPE.class
   JD: libs/jna_platform.jar/com/sun/jna/platform/win32/WinNT$TOKEN_USER.class
   JD: libs/jna_platform.jar/com/sun/jna/platform/win32/WinNT$UNKNOWN_RELATIONSHIP.class
   JD: libs/jna_platform.jar/com/sun/jna/platform/win32/WinNT$WELL_KNOWN_SID_TYPE.class
   JD: libs/jna_platform.jar/com/sun/jna/platform/win32/WinNT.class
   JD: libs/jna_platform.jar/com/sun/jna/platform/win32/WinReg.class
   libs/JDGUI.jar
   libs/JDHttp.jar
   libs/JDUtils.jar
   libs/jna.jar
   libs/jna_platform.jar
   libs/laf/flatlaf.license
   licenses/jna.jar.info
   licenses/jna_platform.jar.info
