Tue Mar 01 00:51:02 CST 2022
Package: package_1646067031183.awf
Install
Write Revision: 15919
----------------Plugins----------------
   jd/plugins/decrypter/AdfLy.class
   jd/plugins/decrypter/AmazonCloudDecrypter.class
   jd/plugins/decrypter/AnimeFrenzy.class
   jd/plugins/decrypter/AppleTrailer.class
   jd/plugins/decrypter/ArchiveOrg.class
   jd/plugins/decrypter/ArdMediathekRedirector.class
   jd/plugins/decrypter/Ardmediathek$ArdMetadata.class
   jd/plugins/decrypter/Ardmediathek$VideoResolution.class
   jd/plugins/decrypter/Ardmediathek.class
   jd/plugins/decrypter/ArteMediathekDecrypter$1.class
   jd/plugins/decrypter/ArteMediathekDecrypter$SubtitleLanguage.class
   jd/plugins/decrypter/ArteMediathekDecrypter$SubtitleType.class
   jd/plugins/decrypter/ArteMediathekDecrypter$VersionType.class
   jd/plugins/decrypter/ArteMediathekDecrypter$VideoLanguage.class
   jd/plugins/decrypter/ArteMediathekDecrypter.class
   jd/plugins/decrypter/ArteMediathekDecrypterExtern.class
   jd/plugins/decrypter/ArtstationCom.class
   jd/plugins/decrypter/AvxHmeW$1.class
   jd/plugins/decrypter/AvxHmeW$2.class
   jd/plugins/decrypter/AvxHmeW.class
   jd/plugins/decrypter/BbcComDecrypter.class
   jd/plugins/decrypter/BloombergComDecrypter.class
   jd/plugins/decrypter/BoxCom.class
   jd/plugins/decrypter/BrDeDecrypter.class
   jd/plugins/decrypter/BrightcoveDecrypter$BrightcoveEdgeContainer$Protocol.class
   jd/plugins/decrypter/BrightcoveDecrypter$BrightcoveEdgeContainer.class
   jd/plugins/decrypter/BrightcoveDecrypter.class
   jd/plugins/decrypter/BsTo.class
   jd/plugins/decrypter/BtCom.class
   jd/plugins/decrypter/ChipDeDecrypter.class
   jd/plugins/decrypter/ClicksflyCom.class
   jd/plugins/decrypter/CloudMailRuDecrypter.class
   jd/plugins/decrypter/CnnT.class
   jd/plugins/decrypter/CoubComDecrypter.class
   jd/plugins/decrypter/CouchTuner.class
   jd/plugins/decrypter/CrhyRllCom$DestinationQuality.class
   jd/plugins/decrypter/CrhyRllCom.class
   jd/plugins/decrypter/CtDiskComFolder.class
   jd/plugins/decrypter/CyberdropMeAlbum.class
   jd/plugins/decrypter/DailyMotionComDecrypter.class
   jd/plugins/decrypter/DeGroopsYahooCom.class
   jd/plugins/decrypter/DegooCom.class
   jd/plugins/decrypter/DeluxemusicTvPlaylist.class
   jd/plugins/decrypter/DownloadSaikoanimesNetFolder.class
   jd/plugins/decrypter/DropBoxCom$1.class
   jd/plugins/decrypter/DropBoxCom$2.class
   jd/plugins/decrypter/DropBoxCom$3.class
   jd/plugins/decrypter/DropBoxCom.class
   jd/plugins/decrypter/DyskOnetPl.class
   jd/plugins/decrypter/EHentaiOrg.class
   jd/plugins/decrypter/EightTracksCom.class
   jd/plugins/decrypter/EmbedyCc.class
   jd/plugins/decrypter/FEmbedDecrypter.class
   jd/plugins/decrypter/FaceBookComGallery.class
   jd/plugins/decrypter/FakkuNet.class
   jd/plugins/decrypter/FileCryptCc.class
   jd/plugins/decrypter/FilesMonsterDecrypter.class
   jd/plugins/decrypter/FlimmitCom$1.class
   jd/plugins/decrypter/FlimmitCom.class
   jd/plugins/decrypter/FourSharedComFolder.class
   jd/plugins/decrypter/FromsmashComFolder.class
   jd/plugins/decrypter/Ftp$3.class
   jd/plugins/decrypter/Ftp.class
   jd/plugins/decrypter/FunimationCom.class
   jd/plugins/decrypter/GeTtDecrypter.class
   jd/plugins/decrypter/GeneralMultiuploadDecrypter$1.class
   jd/plugins/decrypter/GeneralMultiuploadDecrypter.class
   jd/plugins/decrypter/GenericAutoContainer.class
   jd/plugins/decrypter/GenericHTTPDirectoryIndexCrawler$1.class
   jd/plugins/decrypter/GenericHTTPDirectoryIndexCrawler$DirectoryListingMode.class
   jd/plugins/decrypter/GenericHTTPDirectoryIndexCrawler.class
   jd/plugins/decrypter/GenericKalturaVideoPlatformCrawler.class
   jd/plugins/decrypter/GenericNZBDecrypter.class
   jd/plugins/decrypter/GenericXFileShareProFolder.class
   jd/plugins/decrypter/GenericYetiShareFolder.class
   jd/plugins/decrypter/GetComics.class
   jd/plugins/decrypter/GldSlTo.class
   jd/plugins/decrypter/GoogleDrive$GdriveException.class
   jd/plugins/decrypter/GoogleDrive$GdriveFolderStatus.class
   jd/plugins/decrypter/GoogleDrive.class
   jd/plugins/decrypter/GronkhTv.class
   jd/plugins/decrypter/GuardLink.class.removed
   jd/plugins/decrypter/HighWayMeFolder.class
   jd/plugins/decrypter/HitomiLa.class
   jd/plugins/decrypter/HuabanComDecrypter.class
   jd/plugins/decrypter/HubicCom.class
   jd/plugins/decrypter/HypemCom.class
   jd/plugins/decrypter/IPFS.class
   jd/plugins/decrypter/IcedriveNetFolder.class
   jd/plugins/decrypter/IgnCom.class
   jd/plugins/decrypter/ImagesHackCom.class
   jd/plugins/decrypter/ImgurComGallery.class
   jd/plugins/decrypter/InstaGramComDecrypter.class
   jd/plugins/decrypter/JavdoeCom.class
   jd/plugins/decrypter/JianguoyunCom.class
   jd/plugins/decrypter/JulesjordanComDecrypter.class
   jd/plugins/decrypter/Keep2ShareCcDecrypter.class
   jd/plugins/decrypter/LinkguardOrg.class
   jd/plugins/decrypter/Loan2hostCom.class
   jd/plugins/decrypter/LockmyLink.class
   jd/plugins/decrypter/MangadexOrg.class
   jd/plugins/decrypter/MangahostCom.class
   jd/plugins/decrypter/MangaparkCom.class
   jd/plugins/decrypter/MassengeschmackTvCrawler.class
   jd/plugins/decrypter/MegaConz.class
   jd/plugins/decrypter/MetArt.class
   jd/plugins/decrypter/MightyScriptAdLinkFly$1.class
   jd/plugins/decrypter/MightyScriptAdLinkFly.class
   jd/plugins/decrypter/MightyScriptAdLinkFlyDefault.class
   jd/plugins/decrypter/MixCloudCom.class
   jd/plugins/decrypter/MixlrCom.class
   jd/plugins/decrypter/MtLnk$1.class
   jd/plugins/decrypter/MtLnk$MetalinkSAXHandler.class
   jd/plugins/decrypter/MtLnk.class
   jd/plugins/decrypter/Music163Com.class
   jd/plugins/decrypter/MywikifeetCom.class
   jd/plugins/decrypter/NewAsianTv.class
   jd/plugins/decrypter/NewgroundsComDecrypter.class
   jd/plugins/decrypter/NexusmodsCom.class
   jd/plugins/decrypter/NfScRlCm.class
   jd/plugins/decrypter/NzbKingCom.class
   jd/plugins/decrypter/NzbindexCom.class
   jd/plugins/decrypter/OdriveCom.class
   jd/plugins/decrypter/OneChannelCh.class
   jd/plugins/decrypter/OpenDriveComDecrypter.class
   jd/plugins/decrypter/OracleCom.class
   jd/plugins/decrypter/PCloudComFolder.class
   jd/plugins/decrypter/PanBaiduCom.class
   jd/plugins/decrypter/PhotobucketComAlbum.class
   jd/plugins/decrypter/PinterestComDecrypter.class
   jd/plugins/decrypter/PixeldrainComFolder.class
   jd/plugins/decrypter/PixivNetGallery.class
   jd/plugins/decrypter/PixivNetSketch.class
   jd/plugins/decrypter/PluralsightComDecrypter.class
   jd/plugins/decrypter/Porn3dxComCrawler.class
   jd/plugins/decrypter/PornHubCom.class
   jd/plugins/decrypter/PornportalComCrawler.class
   jd/plugins/decrypter/PremiumizeMeZeveraFolder$1.class
   jd/plugins/decrypter/PremiumizeMeZeveraFolder$2.class
   jd/plugins/decrypter/PremiumizeMeZeveraFolder.class
   jd/plugins/decrypter/ProDjCm.class
   jd/plugins/decrypter/ProSevenDeDecrypter.class
   jd/plugins/decrypter/ProtectMylinksCom.class
   jd/plugins/decrypter/ProtectedTo.class
   jd/plugins/decrypter/Q32Pw.class
   jd/plugins/decrypter/RaiItDecrypter.class
   jd/plugins/decrypter/ReadAllComics.class
   jd/plugins/decrypter/ReadComicsOnlineRu.class
   jd/plugins/decrypter/RedbullTv.class
   jd/plugins/decrypter/RedditCom.class
   jd/plugins/decrypter/RrozhlasCz.class
   jd/plugins/decrypter/SaveTvDecrypter.class
   jd/plugins/decrypter/ScribdCom.class
   jd/plugins/decrypter/SeedrCc.class
   jd/plugins/decrypter/SoundCloudComDecrypter.class
   jd/plugins/decrypter/SourceForgeNet.class
   jd/plugins/decrypter/StackstorageCom.class
   jd/plugins/decrypter/SwisstransferComFolder.class
   jd/plugins/decrypter/TataTo.class
   jd/plugins/decrypter/TedCom.class
   jd/plugins/decrypter/TeleFiveDeDecrypter$SWFDecompressor.class
   jd/plugins/decrypter/TeleFiveDeDecrypter.class
   jd/plugins/decrypter/TelequebecTv.class
   jd/plugins/decrypter/TheSupCm.class
   jd/plugins/decrypter/ThingiverseCom.class
   jd/plugins/decrypter/TiktokCom.class
   jd/plugins/decrypter/TumblrComDecrypter.class
   jd/plugins/decrypter/TvAdbCm.class
   jd/plugins/decrypter/TvnowDe.class
   jd/plugins/decrypter/TwitchTvDecrypt.class
   jd/plugins/decrypter/TwitterCom.class
   jd/plugins/decrypter/UdemyComDecrypter.class
   jd/plugins/decrypter/UpToStreamCom.class
   jd/plugins/decrypter/VDiskCn.class
   jd/plugins/decrypter/VKontakteRu$1.class
   jd/plugins/decrypter/VKontakteRu.class
   jd/plugins/decrypter/VideoBoxComDecrypter.class
   jd/plugins/decrypter/VineCoDecrypter.class
   jd/plugins/decrypter/VivaTvDecrypt.class
   jd/plugins/decrypter/VmallComFolder.class.removed
   jd/plugins/decrypter/VscoCo.class
   jd/plugins/decrypter/VvvvidIt.class
   jd/plugins/decrypter/WeTransferComFolder.class
   jd/plugins/decrypter/WebtoonsCom.class
   jd/plugins/decrypter/WickedCom.class.removed
   jd/plugins/decrypter/XHamsterGallery.class
   jd/plugins/decrypter/XnXxComCrawler.class
   jd/plugins/decrypter/XunleiComDecrypter.class.removed
   jd/plugins/decrypter/XvideosComProfile.class
   jd/plugins/decrypter/YoukuCom.class
   jd/plugins/decrypter/YounowComChannel.class
   jd/plugins/decrypter/YumpuCom.class
   jd/plugins/decrypter/YunpanCn.class
   jd/plugins/decrypter/ZDFMediathekDecrypter.class
   jd/plugins/decrypter/ZopharNetCrawler.class
   jd/plugins/hoster/ARDMediathek.class
   jd/plugins/hoster/AbbyWintersCom.class
   jd/plugins/hoster/AdulttimeCom.class
   jd/plugins/hoster/AkvideoStream.class.removed
   jd/plugins/hoster/AlfafileNet.class
   jd/plugins/hoster/AllDebridCom$2.class
   jd/plugins/hoster/AllDebridCom$3.class
   jd/plugins/hoster/AllDebridCom$AlldebridComConfig$TRANSLATION.class
   jd/plugins/hoster/AllDebridCom$AlldebridComConfig.class
   jd/plugins/hoster/AllDebridCom.class
   jd/plugins/hoster/AlphatvGr.class
   jd/plugins/hoster/AmazonCloud.class
   jd/plugins/hoster/AncensoredCom.class
   jd/plugins/hoster/AnonFilesCom.class
   jd/plugins/hoster/ArchiveOrg.class
   jd/plugins/hoster/ArteTv.class
   jd/plugins/hoster/AvxHmeW.class
   jd/plugins/hoster/BajafilesCom.class.removed
   jd/plugins/hoster/BbcCom.class
   jd/plugins/hoster/BduploadAsia.class.removed
   jd/plugins/hoster/BeegCom.class
   jd/plugins/hoster/BestdebridCom$BestdebridAccountFactory$1.class
   jd/plugins/hoster/BestdebridCom$BestdebridAccountFactory.class
   jd/plugins/hoster/BestdebridCom.class
   jd/plugins/hoster/BitpornoCom.class
   jd/plugins/hoster/BlazingshareMe.class.removed
   jd/plugins/hoster/BookFiOrg.class
   jd/plugins/hoster/BoxCom.class
   jd/plugins/hoster/BoxbitApp.class
   jd/plugins/hoster/BoyzTubeCom.class
   jd/plugins/hoster/CboxeraCom.class
   jd/plugins/hoster/ChoMikujPl.class
   jd/plugins/hoster/ClicknuploadOrg.class
   jd/plugins/hoster/ClipHunterCom.class
   jd/plugins/hoster/CloudMailRu.class
   jd/plugins/hoster/ClypIt.class
   jd/plugins/hoster/CocoleechCom$CocoleechAccountFactory$1.class
   jd/plugins/hoster/CocoleechCom$CocoleechAccountFactory.class
   jd/plugins/hoster/CocoleechCom.class
   jd/plugins/hoster/CooldebridCom.class
   jd/plugins/hoster/CoubCom.class
   jd/plugins/hoster/CrazyshareCc.class.removed
   jd/plugins/hoster/CrunchyRollCom.class
   jd/plugins/hoster/CutuploadCom.class.removed
   jd/plugins/hoster/DailyMotionCom$1.class
   jd/plugins/hoster/DailyMotionCom.class
   jd/plugins/hoster/DailyMotionComV2$NoAudioException.class
   jd/plugins/hoster/DailyMotionComV2.class
   jd/plugins/hoster/DataDownloaderNet.class.removed
   jd/plugins/hoster/DataTorCz$1.class
   jd/plugins/hoster/DataTorCz.class
   jd/plugins/hoster/DbreeCo.class.removed
   jd/plugins/hoster/DctpTv.class
   jd/plugins/hoster/DdebridCom.class
   jd/plugins/hoster/DdfnetworkCom.class.removed
   jd/plugins/hoster/DdownloadCom.class
   jd/plugins/hoster/DebridFileCom.class
   jd/plugins/hoster/DebridItaliaCom.class
   jd/plugins/hoster/DeepbridCom.class
   jd/plugins/hoster/DegooCom.class
   jd/plugins/hoster/DliveTv.class
   jd/plugins/hoster/DocdroidNet.class
   jd/plugins/hoster/DocworkspaceCom.class
   jd/plugins/hoster/DodownloadingCom.class.removed
   jd/plugins/hoster/DoubleJNetAu$1.class.removed
   jd/plugins/hoster/DoubleJNetAu$AudioStream.class.removed
   jd/plugins/hoster/DoubleJNetAu$Enity.class.removed
   jd/plugins/hoster/DoubleJNetAu$StreamInfo.class.removed
   jd/plugins/hoster/DoubleJNetAu.class
   jd/plugins/hoster/DropboxCom$1.class
   jd/plugins/hoster/DropboxCom$DropboxAccountFactory$1.class
   jd/plugins/hoster/DropboxCom$DropboxAccountFactory.class
   jd/plugins/hoster/DropboxCom.class
   jd/plugins/hoster/DuckstreamCo.class
   jd/plugins/hoster/DufileCom.class.removed
   jd/plugins/hoster/EHentaiOrg.class
   jd/plugins/hoster/EachpornCom.class
   jd/plugins/hoster/ElbarqNet.class
   jd/plugins/hoster/ElitefileNet.class
   jd/plugins/hoster/EmpflixCom.class
   jd/plugins/hoster/EmuParadiseMe$EmuParadiseMeAccountFactory.class
   jd/plugins/hoster/EmuParadiseMe.class
   jd/plugins/hoster/EspafilesCom.class
   jd/plugins/hoster/EvilAngelCom$1.class
   jd/plugins/hoster/EvilAngelCom$2.class
   jd/plugins/hoster/EvilAngelCom$3.class
   jd/plugins/hoster/EvilAngelCom.class
   jd/plugins/hoster/EvilangelCore$1.class
   jd/plugins/hoster/EvilangelCore$2.class
   jd/plugins/hoster/EvilangelCore$3.class
   jd/plugins/hoster/EvilangelCore.class
   jd/plugins/hoster/EyesfileCa.class
   jd/plugins/hoster/FShareVn$1.class
   jd/plugins/hoster/FShareVn$2.class
   jd/plugins/hoster/FShareVn.class
   jd/plugins/hoster/FaceBookComVideos$1.class
   jd/plugins/hoster/FaceBookComVideos.class
   jd/plugins/hoster/FakirdebridNet$1.class
   jd/plugins/hoster/FakirdebridNet$FakirdebridNetAccountFactory$1.class
   jd/plugins/hoster/FakirdebridNet$FakirdebridNetAccountFactory.class
   jd/plugins/hoster/FakirdebridNet.class
   jd/plugins/hoster/FastbitCc.class
   jd/plugins/hoster/FeimaoyunCom.class
   jd/plugins/hoster/File4GoCom.class
   jd/plugins/hoster/FileBitPl.class
   jd/plugins/hoster/FileFactory.class
   jd/plugins/hoster/FileJokerNet.class
   jd/plugins/hoster/FileeverNet.class.removed
   jd/plugins/hoster/FilehostNet.class.removed
   jd/plugins/hoster/FilemailCom.class
   jd/plugins/hoster/FilenextCom.class
   jd/plugins/hoster/FilesMonsterCom.class
   jd/plugins/hoster/FilestoreTo.class
   jd/plugins/hoster/FlickrCom$1.class
   jd/plugins/hoster/FlickrCom$2.class
   jd/plugins/hoster/FlickrCom$PhotoQuality$1.class
   jd/plugins/hoster/FlickrCom$PhotoQuality$10.class
   jd/plugins/hoster/FlickrCom$PhotoQuality$11.class
   jd/plugins/hoster/FlickrCom$PhotoQuality$12.class
   jd/plugins/hoster/FlickrCom$PhotoQuality$13.class
   jd/plugins/hoster/FlickrCom$PhotoQuality$14.class
   jd/plugins/hoster/FlickrCom$PhotoQuality$15.class
   jd/plugins/hoster/FlickrCom$PhotoQuality$16.class
   jd/plugins/hoster/FlickrCom$PhotoQuality$17.class
   jd/plugins/hoster/FlickrCom$PhotoQuality$2.class
   jd/plugins/hoster/FlickrCom$PhotoQuality$3.class
   jd/plugins/hoster/FlickrCom$PhotoQuality$4.class
   jd/plugins/hoster/FlickrCom$PhotoQuality$5.class
   jd/plugins/hoster/FlickrCom$PhotoQuality$6.class
   jd/plugins/hoster/FlickrCom$PhotoQuality$7.class
   jd/plugins/hoster/FlickrCom$PhotoQuality$8.class
   jd/plugins/hoster/FlickrCom$PhotoQuality$9.class
   jd/plugins/hoster/FlickrCom$PhotoQuality.class
   jd/plugins/hoster/FlickrCom$VideoQuality$1.class
   jd/plugins/hoster/FlickrCom$VideoQuality$2.class
   jd/plugins/hoster/FlickrCom$VideoQuality$3.class
   jd/plugins/hoster/FlickrCom$VideoQuality.class
   jd/plugins/hoster/FlickrCom.class
   jd/plugins/hoster/FlimmitCom.class
   jd/plugins/hoster/FlyFilesNet.class
   jd/plugins/hoster/FoxLeechCom.class
   jd/plugins/hoster/FrancetelevisionsCom.class
   jd/plugins/hoster/FreeDiscPl.class
   jd/plugins/hoster/FreshfilePl.class
   jd/plugins/hoster/FromsmashCom.class
   jd/plugins/hoster/FruitpanCom.class.removed
   jd/plugins/hoster/GamesDatabaseCom.class
   jd/plugins/hoster/GeT24Org.class
   jd/plugins/hoster/GettrCom.class
   jd/plugins/hoster/GfyCatCom$1.class
   jd/plugins/hoster/GfyCatCom.class
   jd/plugins/hoster/GigafileNu.class
   jd/plugins/hoster/GitHubCom.class.removed
   jd/plugins/hoster/GivemegayCom.class
   jd/plugins/hoster/GloriaTv.class
   jd/plugins/hoster/GoogleDrive$1.class
   jd/plugins/hoster/GoogleDrive$2.class
   jd/plugins/hoster/GoogleDrive.class
   jd/plugins/hoster/GotpornCom.class
   jd/plugins/hoster/Grab8Com$1.class
   jd/plugins/hoster/Grab8Com.class
   jd/plugins/hoster/GrabItShareCom.class
   jd/plugins/hoster/HellShareCom.class
   jd/plugins/hoster/HentaiFoundryCom.class
   jd/plugins/hoster/HighWayCore$1.class
   jd/plugins/hoster/HighWayCore$2.class
   jd/plugins/hoster/HighWayCore.class
   jd/plugins/hoster/HighWayMe2.class
   jd/plugins/hoster/HogTv.class
   jd/plugins/hoster/HqwoCc.class
   jd/plugins/hoster/HubicCom.class
   jd/plugins/hoster/HulkShareCom.class
   jd/plugins/hoster/IcedriveNet.class
   jd/plugins/hoster/IcerBoxCom.class
   jd/plugins/hoster/ImageFap.class
   jd/plugins/hoster/ImagesHackCom.class
   jd/plugins/hoster/ImfbXyz.class
   jd/plugins/hoster/InCloudDriveCom.class.removed
   jd/plugins/hoster/InstaGramCom$1.class
   jd/plugins/hoster/InstaGramCom.class
   jd/plugins/hoster/IntelIobbNet.class
   jd/plugins/hoster/IwaraTv.class
   jd/plugins/hoster/JavhdCom.class
   jd/plugins/hoster/JianguoyunCom.class
   jd/plugins/hoster/JizzbunkerCom.class
   jd/plugins/hoster/JkpanCc.class.removed
   jd/plugins/hoster/JoinPeerTubeOrg.class
   jd/plugins/hoster/JulesjordanCom$JulesjordanComConfigInterface$TRANSLATION.class
   jd/plugins/hoster/JulesjordanCom$JulesjordanComConfigInterface.class
   jd/plugins/hoster/JulesjordanCom.class
   jd/plugins/hoster/K2SApi$1.class
   jd/plugins/hoster/K2SApi$2.class
   jd/plugins/hoster/K2SApi$CAPTCHA.class
   jd/plugins/hoster/K2SApi.class
   jd/plugins/hoster/KernelVideoSharingComV2$1.class
   jd/plugins/hoster/KernelVideoSharingComV2.class
   jd/plugins/hoster/KernelVideoSharingComV2HostsDefault.class
   jd/plugins/hoster/LbryTv$1.class
   jd/plugins/hoster/LbryTv.class
   jd/plugins/hoster/LetsuploadCo.class
   jd/plugins/hoster/LibGenInfo.class
   jd/plugins/hoster/LinkSnappyCom$LinkSnappyComConfig$TRANSLATION.class
   jd/plugins/hoster/LinkSnappyCom$LinkSnappyComConfig.class
   jd/plugins/hoster/LinkSnappyCom.class
   jd/plugins/hoster/LinkbypassOnline.class
   jd/plugins/hoster/LinkspremiumDownload.class.removed
   jd/plugins/hoster/LiveStreamCom.class
   jd/plugins/hoster/LunaticFilesCom.class.removed
   jd/plugins/hoster/LyndaCom.class.removed
   jd/plugins/hoster/MassengeschmackTv.class
   jd/plugins/hoster/MediadeliveryNet.class
   jd/plugins/hoster/MegaConz$1.class
   jd/plugins/hoster/MegaConz$2.class
   jd/plugins/hoster/MegaConz$3.class
   jd/plugins/hoster/MegaConz$MegaDownloadLinkDownloadable.class
   jd/plugins/hoster/MegaConz$MegaHashCheck$1.class
   jd/plugins/hoster/MegaConz$MegaHashCheck.class
   jd/plugins/hoster/MegaConz.class
   jd/plugins/hoster/MegaDebridEu.class
   jd/plugins/hoster/MegafilePL.class
   jd/plugins/hoster/MegarapidoNet.class
   jd/plugins/hoster/MetArtCom.class
   jd/plugins/hoster/MilfzrCom.class
   jd/plugins/hoster/ModDbCom.class
   jd/plugins/hoster/ModTheSimsInfo.class
   jd/plugins/hoster/MountFileNet.class
   jd/plugins/hoster/MultiVipNet$MultiVipNetAccountFactory$1.class
   jd/plugins/hoster/MultiVipNet$MultiVipNetAccountFactory.class
   jd/plugins/hoster/MultiVipNet.class
   jd/plugins/hoster/MultiupOrg.class
   jd/plugins/hoster/Music163Com.class
   jd/plugins/hoster/MyMailRu.class
   jd/plugins/hoster/MydebridCom.class
   jd/plugins/hoster/NeodebridCom.class
   jd/plugins/hoster/NewgroundsCom.class
   jd/plugins/hoster/NexusmodsCom$NexusmodsAccountFactory$1.class
   jd/plugins/hoster/NexusmodsCom$NexusmodsAccountFactory.class
   jd/plugins/hoster/NexusmodsCom.class
   jd/plugins/hoster/NicoVideoJp.class
   jd/plugins/hoster/NinetyNineDiskCom.class.removed
   jd/plugins/hoster/NovaFileCom$1.class
   jd/plugins/hoster/NovaFileCom.class
   jd/plugins/hoster/ORFMediathek$1.class
   jd/plugins/hoster/ORFMediathek.class
   jd/plugins/hoster/OdriveCom.class
   jd/plugins/hoster/OffCloudCom.class
   jd/plugins/hoster/Offline.class
   jd/plugins/hoster/OkRu$1.class
   jd/plugins/hoster/OkRu.class
   jd/plugins/hoster/OncamMe.class
   jd/plugins/hoster/OneDriveLiveCom.class
   jd/plugins/hoster/OneFichierCom.class
   jd/plugins/hoster/OnlineTvRecorderCom.class
   jd/plugins/hoster/OrgasmCom.class
   jd/plugins/hoster/PandoraTV.class
   jd/plugins/hoster/PbsOrg.class
   jd/plugins/hoster/PimpRollHostedTube.class
   jd/plugins/hoster/PixeldrainCom$1.class
   jd/plugins/hoster/PixeldrainCom$PixeldrainAccountFactory$1.class
   jd/plugins/hoster/PixeldrainCom$PixeldrainAccountFactory.class
   jd/plugins/hoster/PixeldrainCom.class
   jd/plugins/hoster/PlayFm.class
   jd/plugins/hoster/PluralsightCom$QUALITY.class
   jd/plugins/hoster/PluralsightCom.class
   jd/plugins/hoster/PornHubCom$BouncyCastleAESCounterModeDecrypt.class
   jd/plugins/hoster/PornHubCom.class
   jd/plugins/hoster/PornhdCom.class
   jd/plugins/hoster/PornportalCom.class
   jd/plugins/hoster/PornroxCom.class
   jd/plugins/hoster/PremiumTo$2.class
   jd/plugins/hoster/PremiumTo.class
   jd/plugins/hoster/PremiumaxNet.class
   jd/plugins/hoster/PremiumizeMe$PremiumizeAccountFactory$1.class
   jd/plugins/hoster/PremiumizeMe$PremiumizeAccountFactory.class
   jd/plugins/hoster/PremiumizeMe.class
   jd/plugins/hoster/PrimeMusicRu.class
   jd/plugins/hoster/ProSevenDe.class
   jd/plugins/hoster/Publish2Me$1.class.removed
   jd/plugins/hoster/Publish2Me.class.removed
   jd/plugins/hoster/Puls4Com.class
   jd/plugins/hoster/PutIO.class
   jd/plugins/hoster/RTL2De.class.removed
   jd/plugins/hoster/RaiTv.class
   jd/plugins/hoster/RapidGatorNet.class
   jd/plugins/hoster/RapidekPl.class
   jd/plugins/hoster/RapideoPl.class
   jd/plugins/hoster/RapidsPl$1.class
   jd/plugins/hoster/RapidsPl.class
   jd/plugins/hoster/RapiduNet$1.class
   jd/plugins/hoster/RapiduNet$2.class
   jd/plugins/hoster/RapiduNet.class
   jd/plugins/hoster/RarbgTo.class
   jd/plugins/hoster/RecurbateCom$1.class
   jd/plugins/hoster/RecurbateCom.class
   jd/plugins/hoster/RedTubeCom$1.class
   jd/plugins/hoster/RedTubeCom.class
   jd/plugins/hoster/RedditCom$1.class
   jd/plugins/hoster/RedditCom$2.class
   jd/plugins/hoster/RedditCom.class
   jd/plugins/hoster/RonemoCom.class
   jd/plugins/hoster/RosefileNet.class
   jd/plugins/hoster/SaruchCo.class
   jd/plugins/hoster/ScribdCom.class
   jd/plugins/hoster/SdilejCz.class
   jd/plugins/hoster/SecretfileNet.class.removed
   jd/plugins/hoster/SeedrCc$1.class
   jd/plugins/hoster/SeedrCc.class
   jd/plugins/hoster/SendCm.class
   jd/plugins/hoster/ServusCom.class
   jd/plugins/hoster/SexuCom.class
   jd/plugins/hoster/ShutterStockCom.class
   jd/plugins/hoster/SimplyPremiumCom2$1.class
   jd/plugins/hoster/SimplyPremiumCom2$2.class
   jd/plugins/hoster/SimplyPremiumCom2$SimplyPremiumAccountFactory$1.class
   jd/plugins/hoster/SimplyPremiumCom2$SimplyPremiumAccountFactory.class
   jd/plugins/hoster/SimplyPremiumCom2$SimplyPremiumComConfigInterface$Translation.class
   jd/plugins/hoster/SimplyPremiumCom2$SimplyPremiumComConfigInterface.class
   jd/plugins/hoster/SimplyPremiumCom2.class
   jd/plugins/hoster/SlideShareNet.class
   jd/plugins/hoster/SpeedDownOrg.class.removed
   jd/plugins/hoster/SrfCh.class
   jd/plugins/hoster/StiahnitoSk.class
   jd/plugins/hoster/StreamcloudTv.class.removed
   jd/plugins/hoster/StreamsbNet$1.class
   jd/plugins/hoster/StreamsbNet.class
   jd/plugins/hoster/SuFileCom.class
   jd/plugins/hoster/Tb7Pl.class
   jd/plugins/hoster/TedCom.class
   jd/plugins/hoster/TeleFiveDe$Tele5DeConfigInterface$TRANSLATION.class
   jd/plugins/hoster/TeleFiveDe$Tele5DeConfigInterface.class
   jd/plugins/hoster/TeleFiveDe.class
   jd/plugins/hoster/TeraboxCom.class
   jd/plugins/hoster/TezFilesCom$1.class
   jd/plugins/hoster/TezFilesCom.class
   jd/plugins/hoster/Tf1Fr.class
   jd/plugins/hoster/The7skyInfo.class.removed
   jd/plugins/hoster/ThreeADiskCom.class
   jd/plugins/hoster/TiktokCom.class
   jd/plugins/hoster/TinyuploadCom.class.removed
   jd/plugins/hoster/TnaFlixCom.class
   jd/plugins/hoster/TrainbitCom.class
   jd/plugins/hoster/TransfernowNet.class
   jd/plugins/hoster/TrendypornCom.class
   jd/plugins/hoster/TubeRampantTv.class
   jd/plugins/hoster/TurbogbCom.class
   jd/plugins/hoster/TvNrkNo.class
   jd/plugins/hoster/TvigleRu.class
   jd/plugins/hoster/TvnowDe.class
   jd/plugins/hoster/TwentyOneMembersCom.class
   jd/plugins/hoster/TwitchTv.class
   jd/plugins/hoster/TwitterCom$1.class
   jd/plugins/hoster/TwitterCom$TwitterConfigInterface$TRANSLATION.class
   jd/plugins/hoster/TwitterCom$TwitterConfigInterface.class
   jd/plugins/hoster/TwitterCom.class
   jd/plugins/hoster/TwoGigaLink.class.removed
   jd/plugins/hoster/TxxxCom.class
   jd/plugins/hoster/TyzdenSk.class.removed
   jd/plugins/hoster/U115Com.class
   jd/plugins/hoster/UdemyCom$1.class
   jd/plugins/hoster/UdemyCom.class
   jd/plugins/hoster/UdlTo.class.removed
   jd/plugins/hoster/UlabsDe.class
   jd/plugins/hoster/UnknownPornScript4.class
   jd/plugins/hoster/Up2shaRe.class
   jd/plugins/hoster/UpFileCom.class.removed
   jd/plugins/hoster/UpToBoxCom$1.class
   jd/plugins/hoster/UpToBoxCom$UptoboxAccountFactory$1.class
   jd/plugins/hoster/UpToBoxCom$UptoboxAccountFactory.class
   jd/plugins/hoster/UpToBoxCom.class
   jd/plugins/hoster/UpfordownXyz.class.removed
   jd/plugins/hoster/UploadbyteCom.class.removed
   jd/plugins/hoster/UploadcenterCom.class.removed
   jd/plugins/hoster/Uploadedto.class
   jd/plugins/hoster/UploadmxCom.class
   jd/plugins/hoster/UploadrootCom.class.removed
   jd/plugins/hoster/UploadsMobi.class
   jd/plugins/hoster/UploadshipCom.class.removed
   jd/plugins/hoster/UppomLive.class
   jd/plugins/hoster/UpstoRe.class
   jd/plugins/hoster/UpvideoTo.class
   jd/plugins/hoster/UsenextCom.class
   jd/plugins/hoster/VKontakteRuHoster$1.class
   jd/plugins/hoster/VKontakteRuHoster$Quality$1.class
   jd/plugins/hoster/VKontakteRuHoster$Quality$2.class
   jd/plugins/hoster/VKontakteRuHoster$Quality$3.class
   jd/plugins/hoster/VKontakteRuHoster$Quality$4.class
   jd/plugins/hoster/VKontakteRuHoster$Quality$5.class
   jd/plugins/hoster/VKontakteRuHoster$Quality$6.class
   jd/plugins/hoster/VKontakteRuHoster$Quality.class
   jd/plugins/hoster/VKontakteRuHoster$QualitySelectionMode$1.class
   jd/plugins/hoster/VKontakteRuHoster$QualitySelectionMode$2.class
   jd/plugins/hoster/VKontakteRuHoster$QualitySelectionMode$3.class
   jd/plugins/hoster/VKontakteRuHoster$QualitySelectionMode$4.class
   jd/plugins/hoster/VKontakteRuHoster$QualitySelectionMode.class
   jd/plugins/hoster/VKontakteRuHoster.class
   jd/plugins/hoster/VdiskCn.class
   jd/plugins/hoster/VdiskWeiboCom.class
   jd/plugins/hoster/VidbleCom.class
   jd/plugins/hoster/VidbmCom.class
   jd/plugins/hoster/VidcloudCo.class
   jd/plugins/hoster/VideoFCTwoCom.class
   jd/plugins/hoster/VideoHaberturkCom.class
   jd/plugins/hoster/VideoWoodTv.class
   jd/plugins/hoster/VideoYandexRu.class.removed
   jd/plugins/hoster/VideopressCom.class
   jd/plugins/hoster/VideosSh.class.removed
   jd/plugins/hoster/VideovardSx.class
   jd/plugins/hoster/VidmolyTo.class
   jd/plugins/hoster/VidozaNet.class
   jd/plugins/hoster/VidsMySpaceCom.class
   jd/plugins/hoster/VidsharTv.class
   jd/plugins/hoster/VikiCom$1.class
   jd/plugins/hoster/VikiCom$2.class
   jd/plugins/hoster/VikiCom.class
   jd/plugins/hoster/VimeoCom.class
   jd/plugins/hoster/VimpleRu.class
   jd/plugins/hoster/VipAccountRu.class.removed
   jd/plugins/hoster/VivaTv$1.class
   jd/plugins/hoster/VivaTv$2.class
   jd/plugins/hoster/VivaTv$3.class
   jd/plugins/hoster/VivaTv$4.class
   jd/plugins/hoster/VivaTv$5.class
   jd/plugins/hoster/VivaTv.class
   jd/plugins/hoster/VivudCom.class
   jd/plugins/hoster/VmallCom.class.removed
   jd/plugins/hoster/VocarooCom.class
   jd/plugins/hoster/VtubeTo.class
   jd/plugins/hoster/VuploadCom.class
   jd/plugins/hoster/WatchMdhTo.class
   jd/plugins/hoster/WatchvideoUs.class.removed
   jd/plugins/hoster/WeTransferCom.class
   jd/plugins/hoster/WebShareCz.class
   jd/plugins/hoster/WeltDeMediathek.class
   jd/plugins/hoster/WhatBoysWantCom.class
   jd/plugins/hoster/WiTo.class.removed
   jd/plugins/hoster/WickedCom.class
   jd/plugins/hoster/WidoolCom.class.removed
   jd/plugins/hoster/WikiFortioCom.class
   jd/plugins/hoster/WistiaCom.class
   jd/plugins/hoster/WorldStarAmateursCom.class.removed
   jd/plugins/hoster/WsjCom.class
   jd/plugins/hoster/WyslijPlikPl.class
   jd/plugins/hoster/XHamsterCom$1.class
   jd/plugins/hoster/XHamsterCom.class
   jd/plugins/hoster/XSUseNetCom.class
   jd/plugins/hoster/XShareCom.class.removed
   jd/plugins/hoster/XcafeCom.class
   jd/plugins/hoster/XkcdCom.class
   jd/plugins/hoster/Xt7Pl.class
   jd/plugins/hoster/XtremestreamCo.class
   jd/plugins/hoster/XunNiuCom.class.removed
   jd/plugins/hoster/XunleiCom.class.removed
   jd/plugins/hoster/XunniupanCom.class
   jd/plugins/hoster/XupIn.class
   jd/plugins/hoster/XvideosCore$1.class
   jd/plugins/hoster/XvideosCore.class
   jd/plugins/hoster/XyouCom.class
   jd/plugins/hoster/YahooCom.class
   jd/plugins/hoster/YandeRe.class
   jd/plugins/hoster/YandexAlbum.class
   jd/plugins/hoster/YiffyfurTube.class
   jd/plugins/hoster/YimuheCom.class
   jd/plugins/hoster/YouJizzCom.class
   jd/plugins/hoster/YoukuCom.class
   jd/plugins/hoster/YounowCom.class
   jd/plugins/hoster/YourFreePornTv.class.removed
   jd/plugins/hoster/YourlustCom.class
   jd/plugins/hoster/ZMagsCom.class
   jd/plugins/hoster/ZdfDeMediathek$ZdfmediathekConfigInterface$TRANSLATION.class
   jd/plugins/hoster/ZdfDeMediathek$ZdfmediathekConfigInterface.class
   jd/plugins/hoster/ZdfDeMediathek.class
   jd/plugins/hoster/ZeveraCom$ZeveraAccountFactory$1.class
   jd/plugins/hoster/ZeveraCom$ZeveraAccountFactory.class
   jd/plugins/hoster/ZeveraCom.class
   jd/plugins/hoster/ZeveraCore$1.class
   jd/plugins/hoster/ZeveraCore$2.class
   jd/plugins/hoster/ZeveraCore.class
----------------Extensions----------------
   extensions/Extraction.jar
----------------Direct Files----------------
   build.json
   translations/org/appwork/utils/locale/AWUTranslation.zh_CN.lng
   translations/org/appwork/utils/logging2/sendlogs/LogSenderTranslation.zh_CN.lng
   translations/org/jdownloader/extensions/antistandby/translate/AntistandbyTranslation.zh_CN.lng
   translations/org/jdownloader/extensions/extraction/translate/ExtractionTranslation.zh_CN.lng
   translations/org/jdownloader/extensions/shutdown/translate/ShutdownTranslation.zh_CN.lng
   translations/org/jdownloader/gui/jdtrayicon/translate/TrayiconTranslation.zh_CN.lng
   translations/org/jdownloader/gui/translate/GuiTranslation.bs.lng
   translations/org/jdownloader/gui/translate/GuiTranslation.pt_BR.lng
   translations/org/jdownloader/gui/translate/GuiTranslation.zh_CN.lng
   translations/org/jdownloader/translate/JdownloaderTranslation.zh_CN.lng
   translations/org/jdownloader/updatev2/UpdaterTranslation.zh_CN.lng
----------------Core Files----------------
   Core.jar
   JD: Core.jar/jd/config/Property.class
   JD: Core.jar/jd/config/WeakStringCache$1.class
   JD: Core.jar/jd/config/WeakStringCache$2.class
   JD: Core.jar/jd/config/WeakStringCache$WeakStringCacheEntries.class
   JD: Core.jar/jd/config/WeakStringCache$WeakStringCacheEntry.class
   JD: Core.jar/jd/config/WeakStringCache.class
   JD: Core.jar/jd/controlling/downloadcontroller/DownloadController$1.class
   JD: Core.jar/jd/controlling/downloadcontroller/DownloadController$10.class
   JD: Core.jar/jd/controlling/downloadcontroller/DownloadController$11.class
   JD: Core.jar/jd/controlling/downloadcontroller/DownloadController$12.class
   JD: Core.jar/jd/controlling/downloadcontroller/DownloadController$13.class
   JD: Core.jar/jd/controlling/downloadcontroller/DownloadController$14$1$1$1.class.removed
   JD: Core.jar/jd/controlling/downloadcontroller/DownloadController$14$1$1.class.removed
   JD: Core.jar/jd/controlling/downloadcontroller/DownloadController$14$1.class.removed
   JD: Core.jar/jd/controlling/downloadcontroller/DownloadController$14.class
   JD: Core.jar/jd/controlling/downloadcontroller/DownloadController$15.class
   JD: Core.jar/jd/controlling/downloadcontroller/DownloadController$16$1$1$1.class
   JD: Core.jar/jd/controlling/downloadcontroller/DownloadController$16$1$1.class
   JD: Core.jar/jd/controlling/downloadcontroller/DownloadController$16$1.class
   JD: Core.jar/jd/controlling/downloadcontroller/DownloadController$16.class
   JD: Core.jar/jd/controlling/downloadcontroller/DownloadController$17$1.class
   JD: Core.jar/jd/controlling/downloadcontroller/DownloadController$17.class
   JD: Core.jar/jd/controlling/downloadcontroller/DownloadController$18.class
   JD: Core.jar/jd/controlling/downloadcontroller/DownloadController$19.class
   JD: Core.jar/jd/controlling/downloadcontroller/DownloadController$2.class
   JD: Core.jar/jd/controlling/downloadcontroller/DownloadController$20$1.class
   JD: Core.jar/jd/controlling/downloadcontroller/DownloadController$20.class
   JD: Core.jar/jd/controlling/downloadcontroller/DownloadController$21.class
   JD: Core.jar/jd/controlling/downloadcontroller/DownloadController$22.class
   JD: Core.jar/jd/controlling/downloadcontroller/DownloadController$23.class
   JD: Core.jar/jd/controlling/downloadcontroller/DownloadController$3.class
   JD: Core.jar/jd/controlling/downloadcontroller/DownloadController$4.class
   JD: Core.jar/jd/controlling/downloadcontroller/DownloadController$5.class
   JD: Core.jar/jd/controlling/downloadcontroller/DownloadController$6.class
   JD: Core.jar/jd/controlling/downloadcontroller/DownloadController$7.class
   JD: Core.jar/jd/controlling/downloadcontroller/DownloadController$8.class
   JD: Core.jar/jd/controlling/downloadcontroller/DownloadController$9$1.class
   JD: Core.jar/jd/controlling/downloadcontroller/DownloadController$9.class
   JD: Core.jar/jd/controlling/downloadcontroller/DownloadController$LoadedPackage$1.class
   JD: Core.jar/jd/controlling/downloadcontroller/DownloadController$LoadedPackage$IndexedDownloadLink.class
   JD: Core.jar/jd/controlling/downloadcontroller/DownloadController$LoadedPackage.class
   JD: Core.jar/jd/controlling/downloadcontroller/DownloadController.class
   JD: Core.jar/jd/controlling/downloadcontroller/DownloadWatchDog.class
   JD: Core.jar/jd/controlling/downloadcontroller/FilePackageStorable.class
   JD: Core.jar/jd/controlling/linkcollector/LinkCollector$1$1.class
   JD: Core.jar/jd/controlling/linkcollector/LinkCollector$1.class
   JD: Core.jar/jd/controlling/linkcollector/LinkCollector$10.class
   JD: Core.jar/jd/controlling/linkcollector/LinkCollector$11.class
   JD: Core.jar/jd/controlling/linkcollector/LinkCollector$12.class
   JD: Core.jar/jd/controlling/linkcollector/LinkCollector$13.class
   JD: Core.jar/jd/controlling/linkcollector/LinkCollector$14.class
   JD: Core.jar/jd/controlling/linkcollector/LinkCollector$15.class
   JD: Core.jar/jd/controlling/linkcollector/LinkCollector$16.class
   JD: Core.jar/jd/controlling/linkcollector/LinkCollector$17.class
   JD: Core.jar/jd/controlling/linkcollector/LinkCollector$18.class
   JD: Core.jar/jd/controlling/linkcollector/LinkCollector$19$1.class
   JD: Core.jar/jd/controlling/linkcollector/LinkCollector$19.class
   JD: Core.jar/jd/controlling/linkcollector/LinkCollector$2$1.class
   JD: Core.jar/jd/controlling/linkcollector/LinkCollector$2.class
   JD: Core.jar/jd/controlling/linkcollector/LinkCollector$20$1.class
   JD: Core.jar/jd/controlling/linkcollector/LinkCollector$20.class
   JD: Core.jar/jd/controlling/linkcollector/LinkCollector$21.class
   JD: Core.jar/jd/controlling/linkcollector/LinkCollector$22.class
   JD: Core.jar/jd/controlling/linkcollector/LinkCollector$23.class
   JD: Core.jar/jd/controlling/linkcollector/LinkCollector$24.class
   JD: Core.jar/jd/controlling/linkcollector/LinkCollector$25$1.class.removed
   JD: Core.jar/jd/controlling/linkcollector/LinkCollector$25$2.class.removed
   JD: Core.jar/jd/controlling/linkcollector/LinkCollector$25.class
   JD: Core.jar/jd/controlling/linkcollector/LinkCollector$26$1.class.removed
   JD: Core.jar/jd/controlling/linkcollector/LinkCollector$26.class
   JD: Core.jar/jd/controlling/linkcollector/LinkCollector$27$1$1.class
   JD: Core.jar/jd/controlling/linkcollector/LinkCollector$27$1.class
   JD: Core.jar/jd/controlling/linkcollector/LinkCollector$27$2.class
   JD: Core.jar/jd/controlling/linkcollector/LinkCollector$27$3.class
   JD: Core.jar/jd/controlling/linkcollector/LinkCollector$27.class
   JD: Core.jar/jd/controlling/linkcollector/LinkCollector$28$1.class
   JD: Core.jar/jd/controlling/linkcollector/LinkCollector$28.class
   JD: Core.jar/jd/controlling/linkcollector/LinkCollector$29$1.class.removed
   JD: Core.jar/jd/controlling/linkcollector/LinkCollector$29$2.class.removed
   JD: Core.jar/jd/controlling/linkcollector/LinkCollector$29.class
   JD: Core.jar/jd/controlling/linkcollector/LinkCollector$3$1.class
   JD: Core.jar/jd/controlling/linkcollector/LinkCollector$3.class
   JD: Core.jar/jd/controlling/linkcollector/LinkCollector$30$1.class
   JD: Core.jar/jd/controlling/linkcollector/LinkCollector$30.class
   JD: Core.jar/jd/controlling/linkcollector/LinkCollector$31$1.class
   JD: Core.jar/jd/controlling/linkcollector/LinkCollector$31$2.class
   JD: Core.jar/jd/controlling/linkcollector/LinkCollector$31.class
   JD: Core.jar/jd/controlling/linkcollector/LinkCollector$32.class
   JD: Core.jar/jd/controlling/linkcollector/LinkCollector$33.class
   JD: Core.jar/jd/controlling/linkcollector/LinkCollector$34.class
   JD: Core.jar/jd/controlling/linkcollector/LinkCollector$35.class
   JD: Core.jar/jd/controlling/linkcollector/LinkCollector$36.class
   JD: Core.jar/jd/controlling/linkcollector/LinkCollector$4.class
   JD: Core.jar/jd/controlling/linkcollector/LinkCollector$5.class
   JD: Core.jar/jd/controlling/linkcollector/LinkCollector$6.class
   JD: Core.jar/jd/controlling/linkcollector/LinkCollector$7.class
   JD: Core.jar/jd/controlling/linkcollector/LinkCollector$8.class
   JD: Core.jar/jd/controlling/linkcollector/LinkCollector$9.class
   JD: Core.jar/jd/controlling/linkcollector/LinkCollector$CrawledPackageMappingID.class
   JD: Core.jar/jd/controlling/linkcollector/LinkCollector$JobLinkChecker.class
   JD: Core.jar/jd/controlling/linkcollector/LinkCollector$JobLinkCrawler$1.class
   JD: Core.jar/jd/controlling/linkcollector/LinkCollector$JobLinkCrawler.class
   JD: Core.jar/jd/controlling/linkcollector/LinkCollector$LoadedPackage.class
   JD: Core.jar/jd/controlling/linkcollector/LinkCollector$MoveLinksMode.class
   JD: Core.jar/jd/controlling/linkcollector/LinkCollector$MoveLinksSettings.class
   JD: Core.jar/jd/controlling/linkcollector/LinkCollector.class
   JD: Core.jar/jd/controlling/linkcrawler/CrawledLink$1.class
   JD: Core.jar/jd/controlling/linkcrawler/CrawledLink$2.class
   JD: Core.jar/jd/controlling/linkcrawler/CrawledLink$PROPERTY.class
   JD: Core.jar/jd/controlling/linkcrawler/CrawledLink.class
   JD: Core.jar/jd/controlling/linkcrawler/CrawlingCrawledLink$1.class
   JD: Core.jar/jd/controlling/linkcrawler/CrawlingCrawledLink.class
   JD: Core.jar/jd/controlling/linkcrawler/LinkCrawler$1.class
   JD: Core.jar/jd/controlling/linkcrawler/LinkCrawler$10.class
   JD: Core.jar/jd/controlling/linkcrawler/LinkCrawler$11.class
   JD: Core.jar/jd/controlling/linkcrawler/LinkCrawler$12.class
   JD: Core.jar/jd/controlling/linkcrawler/LinkCrawler$13.class
   JD: Core.jar/jd/controlling/linkcrawler/LinkCrawler$14.class
   JD: Core.jar/jd/controlling/linkcrawler/LinkCrawler$15.class
   JD: Core.jar/jd/controlling/linkcrawler/LinkCrawler$16.class
   JD: Core.jar/jd/controlling/linkcrawler/LinkCrawler$17.class
   JD: Core.jar/jd/controlling/linkcrawler/LinkCrawler$18.class
   JD: Core.jar/jd/controlling/linkcrawler/LinkCrawler$19.class
   JD: Core.jar/jd/controlling/linkcrawler/LinkCrawler$2.class
   JD: Core.jar/jd/controlling/linkcrawler/LinkCrawler$20.class
   JD: Core.jar/jd/controlling/linkcrawler/LinkCrawler$21.class
   JD: Core.jar/jd/controlling/linkcrawler/LinkCrawler$22.class
   JD: Core.jar/jd/controlling/linkcrawler/LinkCrawler$23$1.class
   JD: Core.jar/jd/controlling/linkcrawler/LinkCrawler$23.class
   JD: Core.jar/jd/controlling/linkcrawler/LinkCrawler$24$1.class
   JD: Core.jar/jd/controlling/linkcrawler/LinkCrawler$24.class
   JD: Core.jar/jd/controlling/linkcrawler/LinkCrawler$25$1.class.removed
   JD: Core.jar/jd/controlling/linkcrawler/LinkCrawler$25.class
   JD: Core.jar/jd/controlling/linkcrawler/LinkCrawler$26.class
   JD: Core.jar/jd/controlling/linkcrawler/LinkCrawler$27.class
   JD: Core.jar/jd/controlling/linkcrawler/LinkCrawler$28.class
   JD: Core.jar/jd/controlling/linkcrawler/LinkCrawler$29.class.removed
   JD: Core.jar/jd/controlling/linkcrawler/LinkCrawler$3.class
   JD: Core.jar/jd/controlling/linkcrawler/LinkCrawler$4.class
   JD: Core.jar/jd/controlling/linkcrawler/LinkCrawler$5.class
   JD: Core.jar/jd/controlling/linkcrawler/LinkCrawler$6.class
   JD: Core.jar/jd/controlling/linkcrawler/LinkCrawler$7.class
   JD: Core.jar/jd/controlling/linkcrawler/LinkCrawler$8.class
   JD: Core.jar/jd/controlling/linkcrawler/LinkCrawler$9.class
   JD: Core.jar/jd/controlling/linkcrawler/LinkCrawler.class
   JD: Core.jar/jd/controlling/linkcrawler/LinkCrawlerLock.class
   JD: Core.jar/jd/controlling/linkcrawler/LinkCrawlerRuleStorable.class
   JD: Core.jar/jd/controlling/linkcrawler/LinkCrawlerRunnable.class
   JD: Core.jar/jd/controlling/reconnect/pluginsinc/liveheader/LiveHeaderDetectionWizard.class
   JD: Core.jar/jd/controlling/reconnect/pluginsinc/liveheader/remotecall/FailedException.class.removed
   JD: Core.jar/jd/controlling/reconnect/pluginsinc/liveheader/remotecall/ScriptNotFoundExeption.class.removed
   JD: Core.jar/jd/controlling/reconnect/pluginsinc/speedporthybrid/SpeedPortHybrid$1.class
   JD: Core.jar/jd/controlling/reconnect/pluginsinc/speedporthybrid/SpeedPortHybrid$2.class
   JD: Core.jar/jd/controlling/reconnect/pluginsinc/speedporthybrid/SpeedPortHybrid$3.class
   JD: Core.jar/jd/controlling/reconnect/pluginsinc/speedporthybrid/SpeedPortHybrid.class
   JD: Core.jar/jd/controlling/reconnect/pluginsinc/upnp/cling/UpnpRouterDevice.class
   JD: Core.jar/jd/network/rtmp/RtmpDump$1.class.removed
   JD: Core.jar/jd/network/rtmp/RtmpDump$2.class.removed
   JD: Core.jar/jd/network/rtmp/RtmpDump$3.class.removed
   JD: Core.jar/jd/network/rtmp/RtmpDump$RTMPCon.class.removed
   JD: Core.jar/jd/network/rtmp/RtmpDump.class.removed
   JD: Core.jar/jd/network/rtmp/url.removed
   JD: Core.jar/jd/network/rtmp/url/RtmpUrlConnection.class.removed
   JD: Core.jar/jd/parser/html/HTMLParser.class
   JD: Core.jar/jd/plugins/Account$AccountType$1.class
   JD: Core.jar/jd/plugins/Account$AccountType$2.class
   JD: Core.jar/jd/plugins/Account$AccountType$3.class
   JD: Core.jar/jd/plugins/Account$AccountType$4.class
   JD: Core.jar/jd/plugins/Account$AccountType.class
   JD: Core.jar/jd/plugins/Account.class
   JD: Core.jar/jd/plugins/AccountInfo.class
   JD: Core.jar/jd/plugins/DownloadLink$1.class
   JD: Core.jar/jd/plugins/DownloadLink$2.class
   JD: Core.jar/jd/plugins/DownloadLink$3.class
   JD: Core.jar/jd/plugins/DownloadLink$4.class
   JD: Core.jar/jd/plugins/DownloadLink$5.class
   JD: Core.jar/jd/plugins/DownloadLink$AvailableStatus.class
   JD: Core.jar/jd/plugins/DownloadLink.class
   JD: Core.jar/jd/plugins/DownloadLinkStorable$1.class
   JD: Core.jar/jd/plugins/DownloadLinkStorable$2.class
   JD: Core.jar/jd/plugins/DownloadLinkStorable.class
   JD: Core.jar/jd/plugins/Plugin$1.class
   JD: Core.jar/jd/plugins/Plugin$2.class
   JD: Core.jar/jd/plugins/Plugin$3.class
   JD: Core.jar/jd/plugins/Plugin$4.class
   JD: Core.jar/jd/plugins/Plugin.class
   JD: Core.jar/jd/plugins/PluginConfigPanelNG$10.class
   JD: Core.jar/jd/plugins/PluginConfigPanelNG.class
   JD: Core.jar/jd/plugins/PluginForDecrypt$1.class
   JD: Core.jar/jd/plugins/PluginForDecrypt$2.class
   JD: Core.jar/jd/plugins/PluginForDecrypt.class
   JD: Core.jar/jd/plugins/components/MediathekHelper.class
   JD: Core.jar/jd/plugins/components/PremiumizeBrowseNode.class
   JD: Core.jar/jd/plugins/components/RTMPStreamHandler.class.removed
   JD: Core.jar/jd/plugins/components/TwentyOneMembersVariantInfo.class
   JD: Core.jar/jd/plugins/components/VariantInfoMassengeschmackTv.class
   JD: Core.jar/jd/plugins/hoster.removed
   JD: Core.jar/jd/plugins/hoster/RTMPDownload.class.removed
   JD: Core.jar/jd/utils/locale/JDL.class
   JD: Core.jar/jd/utils/locale/JDLocale.class.removed
   JD: Core.jar/org/jdownloader/api/RemoteAPIController$1$1.class
   JD: Core.jar/org/jdownloader/api/RemoteAPIController$1$2.class
   JD: Core.jar/org/jdownloader/api/RemoteAPIController$1.class
   JD: Core.jar/org/jdownloader/api/RemoteAPIController$2$1.class
   JD: Core.jar/org/jdownloader/api/RemoteAPIController$2.class
   JD: Core.jar/org/jdownloader/api/RemoteAPIController$3.class
   JD: Core.jar/org/jdownloader/api/RemoteAPIController$4.class
   JD: Core.jar/org/jdownloader/api/RemoteAPIController$MyJDownloaderEvent.class
   JD: Core.jar/org/jdownloader/api/RemoteAPIController$RidHistory.class
   JD: Core.jar/org/jdownloader/api/RemoteAPIController.class
   JD: Core.jar/org/jdownloader/api/RemoteAPISessionControllerImp.class
   JD: Core.jar/org/jdownloader/api/accounts/AccountAPIImpl.class
   JD: Core.jar/org/jdownloader/api/accounts/AccountAPIStorable.class
   JD: Core.jar/org/jdownloader/api/accounts/v2/AccountAPIImplV2.class
   JD: Core.jar/org/jdownloader/api/accounts/v2/AccountAPIV2.class
   JD: Core.jar/org/jdownloader/api/captcha/CaptchaAPISolver.class
   JD: Core.jar/org/jdownloader/api/captcha/CaptchaJob.class
   JD: Core.jar/org/jdownloader/api/cnl2/ExternInterface$1.class
   JD: Core.jar/org/jdownloader/api/cnl2/ExternInterface$ExternInterfaceRemoteAPI.class
   JD: Core.jar/org/jdownloader/api/cnl2/ExternInterface.class
   JD: Core.jar/org/jdownloader/api/config/AdvancedConfigManagerAPI.class
   JD: Core.jar/org/jdownloader/api/config/AdvancedConfigManagerAPIImpl$3$1.class
   JD: Core.jar/org/jdownloader/api/config/AdvancedConfigManagerAPIImpl$3.class
   JD: Core.jar/org/jdownloader/api/config/AdvancedConfigManagerAPIImpl.class
   JD: Core.jar/org/jdownloader/api/content/v2/ContentAPIV2.class
   JD: Core.jar/org/jdownloader/api/content/v2/MyJDMenuItem.class
   JD: Core.jar/org/jdownloader/api/device/DeviceAPI.class
   JD: Core.jar/org/jdownloader/api/downloads/DownloadListDiffStorable.class
   JD: Core.jar/org/jdownloader/api/downloads/DownloadsAPIImpl.class
   JD: Core.jar/org/jdownloader/api/downloads/FilePackageAPIStorable.class
   JD: Core.jar/org/jdownloader/api/downloads/LinkStatusAPIStorable.class
   JD: Core.jar/org/jdownloader/api/downloads/v2/LinkQueryStorable.class
   JD: Core.jar/org/jdownloader/api/downloads/v2/PackageQueryStorable.class
   JD: Core.jar/org/jdownloader/api/extensions/ExtensionsAPIImpl$1.class
   JD: Core.jar/org/jdownloader/api/extensions/ExtensionsAPIImpl.class
   JD: Core.jar/org/jdownloader/api/jd/AggregatedNumbersAPIStorable.class
   JD: Core.jar/org/jdownloader/api/jd/JDAPI.class
   JD: Core.jar/org/jdownloader/api/jd/JDAPIImpl$1.class.removed
   JD: Core.jar/org/jdownloader/api/jd/JDAPIImpl.class
   JD: Core.jar/org/jdownloader/api/jdanywhere/api/LinkCrawlerApi.class
   JD: Core.jar/org/jdownloader/api/jdanywhere/api/interfaces/IDashboardApi.class
   JD: Core.jar/org/jdownloader/api/jdanywhere/api/storable/AccountPropertyStorable.class
   JD: Core.jar/org/jdownloader/api/jdanywhere/api/storable/CrawledLinkStoreable.class
   JD: Core.jar/org/jdownloader/api/jdanywhere/api/storable/CrawledPackageStorable.class
   JD: Core.jar/org/jdownloader/api/jdanywhere/api/storable/DownloadLinkInfoStorable.class
   JD: Core.jar/org/jdownloader/api/jdanywhere/api/storable/DownloadLinkStorable.class
   JD: Core.jar/org/jdownloader/api/jdanywhere/api/storable/FilePackageInfoStorable.class
   JD: Core.jar/org/jdownloader/api/jdanywhere/api/storable/FilePackageStorable.class
   JD: Core.jar/org/jdownloader/api/jdanywhere/api/storable/LinkStatusJobStorable.class
   JD: Core.jar/org/jdownloader/api/jdanywhere/api/storable/RunningObjectStorable.class
   JD: Core.jar/org/jdownloader/api/linkcollector/CrawledLinkAPIStorable.class
   JD: Core.jar/org/jdownloader/api/linkcollector/CrawledPackageAPIStorable.class
   JD: Core.jar/org/jdownloader/api/linkcollector/LinkCollectorAPIImpl.class
   JD: Core.jar/org/jdownloader/api/linkcollector/v2/AddLinksQueryStorable.class
   JD: Core.jar/org/jdownloader/api/linkcollector/v2/CrawledLinkAPIStorableV2.class
   JD: Core.jar/org/jdownloader/api/linkcollector/v2/CrawledLinkQueryStorable.class
   JD: Core.jar/org/jdownloader/api/linkcollector/v2/CrawledPackageAPIStorableV2.class
   JD: Core.jar/org/jdownloader/api/linkcollector/v2/CrawledPackageQueryStorable.class
   JD: Core.jar/org/jdownloader/api/myjdownloader/MyJDownloaderHttpConnection$1$1.class
   JD: Core.jar/org/jdownloader/api/myjdownloader/MyJDownloaderHttpConnection$1.class
   JD: Core.jar/org/jdownloader/api/myjdownloader/MyJDownloaderHttpConnection.class
   JD: Core.jar/org/jdownloader/api/myjdownloader/OptionsRequestHandler.class.removed
   JD: Core.jar/org/jdownloader/api/myjdownloader/api/MyJDownloaderAPI.class
   JD: Core.jar/org/jdownloader/api/plugins/PluginAPIStorable.class
   JD: Core.jar/org/jdownloader/api/plugins/PluginConfigAdapter.class
   JD: Core.jar/org/jdownloader/api/plugins/PluginConfigEntryAPIStorable.class
   JD: Core.jar/org/jdownloader/api/plugins/PluginsAPI.class
   JD: Core.jar/org/jdownloader/api/polling/PollingAPIDownloadLinkStorable.class
   JD: Core.jar/org/jdownloader/api/polling/PollingAPIFilePackageStorable.class
   JD: Core.jar/org/jdownloader/api/polling/PollingAPIImpl.class
   JD: Core.jar/org/jdownloader/api/system/SystemAPI.class
   JD: Core.jar/org/jdownloader/api/toolbar/JDownloaderToolBarAPI.class
   JD: Core.jar/org/jdownloader/api/toolbar/LinkStatus.class
   JD: Core.jar/org/jdownloader/api/ui/UIAPI.class
   JD: Core.jar/org/jdownloader/captcha/v2/challenge/keycaptcha/KeyCaptchaCategoryChallenge$APIData.class
   JD: Core.jar/org/jdownloader/captcha/v2/challenge/keycaptcha/KeyCaptchaCategoryChallenge.class
   JD: Core.jar/org/jdownloader/captcha/v2/solver/dbc/DBCUploadResponse.class
   JD: Core.jar/org/jdownloader/controlling/PasswordUtils.class
   JD: Core.jar/org/jdownloader/controlling/contextmenu/ActionData.class
   JD: Core.jar/org/jdownloader/controlling/contextmenu/CustomizableAppAction$1.class
   JD: Core.jar/org/jdownloader/controlling/contextmenu/CustomizableAppAction.class
   JD: Core.jar/org/jdownloader/controlling/contextmenu/MenuItemData$Type.class
   JD: Core.jar/org/jdownloader/controlling/contextmenu/MenuItemData.class
   JD: Core.jar/org/jdownloader/controlling/domainrules/DomainRule.class
   JD: Core.jar/org/jdownloader/controlling/ffmpeg/json/StreamInfo.class
   JD: Core.jar/org/jdownloader/controlling/filter/CompiledConditionFilter$1.class
   JD: Core.jar/org/jdownloader/controlling/filter/CompiledConditionFilter.class
   JD: Core.jar/org/jdownloader/controlling/filter/CompiledFilesizeFilter$1.class
   JD: Core.jar/org/jdownloader/controlling/filter/CompiledFilesizeFilter.class
   JD: Core.jar/org/jdownloader/controlling/filter/CompiledOnlineStatusFiler$1.class
   JD: Core.jar/org/jdownloader/controlling/filter/CompiledOnlineStatusFiler.class
   JD: Core.jar/org/jdownloader/controlling/filter/CompiledOriginFilter$1.class
   JD: Core.jar/org/jdownloader/controlling/filter/CompiledOriginFilter.class
   JD: Core.jar/org/jdownloader/controlling/filter/CompiledPluginStatusFilter$1.class
   JD: Core.jar/org/jdownloader/controlling/filter/CompiledPluginStatusFilter.class
   JD: Core.jar/org/jdownloader/controlling/filter/CompiledRegexFilter$1.class
   JD: Core.jar/org/jdownloader/controlling/filter/CompiledRegexFilter.class
   JD: Core.jar/org/jdownloader/controlling/filter/FilterRule.class
   JD: Core.jar/org/jdownloader/controlling/filter/LinkFilterController.class
   JD: Core.jar/org/jdownloader/controlling/filter/RuleWrapper.class
   JD: Core.jar/org/jdownloader/controlling/packagizer/PackagizerController$10.class
   JD: Core.jar/org/jdownloader/controlling/packagizer/PackagizerController$12.class
   JD: Core.jar/org/jdownloader/controlling/packagizer/PackagizerController$7.class
   JD: Core.jar/org/jdownloader/controlling/packagizer/PackagizerController$8.class
   JD: Core.jar/org/jdownloader/controlling/packagizer/PackagizerController$9.class
   JD: Core.jar/org/jdownloader/controlling/packagizer/PackagizerController.class
   JD: Core.jar/org/jdownloader/controlling/packagizer/tests/
   JD: Core.jar/org/jdownloader/controlling/packagizer/tests/JsonTest$1$1.class
   JD: Core.jar/org/jdownloader/controlling/packagizer/tests/JsonTest$1.class
   JD: Core.jar/org/jdownloader/controlling/packagizer/tests/JsonTest$2.class
   JD: Core.jar/org/jdownloader/controlling/packagizer/tests/JsonTest$3.class
   JD: Core.jar/org/jdownloader/controlling/packagizer/tests/JsonTest.class
   JD: Core.jar/org/jdownloader/extensions/ExtensionController$1.class
   JD: Core.jar/org/jdownloader/extensions/ExtensionController$2.class
   JD: Core.jar/org/jdownloader/extensions/ExtensionController$3.class
   JD: Core.jar/org/jdownloader/extensions/ExtensionController$4.class
   JD: Core.jar/org/jdownloader/extensions/ExtensionController$5.class
   JD: Core.jar/org/jdownloader/extensions/ExtensionController$6.class
   JD: Core.jar/org/jdownloader/extensions/ExtensionController$7.class
   JD: Core.jar/org/jdownloader/extensions/ExtensionController.class
   JD: Core.jar/org/jdownloader/extensions/LazyExtension.class
   JD: Core.jar/org/jdownloader/extensions/OptionalExtension.class
   JD: Core.jar/org/jdownloader/extensions/UninstalledExtension$1$1$1$1$1.class.removed
   JD: Core.jar/org/jdownloader/extensions/UninstalledExtension$1$1$1$1.class.removed
   JD: Core.jar/org/jdownloader/extensions/UninstalledExtension$1$1$1$2.class.removed
   JD: Core.jar/org/jdownloader/extensions/UninstalledExtension$1$1$1.class.removed
   JD: Core.jar/org/jdownloader/extensions/UninstalledExtension$1$1.class.removed
   JD: Core.jar/org/jdownloader/extensions/UninstalledExtension$1.class.removed
   JD: Core.jar/org/jdownloader/extensions/UninstalledExtension.class.removed
   JD: Core.jar/org/jdownloader/gui/jdtrayicon/actions/ChunksEditorLink$2.class
   JD: Core.jar/org/jdownloader/gui/jdtrayicon/actions/ChunksEditorLink.class
   JD: Core.jar/org/jdownloader/gui/jdtrayicon/actions/ParalellDownloadsEditorLink$2.class
   JD: Core.jar/org/jdownloader/gui/jdtrayicon/actions/ParalellDownloadsEditorLink.class
   JD: Core.jar/org/jdownloader/gui/jdtrayicon/actions/ParallelDownloadsPerHostEditorLink$2.class
   JD: Core.jar/org/jdownloader/gui/jdtrayicon/actions/ParallelDownloadsPerHostEditorLink.class
   JD: Core.jar/org/jdownloader/gui/jdtrayicon/actions/SpeedlimitEditorLink$2.class
   JD: Core.jar/org/jdownloader/gui/jdtrayicon/actions/SpeedlimitEditorLink.class
   JD: Core.jar/org/jdownloader/gui/mainmenu/ChunksEditorLink$1.class
   JD: Core.jar/org/jdownloader/gui/mainmenu/ChunksEditorLink.class
   JD: Core.jar/org/jdownloader/gui/mainmenu/ParalellDownloadsEditorLink$2.class
   JD: Core.jar/org/jdownloader/gui/mainmenu/ParalellDownloadsEditorLink.class
   JD: Core.jar/org/jdownloader/gui/mainmenu/ParallelDownloadsPerHostEditorLink$2.class
   JD: Core.jar/org/jdownloader/gui/mainmenu/ParallelDownloadsPerHostEditorLink.class
   JD: Core.jar/org/jdownloader/gui/mainmenu/SpeedlimitEditorLink$1.class
   JD: Core.jar/org/jdownloader/gui/mainmenu/SpeedlimitEditorLink.class
   JD: Core.jar/org/jdownloader/gui/notify/linkcrawler/LinkCrawlerBubble$1.class
   JD: Core.jar/org/jdownloader/gui/notify/linkcrawler/LinkCrawlerBubble$2.class
   JD: Core.jar/org/jdownloader/gui/notify/linkcrawler/LinkCrawlerBubble.class
   JD: Core.jar/org/jdownloader/gui/notify/linkcrawler/LinkCrawlerBubbleSupport$LinkCrawlerBubbleWrapper$1.class
   JD: Core.jar/org/jdownloader/gui/notify/linkcrawler/LinkCrawlerBubbleSupport$LinkCrawlerBubbleWrapper.class
   JD: Core.jar/org/jdownloader/gui/notify/linkcrawler/LinkCrawlerBubbleSupport.class
   JD: Core.jar/org/jdownloader/gui/packagehistorycontroller/PackageHistoryManager.class
   JD: Core.jar/org/jdownloader/gui/translate/GuiTranslation.class
   JD: Core.jar/org/jdownloader/gui/views/downloads/bottombar/HorizontalBoxItem.class
   JD: Core.jar/org/jdownloader/gui/views/downloads/bottombar/SearchMenuItem.class
   JD: Core.jar/org/jdownloader/gui/views/downloads/properties/AbstractNodePropertiesPanel$1.class
   JD: Core.jar/org/jdownloader/gui/views/downloads/properties/AbstractNodePropertiesPanel$10.class
   JD: Core.jar/org/jdownloader/gui/views/downloads/properties/AbstractNodePropertiesPanel$11.class
   JD: Core.jar/org/jdownloader/gui/views/downloads/properties/AbstractNodePropertiesPanel$12.class
   JD: Core.jar/org/jdownloader/gui/views/downloads/properties/AbstractNodePropertiesPanel$13.class
   JD: Core.jar/org/jdownloader/gui/views/downloads/properties/AbstractNodePropertiesPanel$14.class
   JD: Core.jar/org/jdownloader/gui/views/downloads/properties/AbstractNodePropertiesPanel$15.class
   JD: Core.jar/org/jdownloader/gui/views/downloads/properties/AbstractNodePropertiesPanel$16.class
   JD: Core.jar/org/jdownloader/gui/views/downloads/properties/AbstractNodePropertiesPanel$17.class
   JD: Core.jar/org/jdownloader/gui/views/downloads/properties/AbstractNodePropertiesPanel$18.class
   JD: Core.jar/org/jdownloader/gui/views/downloads/properties/AbstractNodePropertiesPanel$19.class
   JD: Core.jar/org/jdownloader/gui/views/downloads/properties/AbstractNodePropertiesPanel$2.class
   JD: Core.jar/org/jdownloader/gui/views/downloads/properties/AbstractNodePropertiesPanel$20.class
   JD: Core.jar/org/jdownloader/gui/views/downloads/properties/AbstractNodePropertiesPanel$21.class
   JD: Core.jar/org/jdownloader/gui/views/downloads/properties/AbstractNodePropertiesPanel$22.class
   JD: Core.jar/org/jdownloader/gui/views/downloads/properties/AbstractNodePropertiesPanel$23.class
   JD: Core.jar/org/jdownloader/gui/views/downloads/properties/AbstractNodePropertiesPanel$24.class
   JD: Core.jar/org/jdownloader/gui/views/downloads/properties/AbstractNodePropertiesPanel$25$1.class.removed
   JD: Core.jar/org/jdownloader/gui/views/downloads/properties/AbstractNodePropertiesPanel$25.class
   JD: Core.jar/org/jdownloader/gui/views/downloads/properties/AbstractNodePropertiesPanel$26$1.class
   JD: Core.jar/org/jdownloader/gui/views/downloads/properties/AbstractNodePropertiesPanel$26.class
   JD: Core.jar/org/jdownloader/gui/views/downloads/properties/AbstractNodePropertiesPanel$27.class
   JD: Core.jar/org/jdownloader/gui/views/downloads/properties/AbstractNodePropertiesPanel$3$1.class.removed
   JD: Core.jar/org/jdownloader/gui/views/downloads/properties/AbstractNodePropertiesPanel$3.class
   JD: Core.jar/org/jdownloader/gui/views/downloads/properties/AbstractNodePropertiesPanel$4$1.class
   JD: Core.jar/org/jdownloader/gui/views/downloads/properties/AbstractNodePropertiesPanel$4.class
   JD: Core.jar/org/jdownloader/gui/views/downloads/properties/AbstractNodePropertiesPanel$5.class
   JD: Core.jar/org/jdownloader/gui/views/downloads/properties/AbstractNodePropertiesPanel$6$1.class.removed
   JD: Core.jar/org/jdownloader/gui/views/downloads/properties/AbstractNodePropertiesPanel$6.class
   JD: Core.jar/org/jdownloader/gui/views/downloads/properties/AbstractNodePropertiesPanel$7$1.class
   JD: Core.jar/org/jdownloader/gui/views/downloads/properties/AbstractNodePropertiesPanel$7.class
   JD: Core.jar/org/jdownloader/gui/views/downloads/properties/AbstractNodePropertiesPanel$8.class
   JD: Core.jar/org/jdownloader/gui/views/downloads/properties/AbstractNodePropertiesPanel$9.class
   JD: Core.jar/org/jdownloader/gui/views/downloads/properties/AbstractNodePropertiesPanel$Listener.class
   JD: Core.jar/org/jdownloader/gui/views/downloads/properties/AbstractNodePropertiesPanel.class
   JD: Core.jar/org/jdownloader/gui/views/downloads/properties/DownloadPropertiesBasePanel.class
   JD: Core.jar/org/jdownloader/gui/views/linkgrabber/LinkgrabberSearchMenuItem.class
   JD: Core.jar/org/jdownloader/gui/views/linkgrabber/properties/LinkgrabberProperties.class
   JD: Core.jar/org/jdownloader/myjdownloader/client/bindings/AddLinksQuery.class
   JD: Core.jar/org/jdownloader/myjdownloader/client/bindings/BasicAuthenticationStorable.class
   JD: Core.jar/org/jdownloader/myjdownloader/client/bindings/MenuStructure.class
   JD: Core.jar/org/jdownloader/myjdownloader/client/bindings/linkgrabber/CrawledPackageStorable.class
   JD: Core.jar/org/jdownloader/myjdownloader/client/json/AbstractJsonData.class
   JD: Core.jar/org/jdownloader/plugins/components/UnknownHostingScriptCore.class
   JD: Core.jar/org/jdownloader/plugins/components/XFileSharingProBasic$1.class
   JD: Core.jar/org/jdownloader/plugins/components/XFileSharingProBasic$2.class
   JD: Core.jar/org/jdownloader/plugins/components/XFileSharingProBasic$URL_TYPE.class
   JD: Core.jar/org/jdownloader/plugins/components/XFileSharingProBasic$XFSApiAccountFactory$1.class
   JD: Core.jar/org/jdownloader/plugins/components/XFileSharingProBasic$XFSApiAccountFactory.class
   JD: Core.jar/org/jdownloader/plugins/components/XFileSharingProBasic.class
   JD: Core.jar/org/jdownloader/plugins/components/XFileSharingProBasicSpecialFilejoker.class
   JD: Core.jar/org/jdownloader/plugins/components/YetiShareCore$1.class
   JD: Core.jar/org/jdownloader/plugins/components/YetiShareCore$2.class
   JD: Core.jar/org/jdownloader/plugins/components/YetiShareCore.class
   JD: Core.jar/org/jdownloader/plugins/components/config/AnonFilesComConfig.class
   JD: Core.jar/org/jdownloader/plugins/components/config/ArchiveOrgConfig$TRANSLATION.class
   JD: Core.jar/org/jdownloader/plugins/components/config/ArchiveOrgConfig.class
   JD: Core.jar/org/jdownloader/plugins/components/config/ArdConfigInterface$TRANSLATION.class
   JD: Core.jar/org/jdownloader/plugins/components/config/ArdConfigInterface.class
   JD: Core.jar/org/jdownloader/plugins/components/config/BrazzersConfigInterface$TRANSLATION.class.removed
   JD: Core.jar/org/jdownloader/plugins/components/config/BrazzersConfigInterface.class.removed
   JD: Core.jar/org/jdownloader/plugins/components/config/DropBoxConfig$TRANSLATION.class
   JD: Core.jar/org/jdownloader/plugins/components/config/DropBoxConfig.class
   JD: Core.jar/org/jdownloader/plugins/components/config/EvilangelCoreConfigWicked.class
   JD: Core.jar/org/jdownloader/plugins/components/config/FilestoreToConfig$TRANSLATION.class
   JD: Core.jar/org/jdownloader/plugins/components/config/FilestoreToConfig.class
   JD: Core.jar/org/jdownloader/plugins/components/config/FlimmitComConfig.class
   JD: Core.jar/org/jdownloader/plugins/components/config/GoogleConfig$APIDownloadMode$1.class
   JD: Core.jar/org/jdownloader/plugins/components/config/GoogleConfig$APIDownloadMode$2.class
   JD: Core.jar/org/jdownloader/plugins/components/config/GoogleConfig$APIDownloadMode$3.class
   JD: Core.jar/org/jdownloader/plugins/components/config/GoogleConfig$APIDownloadMode.class
   JD: Core.jar/org/jdownloader/plugins/components/config/GoogleConfig$PreferredQuality$1.class
   JD: Core.jar/org/jdownloader/plugins/components/config/GoogleConfig$PreferredQuality$2.class
   JD: Core.jar/org/jdownloader/plugins/components/config/GoogleConfig$PreferredQuality$3.class
   JD: Core.jar/org/jdownloader/plugins/components/config/GoogleConfig$PreferredQuality$4.class
   JD: Core.jar/org/jdownloader/plugins/components/config/GoogleConfig$PreferredQuality$5.class
   JD: Core.jar/org/jdownloader/plugins/components/config/GoogleConfig$PreferredQuality$6.class
   JD: Core.jar/org/jdownloader/plugins/components/config/GoogleConfig$PreferredQuality.class
   JD: Core.jar/org/jdownloader/plugins/components/config/GoogleConfig$TRANSLATION.class
   JD: Core.jar/org/jdownloader/plugins/components/config/GoogleConfig.class
   JD: Core.jar/org/jdownloader/plugins/components/config/LbryTvConfig$PreferredStreamQuality$2.class
   JD: Core.jar/org/jdownloader/plugins/components/config/LbryTvConfig$PreferredStreamQuality$3.class
   JD: Core.jar/org/jdownloader/plugins/components/config/LbryTvConfig$PreferredStreamQuality$4.class
   JD: Core.jar/org/jdownloader/plugins/components/config/LbryTvConfig$PreferredStreamQuality$5.class
   JD: Core.jar/org/jdownloader/plugins/components/config/LbryTvConfig$PreferredStreamQuality$6.class
   JD: Core.jar/org/jdownloader/plugins/components/config/LbryTvConfig$PreferredStreamQuality.class
   JD: Core.jar/org/jdownloader/plugins/components/config/PluralsightComConfig$TRANSLATION.class
   JD: Core.jar/org/jdownloader/plugins/components/config/PluralsightComConfig.class
   JD: Core.jar/org/jdownloader/plugins/components/config/PornportalComConfig$1.class
   JD: Core.jar/org/jdownloader/plugins/components/config/PornportalComConfig$FilenameScheme$1.class
   JD: Core.jar/org/jdownloader/plugins/components/config/PornportalComConfig$FilenameScheme$2.class
   JD: Core.jar/org/jdownloader/plugins/components/config/PornportalComConfig$FilenameScheme$3.class
   JD: Core.jar/org/jdownloader/plugins/components/config/PornportalComConfig$FilenameScheme.class
   JD: Core.jar/org/jdownloader/plugins/components/config/PornportalComConfig$QualitySelectionMode$1.class
   JD: Core.jar/org/jdownloader/plugins/components/config/PornportalComConfig$QualitySelectionMode$2.class
   JD: Core.jar/org/jdownloader/plugins/components/config/PornportalComConfig$QualitySelectionMode.class
   JD: Core.jar/org/jdownloader/plugins/components/config/PornportalComConfig.class
   JD: Core.jar/org/jdownloader/plugins/components/config/RedditConfig$1.class
   JD: Core.jar/org/jdownloader/plugins/components/config/RedditConfig$CommentsPackagenameScheme$1.class
   JD: Core.jar/org/jdownloader/plugins/components/config/RedditConfig$CommentsPackagenameScheme$2.class
   JD: Core.jar/org/jdownloader/plugins/components/config/RedditConfig$CommentsPackagenameScheme$3.class
   JD: Core.jar/org/jdownloader/plugins/components/config/RedditConfig$CommentsPackagenameScheme.class
   JD: Core.jar/org/jdownloader/plugins/components/config/RedditConfig$FilenameScheme$1.class
   JD: Core.jar/org/jdownloader/plugins/components/config/RedditConfig$FilenameScheme$2.class
   JD: Core.jar/org/jdownloader/plugins/components/config/RedditConfig$FilenameScheme$3.class
   JD: Core.jar/org/jdownloader/plugins/components/config/RedditConfig$FilenameScheme$4.class
   JD: Core.jar/org/jdownloader/plugins/components/config/RedditConfig$FilenameScheme.class
   JD: Core.jar/org/jdownloader/plugins/components/config/RedditConfig.class
   JD: Core.jar/org/jdownloader/plugins/components/config/TagesschauDeConfig.class
   JD: Core.jar/org/jdownloader/plugins/components/config/TumblrComConfig.class
   JD: Core.jar/org/jdownloader/plugins/components/config/UdemyComConfig$1.class
   JD: Core.jar/org/jdownloader/plugins/components/config/UdemyComConfig$UdemyQuality$1.class
   JD: Core.jar/org/jdownloader/plugins/components/config/UdemyComConfig$UdemyQuality$2.class
   JD: Core.jar/org/jdownloader/plugins/components/config/UdemyComConfig$UdemyQuality$3.class
   JD: Core.jar/org/jdownloader/plugins/components/config/UdemyComConfig$UdemyQuality$4.class
   JD: Core.jar/org/jdownloader/plugins/components/config/UdemyComConfig$UdemyQuality$5.class
   JD: Core.jar/org/jdownloader/plugins/components/config/UdemyComConfig$UdemyQuality$6.class
   JD: Core.jar/org/jdownloader/plugins/components/config/UdemyComConfig$UdemyQuality.class
   JD: Core.jar/org/jdownloader/plugins/components/config/UdemyComConfig.class
   JD: Core.jar/org/jdownloader/plugins/components/containers/VideoContainer.class
   JD: Core.jar/org/jdownloader/plugins/components/containers/VimeoContainer.class
   JD: Core.jar/org/jdownloader/plugins/components/youtube/YoutubeHelper.class
   JD: Core.jar/org/jdownloader/plugins/components/youtube/variants/DescriptionVariant$DescriptionGenericInfo.class
   JD: Core.jar/org/jdownloader/plugins/components/youtube/variants/DescriptionVariant.class
   JD: Core.jar/org/jdownloader/plugins/components/youtube/variants/SubtitleVariantInfo.class
   JD: Core.jar/org/jdownloader/plugins/components/youtube/variants/YoutubeSubtitleStorable.class
   JD: Core.jar/org/jdownloader/plugins/components/youtube/variants/generics/GenericCustomVariantInfo.class
   JD: Core.jar/org/jdownloader/plugins/components/youtube/variants/generics/ImageGenericInfo.class
   JD: Core.jar/org/jdownloader/plugins/config/PluginJsonConfig$1.class
   JD: Core.jar/org/jdownloader/plugins/config/PluginJsonConfig$2.class
   JD: Core.jar/org/jdownloader/plugins/config/PluginJsonConfig$3$1.class
   JD: Core.jar/org/jdownloader/plugins/config/PluginJsonConfig$3.class
   JD: Core.jar/org/jdownloader/plugins/config/PluginJsonConfig$4.class
   JD: Core.jar/org/jdownloader/plugins/config/PluginJsonConfig.class
   JD: Core.jar/org/jdownloader/plugins/controller/host/PluginFinder.class
   JD: Core.jar/org/jdownloader/settings/AccountData.class
   JD: Core.jar/org/jdownloader/settings/AccountSettings.class
   JD: Core.jar/org/jdownloader/settings/advanced/AdvancedConfigManager.class
   JD: Core.jar/org/jdownloader/startup/Main$1.class
   JD: Core.jar/org/jdownloader/startup/Main$2.class
   JD: Core.jar/org/jdownloader/startup/Main$3$1$1.class
   JD: Core.jar/org/jdownloader/startup/Main$3$1$2.class
   JD: Core.jar/org/jdownloader/startup/Main$3$1.class
   JD: Core.jar/org/jdownloader/startup/Main$3$2.class
   JD: Core.jar/org/jdownloader/startup/Main$3.class
   JD: Core.jar/org/jdownloader/startup/Main$4.class
   JD: Core.jar/org/jdownloader/startup/Main.class
   JD: Core.jar/org/jdownloader/tests/
   JD: Core.jar/org/jdownloader/tests/IDETestRunner.class
   JD: Core.jar/org/jdownloader/tests/IDETestRunnerJDUpdater.class
   JD: Core.jar/org/jdownloader/tests/IDETestRunnerStorableValidator.class
   JD: extensions/Extraction.jar/org/jdownloader/extensions/extraction/contextmenu/ArchivesSubMenu$1$1.class
   JD: extensions/Extraction.jar/org/jdownloader/extensions/extraction/contextmenu/ArchivesSubMenu$1.class
   JD: extensions/Extraction.jar/org/jdownloader/extensions/extraction/contextmenu/ArchivesSubMenu.class
   JD: extensions/Extraction.jar/org/jdownloader/extensions/extraction/contextmenu/downloadlist/CleanupSubMenu$1$1.class
   JD: extensions/Extraction.jar/org/jdownloader/extensions/extraction/contextmenu/downloadlist/CleanupSubMenu$1.class
   JD: extensions/Extraction.jar/org/jdownloader/extensions/extraction/contextmenu/downloadlist/CleanupSubMenu.class
   JD: extensions/Extraction.jar/org/jdownloader/extensions/extraction/mime.type
   JD: libs/JAntiCaptcha.jar/jd/captcha/easy/EasyCaptchaTool$1$1.class
   JD: libs/JAntiCaptcha.jar/jd/captcha/easy/EasyCaptchaTool$1$2.class
   JD: libs/JAntiCaptcha.jar/jd/captcha/easy/EasyCaptchaTool$1.class
   JD: libs/JAntiCaptcha.jar/jd/captcha/easy/EasyCaptchaTool$2$1$1.class
   JD: libs/JAntiCaptcha.jar/jd/captcha/easy/EasyCaptchaTool$2$1.class
   JD: libs/JAntiCaptcha.jar/jd/captcha/easy/EasyCaptchaTool$2$2.class
   JD: libs/JAntiCaptcha.jar/jd/captcha/easy/EasyCaptchaTool$2$3$1$1.class
   JD: libs/JAntiCaptcha.jar/jd/captcha/easy/EasyCaptchaTool$2$3$1$2.class
   JD: libs/JAntiCaptcha.jar/jd/captcha/easy/EasyCaptchaTool$2$3$1.class
   JD: libs/JAntiCaptcha.jar/jd/captcha/easy/EasyCaptchaTool$2$3.class
   JD: libs/JAntiCaptcha.jar/jd/captcha/easy/EasyCaptchaTool$2.class
   JD: libs/JAntiCaptcha.jar/jd/captcha/easy/EasyCaptchaTool$3.class
   JD: libs/JAntiCaptcha.jar/jd/captcha/easy/EasyCaptchaTool$4.class
   JD: libs/JAntiCaptcha.jar/jd/captcha/easy/EasyCaptchaTool$5$1.class
   JD: libs/JAntiCaptcha.jar/jd/captcha/easy/EasyCaptchaTool$5.class
   JD: libs/JAntiCaptcha.jar/jd/captcha/easy/EasyCaptchaTool$6$1.class
   JD: libs/JAntiCaptcha.jar/jd/captcha/easy/EasyCaptchaTool$6.class
   JD: libs/JAntiCaptcha.jar/jd/captcha/easy/EasyCaptchaTool$7$1.class
   JD: libs/JAntiCaptcha.jar/jd/captcha/easy/EasyCaptchaTool$7.class
   JD: libs/JAntiCaptcha.jar/jd/captcha/easy/EasyCaptchaTool$8$1.class
   JD: libs/JAntiCaptcha.jar/jd/captcha/easy/EasyCaptchaTool$8.class
   JD: libs/JAntiCaptcha.jar/jd/captcha/easy/EasyCaptchaTool$9$1.class
   JD: libs/JAntiCaptcha.jar/jd/captcha/easy/EasyCaptchaTool$9.class
   JD: libs/JAntiCaptcha.jar/jd/captcha/easy/EasyCaptchaTool.class
   JD: libs/JAntiCaptcha.jar/jd/captcha/specials/Ncrypt.class.removed
   JD: libs/JDGUI.jar/jd/gui/swing/dialog/AboutDialog$6$1.class
   JD: libs/JDGUI.jar/jd/gui/swing/dialog/AboutDialog$6.class
   JD: libs/JDGUI.jar/jd/gui/swing/dialog/AboutDialog.class
   JD: libs/JDGUI.jar/jd/gui/swing/jdgui/components/JobLinkCrawlerIndicator$1.class
   JD: libs/JDGUI.jar/jd/gui/swing/jdgui/components/JobLinkCrawlerIndicator$2.class
   JD: libs/JDGUI.jar/jd/gui/swing/jdgui/components/JobLinkCrawlerIndicator.class
   JD: libs/JDGUI.jar/jd/gui/swing/jdgui/components/LinkCheckerIndicator$1.class
   JD: libs/JDGUI.jar/jd/gui/swing/jdgui/components/LinkCheckerIndicator$2.class
   JD: libs/JDGUI.jar/jd/gui/swing/jdgui/components/LinkCheckerIndicator.class
   JD: libs/JDGUI.jar/jd/gui/swing/jdgui/views/myjd/MyJDSidebar$1.class
   JD: libs/JDGUI.jar/jd/gui/swing/jdgui/views/myjd/MyJDSidebar$2.class
   JD: libs/JDGUI.jar/jd/gui/swing/jdgui/views/myjd/MyJDSidebar$3.class
   JD: libs/JDGUI.jar/jd/gui/swing/jdgui/views/myjd/MyJDSidebar$4.class
   JD: libs/JDGUI.jar/jd/gui/swing/jdgui/views/myjd/MyJDSidebar$5.class
   JD: libs/JDGUI.jar/jd/gui/swing/jdgui/views/myjd/MyJDSidebar$6.class
   JD: libs/JDGUI.jar/jd/gui/swing/jdgui/views/myjd/MyJDSidebar.class
   JD: libs/JDGUI.jar/jd/gui/swing/jdgui/views/myjd/SidebarModel$1$1.class
   JD: libs/JDGUI.jar/jd/gui/swing/jdgui/views/myjd/SidebarModel$1.class
   JD: libs/JDGUI.jar/jd/gui/swing/jdgui/views/myjd/SidebarModel$2$1.class
   JD: libs/JDGUI.jar/jd/gui/swing/jdgui/views/myjd/SidebarModel$2$2.class
   JD: libs/JDGUI.jar/jd/gui/swing/jdgui/views/myjd/SidebarModel$2.class
   JD: libs/JDGUI.jar/jd/gui/swing/jdgui/views/myjd/SidebarModel$3.class
   JD: libs/JDGUI.jar/jd/gui/swing/jdgui/views/myjd/SidebarModel.class
   JD: libs/JDGUI.jar/jd/gui/swing/jdgui/views/settings/panels/extensionmanager/
   JD: libs/JDGUI.jar/jd/gui/swing/jdgui/views/settings/panels/extensionmanager/OptionalExtensionSettings$1.class
   JD: libs/JDGUI.jar/jd/gui/swing/jdgui/views/settings/panels/extensionmanager/OptionalExtensionSettings$2.class
   JD: libs/JDGUI.jar/jd/gui/swing/jdgui/views/settings/panels/extensionmanager/OptionalExtensionSettings$3.class
   JD: libs/JDGUI.jar/jd/gui/swing/jdgui/views/settings/panels/extensionmanager/OptionalExtensionSettings.class
   JD: libs/JDGUI.jar/jd/gui/swing/jdgui/views/settings/panels/extensionmanager/OptionalExtensionsTabelModel$1.class
   JD: libs/JDGUI.jar/jd/gui/swing/jdgui/views/settings/panels/extensionmanager/OptionalExtensionsTabelModel$2.class
   JD: libs/JDGUI.jar/jd/gui/swing/jdgui/views/settings/panels/extensionmanager/OptionalExtensionsTabelModel$3$1.class
   JD: libs/JDGUI.jar/jd/gui/swing/jdgui/views/settings/panels/extensionmanager/OptionalExtensionsTabelModel$3$2.class
   JD: libs/JDGUI.jar/jd/gui/swing/jdgui/views/settings/panels/extensionmanager/OptionalExtensionsTabelModel$3$3.class
   JD: libs/JDGUI.jar/jd/gui/swing/jdgui/views/settings/panels/extensionmanager/OptionalExtensionsTabelModel$3.class
   JD: libs/JDGUI.jar/jd/gui/swing/jdgui/views/settings/panels/extensionmanager/OptionalExtensionsTabelModel$4.class
   JD: libs/JDGUI.jar/jd/gui/swing/jdgui/views/settings/panels/extensionmanager/OptionalExtensionsTabelModel$5$1.class
   JD: libs/JDGUI.jar/jd/gui/swing/jdgui/views/settings/panels/extensionmanager/OptionalExtensionsTabelModel$5.class
   JD: libs/JDGUI.jar/jd/gui/swing/jdgui/views/settings/panels/extensionmanager/OptionalExtensionsTabelModel$6.class
   JD: libs/JDGUI.jar/jd/gui/swing/jdgui/views/settings/panels/extensionmanager/OptionalExtensionsTabelModel.class
   JD: libs/JDGUI.jar/jd/gui/swing/jdgui/views/settings/panels/extensionmanager/OptionalExtensionsTable.class
   JD: libs/JDGUI.jar/jd/gui/swing/jdgui/views/settings/panels/linkgrabberfilter/editdialog/TestAction.class
   JD: libs/JDGUI.jar/jd/gui/swing/jdgui/views/settings/panels/packagizer/FilterTableModel$3.class
   JD: libs/JDGUI.jar/jd/gui/swing/jdgui/views/settings/panels/packagizer/FilterTableModel$4.class
   JD: libs/JDGUI.jar/jd/gui/swing/jdgui/views/settings/panels/proxy/ProxyConfig$1.class
   JD: libs/JDGUI.jar/jd/gui/swing/jdgui/views/settings/panels/proxy/ProxyConfig$2.class
   JD: libs/JDGUI.jar/jd/gui/swing/jdgui/views/settings/panels/proxy/ProxyConfig$3.class
   JD: libs/JDGUI.jar/jd/gui/swing/jdgui/views/settings/panels/proxy/ProxyConfig$4.class
   JD: libs/JDGUI.jar/jd/gui/swing/jdgui/views/settings/panels/proxy/ProxyConfig.class
   JD: libs/JDGUI.jar/jd/gui/swing/jdgui/views/settings/sidebar/ConfigSidebar$1.class
   JD: libs/JDGUI.jar/jd/gui/swing/jdgui/views/settings/sidebar/ConfigSidebar$2.class
   JD: libs/JDGUI.jar/jd/gui/swing/jdgui/views/settings/sidebar/ConfigSidebar$3.class
   JD: libs/JDGUI.jar/jd/gui/swing/jdgui/views/settings/sidebar/ConfigSidebar$4.class
   JD: libs/JDGUI.jar/jd/gui/swing/jdgui/views/settings/sidebar/ConfigSidebar$5.class
   JD: libs/JDGUI.jar/jd/gui/swing/jdgui/views/settings/sidebar/ConfigSidebar.class
   JD: libs/JDGUI.jar/jd/gui/swing/jdgui/views/settings/sidebar/ExtensionHeader.class.removed
   JD: libs/JDGUI.jar/jd/gui/swing/jdgui/views/settings/sidebar/ExtensionPanelListRenderer.class
   JD: libs/JDGUI.jar/jd/gui/swing/jdgui/views/settings/sidebar/SettingsSidebarModel$1$1.class
   JD: libs/JDGUI.jar/jd/gui/swing/jdgui/views/settings/sidebar/SettingsSidebarModel$1.class
   JD: libs/JDGUI.jar/jd/gui/swing/jdgui/views/settings/sidebar/SettingsSidebarModel$10.class
   JD: libs/JDGUI.jar/jd/gui/swing/jdgui/views/settings/sidebar/SettingsSidebarModel$11.class
   JD: libs/JDGUI.jar/jd/gui/swing/jdgui/views/settings/sidebar/SettingsSidebarModel$12.class
   JD: libs/JDGUI.jar/jd/gui/swing/jdgui/views/settings/sidebar/SettingsSidebarModel$14.class
   JD: libs/JDGUI.jar/jd/gui/swing/jdgui/views/settings/sidebar/SettingsSidebarModel$15.class
   JD: libs/JDGUI.jar/jd/gui/swing/jdgui/views/settings/sidebar/SettingsSidebarModel$16.class
   JD: libs/JDGUI.jar/jd/gui/swing/jdgui/views/settings/sidebar/SettingsSidebarModel$17.class
   JD: libs/JDGUI.jar/jd/gui/swing/jdgui/views/settings/sidebar/SettingsSidebarModel$18$1.class
   JD: libs/JDGUI.jar/jd/gui/swing/jdgui/views/settings/sidebar/SettingsSidebarModel$18$2.class
   JD: libs/JDGUI.jar/jd/gui/swing/jdgui/views/settings/sidebar/SettingsSidebarModel$18$3.class
   JD: libs/JDGUI.jar/jd/gui/swing/jdgui/views/settings/sidebar/SettingsSidebarModel$18$4.class
   JD: libs/JDGUI.jar/jd/gui/swing/jdgui/views/settings/sidebar/SettingsSidebarModel$18.class
   JD: libs/JDGUI.jar/jd/gui/swing/jdgui/views/settings/sidebar/SettingsSidebarModel$19$1.class.removed
   JD: libs/JDGUI.jar/jd/gui/swing/jdgui/views/settings/sidebar/SettingsSidebarModel$19$2.class.removed
   JD: libs/JDGUI.jar/jd/gui/swing/jdgui/views/settings/sidebar/SettingsSidebarModel$19$3.class.removed
   JD: libs/JDGUI.jar/jd/gui/swing/jdgui/views/settings/sidebar/SettingsSidebarModel$19$4.class.removed
   JD: libs/JDGUI.jar/jd/gui/swing/jdgui/views/settings/sidebar/SettingsSidebarModel$19$5.class.removed
   JD: libs/JDGUI.jar/jd/gui/swing/jdgui/views/settings/sidebar/SettingsSidebarModel$19.class
   JD: libs/JDGUI.jar/jd/gui/swing/jdgui/views/settings/sidebar/SettingsSidebarModel$2.class
   JD: libs/JDGUI.jar/jd/gui/swing/jdgui/views/settings/sidebar/SettingsSidebarModel$20.class.removed
   JD: libs/JDGUI.jar/jd/gui/swing/jdgui/views/settings/sidebar/SettingsSidebarModel$3.class
   JD: libs/JDGUI.jar/jd/gui/swing/jdgui/views/settings/sidebar/SettingsSidebarModel$4.class
   JD: libs/JDGUI.jar/jd/gui/swing/jdgui/views/settings/sidebar/SettingsSidebarModel$5.class
   JD: libs/JDGUI.jar/jd/gui/swing/jdgui/views/settings/sidebar/SettingsSidebarModel$6.class
   JD: libs/JDGUI.jar/jd/gui/swing/jdgui/views/settings/sidebar/SettingsSidebarModel$7.class
   JD: libs/JDGUI.jar/jd/gui/swing/jdgui/views/settings/sidebar/SettingsSidebarModel$8.class
   JD: libs/JDGUI.jar/jd/gui/swing/jdgui/views/settings/sidebar/SettingsSidebarModel$9.class
   JD: libs/JDGUI.jar/jd/gui/swing/jdgui/views/settings/sidebar/SettingsSidebarModel.class
   JD: libs/JDGUI.jar/jd/gui/swing/jdgui/views/settings/sidebar/TreeRenderer.class
   JD: libs/JDGUI.jar/jd/gui/swing/jdgui/views/settings/sidebar/UninstalledExtensionHeader.class.removed
   JD: libs/cons.jar/org/jdownloader/container/Config$1$1.class
   JD: libs/cons.jar/org/jdownloader/container/Config$1.class
   JD: libs/cons.jar/org/jdownloader/container/Config$2.class
   JD: libs/cons.jar/org/jdownloader/container/Config.class
   JD: libs/cons.jar/org/jdownloader/container/NZB.class
   libs/JAntiCaptcha.jar
   libs/JDGUI.jar
   libs/cons.jar
   libs/jackson-annotations.jar.removed
   libs/jackson-core.jar.removed
   libs/jackson-databind.jar.removed
   libs/laf/flatlaf.license
   licenses/jackson.info.removed
   tools/Windows/rtmpdump/NativeProcessx64.dll.removed
   tools/Windows/rtmpdump/NativeProcessx86.dll.removed
   tools/Windows/rtmpdump/SendSignal.exe.removed
   tools/Windows/rtmpdump/rtmpdump.exe.removed
