Thu Dec 01 15:03:46 CST 2022
Package: package_1669878222461.awf
Install
Write Revision: 16402
----------------Plugins----------------
   jd/plugins/decrypter/AbloadDeGallery.class
   jd/plugins/decrypter/AbstractPastebinCrawler$PastebinMetadata.class
   jd/plugins/decrypter/AbstractPastebinCrawler.class
   jd/plugins/decrypter/AdfLy.class
   jd/plugins/decrypter/AdriveComDecrypter.class
   jd/plugins/decrypter/AdshortCo.class
   jd/plugins/decrypter/AkwamCc.class.removed
   jd/plugins/decrypter/AkwamCcCrawler.class
   jd/plugins/decrypter/AlfafileNetFolder.class
   jd/plugins/decrypter/AlldebridComFolder.class
   jd/plugins/decrypter/AmateurDumperCom.class.removed
   jd/plugins/decrypter/AmazonCloudDecrypter.class
   jd/plugins/decrypter/AniLinkzCom.class
   jd/plugins/decrypter/AnimeFrenzy.class
   jd/plugins/decrypter/AnimeUltimeNetCrawler.class
   jd/plugins/decrypter/AnotepadCom.class.removed
   jd/plugins/decrypter/AnotepadComCrawler.class
   jd/plugins/decrypter/AparatCom.class
   jd/plugins/decrypter/AppleTrailer.class
   jd/plugins/decrypter/ArchiveOrg.class.removed
   jd/plugins/decrypter/ArchiveOrgCrawler.class
   jd/plugins/decrypter/ArdaudiothekDe.class
   jd/plugins/decrypter/Ardmediathek$ArdMetadata.class
   jd/plugins/decrypter/Ardmediathek$VideoResolution.class
   jd/plugins/decrypter/Ardmediathek.class
   jd/plugins/decrypter/ArteMediathekDecrypter$1.class.removed
   jd/plugins/decrypter/ArteMediathekDecrypter$SubtitleLanguage.class.removed
   jd/plugins/decrypter/ArteMediathekDecrypter$SubtitleType.class.removed
   jd/plugins/decrypter/ArteMediathekDecrypter$VersionInfo.class.removed
   jd/plugins/decrypter/ArteMediathekDecrypter$VersionType.class.removed
   jd/plugins/decrypter/ArteMediathekDecrypter$VideoLanguage.class.removed
   jd/plugins/decrypter/ArteMediathekDecrypter.class.removed
   jd/plugins/decrypter/ArteMediathekV3$1.class
   jd/plugins/decrypter/ArteMediathekV3$Language.class
   jd/plugins/decrypter/ArteMediathekV3$SubtitleType.class
   jd/plugins/decrypter/ArteMediathekV3$VersionInfo.class
   jd/plugins/decrypter/ArteMediathekV3$VersionType.class
   jd/plugins/decrypter/ArteMediathekV3.class
   jd/plugins/decrypter/ArtstationCom$1.class
   jd/plugins/decrypter/ArtstationCom.class
   jd/plugins/decrypter/AsianembedIo.class.removed
   jd/plugins/decrypter/AtakuAttitudeNet.class
   jd/plugins/decrypter/AtvAt$1.class
   jd/plugins/decrypter/AtvAt.class
   jd/plugins/decrypter/AventertainmentsCom.class.removed
   jd/plugins/decrypter/AventertainmentsComCrawler.class
   jd/plugins/decrypter/AvxHmeW$1.class.removed
   jd/plugins/decrypter/AvxHmeW$2.class.removed
   jd/plugins/decrypter/AvxHmeW.class.removed
   jd/plugins/decrypter/AvxHmeWCrawler$1.class
   jd/plugins/decrypter/AvxHmeWCrawler$2.class
   jd/plugins/decrypter/AvxHmeWCrawler.class
   jd/plugins/decrypter/BadJoJoComDecrypter.class
   jd/plugins/decrypter/BandCampComDecrypter.class
   jd/plugins/decrypter/BaseShareCom.class.removed
   jd/plugins/decrypter/BaseShareComCrawler.class
   jd/plugins/decrypter/BatoTo.class.removed
   jd/plugins/decrypter/BatoToCrawler.class
   jd/plugins/decrypter/BbcComDecrypter.class
   jd/plugins/decrypter/BbcComiPlayerCrawler.class
   jd/plugins/decrypter/BcVc.class
   jd/plugins/decrypter/BdsmlrComCrawler.class
   jd/plugins/decrypter/BentBoxCo.class.removed
   jd/plugins/decrypter/BentBoxCoCrawler.class
   jd/plugins/decrypter/Bestcash2020Com.class
   jd/plugins/decrypter/BigfileCc.class
   jd/plugins/decrypter/BingCom.class.removed
   jd/plugins/decrypter/BiqleRu$1.class
   jd/plugins/decrypter/BiqleRu.class
   jd/plugins/decrypter/BoxCom.class
   jd/plugins/decrypter/Br2RadioDe.class
   jd/plugins/decrypter/BtCom.class.removed
   jd/plugins/decrypter/BucklerLink.class
   jd/plugins/decrypter/CamseekTv.class
   jd/plugins/decrypter/CamshowdownloadCom.class
   jd/plugins/decrypter/CamvaultXyz.class.removed
   jd/plugins/decrypter/CamvaultXyzCrawler.class
   jd/plugins/decrypter/CamwhoresTv.class.removed
   jd/plugins/decrypter/CamwhoresTvCrawler.class
   jd/plugins/decrypter/CartoonsOn.class.removed
   jd/plugins/decrypter/CashMaxOnline.class.removed
   jd/plugins/decrypter/ChoMikujPl.class
   jd/plugins/decrypter/ClassicCinemaOnline.class
   jd/plugins/decrypter/ClicksflyCom.class
   jd/plugins/decrypter/Cloud1und1De.class
   jd/plugins/decrypter/CloudMailRuDecrypter.class
   jd/plugins/decrypter/CloudSaikoanimesNetFolder.class
   jd/plugins/decrypter/CompuPasteCom.class
   jd/plugins/decrypter/ComunidadmontepinarEs.class
   jd/plugins/decrypter/CouchTuner.class
   jd/plugins/decrypter/CrackHub.class
   jd/plugins/decrypter/CtDiskComFolder.class
   jd/plugins/decrypter/CyberdropMeAlbum.class
   jd/plugins/decrypter/DaddyScriptsDaddysLinkProtector.class
   jd/plugins/decrypter/DailyMotionComDecrypter.class
   jd/plugins/decrypter/DatoidCzFolder.class
   jd/plugins/decrypter/DecrypterForRedirectServicesWithoutDirectRedirects.class
   jd/plugins/decrypter/DefinebabeComDecrypter.class
   jd/plugins/decrypter/DegooCom.class
   jd/plugins/decrypter/DeviantArtCom.class.removed
   jd/plugins/decrypter/DeviantArtComCrawler.class
   jd/plugins/decrypter/DeviantartShortlinks.class
   jd/plugins/decrypter/DiskYandexNetFolder.class
   jd/plugins/decrypter/DlPrteCom.class
   jd/plugins/decrypter/DncHllWldNt.class
   jd/plugins/decrypter/DociPl.class
   jd/plugins/decrypter/DonkPartyCom.class.removed
   jd/plugins/decrypter/DonkPartyComCrawler.class
   jd/plugins/decrypter/DouyinComCrawler.class
   jd/plugins/decrypter/DownloadSaikoanimesNetFolder.class
   jd/plugins/decrypter/DramaCoolVideo.class
   jd/plugins/decrypter/DropBoxCom$1.class.removed
   jd/plugins/decrypter/DropBoxCom$2.class.removed
   jd/plugins/decrypter/DropBoxCom.class.removed
   jd/plugins/decrypter/DropBoxComCrawler$1.class
   jd/plugins/decrypter/DropBoxComCrawler$2.class
   jd/plugins/decrypter/DropBoxComCrawler.class
   jd/plugins/decrypter/DropmeafileCom.class
   jd/plugins/decrypter/DummyCNL.class
   jd/plugins/decrypter/DummyDirect.class
   jd/plugins/decrypter/DwCom.class
   jd/plugins/decrypter/Ebay.class
   jd/plugins/decrypter/EbibliotecaOrg.class
   jd/plugins/decrypter/EfuktComDecrypter.class
   jd/plugins/decrypter/EliteBabesCom.class
   jd/plugins/decrypter/EmbedyCc.class
   jd/plugins/decrypter/EmulatorgamesNet.class
   jd/plugins/decrypter/EroProfileComGallery.class
   jd/plugins/decrypter/EroScriptsCom$SmartGroup$1.class
   jd/plugins/decrypter/EroScriptsCom$SmartGroup.class
   jd/plugins/decrypter/EroScriptsCom.class
   jd/plugins/decrypter/EroVideoNet.class
   jd/plugins/decrypter/EromeComCrawler.class
   jd/plugins/decrypter/ExtremeProtectCom.class.removed
   jd/plugins/decrypter/F95zoneToCrawler.class
   jd/plugins/decrypter/FEmbedDecrypter$1.class
   jd/plugins/decrypter/FEmbedDecrypter.class
   jd/plugins/decrypter/FShareVnFolder.class
   jd/plugins/decrypter/FaceBookComGallery$1.class
   jd/plugins/decrypter/FaceBookComGallery.class
   jd/plugins/decrypter/FasLi.class
   jd/plugins/decrypter/FcLc.class
   jd/plugins/decrypter/FexNet.class
   jd/plugins/decrypter/FfetishPhotos.class
   jd/plugins/decrypter/FileCryptCc.class
   jd/plugins/decrypter/FileKareliaRuDecrypter.class
   jd/plugins/decrypter/FilefactoryComFolder.class
   jd/plugins/decrypter/FilemoonSxCrawler.class
   jd/plugins/decrypter/FilerNetFolder.class
   jd/plugins/decrypter/FilesFmFolder.class
   jd/plugins/decrypter/FilesMonsterDecrypter.class
   jd/plugins/decrypter/Filmpalast.class
   jd/plugins/decrypter/FivehundretPxCom.class.removed
   jd/plugins/decrypter/FivehundretPxComCrawler.class
   jd/plugins/decrypter/FivemodFileRu.class
   jd/plugins/decrypter/FlickrCom$1.class
   jd/plugins/decrypter/FlickrCom$2.class
   jd/plugins/decrypter/FlickrCom$AlbumType.class
   jd/plugins/decrypter/FlickrCom$FlickrAlbum.class
   jd/plugins/decrypter/FlickrCom.class
   jd/plugins/decrypter/FlimmitCom$1.class.removed
   jd/plugins/decrypter/FlimmitCom.class.removed
   jd/plugins/decrypter/FlimmitComCrawler$1.class
   jd/plugins/decrypter/FlimmitComCrawler.class
   jd/plugins/decrypter/FotkaPl.class.removed
   jd/plugins/decrypter/FotografDe.class
   jd/plugins/decrypter/FourShareVnFolder.class
   jd/plugins/decrypter/FourSharedComFolder.class
   jd/plugins/decrypter/FromsmashComFolder.class
   jd/plugins/decrypter/FucktubeCom.class
   jd/plugins/decrypter/FunimationCom.class
   jd/plugins/decrypter/GamestarDeCrawler.class
   jd/plugins/decrypter/GeneralMultiuploadDecrypter.class
   jd/plugins/decrypter/GenericF4MDecrypter.class
   jd/plugins/decrypter/GenericHTTPDirectoryIndexCrawler.class
   jd/plugins/decrypter/GenericImgShotCrawler.class
   jd/plugins/decrypter/GenericM3u8Decrypter$1.class
   jd/plugins/decrypter/GenericM3u8Decrypter.class
   jd/plugins/decrypter/GenericRAMDecrypter.class
   jd/plugins/decrypter/GenericRedirectors.class
   jd/plugins/decrypter/GenericWBoardDecrypter$1.class
   jd/plugins/decrypter/GenericWBoardDecrypter.class
   jd/plugins/decrypter/GenericXFileShareProFolder.class
   jd/plugins/decrypter/GenericYetiShareFolder.class
   jd/plugins/decrypter/GetComics.class.removed
   jd/plugins/decrypter/GetComicsInfo.class
   jd/plugins/decrypter/GetComicsShare.class.removed
   jd/plugins/decrypter/GetMyLink.class.removed
   jd/plugins/decrypter/GhostbinCom.class.removed
   jd/plugins/decrypter/GhostbinComCrawler.class
   jd/plugins/decrypter/GigaDe.class.removed
   jd/plugins/decrypter/GigapetaComFolder.class
   jd/plugins/decrypter/GirlsReleasedCom.class
   jd/plugins/decrypter/GldSlTo.class
   jd/plugins/decrypter/GloriaTvDecrypt.class
   jd/plugins/decrypter/GmstrD.class.removed
   jd/plugins/decrypter/GoFileIo.class
   jd/plugins/decrypter/GoProCloudDecrypter$1.class
   jd/plugins/decrypter/GoProCloudDecrypter.class
   jd/plugins/decrypter/GogoAnimeTv.class.removed
   jd/plugins/decrypter/Gogoplay4Com$1.class
   jd/plugins/decrypter/Gogoplay4Com.class
   jd/plugins/decrypter/GoogleContent.class.removed
   jd/plugins/decrypter/GoogleDrive$GdriveException.class
   jd/plugins/decrypter/GoogleDrive$GdriveFolderStatus.class
   jd/plugins/decrypter/GoogleDrive.class
   jd/plugins/decrypter/GoogleDriveDirectoryIndex.class
   jd/plugins/decrypter/GooglePhotos.class
   jd/plugins/decrypter/GronkhTv.class
   jd/plugins/decrypter/HdPorn92Com.class
   jd/plugins/decrypter/HentaiReadCom.class
   jd/plugins/decrypter/HidriveComCrawler.class
   jd/plugins/decrypter/HitomiLa.class
   jd/plugins/decrypter/HitomilaTo.class
   jd/plugins/decrypter/HornOxeComCrawler.class
   jd/plugins/decrypter/HotSpotComMy.class
   jd/plugins/decrypter/HrnOxCm.class.removed
   jd/plugins/decrypter/HulkShareComFolder.class
   jd/plugins/decrypter/IcedriveNetFolder.class
   jd/plugins/decrypter/ImgSrcRu$Reason.class.removed
   jd/plugins/decrypter/ImgSrcRu.class.removed
   jd/plugins/decrypter/ImgSrcRuCrawler.class
   jd/plugins/decrypter/IndianpornvideosCom.class.removed
   jd/plugins/decrypter/IndianpornvideosComCrawler.class
   jd/plugins/decrypter/InstaGramComDecrypter$1.class
   jd/plugins/decrypter/InstaGramComDecrypter$InstagramMetadata.class
   jd/plugins/decrypter/InstaGramComDecrypter.class
   jd/plugins/decrypter/IssuuCom.class
   jd/plugins/decrypter/JamendoCom.class.removed
   jd/plugins/decrypter/JamendoComCrawler$1.class
   jd/plugins/decrypter/JamendoComCrawler.class
   jd/plugins/decrypter/JianguoyunCom.class
   jd/plugins/decrypter/JpgChurchCrawler.class
   jd/plugins/decrypter/JustPasteIt.class
   jd/plugins/decrypter/JwpasteCom.class
   jd/plugins/decrypter/KamababaComCrawler.class
   jd/plugins/decrypter/KatholischDe.class
   jd/plugins/decrypter/Keep2ShareCcDecrypter.class
   jd/plugins/decrypter/KemonoPartyCrawler.class
   jd/plugins/decrypter/LeechpubComCrawler.class
   jd/plugins/decrypter/LewdWebNet.class
   jd/plugins/decrypter/LibGen.class.removed
   jd/plugins/decrypter/LibGenCrawler.class
   jd/plugins/decrypter/LiveDriveComFolder.class
   jd/plugins/decrypter/LnkAcbIm.class
   jd/plugins/decrypter/Loan2hostCom.class
   jd/plugins/decrypter/LupasteCom.class.removed
   jd/plugins/decrypter/MFS_ShortUrlScript.class
   jd/plugins/decrypter/MagentaMusik360.class
   jd/plugins/decrypter/MajorgeeksComCrawler.class
   jd/plugins/decrypter/MangadexOrg.class
   jd/plugins/decrypter/MangahomeCom.class.removed
   jd/plugins/decrypter/MangahomeComCrawler.class
   jd/plugins/decrypter/Mangakakalot.class
   jd/plugins/decrypter/ManganatoCom.class.removed
   jd/plugins/decrypter/MangareaderTo.class
   jd/plugins/decrypter/MediafireComFolder.class
   jd/plugins/decrypter/MegaConz$1$1.class.removed
   jd/plugins/decrypter/MegaConz$1$2.class.removed
   jd/plugins/decrypter/MegaConz$1.class
   jd/plugins/decrypter/MegaConz$2.class
   jd/plugins/decrypter/MegaConz$MegaFolder.class
   jd/plugins/decrypter/MegaConz.class
   jd/plugins/decrypter/MetArt.class
   jd/plugins/decrypter/MgfpCm.class
   jd/plugins/decrypter/MightyScriptAdLinkFly$1.class
   jd/plugins/decrypter/MightyScriptAdLinkFly$2.class
   jd/plugins/decrypter/MightyScriptAdLinkFly$CaptchaType.class
   jd/plugins/decrypter/MightyScriptAdLinkFly.class
   jd/plugins/decrypter/MightyScriptAdLinkFlyDefault.class
   jd/plugins/decrypter/MigreMe.class
   jd/plugins/decrypter/MiklproCom.class
   jd/plugins/decrypter/MirroredTo.class
   jd/plugins/decrypter/MotherLessComCrawler.class
   jd/plugins/decrypter/MovingImageFansOrg.class
   jd/plugins/decrypter/MtlAreRg.class
   jd/plugins/decrypter/MyMailRu.class
   jd/plugins/decrypter/MySpassDe.class
   jd/plugins/decrypter/MylinkLi$1.class
   jd/plugins/decrypter/MylinkLi.class
   jd/plugins/decrypter/MyxvidsCom.class.removed
   jd/plugins/decrypter/NewAsianTv.class.removed
   jd/plugins/decrypter/NewComicInfo.class
   jd/plugins/decrypter/NewgroundsComDecrypter.class
   jd/plugins/decrypter/NewlunarrepublicFr.class
   jd/plugins/decrypter/NexusmodsCom.class.removed
   jd/plugins/decrypter/NexusmodsComCrawler.class
   jd/plugins/decrypter/NhentaiNet.class
   jd/plugins/decrypter/NmeStashInfo.class.removed
   jd/plugins/decrypter/OdriveCom.class
   jd/plugins/decrypter/OneFichierComFolder.class
   jd/plugins/decrypter/OneFiveThreeNews.class
   jd/plugins/decrypter/OneTwoThreeEnjoy.class
   jd/plugins/decrypter/OpenDriveComDecrypter.class
   jd/plugins/decrypter/OpenloadTVStream.class.removed
   jd/plugins/decrypter/OrfAt$1.class
   jd/plugins/decrypter/OrfAt.class
   jd/plugins/decrypter/OuoIo.class
   jd/plugins/decrypter/PanBaiduCom.class
   jd/plugins/decrypter/PasfoxCom.class
   jd/plugins/decrypter/Paste2Org.class.removed
   jd/plugins/decrypter/Paste2OrgCrawler.class
   jd/plugins/decrypter/PasteBinCom.class.removed
   jd/plugins/decrypter/PasteHereXyz.class
   jd/plugins/decrypter/PastebinComCrawler.class
   jd/plugins/decrypter/PastedCo.class
   jd/plugins/decrypter/PerfectGirlsNet.class
   jd/plugins/decrypter/PhotoShareRu.class
   jd/plugins/decrypter/PhotobucketComAlbum.class
   jd/plugins/decrypter/PicsVc.class
   jd/plugins/decrypter/PixabayComCrawler.class
   jd/plugins/decrypter/PixeldrainComFolder.class
   jd/plugins/decrypter/PixivNetGallery.class
   jd/plugins/decrypter/PlayFmA.class.removed
   jd/plugins/decrypter/PluralsightComDecrypter.class
   jd/plugins/decrypter/Porn3dxComCrawler.class
   jd/plugins/decrypter/PornComixInfo.class
   jd/plugins/decrypter/PornEmbedParser$1.class
   jd/plugins/decrypter/PornEmbedParser.class
   jd/plugins/decrypter/PornHubComGallery.class
   jd/plugins/decrypter/PornHubComVideoCrawler$1.class
   jd/plugins/decrypter/PornHubComVideoCrawler.class
   jd/plugins/decrypter/PornadoCo.class
   jd/plugins/decrypter/PorncomixinfoNet.class
   jd/plugins/decrypter/PornozavrNet.class.removed
   jd/plugins/decrypter/PornozavrNetCrawler.class
   jd/plugins/decrypter/PornpicsCom.class
   jd/plugins/decrypter/PorntrexComCrawler.class
   jd/plugins/decrypter/PornzogCom.class
   jd/plugins/decrypter/PostimagesOrgGallery.class
   jd/plugins/decrypter/PrettynubilesCom.class
   jd/plugins/decrypter/PrivateRecordsCom.class
   jd/plugins/decrypter/PrntSc.class
   jd/plugins/decrypter/ProDjCm.class
   jd/plugins/decrypter/PropStoreAuction.class
   jd/plugins/decrypter/ProtectMylinksCom.class
   jd/plugins/decrypter/ProtectedTo.class
   jd/plugins/decrypter/PruteklyncsXyz.class.removed
   jd/plugins/decrypter/PubizaCom.class
   jd/plugins/decrypter/PublicfeetCom.class
   jd/plugins/decrypter/RGhostNetCrawler.class
   jd/plugins/decrypter/RPNetBiz.class
   jd/plugins/decrypter/RaiItDecrypter.class.removed
   jd/plugins/decrypter/RaiplayItCrawler.class
   jd/plugins/decrypter/RapidGatorNetFolder.class
   jd/plugins/decrypter/RappersIn.class
   jd/plugins/decrypter/RashaPornoCom.class
   jd/plugins/decrypter/ReactorCC.class
   jd/plugins/decrypter/ReadAllComics.class
   jd/plugins/decrypter/ReadMng.class
   jd/plugins/decrypter/RecordbateComProfile.class
   jd/plugins/decrypter/RecurbateComProfile.class
   jd/plugins/decrypter/RedditCom.class.removed
   jd/plugins/decrypter/RedditComCrawler.class
   jd/plugins/decrypter/RetroSx.class.removed
   jd/plugins/decrypter/RetroSxCrawler.class
   jd/plugins/decrypter/RewriteMegaConz.class
   jd/plugins/decrypter/RlGalleriesNt.class
   jd/plugins/decrypter/RmzCr.class
   jd/plugins/decrypter/RokfinCom.class
   jd/plugins/decrypter/RomHustler.class.removed
   jd/plugins/decrypter/RomHustlerCrawler.class
   jd/plugins/decrypter/RozhlasCz.class
   jd/plugins/decrypter/RuTubeRuDecrypter.class
   jd/plugins/decrypter/Rule34CollectionCom.class
   jd/plugins/decrypter/ScnlogEu.class
   jd/plugins/decrypter/ScribdCom.class.removed
   jd/plugins/decrypter/ScribdComCrawler.class
   jd/plugins/decrypter/SerienStreamTo.class
   jd/plugins/decrypter/SexCom.class
   jd/plugins/decrypter/ShooshtimeComCrawler.class
   jd/plugins/decrypter/ShortEs.class
   jd/plugins/decrypter/ShrinkServiceIt.class
   jd/plugins/decrypter/ShrtflyVip.class
   jd/plugins/decrypter/SimpleHtmlBasedGalleryPlugin$SiteAndType.class
   jd/plugins/decrypter/SimpleHtmlBasedGalleryPlugin$SiteData.class
   jd/plugins/decrypter/SimpleHtmlBasedGalleryPlugin$Type.class
   jd/plugins/decrypter/SimpleHtmlBasedGalleryPlugin.class
   jd/plugins/decrypter/SlexyOrg.class
   jd/plugins/decrypter/SmutrComCrawler.class
   jd/plugins/decrypter/SolidFilesComFolder.class
   jd/plugins/decrypter/SoulmangaNet.class.removed
   jd/plugins/decrypter/SoundCloudComDecrypter$1.class
   jd/plugins/decrypter/SoundCloudComDecrypter.class
   jd/plugins/decrypter/SoundSnapComCrawler.class
   jd/plugins/decrypter/SpankBangCom.class.removed
   jd/plugins/decrypter/SpankBangComCrawler.class
   jd/plugins/decrypter/SpasteCom.class
   jd/plugins/decrypter/SrfChCrawler.class
   jd/plugins/decrypter/StackstorageCom.class
   jd/plugins/decrypter/SuperhqpornComDecrypter.class
   jd/plugins/decrypter/SwisstransferComFolder.class
   jd/plugins/decrypter/SxyprnComCrawler.class
   jd/plugins/decrypter/SznpasteNet.class
   jd/plugins/decrypter/SzrtPl.class
   jd/plugins/decrypter/TbCmV2$5.class
   jd/plugins/decrypter/TbCmV2$6.class
   jd/plugins/decrypter/TbCmV2$7.class
   jd/plugins/decrypter/TbCmV2$8.class
   jd/plugins/decrypter/TbCmV2.class
   jd/plugins/decrypter/TedCom.class
   jd/plugins/decrypter/TeraboxComFolder.class
   jd/plugins/decrypter/TextupFr.class
   jd/plugins/decrypter/ThingiverseCom.class
   jd/plugins/decrypter/ThreeQVideo.class
   jd/plugins/decrypter/TiktokComCrawler.class
   jd/plugins/decrypter/TistoryCom.class
   jd/plugins/decrypter/TopkySk.class
   jd/plugins/decrypter/Try2LinkCom.class
   jd/plugins/decrypter/TusFilesNet.class.removed
   jd/plugins/decrypter/TvShowsClub.class
   jd/plugins/decrypter/TvZingVn.class.removed
   jd/plugins/decrypter/TwitchTvDecrypt.class
   jd/plugins/decrypter/TwitterComCrawler.class
   jd/plugins/decrypter/UdemyComDecrypter.class
   jd/plugins/decrypter/UfileIoFolder.class
   jd/plugins/decrypter/UlozToFolder.class
   jd/plugins/decrypter/UploaderJpFolder.class
   jd/plugins/decrypter/UpstoReFolder.class
   jd/plugins/decrypter/VKontakteRu.class
   jd/plugins/decrypter/VepornNet.class
   jd/plugins/decrypter/VideaCesky.class
   jd/plugins/decrypter/VideoFc2ComProfileCrawler.class
   jd/plugins/decrypter/Viet69Net.class
   jd/plugins/decrypter/VimeoComDecrypter$1.class
   jd/plugins/decrypter/VimeoComDecrypter.class
   jd/plugins/decrypter/VimeoProComDecrypter.class
   jd/plugins/decrypter/VipergirlsToBoard.class
   jd/plugins/decrypter/VivaTvDecrypt.class
   jd/plugins/decrypter/VoeSxCrawler.class
   jd/plugins/decrypter/VolaFileOrg.class
   jd/plugins/decrypter/VscoCo.class.removed
   jd/plugins/decrypter/VscoCoCrawler.class
   jd/plugins/decrypter/WCOForever.class
   jd/plugins/decrypter/WCOStream.class
   jd/plugins/decrypter/WallPapersCraftCom.class
   jd/plugins/decrypter/WatchCartoonsOnline.class.removed
   jd/plugins/decrypter/WatchSeriesLt.class.removed
   jd/plugins/decrypter/WatchVideo.class.removed
   jd/plugins/decrypter/WcytCm$1.class.removed
   jd/plugins/decrypter/WcytCm$2.class.removed
   jd/plugins/decrypter/WcytCm.class.removed
   jd/plugins/decrypter/WeTransferComFolder.class
   jd/plugins/decrypter/WebShareCzFolder.class
   jd/plugins/decrypter/WeltderwunderDeDecrypter.class.removed
   jd/plugins/decrypter/WiadomosciPlessPl.class
   jd/plugins/decrypter/WieMangaCom.class
   jd/plugins/decrypter/WikifeetCom.class
   jd/plugins/decrypter/WlnkEc.class.removed
   jd/plugins/decrypter/WnacgOrg.class
   jd/plugins/decrypter/WorldStarHipHopComDecrypter.class
   jd/plugins/decrypter/Wrdprss.class
   jd/plugins/decrypter/WtchSrs.class.removed
   jd/plugins/decrypter/XArt$1.class
   jd/plugins/decrypter/XArt.class
   jd/plugins/decrypter/XGayWs.class.removed
   jd/plugins/decrypter/XHamsterGallery.class
   jd/plugins/decrypter/XbooruCom.class
   jd/plugins/decrypter/XfastLink.class
   jd/plugins/decrypter/XhamsterShorturls.class
   jd/plugins/decrypter/XiaoshenkeNetCrawler.class
   jd/plugins/decrypter/XupPl.class.removed
   jd/plugins/decrypter/XvideosComProfile.class
   jd/plugins/decrypter/YifyMoviesStream.class.removed
   jd/plugins/decrypter/YouPasteCo.class.removed
   jd/plugins/decrypter/YounowComChannel.class
   jd/plugins/decrypter/YumpuCom.class
   jd/plugins/decrypter/YunpanCn.class.removed
   jd/plugins/decrypter/ZDFMediathekDecrypter.class
   jd/plugins/decrypter/ZDFMediathekShorturls.class
   jd/plugins/decrypter/ZeroEightFourFiveCom.class.removed
   jd/plugins/decrypter/ZeroscansCom.class
   jd/plugins/decrypter/ZoneProtectCom.class.removed
   jd/plugins/decrypter/ZyvNt.class
   jd/plugins/hoster/ARDMediathek.class
   jd/plugins/hoster/AbstractPastebinHoster.class
   jd/plugins/hoster/AcidimgCc.class.removed
   jd/plugins/hoster/AdriveCom.class
   jd/plugins/hoster/AkwamCc.class
   jd/plugins/hoster/AllDebridCom$3.class
   jd/plugins/hoster/AllDebridCom$AlldebridComConfig$TRANSLATION.class
   jd/plugins/hoster/AllDebridCom$AlldebridComConfig.class
   jd/plugins/hoster/AllDebridCom.class
   jd/plugins/hoster/AnalacrobatsCom.class.removed
   jd/plugins/hoster/AnavidzCom.class.removed
   jd/plugins/hoster/AnimeUltimeNet.class
   jd/plugins/hoster/AnimeoutCom.class
   jd/plugins/hoster/AnonFilesCom.class
   jd/plugins/hoster/AnonVCom.class
   jd/plugins/hoster/AnotepadCom.class
   jd/plugins/hoster/AnypornCom.class
   jd/plugins/hoster/AnysexCom.class
   jd/plugins/hoster/ApkmirrorCom.class
   jd/plugins/hoster/ArchiveOrg.class
   jd/plugins/hoster/ArteTv$1.class.removed
   jd/plugins/hoster/ArteTv$2.class.removed
   jd/plugins/hoster/ArteTv$3.class.removed
   jd/plugins/hoster/ArteTv.class
   jd/plugins/hoster/ArtstationCom$1.class
   jd/plugins/hoster/ArtstationCom.class
   jd/plugins/hoster/AudioMa.class
   jd/plugins/hoster/AventertainmentsCom.class
   jd/plugins/hoster/BaixarPremiumNetContaComboComBr.class.removed
   jd/plugins/hoster/BandCampCom.class
   jd/plugins/hoster/BaseShareCom.class
   jd/plugins/hoster/BatoTo.class
   jd/plugins/hoster/BayFilesCom.class
   jd/plugins/hoster/BbcCom.class
   jd/plugins/hoster/BdsmlrCom.class
   jd/plugins/hoster/BdsmstreakCom.class
   jd/plugins/hoster/BestdebridCom$BestdebridAccountFactory$1.class.removed
   jd/plugins/hoster/BestdebridCom$BestdebridAccountFactory.class.removed
   jd/plugins/hoster/BestdebridCom.class.removed
   jd/plugins/hoster/BingCom.class.removed
   jd/plugins/hoster/BiqleRu.class
   jd/plugins/hoster/BitchuteCom.class
   jd/plugins/hoster/Black2ubeCom.class.removed
   jd/plugins/hoster/BookFiOrg.class.removed
   jd/plugins/hoster/BoundhubCom.class
   jd/plugins/hoster/BoxbitApp.class
   jd/plugins/hoster/BravopornCom.class
   jd/plugins/hoster/CamVideosOrg.class
   jd/plugins/hoster/CamvaultXyz.class
   jd/plugins/hoster/CamwhoresTv.class
   jd/plugins/hoster/CamwhoresbayCom.class
   jd/plugins/hoster/CamwhoreshdCom.class
   jd/plugins/hoster/CartoontubeXxx.class
   jd/plugins/hoster/ChedriveCom.class
   jd/plugins/hoster/ChipDe.class
   jd/plugins/hoster/ClipHunterCom.class
   jd/plugins/hoster/CloudcapcityCom.class
   jd/plugins/hoster/CloudhungerCom.class
   jd/plugins/hoster/CnubisCom.class
   jd/plugins/hoster/CocoleechCom$CocoleechAccountFactory$1.class
   jd/plugins/hoster/CocoleechCom$CocoleechAccountFactory.class
   jd/plugins/hoster/CocoleechCom.class
   jd/plugins/hoster/CollectionofbestpornCom.class
   jd/plugins/hoster/CooldebridCom.class
   jd/plugins/hoster/CrockotubeCom.class
   jd/plugins/hoster/CspanOrg.class
   jd/plugins/hoster/CtDiskCom$1.class
   jd/plugins/hoster/CtDiskCom.class
   jd/plugins/hoster/CyberdropMe.class
   jd/plugins/hoster/DaofileCom.class
   jd/plugins/hoster/DatPiffCom.class
   jd/plugins/hoster/DataHu.class
   jd/plugins/hoster/DatoidCz.class
   jd/plugins/hoster/DdownloadCom.class
   jd/plugins/hoster/DebridFileCom.class
   jd/plugins/hoster/DebridLinkFr2$1.class
   jd/plugins/hoster/DebridLinkFr2$2.class
   jd/plugins/hoster/DebridLinkFr2$3.class
   jd/plugins/hoster/DebridLinkFr2$4.class
   jd/plugins/hoster/DebridLinkFr2$5.class
   jd/plugins/hoster/DebridLinkFr2$6.class
   jd/plugins/hoster/DebridLinkFr2.class
   jd/plugins/hoster/DebridplanetCom.class
   jd/plugins/hoster/DeepbridCom.class
   jd/plugins/hoster/DefineBabeCom.class
   jd/plugins/hoster/DepicMe.class
   jd/plugins/hoster/DepositFiles.class
   jd/plugins/hoster/DeviantArtCom.class
   jd/plugins/hoster/DigitalcomicmuseumCom.class
   jd/plugins/hoster/DirectHTTP$1.class
   jd/plugins/hoster/DirectHTTP.class
   jd/plugins/hoster/DirectUploadNet.class
   jd/plugins/hoster/DmcasorryCom.class
   jd/plugins/hoster/DoodriveCom.class
   jd/plugins/hoster/DoodstreamCom.class
   jd/plugins/hoster/DorauploadCom.class.removed
   jd/plugins/hoster/DosyashareCom.class
   jd/plugins/hoster/DoubleJNetAu.class
   jd/plugins/hoster/DouyinCom.class
   jd/plugins/hoster/Down4filesCom.class.removed
   jd/plugins/hoster/DropboxCom$DropboxAccountFactory$1.class
   jd/plugins/hoster/DropboxCom$DropboxAccountFactory.class
   jd/plugins/hoster/DropboxCom.class
   jd/plugins/hoster/DropdocRu.class
   jd/plugins/hoster/DropgalaxyIn.class
   jd/plugins/hoster/DropmefilesCom.class
   jd/plugins/hoster/DropmyfilesCom.class
   jd/plugins/hoster/DropuploadCom.class
   jd/plugins/hoster/DuFileCom.class
   jd/plugins/hoster/DuckstreamCo.class.removed
   jd/plugins/hoster/EHentaiOrg.class
   jd/plugins/hoster/EPornerCom$1.class
   jd/plugins/hoster/EPornerCom.class
   jd/plugins/hoster/EachpornCom.class
   jd/plugins/hoster/EasyBytezCom$1.class
   jd/plugins/hoster/EasyBytezCom.class
   jd/plugins/hoster/EfuktCom.class
   jd/plugins/hoster/ElitefileNet.class
   jd/plugins/hoster/EsouboryCz.class
   jd/plugins/hoster/EuropeupCom.class
   jd/plugins/hoster/EvilangelCore$1.class
   jd/plugins/hoster/EvilangelCore$2.class
   jd/plugins/hoster/EvilangelCore.class
   jd/plugins/hoster/EvilhubCom.class
   jd/plugins/hoster/ExpfileCom.class
   jd/plugins/hoster/F95zoneTo.class
   jd/plugins/hoster/FShareVn$1.class
   jd/plugins/hoster/FShareVn$2.class
   jd/plugins/hoster/FShareVn.class
   jd/plugins/hoster/FaceBookComVideos.class
   jd/plugins/hoster/FapalityCom.class
   jd/plugins/hoster/FastDriveIo.class.removed
   jd/plugins/hoster/FastShareCz.class
   jd/plugins/hoster/FastStoreOrg.class.removed
   jd/plugins/hoster/FastixRu.class.removed
   jd/plugins/hoster/FayloobmennikCloud.class.removed
   jd/plugins/hoster/FeimaoyunCom.class
   jd/plugins/hoster/FfDownloaderCom.class.removed
   jd/plugins/hoster/FichierZipCom.class.removed
   jd/plugins/hoster/FikperCom$1.class
   jd/plugins/hoster/FikperCom.class
   jd/plugins/hoster/File2btcCom.class
   jd/plugins/hoster/FileBitPl.class
   jd/plugins/hoster/FileBoomMe$1.class.removed
   jd/plugins/hoster/FileBoomMe.class
   jd/plugins/hoster/FileFactory.class
   jd/plugins/hoster/FileImCom.class
   jd/plugins/hoster/FileJokerNet.class
   jd/plugins/hoster/FileKareliaRu.class
   jd/plugins/hoster/FilePupNet.class.removed
   jd/plugins/hoster/FileSpaceOrg.class.removed
   jd/plugins/hoster/FileStoreComUa.class.removed
   jd/plugins/hoster/FilebinNet.class
   jd/plugins/hoster/FilebitNet.class
   jd/plugins/hoster/FiledotXyz.class
   jd/plugins/hoster/FilemailCom.class
   jd/plugins/hoster/FilemoonSx$1.class
   jd/plugins/hoster/FilemoonSx.class
   jd/plugins/hoster/FilerNet.class
   jd/plugins/hoster/FilesFm.class
   jd/plugins/hoster/FilesMonsterCom.class
   jd/plugins/hoster/FilestoreTo.class
   jd/plugins/hoster/FilexCx.class
   jd/plugins/hoster/FilthykingsCom.class
   jd/plugins/hoster/FiveEuroUseNetCom.class
   jd/plugins/hoster/FiveSixSevenYunpanCom.class.removed
   jd/plugins/hoster/FlashfilesCom.class
   jd/plugins/hoster/FlashxNet.class
   jd/plugins/hoster/FlickrCom$PhotoQuality$1.class
   jd/plugins/hoster/FlickrCom$PhotoQuality$10.class
   jd/plugins/hoster/FlickrCom$PhotoQuality$11.class
   jd/plugins/hoster/FlickrCom$PhotoQuality$12.class
   jd/plugins/hoster/FlickrCom$PhotoQuality$13.class
   jd/plugins/hoster/FlickrCom$PhotoQuality$14.class
   jd/plugins/hoster/FlickrCom$PhotoQuality$15.class
   jd/plugins/hoster/FlickrCom$PhotoQuality$16.class
   jd/plugins/hoster/FlickrCom$PhotoQuality$17.class
   jd/plugins/hoster/FlickrCom$PhotoQuality$2.class
   jd/plugins/hoster/FlickrCom$PhotoQuality$3.class
   jd/plugins/hoster/FlickrCom$PhotoQuality$4.class
   jd/plugins/hoster/FlickrCom$PhotoQuality$5.class
   jd/plugins/hoster/FlickrCom$PhotoQuality$6.class
   jd/plugins/hoster/FlickrCom$PhotoQuality$7.class
   jd/plugins/hoster/FlickrCom$PhotoQuality$8.class
   jd/plugins/hoster/FlickrCom$PhotoQuality$9.class
   jd/plugins/hoster/FlickrCom$PhotoQuality.class
   jd/plugins/hoster/FlickrCom$VideoQuality$1.class
   jd/plugins/hoster/FlickrCom$VideoQuality$2.class
   jd/plugins/hoster/FlickrCom$VideoQuality$3.class
   jd/plugins/hoster/FlickrCom$VideoQuality.class
   jd/plugins/hoster/FlickrCom.class
   jd/plugins/hoster/FlimmitCom.class
   jd/plugins/hoster/FlyFilesNet.class
   jd/plugins/hoster/FlyflvCom.class
   jd/plugins/hoster/ForumXDADevelopersCom.class
   jd/plugins/hoster/FourShareVn$1.class
   jd/plugins/hoster/FourShareVn.class
   jd/plugins/hoster/FourSyncCom.class
   jd/plugins/hoster/FoxLeechCom.class.removed
   jd/plugins/hoster/FreaktabOrg.class.removed
   jd/plugins/hoster/FreeM3DownloadNet.class
   jd/plugins/hoster/FreefileMe.class.removed
   jd/plugins/hoster/FreshfilePl.class.removed
   jd/plugins/hoster/FrprnCom.class
   jd/plugins/hoster/FtmboxTop.class.removed
   jd/plugins/hoster/Ftp$1.class
   jd/plugins/hoster/Ftp$2.class
   jd/plugins/hoster/Ftp.class
   jd/plugins/hoster/FuqerCom.class
   jd/plugins/hoster/GenericF4M.class
   jd/plugins/hoster/GenericImgShot.class
   jd/plugins/hoster/GenericM3u8$1.class
   jd/plugins/hoster/GenericM3u8.class
   jd/plugins/hoster/GenericUseNet$1.class
   jd/plugins/hoster/GenericUseNet$2$1.class
   jd/plugins/hoster/GenericUseNet$2.class
   jd/plugins/hoster/GenericUseNet.class
   jd/plugins/hoster/GfileRo.class
   jd/plugins/hoster/GfyCatCom.class
   jd/plugins/hoster/GhostbinCom.class
   jd/plugins/hoster/GigaDownCom.class
   jd/plugins/hoster/GigaPetaCom.class
   jd/plugins/hoster/GiphyCom.class
   jd/plugins/hoster/GoProCloud.class
   jd/plugins/hoster/GoUploadCom.class.removed
   jd/plugins/hoster/GoogleDrive$1.class
   jd/plugins/hoster/GoogleDrive$2.class
   jd/plugins/hoster/GoogleDrive.class
   jd/plugins/hoster/GoogleDriveDirectoryIndex.class
   jd/plugins/hoster/GottanutCom.class
   jd/plugins/hoster/H2pornCom.class.removed
   jd/plugins/hoster/HdtubePorn.class
   jd/plugins/hoster/HearthisAt.class
   jd/plugins/hoster/HeavyRCom.class
   jd/plugins/hoster/HexuploadNet.class
   jd/plugins/hoster/HidriveCom.class
   jd/plugins/hoster/HighWayCore.class
   jd/plugins/hoster/HighloadTo.class
   jd/plugins/hoster/HighpornNet.class
   jd/plugins/hoster/HitNewsCom.class
   jd/plugins/hoster/HogTv.class
   jd/plugins/hoster/HornOxeCom.class
   jd/plugins/hoster/HotlinkCc.class
   jd/plugins/hoster/HuabanCom.class
   jd/plugins/hoster/HulkShareCom.class
   jd/plugins/hoster/HundredTwentySixDiskCom.class
   jd/plugins/hoster/IcedriveNet.class
   jd/plugins/hoster/ImageFap$1.class
   jd/plugins/hoster/ImageFap$2.class
   jd/plugins/hoster/ImageFap.class
   jd/plugins/hoster/ImageVenueCom.class
   jd/plugins/hoster/ImagetwistCom.class
   jd/plugins/hoster/ImfbXyz.class
   jd/plugins/hoster/ImgSrcRu.class
   jd/plugins/hoster/ImgflareCom_ImgBabesCom.class.removed
   jd/plugins/hoster/ImgmazeCom.class
   jd/plugins/hoster/ImxTo.class
   jd/plugins/hoster/InboxLv.class
   jd/plugins/hoster/IndiShareMe.class
   jd/plugins/hoster/IndianPornVideosCom.class
   jd/plugins/hoster/InstaGramCom$1.class
   jd/plugins/hoster/InstaGramCom.class
   jd/plugins/hoster/IntelIobbNet.class.removed
   jd/plugins/hoster/IntouploadNet.class.removed
   jd/plugins/hoster/IsraCloud.class
   jd/plugins/hoster/IssuuCom.class
   jd/plugins/hoster/JamendoCom$1.class
   jd/plugins/hoster/JamendoCom.class
   jd/plugins/hoster/JapanWhoresCom.class
   jd/plugins/hoster/JavbangersCom.class
   jd/plugins/hoster/JianguoyunCom.class
   jd/plugins/hoster/JoinPeerTubeOrg.class
   jd/plugins/hoster/JpgChurch.class
   jd/plugins/hoster/JubaGetCom.class
   jd/plugins/hoster/K2SApi$1.class
   jd/plugins/hoster/K2SApi$2.class
   jd/plugins/hoster/K2SApi$3.class
   jd/plugins/hoster/K2SApi$CAPTCHA.class
   jd/plugins/hoster/K2SApi.class
   jd/plugins/hoster/KamababaCom.class
   jd/plugins/hoster/KatfileCom.class
   jd/plugins/hoster/Keep2ShareCc$1.class.removed
   jd/plugins/hoster/Keep2ShareCc.class
   jd/plugins/hoster/KemonoParty.class
   jd/plugins/hoster/KenfilesCom.class
   jd/plugins/hoster/KernelVideoSharingComV2$1.class
   jd/plugins/hoster/KernelVideoSharingComV2.class
   jd/plugins/hoster/KernelVideoSharingComV2HostsDefault.class
   jd/plugins/hoster/KernelVideoSharingComV2HostsDefault2.class
   jd/plugins/hoster/KernelVideoSharingComV2HostsDefault3.class
   jd/plugins/hoster/KinkCom.class
   jd/plugins/hoster/KvidOrg.class
   jd/plugins/hoster/KwikCx.class
   jd/plugins/hoster/LbryTv$1.class.removed
   jd/plugins/hoster/LbryTv.class.removed
   jd/plugins/hoster/LeechpubCom.class
   jd/plugins/hoster/LetsuploadCo.class
   jd/plugins/hoster/LewdWebNet.class
   jd/plugins/hoster/LibGenInfo.class
   jd/plugins/hoster/LikeeVideo.class
   jd/plugins/hoster/LinkCrawlerRetry$1$1.class
   jd/plugins/hoster/LinkCrawlerRetry$1.class
   jd/plugins/hoster/LinkCrawlerRetry$2$1.class
   jd/plugins/hoster/LinkCrawlerRetry$2.class
   jd/plugins/hoster/LinkCrawlerRetry.class
   jd/plugins/hoster/LinkSnappyCom$1.class
   jd/plugins/hoster/LinkSnappyCom$LinkSnappyComConfig$TRANSLATION.class
   jd/plugins/hoster/LinkSnappyCom$LinkSnappyComConfig.class
   jd/plugins/hoster/LinkSnappyCom.class
   jd/plugins/hoster/LinksvipNet.class
   jd/plugins/hoster/LittlebyteNet.class.removed
   jd/plugins/hoster/MajorgeeksCom.class
   jd/plugins/hoster/MambahuyambaCom.class
   jd/plugins/hoster/MaximumUsenetCom.class
   jd/plugins/hoster/MaxstreamVideo.class
   jd/plugins/hoster/MediadeliveryNet.class
   jd/plugins/hoster/MediafilesCc.class
   jd/plugins/hoster/Mega4upCom.class
   jd/plugins/hoster/MegaConz$1.class
   jd/plugins/hoster/MegaConz$2.class
   jd/plugins/hoster/MegaConz$3.class
   jd/plugins/hoster/MegaConz$MegaDownloadLinkDownloadable.class
   jd/plugins/hoster/MegaConz$MegaHashCheck$1.class
   jd/plugins/hoster/MegaConz$MegaHashCheck.class
   jd/plugins/hoster/MegaConz.class
   jd/plugins/hoster/MegaCrypter.class
   jd/plugins/hoster/MegaDebridEu.class
   jd/plugins/hoster/MegarapidoNet.class
   jd/plugins/hoster/MegaupNet.class
   jd/plugins/hoster/MegauptoCom.class
   jd/plugins/hoster/MetaraidIo.class
   jd/plugins/hoster/MonpartageFr.class.removed
   jd/plugins/hoster/MotherLessCom.class
   jd/plugins/hoster/MotherpornoCom.class
   jd/plugins/hoster/MountFileNet.class
   jd/plugins/hoster/MrdeepfakesCom.class
   jd/plugins/hoster/MulherespeladasvipCom.class
   jd/plugins/hoster/MyFilesSu.class
   jd/plugins/hoster/MySpassDe.class
   jd/plugins/hoster/NewgroundsCom.class
   jd/plugins/hoster/NewsAstraWebCom.class
   jd/plugins/hoster/NewsDemonCom.class
   jd/plugins/hoster/NewsGroupDirectCom.class
   jd/plugins/hoster/NewsHostingCom.class
   jd/plugins/hoster/NexusmodsCom$NexusmodsAccountFactory$1.class
   jd/plugins/hoster/NexusmodsCom$NexusmodsAccountFactory.class
   jd/plugins/hoster/NexusmodsCom.class
   jd/plugins/hoster/NhentaiNet.class
   jd/plugins/hoster/NicoVideoJp$HeartbeatThread.class
   jd/plugins/hoster/NicoVideoJp.class
   jd/plugins/hoster/NinjastreamTo.class
   jd/plugins/hoster/NitroFlareCom.class
   jd/plugins/hoster/NonktubeCom.class
   jd/plugins/hoster/NovaFileCom$1.class
   jd/plugins/hoster/NovaFileCom.class
   jd/plugins/hoster/NtvDe.class
   jd/plugins/hoster/ORFMediathek$1.class
   jd/plugins/hoster/ORFMediathek.class
   jd/plugins/hoster/OdyseeCom$1.class
   jd/plugins/hoster/OdyseeCom.class
   jd/plugins/hoster/Offline.class
   jd/plugins/hoster/OkXxx.class
   jd/plugins/hoster/OneFichierCom$1.class
   jd/plugins/hoster/OneFichierCom$OnefichierAccountFactory$1.class
   jd/plugins/hoster/OneFichierCom$OnefichierAccountFactory.class
   jd/plugins/hoster/OneFichierCom.class
   jd/plugins/hoster/OneFilesharingCom.class
   jd/plugins/hoster/OnlystreamTv.class.removed
   jd/plugins/hoster/OnstcloudsCom.class
   jd/plugins/hoster/OpenDriveCom$MODE.class
   jd/plugins/hoster/OpenDriveCom.class
   jd/plugins/hoster/OverThumbsCom.class.removed
   jd/plugins/hoster/OxycloudCom.class.removed
   jd/plugins/hoster/PandafilesCom.class
   jd/plugins/hoster/Paste2Org.class
   jd/plugins/hoster/PastebinCom.class
   jd/plugins/hoster/PbsOrg.class
   jd/plugins/hoster/PervclipsCom.class
   jd/plugins/hoster/PhotoShareRu.class
   jd/plugins/hoster/PieshareMe.class.removed
   jd/plugins/hoster/PimpRollHostedTube.class
   jd/plugins/hoster/PixRouteCom.class
   jd/plugins/hoster/PixaBayCom.class
   jd/plugins/hoster/PixeldrainCom$1.class
   jd/plugins/hoster/PixeldrainCom$PixeldrainAccountFactory$1.class
   jd/plugins/hoster/PixeldrainCom$PixeldrainAccountFactory.class
   jd/plugins/hoster/PixeldrainCom.class
   jd/plugins/hoster/PixivNet$1.class
   jd/plugins/hoster/PixivNet$2.class
   jd/plugins/hoster/PixivNet.class
   jd/plugins/hoster/PlayFm.class.removed
   jd/plugins/hoster/PluralsightCom$QUALITY.class
   jd/plugins/hoster/PluralsightCom.class
   jd/plugins/hoster/Porn00Org.class
   jd/plugins/hoster/PornHubCom$1.class
   jd/plugins/hoster/PornHubCom$2.class
   jd/plugins/hoster/PornHubCom$BouncyCastleAESCounterModeDecrypt.class
   jd/plugins/hoster/PornHubCom.class
   jd/plugins/hoster/PornTubeClubCom.class
   jd/plugins/hoster/PornalinCom.class
   jd/plugins/hoster/PornbimboCom.class
   jd/plugins/hoster/PorngemCom.class
   jd/plugins/hoster/PorngoCom.class
   jd/plugins/hoster/PornhatCom.class
   jd/plugins/hoster/PornktuBe.class
   jd/plugins/hoster/PornlibCom.class
   jd/plugins/hoster/PornoneCom$1.class
   jd/plugins/hoster/PornoneCom.class
   jd/plugins/hoster/PornozavrNet.class
   jd/plugins/hoster/PorntrexCom.class
   jd/plugins/hoster/PorntryCom.class
   jd/plugins/hoster/PornwildTo.class
   jd/plugins/hoster/PostimagesOrg.class
   jd/plugins/hoster/PowerFileCom.class
   jd/plugins/hoster/PremiumNewsDe.class
   jd/plugins/hoster/PremiumTo$1.class
   jd/plugins/hoster/PremiumTo$2.class
   jd/plugins/hoster/PremiumTo$PremiumDotToConfigInterface$Translation.class
   jd/plugins/hoster/PremiumTo$PremiumDotToConfigInterface.class
   jd/plugins/hoster/PremiumTo.class
   jd/plugins/hoster/PremiumaxNet.class.removed
   jd/plugins/hoster/ProLeechLink$1.class
   jd/plugins/hoster/ProLeechLink$2.class
   jd/plugins/hoster/ProLeechLink.class
   jd/plugins/hoster/PureUseNetNL.class
   jd/plugins/hoster/QostubeCom.class
   jd/plugins/hoster/QquploadCom.class
   jd/plugins/hoster/RPNetBiz.class
   jd/plugins/hoster/RaiTv.class.removed
   jd/plugins/hoster/RapidGatorNet.class
   jd/plugins/hoster/RapidbIt.class
   jd/plugins/hoster/RapidekPl$1.class.removed
   jd/plugins/hoster/RapidekPl.class.removed
   jd/plugins/hoster/RealDebridCom$1.class
   jd/plugins/hoster/RealDebridCom$2.class
   jd/plugins/hoster/RealDebridCom$3.class
   jd/plugins/hoster/RealDebridCom$4.class
   jd/plugins/hoster/RealDebridCom$5.class
   jd/plugins/hoster/RealDebridCom$6.class
   jd/plugins/hoster/RealDebridCom$7.class
   jd/plugins/hoster/RealDebridCom$8.class
   jd/plugins/hoster/RealDebridCom$9.class
   jd/plugins/hoster/RealDebridCom$APIException.class
   jd/plugins/hoster/RealDebridCom.class
   jd/plugins/hoster/RecordbateCom.class
   jd/plugins/hoster/RecurbateCom.class
   jd/plugins/hoster/RedditCom$1.class
   jd/plugins/hoster/RedditCom$2.class
   jd/plugins/hoster/RedditCom.class
   jd/plugins/hoster/RetroSx.class
   jd/plugins/hoster/RomHustler.class
   jd/plugins/hoster/RomsgamesNet.class
   jd/plugins/hoster/RomulationOrg.class
   jd/plugins/hoster/RonemoCom.class
   jd/plugins/hoster/Rule34videoCom.class
   jd/plugins/hoster/SaikoanimesNet.class
   jd/plugins/hoster/SaruchCo.class.removed
   jd/plugins/hoster/SaveTv.class
   jd/plugins/hoster/ScribdCom.class
   jd/plugins/hoster/SecufilesCom.class
   jd/plugins/hoster/SendCm.class
   jd/plugins/hoster/SendgbCom.class
   jd/plugins/hoster/SenditCloud.class.removed
   jd/plugins/hoster/ServusCom.class
   jd/plugins/hoster/Sex3Com.class
   jd/plugins/hoster/SexalarabCom.class
   jd/plugins/hoster/SexuCom.class
   jd/plugins/hoster/SexvidXxx.class
   jd/plugins/hoster/SfileMobi.class
   jd/plugins/hoster/Share2winXyz.class.removed
   jd/plugins/hoster/ShareplaceOrg.class
   jd/plugins/hoster/ShooshtimeCom.class.removed
   jd/plugins/hoster/SmoozedCom.class
   jd/plugins/hoster/SmutrCom.class
   jd/plugins/hoster/SpankBangCom.class
   jd/plugins/hoster/SrfCh$1.class.removed
   jd/plugins/hoster/SrfCh.class
   jd/plugins/hoster/StorexCc.class.removed
   jd/plugins/hoster/StreamlareCom.class
   jd/plugins/hoster/StreamplayTo.class
   jd/plugins/hoster/StreamsbNet.class
   jd/plugins/hoster/StreamtapeCom.class
   jd/plugins/hoster/StreamzCc.class
   jd/plugins/hoster/SuFileCom.class.removed
   jd/plugins/hoster/SubSceneCom.class
   jd/plugins/hoster/SubyShareCom.class
   jd/plugins/hoster/SunnyUsenetCom.class
   jd/plugins/hoster/SxyprnCom.class
   jd/plugins/hoster/TabooheatCom.class
   jd/plugins/hoster/TakefileLink.class
   jd/plugins/hoster/TempSh.class
   jd/plugins/hoster/TenFilesCom.class
   jd/plugins/hoster/TeraboxCom$1.class
   jd/plugins/hoster/TeraboxCom.class
   jd/plugins/hoster/TezFilesCom$1.class.removed
   jd/plugins/hoster/TezFilesCom.class
   jd/plugins/hoster/TheyarehugeCom.class
   jd/plugins/hoster/ThisvidCom.class
   jd/plugins/hoster/ThothubOrg.class
   jd/plugins/hoster/TiktokCom$1.class
   jd/plugins/hoster/TiktokCom.class
   jd/plugins/hoster/TnaFlixCom.class
   jd/plugins/hoster/TokyomotionNet.class
   jd/plugins/hoster/TrailersAppleCom.class
   jd/plugins/hoster/TubewolfCom.class
   jd/plugins/hoster/TurboBitNet.class
   jd/plugins/hoster/TurbogbCom.class.removed
   jd/plugins/hoster/TusfilesCom.class.removed
   jd/plugins/hoster/TvZingVn.class.removed
   jd/plugins/hoster/TwitterCom.class
   jd/plugins/hoster/TxxxCom.class
   jd/plugins/hoster/UdemyCom$1.class
   jd/plugins/hoster/UdemyCom.class
   jd/plugins/hoster/UfileIo.class
   jd/plugins/hoster/UipornCom.class
   jd/plugins/hoster/UltimboxOrg.class
   jd/plugins/hoster/UnknownPornScript5.class
   jd/plugins/hoster/UpMyFilesCom.class.removed
   jd/plugins/hoster/UpdateRequiredHostPlugin.class
   jd/plugins/hoster/UpfilesIo$MethodName.class
   jd/plugins/hoster/UpfilesIo.class
   jd/plugins/hoster/UploadboxCo.class.removed
   jd/plugins/hoster/UploadboxIo.class
   jd/plugins/hoster/Uploadedto$1.class
   jd/plugins/hoster/Uploadedto$Sec.class
   jd/plugins/hoster/Uploadedto.class
   jd/plugins/hoster/UploadhavenCom.class
   jd/plugins/hoster/UploadhubIo.class
   jd/plugins/hoster/UploaditEu.class.removed
   jd/plugins/hoster/UploadproperNet.class.removed
   jd/plugins/hoster/UploadsMobi.class.removed
   jd/plugins/hoster/UploadydlCom.class
   jd/plugins/hoster/UpstoRe.class
   jd/plugins/hoster/UpvidBiz.class
   jd/plugins/hoster/UseNet.class
   jd/plugins/hoster/UseNetFarm.class
   jd/plugins/hoster/UseNetNL.class
   jd/plugins/hoster/UsenextCom.class
   jd/plugins/hoster/UsersCloudCom.class
   jd/plugins/hoster/VKontakteRuHoster$1.class
   jd/plugins/hoster/VKontakteRuHoster$Quality$1.class
   jd/plugins/hoster/VKontakteRuHoster$Quality$2.class
   jd/plugins/hoster/VKontakteRuHoster$Quality$3.class
   jd/plugins/hoster/VKontakteRuHoster$Quality$4.class
   jd/plugins/hoster/VKontakteRuHoster$Quality$5.class
   jd/plugins/hoster/VKontakteRuHoster$Quality$6.class
   jd/plugins/hoster/VKontakteRuHoster$Quality$7.class
   jd/plugins/hoster/VKontakteRuHoster$Quality$8.class
   jd/plugins/hoster/VKontakteRuHoster$Quality.class
   jd/plugins/hoster/VKontakteRuHoster$QualitySelectionMode$1.class
   jd/plugins/hoster/VKontakteRuHoster$QualitySelectionMode$2.class
   jd/plugins/hoster/VKontakteRuHoster$QualitySelectionMode$3.class
   jd/plugins/hoster/VKontakteRuHoster$QualitySelectionMode$4.class
   jd/plugins/hoster/VKontakteRuHoster$QualitySelectionMode.class
   jd/plugins/hoster/VKontakteRuHoster.class
   jd/plugins/hoster/VeryfreepornCom.class
   jd/plugins/hoster/VidbmCom.class
   jd/plugins/hoster/VideoFCTwoCore.class
   jd/plugins/hoster/VideocelebsNet.class
   jd/plugins/hoster/VideovardSx.class.removed
   jd/plugins/hoster/VidozaNet.class
   jd/plugins/hoster/VidsMySpaceCom.class
   jd/plugins/hoster/VimeoCom$WrongRefererException.class
   jd/plugins/hoster/VimeoCom.class
   jd/plugins/hoster/VinloadCom.class.removed
   jd/plugins/hoster/ViperfileCom.class.removed
   jd/plugins/hoster/VipfileCc.class
   jd/plugins/hoster/VjavCom.class
   jd/plugins/hoster/VoeSx.class
   jd/plugins/hoster/VpornvideosCom.class.removed
   jd/plugins/hoster/VscoCo.class
   jd/plugins/hoster/VuploadCom.class
   jd/plugins/hoster/VxxxCom.class
   jd/plugins/hoster/WallhavenCc.class
   jd/plugins/hoster/WatchMdhTo.class
   jd/plugins/hoster/WeTransferCom.class
   jd/plugins/hoster/WebShareCz.class
   jd/plugins/hoster/WebcamsbabeCom.class
   jd/plugins/hoster/WebmshareCom.class
   jd/plugins/hoster/WeltDeMediathek.class
   jd/plugins/hoster/WeltderwunderDe.class.removed
   jd/plugins/hoster/WhoreshubCom.class
   jd/plugins/hoster/WikiFortioCom.class
   jd/plugins/hoster/WistiaCom.class
   jd/plugins/hoster/WorkuploadCom.class
   jd/plugins/hoster/WorldClipsRu.class
   jd/plugins/hoster/WorldStarHipHopCom.class
   jd/plugins/hoster/WplikCom.class
   jd/plugins/hoster/WrzucajplikiPl.class
   jd/plugins/hoster/WyslijPlikPl.class
   jd/plugins/hoster/XArtCom.class
   jd/plugins/hoster/XHamsterCom$1.class
   jd/plugins/hoster/XHamsterCom.class
   jd/plugins/hoster/XSUseNetCom.class
   jd/plugins/hoster/XbabeCom.class
   jd/plugins/hoster/XbooruCom.class
   jd/plugins/hoster/XcafeCom.class
   jd/plugins/hoster/XcumCom.class
   jd/plugins/hoster/XdaDevelopersCom.class.removed
   jd/plugins/hoster/XempireCom.class
   jd/plugins/hoster/XfpanCc.class
   jd/plugins/hoster/XfreehdCom.class
   jd/plugins/hoster/XiaoshenkeNet.class
   jd/plugins/hoster/XporniumNet.class
   jd/plugins/hoster/XsNewsNl.class
   jd/plugins/hoster/XtitsCom.class
   jd/plugins/hoster/XueqiupanCom.class
   jd/plugins/hoster/XunniupanCom.class
   jd/plugins/hoster/XvideosCom.class
   jd/plugins/hoster/XvideosCore$1.class
   jd/plugins/hoster/XvideosCore.class
   jd/plugins/hoster/YetifileCom.class
   jd/plugins/hoster/YiffyfurTube.class
   jd/plugins/hoster/YogapornNet.class
   jd/plugins/hoster/YouPornCom$1.class
   jd/plugins/hoster/YouPornCom.class
   jd/plugins/hoster/YouWatchOrg.class
   jd/plugins/hoster/YoukuCom$YoukuComConfigInterface$TRANSLATION.class
   jd/plugins/hoster/YoukuCom$YoukuComConfigInterface.class
   jd/plugins/hoster/YoukuCom.class
   jd/plugins/hoster/YourUploadCom.class
   jd/plugins/hoster/YourlustCom.class
   jd/plugins/hoster/YoutubeDashV2$1.class
   jd/plugins/hoster/YoutubeDashV2$10.class
   jd/plugins/hoster/YoutubeDashV2$11.class
   jd/plugins/hoster/YoutubeDashV2$12.class
   jd/plugins/hoster/YoutubeDashV2$13.class
   jd/plugins/hoster/YoutubeDashV2$14.class
   jd/plugins/hoster/YoutubeDashV2$15.class
   jd/plugins/hoster/YoutubeDashV2$16.class
   jd/plugins/hoster/YoutubeDashV2$17$1.class
   jd/plugins/hoster/YoutubeDashV2$17.class
   jd/plugins/hoster/YoutubeDashV2$18.class
   jd/plugins/hoster/YoutubeDashV2$2.class
   jd/plugins/hoster/YoutubeDashV2$3.class
   jd/plugins/hoster/YoutubeDashV2$4.class
   jd/plugins/hoster/YoutubeDashV2$5.class
   jd/plugins/hoster/YoutubeDashV2$6$1.class
   jd/plugins/hoster/YoutubeDashV2$6.class
   jd/plugins/hoster/YoutubeDashV2$7.class
   jd/plugins/hoster/YoutubeDashV2$8.class
   jd/plugins/hoster/YoutubeDashV2$9.class
   jd/plugins/hoster/YoutubeDashV2$DashDownloadPluginProgress.class
   jd/plugins/hoster/YoutubeDashV2.class
   jd/plugins/hoster/YunPanCn.class.removed
   jd/plugins/hoster/ZMagsCom.class
   jd/plugins/hoster/ZalivalkaRu.class.removed
   jd/plugins/hoster/ZaycevNet.class
   jd/plugins/hoster/ZbigzCom.class
   jd/plugins/hoster/ZeveraCore.class
----------------Extensions----------------
   extensions/AntiShutdown.jar
   extensions/Extraction.jar
   extensions/JDShutdown.jar
----------------Direct Files----------------
   build.json
   translations/org/appwork/utils/logging2/sendlogs/LogSenderTranslation.bs.lng
   translations/org/appwork/utils/logging2/sendlogs/LogSenderTranslation.pt_BR.lng
   translations/org/appwork/utils/logging2/sendlogs/LogSenderTranslation.zh_CN.lng
   translations/org/jdownloader/extensions/extraction/translate/ExtractionTranslation.zh_CN.lng
   translations/org/jdownloader/gui/translate/GuiTranslation.bg.lng
   translations/org/jdownloader/gui/translate/GuiTranslation.bs.lng
   translations/org/jdownloader/gui/translate/GuiTranslation.ca.lng
   translations/org/jdownloader/gui/translate/GuiTranslation.cs.lng
   translations/org/jdownloader/gui/translate/GuiTranslation.de.lng
   translations/org/jdownloader/gui/translate/GuiTranslation.el.lng
   translations/org/jdownloader/gui/translate/GuiTranslation.en_AU.lng
   translations/org/jdownloader/gui/translate/GuiTranslation.es.lng
   translations/org/jdownloader/gui/translate/GuiTranslation.eu.lng
   translations/org/jdownloader/gui/translate/GuiTranslation.fr.lng
   translations/org/jdownloader/gui/translate/GuiTranslation.hr.lng
   translations/org/jdownloader/gui/translate/GuiTranslation.hu.lng
   translations/org/jdownloader/gui/translate/GuiTranslation.it.lng
   translations/org/jdownloader/gui/translate/GuiTranslation.ja.lng
   translations/org/jdownloader/gui/translate/GuiTranslation.ko.lng
   translations/org/jdownloader/gui/translate/GuiTranslation.pl.lng
   translations/org/jdownloader/gui/translate/GuiTranslation.pt.lng
   translations/org/jdownloader/gui/translate/GuiTranslation.pt_BR.lng
   translations/org/jdownloader/gui/translate/GuiTranslation.pt_PT.lng
   translations/org/jdownloader/gui/translate/GuiTranslation.sk.lng
   translations/org/jdownloader/gui/translate/GuiTranslation.sv.lng
   translations/org/jdownloader/gui/translate/GuiTranslation.tr.lng
   translations/org/jdownloader/gui/translate/GuiTranslation.zh_CN.lng
   translations/org/jdownloader/gui/translate/GuiTranslation.zh_TW.lng
   translations/org/jdownloader/gui/translate/GuiTranslation.zh__hant.lng
   translations/org/jdownloader/translate/JdownloaderTranslation.bs.lng
   translations/org/jdownloader/translate/JdownloaderTranslation.pt_BR.lng
   translations/org/jdownloader/translate/JdownloaderTranslation.zh_CN.lng
----------------Core Files----------------
   Core.jar
   jd/captcha/methods/flstrcm.removed
   libs/Dynamics.jar
   libs/JAntiCaptcha.jar
   libs/JDGUI.jar
   libs/JDHttp.jar
   libs/JDUtils.jar
   libs/cons.jar
   libs/jna.jar
   libs/jna_platform.jar
   libs/js.jar
   libs/laf/flatlaf.license
   libs/laf/synthetica.jar
   libs/laf/synthetica.version
   libs/laf/syntheticaJDCustom.jar
   libs/laf/syntheticaSimple2D.jar
   libs/svgSalamander.jar
   licenses/jna.jar.info
   licenses/jna_platform.jar.info
   licenses/js.jar.info
