Wed Jan 06 01:18:29 CST 2021
Package: updatePackage.awf
   JD: JDownloader.jar/cfg/updateclient/Setup.json
   JD: JDownloader.jar/org/appwork/remoteapi/DefaultDocsPageFactory$1.class
   JD: JDownloader.jar/org/appwork/remoteapi/DefaultDocsPageFactory$2.class
   JD: JDownloader.jar/org/appwork/remoteapi/DefaultDocsPageFactory$3.class
   JD: JDownloader.jar/org/appwork/remoteapi/DefaultDocsPageFactory$HTMLStringBuilder.class
   JD: JDownloader.jar/org/appwork/remoteapi/DefaultDocsPageFactory.class
   JD: JDownloader.jar/org/appwork/shutdown/ShutdownEvent.class
   JD: JDownloader.jar/org/appwork/storage/config/defaults/AbstractDefaultFactory.class
   JD: JDownloader.jar/org/appwork/storage/config/handler/EnumKeyHandler$1.class
   JD: JDownloader.jar/org/appwork/storage/config/handler/EnumKeyHandler.class
   JD: JDownloader.jar/org/appwork/storage/config/handler/EnumListHandler.class
   JD: JDownloader.jar/org/appwork/storage/config/handler/KeyHandler$2.class
   JD: JDownloader.jar/org/appwork/storage/config/handler/KeyHandler.class
   JD: JDownloader.jar/org/appwork/storage/config/handler/ListHandler.class
   JD: JDownloader.jar/org/appwork/storage/config/handler/StorageHandler$10.class
   JD: JDownloader.jar/org/appwork/storage/config/handler/StorageHandler$11.class
   JD: JDownloader.jar/org/appwork/storage/config/handler/StorageHandler$12.class
   JD: JDownloader.jar/org/appwork/storage/config/handler/StorageHandler$13.class
   JD: JDownloader.jar/org/appwork/storage/config/handler/StorageHandler$14.class
   JD: JDownloader.jar/org/appwork/storage/config/handler/StorageHandler$15.class
   JD: JDownloader.jar/org/appwork/storage/config/handler/StorageHandler$16.class
   JD: JDownloader.jar/org/appwork/storage/config/handler/StorageHandler$4.class
   JD: JDownloader.jar/org/appwork/storage/config/handler/StorageHandler$5.class
   JD: JDownloader.jar/org/appwork/storage/config/handler/StorageHandler$6.class
   JD: JDownloader.jar/org/appwork/storage/config/handler/StorageHandler$7.class
   JD: JDownloader.jar/org/appwork/storage/config/handler/StorageHandler$8.class
   JD: JDownloader.jar/org/appwork/storage/config/handler/StorageHandler$9.class
   JD: JDownloader.jar/org/appwork/storage/config/handler/StorageHandler.class
   JD: JDownloader.jar/org/appwork/storage/simplejson/JSonValue.class
   JD: JDownloader.jar/org/appwork/swing/ExtJDialog.class
   JD: JDownloader.jar/org/appwork/swing/components/ExtPasswordField$1$1.class
   JD: JDownloader.jar/org/appwork/swing/components/ExtPasswordField$1.class
   JD: JDownloader.jar/org/appwork/swing/components/ExtPasswordField$CustomPasswordField.class
   JD: JDownloader.jar/org/appwork/swing/components/ExtPasswordField.class
   JD: JDownloader.jar/org/appwork/swing/components/searchcombo/SearchComboBox$Editor$4.class
   JD: JDownloader.jar/org/appwork/updatesys/client/AbsoluteFile.class
   JD: JDownloader.jar/org/appwork/updatesys/client/DefaultFileAccessHandler$1.class
   JD: JDownloader.jar/org/appwork/updatesys/client/DefaultFileAccessHandler$2.class
   JD: JDownloader.jar/org/appwork/updatesys/client/DefaultFileAccessHandler$3.class
   JD: JDownloader.jar/org/appwork/updatesys/client/DefaultFileAccessHandler$4.class
   JD: JDownloader.jar/org/appwork/updatesys/client/DefaultFileAccessHandler$5.class
   JD: JDownloader.jar/org/appwork/updatesys/client/DefaultFileAccessHandler.class
   JD: JDownloader.jar/org/appwork/updatesys/client/DefaultPathBuilder$1.class
   JD: JDownloader.jar/org/appwork/updatesys/client/DefaultPathBuilder$2.class.removed
   JD: JDownloader.jar/org/appwork/updatesys/client/DefaultPathBuilder.class
   JD: JDownloader.jar/org/appwork/updatesys/client/ExecuteException.class
   JD: JDownloader.jar/org/appwork/updatesys/client/FileAccessHandler.class
   JD: JDownloader.jar/org/appwork/updatesys/client/PathBuilder$ReplacerInterface.class
   JD: JDownloader.jar/org/appwork/updatesys/client/PathBuilder.class
   JD: JDownloader.jar/org/appwork/updatesys/client/Setup.class
   JD: JDownloader.jar/org/appwork/updatesys/client/StaticReplacerValue.class
   JD: JDownloader.jar/org/appwork/updatesys/client/UpdateClient$1.class
   JD: JDownloader.jar/org/appwork/updatesys/client/UpdateClient$10.class
   JD: JDownloader.jar/org/appwork/updatesys/client/UpdateClient$11.class
   JD: JDownloader.jar/org/appwork/updatesys/client/UpdateClient$12.class
   JD: JDownloader.jar/org/appwork/updatesys/client/UpdateClient$13.class
   JD: JDownloader.jar/org/appwork/updatesys/client/UpdateClient$14.class
   JD: JDownloader.jar/org/appwork/updatesys/client/UpdateClient$15.class
   JD: JDownloader.jar/org/appwork/updatesys/client/UpdateClient$16$1.class
   JD: JDownloader.jar/org/appwork/updatesys/client/UpdateClient$16.class
   JD: JDownloader.jar/org/appwork/updatesys/client/UpdateClient$17.class
   JD: JDownloader.jar/org/appwork/updatesys/client/UpdateClient$18.class
   JD: JDownloader.jar/org/appwork/updatesys/client/UpdateClient$19.class
   JD: JDownloader.jar/org/appwork/updatesys/client/UpdateClient$2.class
   JD: JDownloader.jar/org/appwork/updatesys/client/UpdateClient$20.class
   JD: JDownloader.jar/org/appwork/updatesys/client/UpdateClient$21.class
   JD: JDownloader.jar/org/appwork/updatesys/client/UpdateClient$22.class
   JD: JDownloader.jar/org/appwork/updatesys/client/UpdateClient$23.class
   JD: JDownloader.jar/org/appwork/updatesys/client/UpdateClient$24.class
   JD: JDownloader.jar/org/appwork/updatesys/client/UpdateClient$25.class
   JD: JDownloader.jar/org/appwork/updatesys/client/UpdateClient$26.class
   JD: JDownloader.jar/org/appwork/updatesys/client/UpdateClient$27.class
   JD: JDownloader.jar/org/appwork/updatesys/client/UpdateClient$28.class
   JD: JDownloader.jar/org/appwork/updatesys/client/UpdateClient$29.class
   JD: JDownloader.jar/org/appwork/updatesys/client/UpdateClient$3.class
   JD: JDownloader.jar/org/appwork/updatesys/client/UpdateClient$30.class
   JD: JDownloader.jar/org/appwork/updatesys/client/UpdateClient$31.class
   JD: JDownloader.jar/org/appwork/updatesys/client/UpdateClient$32.class
   JD: JDownloader.jar/org/appwork/updatesys/client/UpdateClient$4.class
   JD: JDownloader.jar/org/appwork/updatesys/client/UpdateClient$5.class
   JD: JDownloader.jar/org/appwork/updatesys/client/UpdateClient$6.class
   JD: JDownloader.jar/org/appwork/updatesys/client/UpdateClient$7.class
   JD: JDownloader.jar/org/appwork/updatesys/client/UpdateClient$8.class
   JD: JDownloader.jar/org/appwork/updatesys/client/UpdateClient$9.class
   JD: JDownloader.jar/org/appwork/updatesys/client/UpdateClient$ClientOptionAction.class
   JD: JDownloader.jar/org/appwork/updatesys/client/UpdateClient$ClientOptionActionType.class
   JD: JDownloader.jar/org/appwork/updatesys/client/UpdateClient$ClientServiceExecuter.class
   JD: JDownloader.jar/org/appwork/updatesys/client/UpdateClient$DownloadProgress.class
   JD: JDownloader.jar/org/appwork/updatesys/client/UpdateClient$DownloadResultMap.class
   JD: JDownloader.jar/org/appwork/updatesys/client/UpdateClient$Module.class
   JD: JDownloader.jar/org/appwork/updatesys/client/UpdateClient$UninstallResult.class
   JD: JDownloader.jar/org/appwork/updatesys/client/UpdateClient.class
   JD: JDownloader.jar/org/appwork/updatesys/client/UpdateClientBatchRequest$ConnectionHook.class
   JD: JDownloader.jar/org/appwork/updatesys/client/UpdateClientBatchRequest.class
   JD: JDownloader.jar/org/appwork/updatesys/client/UpdateClientSetupInterface.class
   JD: JDownloader.jar/org/appwork/updatesys/client/defaultimpl/DefaultImplBuilder.class
   JD: JDownloader.jar/org/appwork/updatesys/client/defaultimpl/UrlFactoryImpl.class
   JD: JDownloader.jar/org/appwork/updatesys/client/defaultimpl/http/HttpBackend.class
   JD: JDownloader.jar/org/appwork/updatesys/client/defaultimpl/http/HttpClientImpl$1.class
   JD: JDownloader.jar/org/appwork/updatesys/client/defaultimpl/http/HttpClientImpl$2.class
   JD: JDownloader.jar/org/appwork/updatesys/client/defaultimpl/http/HttpClientImpl$3.class
   JD: JDownloader.jar/org/appwork/updatesys/client/defaultimpl/http/HttpClientImpl$4.class
   JD: JDownloader.jar/org/appwork/updatesys/client/defaultimpl/http/HttpClientImpl.class
   JD: JDownloader.jar/org/appwork/updatesys/client/defaultimpl/http/ProxySelectorImpl$1.class
   JD: JDownloader.jar/org/appwork/updatesys/client/defaultimpl/http/ProxySelectorImpl$2.class
   JD: JDownloader.jar/org/appwork/updatesys/client/defaultimpl/http/ProxySelectorImpl.class
   JD: JDownloader.jar/org/appwork/updatesys/client/extensions/AbstractExtensionManager.class
   JD: JDownloader.jar/org/appwork/updatesys/client/extensions/CompiledServerOptions.class
   JD: JDownloader.jar/org/appwork/updatesys/client/http/HttpClientInterface.class
   JD: JDownloader.jar/org/appwork/updatesys/client/http/ProxySelectorInterface.class
   JD: JDownloader.jar/org/appwork/updatesys/client/iid/AbstractChangeableIDProvider.class
   JD: JDownloader.jar/org/appwork/updatesys/client/jardelta/JarDeltaMerge$1.class
   JD: JDownloader.jar/org/appwork/updatesys/client/jardelta/JarDeltaMerge$2.class
   JD: JDownloader.jar/org/appwork/updatesys/client/jardelta/JarDeltaMerge$3.class
   JD: JDownloader.jar/org/appwork/updatesys/client/jardelta/JarDeltaMerge$4.class
   JD: JDownloader.jar/org/appwork/updatesys/client/jardelta/JarDeltaMerge.class
   JD: JDownloader.jar/org/appwork/updatesys/client/jardelta/test/
   JD: JDownloader.jar/org/appwork/updatesys/client/jardelta/test/TestJarDeltaMerge.class
   JD: JDownloader.jar/org/appwork/updatesys/client/lastchance/LastChance$1.class
   JD: JDownloader.jar/org/appwork/updatesys/client/lastchance/LastChance$2.class
   JD: JDownloader.jar/org/appwork/updatesys/client/lastchance/LastChance$RemovableClassLoader.class
   JD: JDownloader.jar/org/appwork/updatesys/client/lastchance/LastChance.class
   JD: JDownloader.jar/org/appwork/updatesys/client/serveroptions/ServerOptionsManager$1.class
   JD: JDownloader.jar/org/appwork/updatesys/client/serveroptions/ServerOptionsManager.class
   JD: JDownloader.jar/org/appwork/updatesys/client/servertime/
   JD: JDownloader.jar/org/appwork/updatesys/client/servertime/ServerTimeHandler$1.class
   JD: JDownloader.jar/org/appwork/updatesys/client/servertime/ServerTimeHandler$SyncTimeHolder.class
   JD: JDownloader.jar/org/appwork/updatesys/client/servertime/ServerTimeHandler.class
   JD: JDownloader.jar/org/appwork/updatesys/client/servertime/UnsynchronizedStateException.class
   JD: JDownloader.jar/org/appwork/updatesys/client/tests/AbsoluteFileTest.class
   JD: JDownloader.jar/org/appwork/updatesys/client/tracker/Tracker$1.class
   JD: JDownloader.jar/org/appwork/updatesys/client/tracker/Tracker$2.class
   JD: JDownloader.jar/org/appwork/updatesys/client/tracker/Tracker$3.class
   JD: JDownloader.jar/org/appwork/updatesys/client/tracker/Tracker$4.class
   JD: JDownloader.jar/org/appwork/updatesys/client/tracker/Tracker$5.class
   JD: JDownloader.jar/org/appwork/updatesys/client/tracker/Tracker$6.class
   JD: JDownloader.jar/org/appwork/updatesys/client/tracker/Tracker$TrackItemJobRequest.class
   JD: JDownloader.jar/org/appwork/updatesys/client/tracker/Tracker.class
   JD: JDownloader.jar/org/appwork/updatesys/client/tracker/TrafficTracker$1.class
   JD: JDownloader.jar/org/appwork/updatesys/client/tracker/TrafficTracker$2.class
   JD: JDownloader.jar/org/appwork/updatesys/client/tracker/TrafficTracker$3.class
   JD: JDownloader.jar/org/appwork/updatesys/client/tracker/TrafficTracker$4$1.class
   JD: JDownloader.jar/org/appwork/updatesys/client/tracker/TrafficTracker$4.class
   JD: JDownloader.jar/org/appwork/updatesys/client/tracker/TrafficTracker$5.class
   JD: JDownloader.jar/org/appwork/updatesys/client/tracker/TrafficTracker$6.class
   JD: JDownloader.jar/org/appwork/updatesys/client/tracker/TrafficTracker.class
   JD: JDownloader.jar/org/appwork/updatesys/service/ServiceExecuter.class
   JD: JDownloader.jar/org/appwork/updatesys/service/ServiceInstallation.class
   JD: JDownloader.jar/org/appwork/updatesys/service/ServiceUtils$1.class
   JD: JDownloader.jar/org/appwork/updatesys/service/ServiceUtils$CSValidationException.class
   JD: JDownloader.jar/org/appwork/updatesys/service/ServiceUtils.class
   JD: JDownloader.jar/org/appwork/updatesys/transport/Pkg$1.class
   JD: JDownloader.jar/org/appwork/updatesys/transport/Pkg$2.class
   JD: JDownloader.jar/org/appwork/updatesys/transport/Pkg.class
   JD: JDownloader.jar/org/appwork/updatesys/transport/exchange/AbstractTrackDataItem.class
   JD: JDownloader.jar/org/appwork/updatesys/transport/exchange/CannotRestoreItemException.class
   JD: JDownloader.jar/org/appwork/updatesys/transport/exchange/ClientOptions$1.class
   JD: JDownloader.jar/org/appwork/updatesys/transport/exchange/ClientOptions.class
   JD: JDownloader.jar/org/appwork/updatesys/transport/exchange/Constants.class
   JD: JDownloader.jar/org/appwork/updatesys/transport/exchange/JarSignature$1.class
   JD: JDownloader.jar/org/appwork/updatesys/transport/exchange/JarSignature$2.class
   JD: JDownloader.jar/org/appwork/updatesys/transport/exchange/JarSignature$JARDIFFSUPPORT.class
   JD: JDownloader.jar/org/appwork/updatesys/transport/exchange/JarSignature.class
   JD: JDownloader.jar/org/appwork/updatesys/transport/exchange/PatchData$1.class
   JD: JDownloader.jar/org/appwork/updatesys/transport/exchange/PatchData.class
   JD: JDownloader.jar/org/appwork/updatesys/transport/exchange/Revision$1.class
   JD: JDownloader.jar/org/appwork/updatesys/transport/exchange/Revision.class
   JD: JDownloader.jar/org/appwork/updatesys/transport/exchange/ServerOptions$1.class
   JD: JDownloader.jar/org/appwork/updatesys/transport/exchange/ServerOptions.class
   JD: JDownloader.jar/org/appwork/updatesys/transport/exchange/ServerResponse.class
   JD: JDownloader.jar/org/appwork/updatesys/transport/exchange/SessionInitData$1.class
   JD: JDownloader.jar/org/appwork/updatesys/transport/exchange/SessionInitData.class
   JD: JDownloader.jar/org/appwork/updatesys/transport/exchange/SyncProviderInterface.class
   JD: JDownloader.jar/org/appwork/updatesys/transport/exchange/SyncedTime$1.class
   JD: JDownloader.jar/org/appwork/updatesys/transport/exchange/SyncedTime$SyncType.class
   JD: JDownloader.jar/org/appwork/updatesys/transport/exchange/SyncedTime.class
   JD: JDownloader.jar/org/appwork/updatesys/transport/exchange/TimeSyncResponse$1.class
   JD: JDownloader.jar/org/appwork/updatesys/transport/exchange/TimeSyncResponse.class
   JD: JDownloader.jar/org/appwork/updatesys/transport/exchange/TrackDataItemLogEntry$1.class
   JD: JDownloader.jar/org/appwork/updatesys/transport/exchange/TrackDataItemLogEntry.class
   JD: JDownloader.jar/org/appwork/updatesys/transport/exchange/UninstallInfo$1.class
   JD: JDownloader.jar/org/appwork/updatesys/transport/exchange/UninstallInfo$ExecuteRule.class
   JD: JDownloader.jar/org/appwork/updatesys/transport/exchange/UninstallInfo$UninstallRule.class.removed
   JD: JDownloader.jar/org/appwork/updatesys/transport/exchange/UninstallInfo.class
   JD: JDownloader.jar/org/appwork/updatesys/transport/exchange/UpdateOptions$1.class
   JD: JDownloader.jar/org/appwork/updatesys/transport/exchange/UpdateOptions.class
   JD: JDownloader.jar/org/appwork/updatesys/transport/exchange/batch/BatchJobType.class
   JD: JDownloader.jar/org/appwork/updatesys/transport/exchange/batch/BatchRequest$1.class
   JD: JDownloader.jar/org/appwork/updatesys/transport/exchange/batch/BatchRequest.class
   JD: JDownloader.jar/org/appwork/updatesys/transport/exchange/batch/BatchResponse$1.class
   JD: JDownloader.jar/org/appwork/updatesys/transport/exchange/batch/BatchResponse.class
   JD: JDownloader.jar/org/appwork/updatesys/transport/exchange/batch/JobRequest.class
   JD: JDownloader.jar/org/appwork/updatesys/transport/exchange/batch/JobResponseCallback.class
   JD: JDownloader.jar/org/appwork/updatesys/transport/exchange/dialog/AbstractDialogDescription.class
   JD: JDownloader.jar/org/appwork/updatesys/transport/exchange/dialog/DialogResponse$1.class
   JD: JDownloader.jar/org/appwork/updatesys/transport/exchange/dialog/DialogResponse.class
   JD: JDownloader.jar/org/appwork/updatesys/transport/exchange/dialog/DialogStorable$1.class
   JD: JDownloader.jar/org/appwork/updatesys/transport/exchange/dialog/DialogStorable.class
   JD: JDownloader.jar/org/appwork/updatesys/transport/exchange/dialog/Execute.class
   JD: JDownloader.jar/org/appwork/updatesys/transport/exchange/dialog/ExecuteTrigger.class
   JD: JDownloader.jar/org/appwork/updatesys/transport/exchange/setup/
   JD: JDownloader.jar/org/appwork/updatesys/transport/exchange/setup/DoNotTouchPathEntry.class
   JD: JDownloader.jar/org/appwork/updatesys/transport/exchange/setup/DynLink.class
   JD: JDownloader.jar/org/appwork/updatesys/transport/exchange/setup/OnMatchAction.class
   JD: JDownloader.jar/org/appwork/updatesys/transport/exchange/setup/ProcessReference.class
   JD: JDownloader.jar/org/appwork/updatesys/transport/exchange/setup/RepoAction.class
   JD: JDownloader.jar/org/appwork/updatesys/transport/exchange/setup/RepoStorable$1.class
   JD: JDownloader.jar/org/appwork/updatesys/transport/exchange/setup/RepoStorable.class
   JD: JDownloader.jar/org/appwork/updatesys/transport/exchange/setup/RestartStrategy.class
   JD: JDownloader.jar/org/appwork/updatesys/transport/exchange/setup/ShutdownStrategy.class
   JD: JDownloader.jar/org/appwork/updatesys/transport/exchange/setup/UninstallRule.class
   JD: JDownloader.jar/org/appwork/updatesys/transport/exchange/setup/UninstallRuleSet.class
   JD: JDownloader.jar/org/appwork/updatesys/transport/exchange/signature/
   JD: JDownloader.jar/org/appwork/updatesys/transport/exchange/signature/JSONSignaturefactory$1$1.class
   JD: JDownloader.jar/org/appwork/updatesys/transport/exchange/signature/JSONSignaturefactory$1.class
   JD: JDownloader.jar/org/appwork/updatesys/transport/exchange/signature/JSONSignaturefactory.class
   JD: JDownloader.jar/org/appwork/updatesys/transport/exchange/signature/MappingRuntimeException.class
   JD: JDownloader.jar/org/appwork/updatesys/transport/exchange/signature/Signature$1.class
   JD: JDownloader.jar/org/appwork/updatesys/transport/exchange/signature/Signature.class
   JD: JDownloader.jar/org/appwork/updatesys/transport/exchange/tests/CreateDialog.class.removed
   JD: JDownloader.jar/org/appwork/updatesys/transport/exchange/tests/CreateUninstallInfo.class
   JD: JDownloader.jar/org/appwork/updatesys/transport/exchange/tests/DoNotTouchPathEntryMain.class
   JD: JDownloader.jar/org/appwork/updatesys/transport/exchange/tests/ProcessReferenceTest.class
   JD: JDownloader.jar/org/appwork/updatesys/transport/exchange/track/BasicDownloadTrackData$1.class
   JD: JDownloader.jar/org/appwork/updatesys/transport/exchange/track/BasicDownloadTrackData.class
   JD: JDownloader.jar/org/appwork/updatesys/transport/exchange/track/BasicEventTrackData$1.class
   JD: JDownloader.jar/org/appwork/updatesys/transport/exchange/track/BasicEventTrackData.class
   JD: JDownloader.jar/org/appwork/updatesys/transport/exchange/track/ConfirmDownloadTrackData$1.class
   JD: JDownloader.jar/org/appwork/updatesys/transport/exchange/track/ConfirmDownloadTrackData.class
   JD: JDownloader.jar/org/appwork/updatesys/transport/exchange/track/ConfirmInstallationTrackData$1.class
   JD: JDownloader.jar/org/appwork/updatesys/transport/exchange/track/ConfirmInstallationTrackData.class
   JD: JDownloader.jar/org/appwork/updatesys/transport/exchange/track/ExceptionTrackData$1.class
   JD: JDownloader.jar/org/appwork/updatesys/transport/exchange/track/ExceptionTrackData$ExceptionStorable$1.class
   JD: JDownloader.jar/org/appwork/updatesys/transport/exchange/track/ExceptionTrackData$ExceptionStorable.class
   JD: JDownloader.jar/org/appwork/updatesys/transport/exchange/track/ExceptionTrackData$StackTraceElementStorable.class
   JD: JDownloader.jar/org/appwork/updatesys/transport/exchange/track/ExceptionTrackData.class
   JD: JDownloader.jar/org/appwork/updatesys/transport/exchange/track/RunInstallationTrackData$1.class
   JD: JDownloader.jar/org/appwork/updatesys/transport/exchange/track/RunInstallationTrackData.class
   JD: JDownloader.jar/org/appwork/updatesys/transport/exchange/track/SelfTestTrackData$1.class
   JD: JDownloader.jar/org/appwork/updatesys/transport/exchange/track/SelfTestTrackData.class
   JD: JDownloader.jar/org/appwork/updatesys/transport/exchange/track/StartDateInterface.class
   JD: JDownloader.jar/org/appwork/updatesys/transport/exchange/track/StopDateInterface.class
   JD: JDownloader.jar/org/appwork/updatesys/transport/exchange/track/TrafficLog$1.class
   JD: JDownloader.jar/org/appwork/updatesys/transport/exchange/track/TrafficLog$CDNSIGNATURE.class
   JD: JDownloader.jar/org/appwork/updatesys/transport/exchange/track/TrafficLog$STATUS.class
   JD: JDownloader.jar/org/appwork/updatesys/transport/exchange/track/TrafficLog.class
   JD: JDownloader.jar/org/appwork/updatesys/transport/exchange/track/WMIProperty.class
   JD: JDownloader.jar/org/appwork/utils/ByteArrayWrapper.class
   JD: JDownloader.jar/org/appwork/utils/ImageProvider/ImageProvider$1.class
   JD: JDownloader.jar/org/appwork/utils/ImageProvider/ImageProvider$2.class
   JD: JDownloader.jar/org/appwork/utils/ImageProvider/ImageProvider.class
   JD: JDownloader.jar/org/appwork/utils/JarHandlerWorkaroundOracle$2.class
   JD: JDownloader.jar/org/appwork/utils/JarHandlerWorkaroundOracle.class
   JD: JDownloader.jar/org/appwork/utils/NonInterruptibleRunnable.class
   JD: JDownloader.jar/org/appwork/utils/NonInterruptibleThread$2.class
   JD: JDownloader.jar/org/appwork/utils/NonInterruptibleThread$3.class
   JD: JDownloader.jar/org/appwork/utils/NonInterruptibleThread.class
   JD: JDownloader.jar/org/appwork/utils/ReflectionUtils$InvokeMethodLookup.class
   JD: JDownloader.jar/org/appwork/utils/ReflectionUtils.class
   JD: JDownloader.jar/org/appwork/utils/UniqueAlltimeID.class
   JD: JDownloader.jar/org/appwork/utils/event/queue/Queue$QueuePriority.class
   JD: JDownloader.jar/org/appwork/utils/event/queue/Queue.class
   JD: JDownloader.jar/org/appwork/utils/formatter/SizeFormatter$Unit.class
   JD: JDownloader.jar/org/appwork/utils/formatter/SizeFormatter.class
   JD: JDownloader.jar/org/appwork/utils/formatter/TimeFormatter.class
   JD: JDownloader.jar/org/appwork/utils/images/IconIO.class
   JD: JDownloader.jar/org/appwork/utils/net/httpconnection/HTTPConnection.class
   JD: JDownloader.jar/org/appwork/utils/net/httpconnection/HTTPConnectionImpl$1.class
   JD: JDownloader.jar/org/appwork/utils/net/httpconnection/HTTPConnectionImpl$2.class
   JD: JDownloader.jar/org/appwork/utils/net/httpconnection/HTTPConnectionImpl$3.class
   JD: JDownloader.jar/org/appwork/utils/net/httpconnection/HTTPConnectionImpl$4.class
   JD: JDownloader.jar/org/appwork/utils/net/httpconnection/HTTPConnectionImpl$5.class
   JD: JDownloader.jar/org/appwork/utils/net/httpconnection/HTTPConnectionImpl$KEEPALIVE.class
   JD: JDownloader.jar/org/appwork/utils/net/httpconnection/HTTPConnectionImpl$SSL_STATE.class
   JD: JDownloader.jar/org/appwork/utils/net/httpconnection/HTTPConnectionImpl.class
   JD: JDownloader.jar/org/appwork/utils/net/httpconnection/HTTPConnectionUtils.class
   JD: JDownloader.jar/org/appwork/utils/net/httpconnection/HTTPProxy$2.class
   JD: JDownloader.jar/org/appwork/utils/net/httpconnection/HTTPProxy.class
   JD: JDownloader.jar/org/appwork/utils/net/httpconnection/HTTPProxyHTTPConnectionImpl$1.class
   JD: JDownloader.jar/org/appwork/utils/net/httpconnection/HTTPProxyHTTPConnectionImpl.class
   JD: JDownloader.jar/org/appwork/utils/net/httpconnection/HTTPProxyStorable.class
   JD: JDownloader.jar/org/appwork/utils/net/httpconnection/KeepAliveSSLSocketStream.class
   JD: JDownloader.jar/org/appwork/utils/net/httpconnection/KeepAliveSocketStream$1.class
   JD: JDownloader.jar/org/appwork/utils/net/httpconnection/KeepAliveSocketStream$2.class
   JD: JDownloader.jar/org/appwork/utils/net/httpconnection/KeepAliveSocketStream.class
   JD: JDownloader.jar/org/appwork/utils/net/httpconnection/NativeHTTPConnectionImpl.class
   JD: JDownloader.jar/org/appwork/utils/net/httpconnection/SocksHTTPconnection$AUTH.class
   JD: JDownloader.jar/org/appwork/utils/net/httpconnection/SocksHTTPconnection$DESTTYPE.class
   JD: JDownloader.jar/org/appwork/utils/net/httpconnection/SocksHTTPconnection.class
   JD: JDownloader.jar/org/appwork/utils/net/socketconnection/SocketConnection$1.class
   JD: JDownloader.jar/org/appwork/utils/net/socketconnection/SocketConnection.class
   JD: JDownloader.jar/org/appwork/utils/os/CrossSystem$1.class
   JD: JDownloader.jar/org/appwork/utils/os/CrossSystem$2.class
   JD: JDownloader.jar/org/appwork/utils/os/CrossSystem$3.class
   JD: JDownloader.jar/org/appwork/utils/os/CrossSystem$ARCHFamily.class
   JD: JDownloader.jar/org/appwork/utils/os/CrossSystem$OSFamily.class
   JD: JDownloader.jar/org/appwork/utils/os/CrossSystem$OperatingSystem.class
   JD: JDownloader.jar/org/appwork/utils/os/CrossSystem.class
   JD: JDownloader.jar/org/appwork/utils/os/Docker.class
   JD: JDownloader.jar/org/appwork/utils/os/Snap.class
   JD: JDownloader.jar/org/appwork/utils/os/WindowsUtils$SID.class
   JD: JDownloader.jar/org/appwork/utils/os/WindowsUtils.class
   JD: JDownloader.jar/org/appwork/utils/os/hardware/
   JD: JDownloader.jar/org/appwork/utils/os/hardware/HardwareType.class
   JD: JDownloader.jar/org/appwork/utils/os/hardware/HardwareTypeInterface$ID.class
   JD: JDownloader.jar/org/appwork/utils/os/hardware/HardwareTypeInterface.class
   JD: JDownloader.jar/org/appwork/utils/os/hardware/ODROID$1.class
   JD: JDownloader.jar/org/appwork/utils/os/hardware/ODROID$TYPE.class
   JD: JDownloader.jar/org/appwork/utils/os/hardware/ODROID.class
   JD: JDownloader.jar/org/appwork/utils/os/hardware/QNAP$1.class
   JD: JDownloader.jar/org/appwork/utils/os/hardware/QNAP$2.class
   JD: JDownloader.jar/org/appwork/utils/os/hardware/QNAP.class
   JD: JDownloader.jar/org/appwork/utils/os/hardware/RaspberryPi$1.class
   JD: JDownloader.jar/org/appwork/utils/os/hardware/RaspberryPi$MANUFACTURER.class
   JD: JDownloader.jar/org/appwork/utils/os/hardware/RaspberryPi$MEMORY_SIZE.class
   JD: JDownloader.jar/org/appwork/utils/os/hardware/RaspberryPi$PROCESSOR.class
   JD: JDownloader.jar/org/appwork/utils/os/hardware/RaspberryPi$TYPE.class
   JD: JDownloader.jar/org/appwork/utils/os/hardware/RaspberryPi.class
   JD: JDownloader.jar/org/appwork/utils/os/hardware/Synology$1.class
   JD: JDownloader.jar/org/appwork/utils/os/hardware/Synology.class
   JD: JDownloader.jar/org/appwork/utils/os/mime/MimeWindows.class
   JD: JDownloader.jar/org/appwork/utils/parser/UrlQuery.class
   JD: JDownloader.jar/org/appwork/utils/swing/dialog/AbstractDialog$1.class
   JD: JDownloader.jar/org/appwork/utils/swing/dialog/AbstractDialog$10.class
   JD: JDownloader.jar/org/appwork/utils/swing/dialog/AbstractDialog$11$1.class
   JD: JDownloader.jar/org/appwork/utils/swing/dialog/AbstractDialog$11.class
   JD: JDownloader.jar/org/appwork/utils/swing/dialog/AbstractDialog$12$1.class
   JD: JDownloader.jar/org/appwork/utils/swing/dialog/AbstractDialog$12.class
   JD: JDownloader.jar/org/appwork/utils/swing/dialog/AbstractDialog$13.class
   JD: JDownloader.jar/org/appwork/utils/swing/dialog/AbstractDialog$14.class
   JD: JDownloader.jar/org/appwork/utils/swing/dialog/AbstractDialog$15.class
   JD: JDownloader.jar/org/appwork/utils/swing/dialog/AbstractDialog$16.class
   JD: JDownloader.jar/org/appwork/utils/swing/dialog/AbstractDialog$17.class
   JD: JDownloader.jar/org/appwork/utils/swing/dialog/AbstractDialog$18.class
   JD: JDownloader.jar/org/appwork/utils/swing/dialog/AbstractDialog$2.class
   JD: JDownloader.jar/org/appwork/utils/swing/dialog/AbstractDialog$3.class
   JD: JDownloader.jar/org/appwork/utils/swing/dialog/AbstractDialog$4.class
   JD: JDownloader.jar/org/appwork/utils/swing/dialog/AbstractDialog$5.class
   JD: JDownloader.jar/org/appwork/utils/swing/dialog/AbstractDialog$6$1.class
   JD: JDownloader.jar/org/appwork/utils/swing/dialog/AbstractDialog$6.class
   JD: JDownloader.jar/org/appwork/utils/swing/dialog/AbstractDialog$7.class
   JD: JDownloader.jar/org/appwork/utils/swing/dialog/AbstractDialog$8.class
   JD: JDownloader.jar/org/appwork/utils/swing/dialog/AbstractDialog$9.class
   JD: JDownloader.jar/org/appwork/utils/swing/dialog/AbstractDialog.class
   JD: JDownloader.jar/org/appwork/utils/swing/dialog/ComboBoxDialog.class
   JD: JDownloader.jar/org/appwork/utils/swing/dialog/ConfirmDialog.class
   JD: JDownloader.jar/org/appwork/utils/swing/dialog/Dialog$3.class
   JD: JDownloader.jar/org/appwork/utils/swing/dialog/Dialog.class
   JD: JDownloader.jar/org/appwork/utils/swing/dialog/ExceptionDialog.class
   JD: JDownloader.jar/org/appwork/utils/swing/dialog/ExtFileChooserDialog$1$1.class
   JD: JDownloader.jar/org/appwork/utils/swing/dialog/ExtFileChooserDialog$1$2.class
   JD: JDownloader.jar/org/appwork/utils/swing/dialog/ExtFileChooserDialog$1.class
   JD: JDownloader.jar/org/appwork/utils/swing/dialog/ExtFileChooserDialog$2.class
   JD: JDownloader.jar/org/appwork/utils/swing/dialog/ExtFileChooserDialog$3.class
   JD: JDownloader.jar/org/appwork/utils/swing/dialog/ExtFileChooserDialog$4.class
   JD: JDownloader.jar/org/appwork/utils/swing/dialog/ExtFileChooserDialog$5$1.class
   JD: JDownloader.jar/org/appwork/utils/swing/dialog/ExtFileChooserDialog$5$2$1$1.class
   JD: JDownloader.jar/org/appwork/utils/swing/dialog/ExtFileChooserDialog$5$2$1.class
   JD: JDownloader.jar/org/appwork/utils/swing/dialog/ExtFileChooserDialog$5$2$2.class
   JD: JDownloader.jar/org/appwork/utils/swing/dialog/ExtFileChooserDialog$5$2.class
   JD: JDownloader.jar/org/appwork/utils/swing/dialog/ExtFileChooserDialog$5.class
   JD: JDownloader.jar/org/appwork/utils/swing/dialog/ExtFileChooserDialog$6.class
   JD: JDownloader.jar/org/appwork/utils/swing/dialog/ExtFileChooserDialog$7.class
   JD: JDownloader.jar/org/appwork/utils/swing/dialog/ExtFileChooserDialog$8.class
   JD: JDownloader.jar/org/appwork/utils/swing/dialog/ExtFileChooserDialog$9.class
   JD: JDownloader.jar/org/appwork/utils/swing/dialog/ExtFileChooserDialog.class
   JD: JDownloader.jar/org/appwork/utils/swing/dialog/InputDialog.class
   JD: JDownloader.jar/org/appwork/utils/swing/dialog/InternDialog$1.class
   JD: JDownloader.jar/org/appwork/utils/swing/dialog/InternDialog.class
   JD: JDownloader.jar/org/appwork/utils/swing/dialog/ProxyDialog.class
   JD: JDownloader.jar/org/appwork/utils/swing/dialog/SearchComboBoxDialog$1.class
   JD: JDownloader.jar/org/appwork/utils/swing/dialog/SearchComboBoxDialog$2.class
   JD: JDownloader.jar/org/appwork/utils/swing/dialog/SearchComboBoxDialog.class
   JD: JDownloader.jar/org/appwork/utils/swing/dialog/SearchDialog.class
   JD: JDownloader.jar/org/appwork/utils/swing/dialog/SliderDialog.class
   JD: JDownloader.jar/org/appwork/utils/swing/dialog/TextAreaDialog.class
   JD: JDownloader.jar/org/appwork/utils/swing/dialog/ValueDialog$1.class
   JD: JDownloader.jar/org/appwork/utils/swing/dialog/ValueDialog$2.class
   JD: JDownloader.jar/org/appwork/utils/swing/dialog/ValueDialog$3.class
   JD: JDownloader.jar/org/appwork/utils/swing/dialog/ValueDialog$4.class
   JD: JDownloader.jar/org/appwork/utils/swing/dialog/ValueDialog$5.class
   JD: JDownloader.jar/org/appwork/utils/swing/dialog/ValueDialog.class
   JD: JDownloader.jar/org/appwork/utils/swing/dialog/WindowStack.class
   JD: JDownloader.jar/org/appwork/utils/swing/windowmanager/WindowManager$1.class
   JD: JDownloader.jar/org/appwork/utils/swing/windowmanager/WindowManager$2.class
   JD: JDownloader.jar/org/appwork/utils/swing/windowmanager/WindowManager$WindowExtendedState.class
   JD: JDownloader.jar/org/appwork/utils/swing/windowmanager/WindowManager$WindowMetaInfo.class
   JD: JDownloader.jar/org/appwork/utils/swing/windowmanager/WindowManager.class
   JD: JDownloader.jar/org/jdownloader/logging/LogController$2.class
   JD: JDownloader.jar/org/jdownloader/logging/LogController.class
   JD: JDownloader.jar/org/jdownloader/update/DefaultCallbackHandler.class
   JD: JDownloader.jar/org/jdownloader/update/JDUpdateClient$1.class
   JD: JDownloader.jar/org/jdownloader/update/JDUpdateClient$2.class
   JD: JDownloader.jar/org/jdownloader/update/JDUpdateClient$3.class
   JD: JDownloader.jar/org/jdownloader/update/JDUpdateClient$4.class
   JD: JDownloader.jar/org/jdownloader/update/JDUpdateClient$5.class
   JD: JDownloader.jar/org/jdownloader/update/JDUpdateClient$6.class
   JD: JDownloader.jar/org/jdownloader/update/JDUpdateClient$7.class
   JD: JDownloader.jar/org/jdownloader/update/JDUpdateClient$JDExtensionManager.class
   JD: JDownloader.jar/org/jdownloader/update/JDUpdateClient.class
   JD: JDownloader.jar/org/jdownloader/update/PathBuilderImpl$1.class
   JD: JDownloader.jar/org/jdownloader/update/PathBuilderImpl.class
   JD: JDownloader.jar/org/jdownloader/update/ProxySelector$1.class
   JD: JDownloader.jar/org/jdownloader/update/ProxySelector$2.class
   JD: JDownloader.jar/org/jdownloader/update/ProxySelector$3.class
   JD: JDownloader.jar/org/jdownloader/update/ProxySelector.class
   JD: JDownloader.jar/org/jdownloader/update/SelfUpdateClient$1.class
   JD: JDownloader.jar/org/jdownloader/update/SelfUpdateClient$2.class
   JD: JDownloader.jar/org/jdownloader/update/SelfUpdateClient$3.class
   JD: JDownloader.jar/org/jdownloader/update/SelfUpdateClient$4.class
   JD: JDownloader.jar/org/jdownloader/update/SelfUpdateClient$5.class
   JD: JDownloader.jar/org/jdownloader/update/SelfUpdateClient$6.class
   JD: JDownloader.jar/org/jdownloader/update/SelfUpdateClient$7.class
   JD: JDownloader.jar/org/jdownloader/update/SelfUpdateClient$8.class
   JD: JDownloader.jar/org/jdownloader/update/SelfUpdateClient.class
   JD: JDownloader.jar/org/jdownloader/update/UpdateManager$1.class
   JD: JDownloader.jar/org/jdownloader/update/UpdateManager$10.class
   JD: JDownloader.jar/org/jdownloader/update/UpdateManager$11.class
   JD: JDownloader.jar/org/jdownloader/update/UpdateManager$12.class
   JD: JDownloader.jar/org/jdownloader/update/UpdateManager$13.class
   JD: JDownloader.jar/org/jdownloader/update/UpdateManager$14.class
   JD: JDownloader.jar/org/jdownloader/update/UpdateManager$15.class
   JD: JDownloader.jar/org/jdownloader/update/UpdateManager$16.class
   JD: JDownloader.jar/org/jdownloader/update/UpdateManager$17.class
   JD: JDownloader.jar/org/jdownloader/update/UpdateManager$18.class
   JD: JDownloader.jar/org/jdownloader/update/UpdateManager$19.class
   JD: JDownloader.jar/org/jdownloader/update/UpdateManager$2.class
   JD: JDownloader.jar/org/jdownloader/update/UpdateManager$20.class
   JD: JDownloader.jar/org/jdownloader/update/UpdateManager$21.class
   JD: JDownloader.jar/org/jdownloader/update/UpdateManager$22.class
   JD: JDownloader.jar/org/jdownloader/update/UpdateManager$23.class
   JD: JDownloader.jar/org/jdownloader/update/UpdateManager$24.class
   JD: JDownloader.jar/org/jdownloader/update/UpdateManager$3.class
   JD: JDownloader.jar/org/jdownloader/update/UpdateManager$4$1$1.class.removed
   JD: JDownloader.jar/org/jdownloader/update/UpdateManager$4$1.class.removed
   JD: JDownloader.jar/org/jdownloader/update/UpdateManager$4$2.class.removed
   JD: JDownloader.jar/org/jdownloader/update/UpdateManager$4.class
   JD: JDownloader.jar/org/jdownloader/update/UpdateManager$5$1$1.class
   JD: JDownloader.jar/org/jdownloader/update/UpdateManager$5$1.class
   JD: JDownloader.jar/org/jdownloader/update/UpdateManager$5$2.class
   JD: JDownloader.jar/org/jdownloader/update/UpdateManager$5.class
   JD: JDownloader.jar/org/jdownloader/update/UpdateManager$6.class
   JD: JDownloader.jar/org/jdownloader/update/UpdateManager$7.class
   JD: JDownloader.jar/org/jdownloader/update/UpdateManager$8.class
   JD: JDownloader.jar/org/jdownloader/update/UpdateManager$9.class
   JD: JDownloader.jar/org/jdownloader/update/UpdateManager.class
   JD: JDownloader.jar/org/jdownloader/update/lastchance/HttpConnectionImplNullpointer$FixHttpClientImpl$1.class.removed
   JD: JDownloader.jar/org/jdownloader/update/lastchance/HttpConnectionImplNullpointer$FixHttpClientImpl.class.removed
   JD: JDownloader.jar/org/jdownloader/update/lastchance/HttpConnectionImplNullpointer.class.removed
   JD: JDownloader.jar/org/jdownloader/update/lastchance/LastChanceManager$1.class
   JD: JDownloader.jar/org/jdownloader/update/lastchance/LastChanceManager.class
   JD: JDownloader.jar/org/jdownloader/update/lastchance/SetListToDefaultPathBuilderLastChance.class.removed
   JD: JDownloader.jar/org/jdownloader/update/lastchance/UpdaterBug12February2015.class.removed
   JD: JDownloader.jar/org/jdownloader/update/lastchance/UpdaterBug18January2014$1.class.removed
   JD: JDownloader.jar/org/jdownloader/update/lastchance/UpdaterBug18January2014.class.removed
   JD: JDownloader.jar/org/jdownloader/update/lastchance/UpdaterBug4July2017$1$1.class.removed
   JD: JDownloader.jar/org/jdownloader/update/lastchance/UpdaterBug4July2017$1.class.removed
   JD: JDownloader.jar/org/jdownloader/update/lastchance/UpdaterBug4July2017.class.removed
   JD: JDownloader.jar/org/jdownloader/update/lastchance/lastchances/
   JD: JDownloader.jar/org/jdownloader/update/lastchance/lastchances/HttpConnectionImplNullpointer$FixHttpClientImpl$1.class
   JD: JDownloader.jar/org/jdownloader/update/lastchance/lastchances/HttpConnectionImplNullpointer$FixHttpClientImpl.class
   JD: JDownloader.jar/org/jdownloader/update/lastchance/lastchances/HttpConnectionImplNullpointer.class
   JD: JDownloader.jar/org/jdownloader/update/lastchance/lastchances/SetListToDefaultPathBuilderLastChance.class
   JD: JDownloader.jar/org/jdownloader/update/lastchance/lastchances/UpdaterBug12February2015.class
   JD: JDownloader.jar/org/jdownloader/update/lastchance/lastchances/UpdaterBug18January2014$1.class
   JD: JDownloader.jar/org/jdownloader/update/lastchance/lastchances/UpdaterBug18January2014.class
   JD: JDownloader.jar/org/jdownloader/update/lastchance/lastchances/UpdaterBug4July2017$1$1.class
   JD: JDownloader.jar/org/jdownloader/update/lastchance/lastchances/UpdaterBug4July2017$1.class
   JD: JDownloader.jar/org/jdownloader/update/lastchance/lastchances/UpdaterBug4July2017.class
   JD: JDownloader.jar/org/jdownloader/update/launcher/SecondLevelLauncher$1.class
   JD: JDownloader.jar/org/jdownloader/update/launcher/SecondLevelLauncher$2.class
   JD: JDownloader.jar/org/jdownloader/update/launcher/SecondLevelLauncher$3.class
   JD: JDownloader.jar/org/jdownloader/update/launcher/SecondLevelLauncher$4.class
   JD: JDownloader.jar/org/jdownloader/update/launcher/SecondLevelLauncher$5.class
   JD: JDownloader.jar/org/jdownloader/update/launcher/SecondLevelLauncher$6.class
   JD: JDownloader.jar/org/jdownloader/update/launcher/SecondLevelLauncher$7.class
   JD: JDownloader.jar/org/jdownloader/update/launcher/SecondLevelLauncher.class
   JD: JDownloader.jar/org/jdownloader/update/launcher/SelfTest.class
   JD: JDownloader.jar/org/jdownloader/update/launcher/SelfTestImplBuilder$1.class
   JD: JDownloader.jar/org/jdownloader/update/launcher/SelfTestImplBuilder.class
   JD: JDownloader.jar/org/jdownloader/update/launcher/SelfTestSetup.class
   JD: JDownloader.jar/org/jdownloader/updatev2/InstallLog.class
   JD: JDownloader.jar/org/jdownloader/updatev2/JDClassLoaderLauncher.class
   JD: JDownloader.jar/org/jdownloader/updatev2/UpdateCallbackInterface.class
   JD: JDownloader.jar/org/jdownloader/updatev2/UpdateController$1.class
   JD: JDownloader.jar/org/jdownloader/updatev2/UpdateController$2$1.class
   JD: JDownloader.jar/org/jdownloader/updatev2/UpdateController$2.class
   JD: JDownloader.jar/org/jdownloader/updatev2/UpdateController$3.class
   JD: JDownloader.jar/org/jdownloader/updatev2/UpdateController$4.class
   JD: JDownloader.jar/org/jdownloader/updatev2/UpdateController$5.class
   JD: JDownloader.jar/org/jdownloader/updatev2/UpdateController.class
   JD: JDownloader.jar/resources/
   JD: JDownloader.jar/resources/install4j/
   JD: JDownloader.jar/resources/install4j/user-install4j-before29122020.jar
