Sat Mar 25 16:42:14 CST 2023
Package: updatePackage
   JD: JDownloader.jar/org/appwork/loggingv3/AbstractLogger.class
   JD: JDownloader.jar/org/appwork/loggingv3/LogV3$1.class
   JD: JDownloader.jar/org/appwork/loggingv3/LogV3$2.class
   JD: JDownloader.jar/org/appwork/loggingv3/LogV3$3.class
   JD: JDownloader.jar/org/appwork/loggingv3/LogV3.class
   JD: JDownloader.jar/org/appwork/moncompare/Condition$1.class
   JD: JDownloader.jar/org/appwork/moncompare/Condition$2.class
   JD: JDownloader.jar/org/appwork/moncompare/Condition$AccessArrayElement.class
   JD: JDownloader.jar/org/appwork/moncompare/Condition$AccessByField.class
   JD: JDownloader.jar/org/appwork/moncompare/Condition$AccessByMethod.class
   JD: JDownloader.jar/org/appwork/moncompare/Condition$AccessListElement.class
   JD: JDownloader.jar/org/appwork/moncompare/Condition$AccessMapElement.class
   JD: JDownloader.jar/org/appwork/moncompare/Condition$AccessNotFound.class
   JD: JDownloader.jar/org/appwork/moncompare/Condition$AddOp.class
   JD: JDownloader.jar/org/appwork/moncompare/Condition$AndOp.class
   JD: JDownloader.jar/org/appwork/moncompare/Condition$AnyOp.class
   JD: JDownloader.jar/org/appwork/moncompare/Condition$ConcatOp.class
   JD: JDownloader.jar/org/appwork/moncompare/Condition$DivideOp.class
   JD: JDownloader.jar/org/appwork/moncompare/Condition$EachOp.class
   JD: JDownloader.jar/org/appwork/moncompare/Condition$EqOp.class
   JD: JDownloader.jar/org/appwork/moncompare/Condition$ExistsOp.class
   JD: JDownloader.jar/org/appwork/moncompare/Condition$GtOp.class
   JD: JDownloader.jar/org/appwork/moncompare/Condition$GteOp.class
   JD: JDownloader.jar/org/appwork/moncompare/Condition$InOp.class
   JD: JDownloader.jar/org/appwork/moncompare/Condition$KeyOnClass.class
   JD: JDownloader.jar/org/appwork/moncompare/Condition$LtOp.class
   JD: JDownloader.jar/org/appwork/moncompare/Condition$LteOp.class
   JD: JDownloader.jar/org/appwork/moncompare/Condition$MaxOp.class
   JD: JDownloader.jar/org/appwork/moncompare/Condition$MinOp.class
   JD: JDownloader.jar/org/appwork/moncompare/Condition$MultiplyOp.class
   JD: JDownloader.jar/org/appwork/moncompare/Condition$NinOp.class
   JD: JDownloader.jar/org/appwork/moncompare/Condition$NotEqualsOp.class
   JD: JDownloader.jar/org/appwork/moncompare/Condition$NotOp.class
   JD: JDownloader.jar/org/appwork/moncompare/Condition$OrOp.class
   JD: JDownloader.jar/org/appwork/moncompare/Condition$QueryOPResult.class
   JD: JDownloader.jar/org/appwork/moncompare/Condition$RegexFindOp.class
   JD: JDownloader.jar/org/appwork/moncompare/Condition$RegexOp.class
   JD: JDownloader.jar/org/appwork/moncompare/Condition$ResolverOPHandler.class
   JD: JDownloader.jar/org/appwork/moncompare/Condition$SubstracOp.class.removed
   JD: JDownloader.jar/org/appwork/moncompare/Condition$SubstractOp.class
   JD: JDownloader.jar/org/appwork/moncompare/Condition$SumOp.class
   JD: JDownloader.jar/org/appwork/moncompare/Condition.class
   JD: JDownloader.jar/org/appwork/net/protocol/http/HTTPConstants.class
   JD: JDownloader.jar/org/appwork/storage/StorableOrder.class
   JD: JDownloader.jar/org/appwork/storage/StorableValidator$1.class
   JD: JDownloader.jar/org/appwork/storage/StorableValidator$ValidateCondition$1.class
   JD: JDownloader.jar/org/appwork/storage/StorableValidator$ValidateCondition.class
   JD: JDownloader.jar/org/appwork/storage/StorableValidator$ValidatetoDoss.class
   JD: JDownloader.jar/org/appwork/storage/StorableValidator.class
   JD: JDownloader.jar/org/appwork/storage/config/JsonConfig$LockObject.class
   JD: JDownloader.jar/org/appwork/storage/config/JsonConfig.class
   JD: JDownloader.jar/org/appwork/storage/config/handler/KeyHandler.class
   JD: JDownloader.jar/org/appwork/storage/config/handler/StorageHandler$10.class
   JD: JDownloader.jar/org/appwork/storage/config/handler/StorageHandler$11.class
   JD: JDownloader.jar/org/appwork/storage/config/handler/StorageHandler$12.class
   JD: JDownloader.jar/org/appwork/storage/config/handler/StorageHandler$13.class
   JD: JDownloader.jar/org/appwork/storage/config/handler/StorageHandler$14.class
   JD: JDownloader.jar/org/appwork/storage/config/handler/StorageHandler$15.class
   JD: JDownloader.jar/org/appwork/storage/config/handler/StorageHandler$16.class
   JD: JDownloader.jar/org/appwork/storage/config/handler/StorageHandler$17.class
   JD: JDownloader.jar/org/appwork/storage/config/handler/StorageHandler$18.class
   JD: JDownloader.jar/org/appwork/storage/config/handler/StorageHandler$4.class
   JD: JDownloader.jar/org/appwork/storage/config/handler/StorageHandler$5.class
   JD: JDownloader.jar/org/appwork/storage/config/handler/StorageHandler$6.class
   JD: JDownloader.jar/org/appwork/storage/config/handler/StorageHandler$7.class
   JD: JDownloader.jar/org/appwork/storage/config/handler/StorageHandler$8.class
   JD: JDownloader.jar/org/appwork/storage/config/handler/StorageHandler$9.class
   JD: JDownloader.jar/org/appwork/storage/config/handler/StorageHandler.class
   JD: JDownloader.jar/org/appwork/storage/flexijson/FlexiComment$Type.class
   JD: JDownloader.jar/org/appwork/storage/flexijson/FlexiComment.class
   JD: JDownloader.jar/org/appwork/storage/flexijson/FlexiJSONParser$1.class
   JD: JDownloader.jar/org/appwork/storage/flexijson/FlexiJSONParser$NumberParser.class
   JD: JDownloader.jar/org/appwork/storage/flexijson/FlexiJSONParser$StringParser.class
   JD: JDownloader.jar/org/appwork/storage/flexijson/FlexiJSONParser$StringQuoting.class
   JD: JDownloader.jar/org/appwork/storage/flexijson/FlexiJSONParser$Token.class
   JD: JDownloader.jar/org/appwork/storage/flexijson/FlexiJSONParser.class
   JD: JDownloader.jar/org/appwork/storage/flexijson/FlexiJSonArray.class
   JD: JDownloader.jar/org/appwork/storage/flexijson/FlexiJSonComments.class
   JD: JDownloader.jar/org/appwork/storage/flexijson/FlexiJSonNode.class
   JD: JDownloader.jar/org/appwork/storage/flexijson/FlexiJSonObject.class
   JD: JDownloader.jar/org/appwork/storage/flexijson/FlexiJSonValue.class
   JD: JDownloader.jar/org/appwork/storage/flexijson/FlexiUtils$1.class
   JD: JDownloader.jar/org/appwork/storage/flexijson/FlexiUtils.class
   JD: JDownloader.jar/org/appwork/storage/flexijson/FlexiValueFilter.class
   JD: JDownloader.jar/org/appwork/storage/flexijson/FlexiVisitor.class
   JD: JDownloader.jar/org/appwork/storage/flexijson/JSPath.class
   JD: JDownloader.jar/org/appwork/storage/flexijson/KeyValueElement.class
   JD: JDownloader.jar/org/appwork/storage/flexijson/ParsingError.class
   JD: JDownloader.jar/org/appwork/storage/flexijson/config/FlexiConfigBuilder.class
   JD: JDownloader.jar/org/appwork/storage/flexijson/config/ide/FlexiConfigBuilderTest$1.class
   JD: JDownloader.jar/org/appwork/storage/flexijson/config/ide/FlexiConfigBuilderTest$2.class
   JD: JDownloader.jar/org/appwork/storage/flexijson/config/ide/FlexiConfigBuilderTest$3.class
   JD: JDownloader.jar/org/appwork/storage/flexijson/config/ide/FlexiConfigBuilderTest$4.class
   JD: JDownloader.jar/org/appwork/storage/flexijson/config/ide/FlexiConfigBuilderTest$5.class
   JD: JDownloader.jar/org/appwork/storage/flexijson/config/ide/FlexiConfigBuilderTest$6.class
   JD: JDownloader.jar/org/appwork/storage/flexijson/config/ide/FlexiConfigBuilderTest$SubInterface.class
   JD: JDownloader.jar/org/appwork/storage/flexijson/config/ide/FlexiConfigBuilderTest$TestConfigInterface.class
   JD: JDownloader.jar/org/appwork/storage/flexijson/config/ide/FlexiConfigBuilderTest$TestInterfaceWithSubInterfaces.class
   JD: JDownloader.jar/org/appwork/storage/flexijson/config/ide/FlexiConfigBuilderTest.class
   JD: JDownloader.jar/org/appwork/storage/flexijson/config/ide/FlexiConfigFromJsonConfigBuilderTest$TestConfigInterface.class
   JD: JDownloader.jar/org/appwork/storage/flexijson/config/ide/FlexiConfigFromJsonConfigBuilderTest.class
   JD: JDownloader.jar/org/appwork/storage/flexijson/config/tests.removed
   JD: JDownloader.jar/org/appwork/storage/flexijson/config/tests/FlexiConfigBuilderTest$1.class.removed
   JD: JDownloader.jar/org/appwork/storage/flexijson/config/tests/FlexiConfigBuilderTest$2.class.removed
   JD: JDownloader.jar/org/appwork/storage/flexijson/config/tests/FlexiConfigBuilderTest$3.class.removed
   JD: JDownloader.jar/org/appwork/storage/flexijson/config/tests/FlexiConfigBuilderTest$4.class.removed
   JD: JDownloader.jar/org/appwork/storage/flexijson/config/tests/FlexiConfigBuilderTest$5.class.removed
   JD: JDownloader.jar/org/appwork/storage/flexijson/config/tests/FlexiConfigBuilderTest$6.class.removed
   JD: JDownloader.jar/org/appwork/storage/flexijson/config/tests/FlexiConfigBuilderTest$SubInterface.class.removed
   JD: JDownloader.jar/org/appwork/storage/flexijson/config/tests/FlexiConfigBuilderTest$TestConfigInterface.class.removed
   JD: JDownloader.jar/org/appwork/storage/flexijson/config/tests/FlexiConfigBuilderTest$TestInterfaceWithSubInterfaces.class.removed
   JD: JDownloader.jar/org/appwork/storage/flexijson/config/tests/FlexiConfigBuilderTest.class.removed
   JD: JDownloader.jar/org/appwork/storage/flexijson/config/tests/FlexiConfigFromJsonConfigBuilderTest$TestConfigInterface.class.removed
   JD: JDownloader.jar/org/appwork/storage/flexijson/config/tests/FlexiConfigFromJsonConfigBuilderTest.class.removed
   JD: JDownloader.jar/org/appwork/storage/flexijson/mapper/FlexiJSonMapper$1.class
   JD: JDownloader.jar/org/appwork/storage/flexijson/mapper/FlexiJSonMapper$2.class
   JD: JDownloader.jar/org/appwork/storage/flexijson/mapper/FlexiJSonMapper$3.class
   JD: JDownloader.jar/org/appwork/storage/flexijson/mapper/FlexiJSonMapper$4.class
   JD: JDownloader.jar/org/appwork/storage/flexijson/mapper/FlexiJSonMapper$5.class
   JD: JDownloader.jar/org/appwork/storage/flexijson/mapper/FlexiJSonMapper.class
   JD: JDownloader.jar/org/appwork/storage/flexijson/mapper/FlexiKeyLookup.class
   JD: JDownloader.jar/org/appwork/storage/flexijson/mapper/FlexiTypeMapperAdapter.class
   JD: JDownloader.jar/org/appwork/storage/flexijson/mapper/interfacestorage/InterfaceStorage$1.class
   JD: JDownloader.jar/org/appwork/storage/flexijson/mapper/interfacestorage/InterfaceStorage$2.class
   JD: JDownloader.jar/org/appwork/storage/flexijson/mapper/interfacestorage/InterfaceStorage$3.class
   JD: JDownloader.jar/org/appwork/storage/flexijson/mapper/interfacestorage/InterfaceStorage.class
   JD: JDownloader.jar/org/appwork/storage/flexijson/mapper/typemapper/DateMapper.class
   JD: JDownloader.jar/org/appwork/storage/flexijson/tests/InterfaceMapperTest$1.class
   JD: JDownloader.jar/org/appwork/storage/flexijson/tests/InterfaceMapperTest$2.class.removed
   JD: JDownloader.jar/org/appwork/storage/flexijson/tests/InterfaceMapperTest$TestObj.class
   JD: JDownloader.jar/org/appwork/storage/flexijson/tests/InterfaceMapperTest.class
   JD: JDownloader.jar/org/appwork/storage/flexijson/tests/ParserTest$1.class
   JD: JDownloader.jar/org/appwork/storage/flexijson/tests/ParserTest$2.class
   JD: JDownloader.jar/org/appwork/storage/flexijson/tests/ParserTest$3.class
   JD: JDownloader.jar/org/appwork/storage/flexijson/tests/ParserTest$4$1.class
   JD: JDownloader.jar/org/appwork/storage/flexijson/tests/ParserTest$4.class
   JD: JDownloader.jar/org/appwork/storage/flexijson/tests/ParserTest.class
   JD: JDownloader.jar/org/appwork/storage/simplejson/mapper/ClassCache$1.class
   JD: JDownloader.jar/org/appwork/storage/simplejson/mapper/ClassCache$Rules.class
   JD: JDownloader.jar/org/appwork/storage/simplejson/mapper/ClassCache.class
   JD: JDownloader.jar/org/appwork/storage/validator/classvalidator/StorableNumberValidator.class
   JD: JDownloader.jar/org/appwork/swing/components/ExtPasswordField$1$1.class.removed
   JD: JDownloader.jar/org/appwork/swing/components/ExtPasswordField$1.class
   JD: JDownloader.jar/org/appwork/swing/components/ExtPasswordField$2.class
   JD: JDownloader.jar/org/appwork/swing/components/ExtPasswordField$3.class.removed
   JD: JDownloader.jar/org/appwork/swing/components/ExtPasswordField$CustomPasswordField.class
   JD: JDownloader.jar/org/appwork/swing/components/ExtPasswordField$CustomTextField.class
   JD: JDownloader.jar/org/appwork/swing/components/ExtPasswordField.class
   JD: JDownloader.jar/org/appwork/swing/components/JScrollPopupMenu$1$1.class.removed
   JD: JDownloader.jar/org/appwork/swing/components/JScrollPopupMenu$1.class
   JD: JDownloader.jar/org/appwork/swing/components/JScrollPopupMenu$2.class
   JD: JDownloader.jar/org/appwork/swing/components/JScrollPopupMenu$3.class.removed
   JD: JDownloader.jar/org/appwork/swing/components/JScrollPopupMenu$ScrollPopupMenuLayout.class
   JD: JDownloader.jar/org/appwork/swing/components/JScrollPopupMenu.class
   JD: JDownloader.jar/org/appwork/swing/components/ide/
   JD: JDownloader.jar/org/appwork/swing/components/ide/ExtPasswordFieldExample$1$1.class
   JD: JDownloader.jar/org/appwork/swing/components/ide/ExtPasswordFieldExample$1.class
   JD: JDownloader.jar/org/appwork/swing/components/ide/ExtPasswordFieldExample.class
   JD: JDownloader.jar/org/appwork/swing/components/ide/JScrollPopupMenuExample$1$1.class
   JD: JDownloader.jar/org/appwork/swing/components/ide/JScrollPopupMenuExample$1.class
   JD: JDownloader.jar/org/appwork/swing/components/ide/JScrollPopupMenuExample.class
   JD: JDownloader.jar/org/appwork/swing/components/ide/SearchComboBoxExample$1$1.class
   JD: JDownloader.jar/org/appwork/swing/components/ide/SearchComboBoxExample$1$2.class
   JD: JDownloader.jar/org/appwork/swing/components/ide/SearchComboBoxExample$1$3.class
   JD: JDownloader.jar/org/appwork/swing/components/ide/SearchComboBoxExample$1$4.class
   JD: JDownloader.jar/org/appwork/swing/components/ide/SearchComboBoxExample$1.class
   JD: JDownloader.jar/org/appwork/swing/components/ide/SearchComboBoxExample.class
   JD: JDownloader.jar/org/appwork/swing/components/searchcombo/SearchComboBox$1$1.class.removed
   JD: JDownloader.jar/org/appwork/swing/components/searchcombo/SearchComboBox$1$2.class.removed
   JD: JDownloader.jar/org/appwork/swing/components/searchcombo/SearchComboBox$1$3.class.removed
   JD: JDownloader.jar/org/appwork/swing/components/searchcombo/SearchComboBox$1$4.class.removed
   JD: JDownloader.jar/org/appwork/swing/components/searchcombo/SearchComboBox$1.class
   JD: JDownloader.jar/org/appwork/swing/components/searchcombo/SearchComboBox$2.class
   JD: JDownloader.jar/org/appwork/swing/components/searchcombo/SearchComboBox$3.class
   JD: JDownloader.jar/org/appwork/swing/components/searchcombo/SearchComboBox$4.class
   JD: JDownloader.jar/org/appwork/swing/components/searchcombo/SearchComboBox$5.class.removed
   JD: JDownloader.jar/org/appwork/swing/components/searchcombo/SearchComboBox$Editor$1.class
   JD: JDownloader.jar/org/appwork/swing/components/searchcombo/SearchComboBox$Editor$2.class
   JD: JDownloader.jar/org/appwork/swing/components/searchcombo/SearchComboBox$Editor$3.class
   JD: JDownloader.jar/org/appwork/swing/components/searchcombo/SearchComboBox$Editor$4$1.class
   JD: JDownloader.jar/org/appwork/swing/components/searchcombo/SearchComboBox$Editor$4.class
   JD: JDownloader.jar/org/appwork/swing/components/searchcombo/SearchComboBox$Editor.class
   JD: JDownloader.jar/org/appwork/swing/components/searchcombo/SearchComboBox.class
   JD: JDownloader.jar/org/appwork/testframework/IDETestRunner$1.class
   JD: JDownloader.jar/org/appwork/testframework/IDETestRunner$2.class
   JD: JDownloader.jar/org/appwork/testframework/IDETestRunner$3.class
   JD: JDownloader.jar/org/appwork/testframework/IDETestRunner$4.class
   JD: JDownloader.jar/org/appwork/testframework/IDETestRunner.class
   JD: JDownloader.jar/org/appwork/testframework/PostBuildRunner$1.class
   JD: JDownloader.jar/org/appwork/testframework/PostBuildRunner$2.class
   JD: JDownloader.jar/org/appwork/testframework/PostBuildRunner$3.class
   JD: JDownloader.jar/org/appwork/testframework/PostBuildRunner$LogCache.class
   JD: JDownloader.jar/org/appwork/testframework/PostBuildRunner.class
   JD: JDownloader.jar/org/appwork/utils/CharSequenceUtils.class
   JD: JDownloader.jar/org/appwork/utils/ClassUsesDeepEquals.class
   JD: JDownloader.jar/org/appwork/utils/ClassUsesDeepHashCode.class
   JD: JDownloader.jar/org/appwork/utils/CompareUtils$Couple.class
   JD: JDownloader.jar/org/appwork/utils/CompareUtils.class
   JD: JDownloader.jar/org/appwork/utils/CompareUtilsHashCodeCalculator.class
   JD: JDownloader.jar/org/appwork/utils/DebugMode.class
   JD: JDownloader.jar/org/appwork/utils/Equalator.class
   JD: JDownloader.jar/org/appwork/utils/ReflectionUtils$1.class
   JD: JDownloader.jar/org/appwork/utils/ReflectionUtils$2.class
   JD: JDownloader.jar/org/appwork/utils/ReflectionUtils.class
   JD: JDownloader.jar/org/appwork/utils/StringUtils.class
   JD: JDownloader.jar/org/appwork/utils/duration/TimeSpan.class
   JD: JDownloader.jar/org/appwork/utils/duration/TimeSpanWithContext.class
   JD: JDownloader.jar/org/appwork/utils/duration/tests/TimeSpanTests.class
   JD: JDownloader.jar/org/appwork/utils/formatter/HexFormatter.class
   JD: JDownloader.jar/org/appwork/utils/logging2/LoggerInitUtils$1.class.removed
   JD: JDownloader.jar/org/appwork/utils/logging2/LoggerInitUtils$2.class.removed
   JD: JDownloader.jar/org/appwork/utils/logging2/LoggerInitUtils.class
   JD: JDownloader.jar/org/appwork/utils/net/BasicHTTP/BasicHTTP$1.class
   JD: JDownloader.jar/org/appwork/utils/net/BasicHTTP/BasicHTTP.class
   JD: JDownloader.jar/org/appwork/utils/net/BasicHTTP/InvalidResponseCode.class
   JD: JDownloader.jar/org/appwork/utils/net/CountingConnection.class
   JD: JDownloader.jar/org/appwork/utils/net/CountingInputStream.class
   JD: JDownloader.jar/org/appwork/utils/net/CountingInputStreamInterface.class
   JD: JDownloader.jar/org/appwork/utils/net/effective_tld_names.dat
   JD: JDownloader.jar/org/appwork/utils/net/httpconnection/CountingBase64InputStream.class
   JD: JDownloader.jar/org/appwork/utils/net/httpconnection/CountingGZIPInputStream.class
   JD: JDownloader.jar/org/appwork/utils/net/httpconnection/CountingInflaterInputStream.class
   JD: JDownloader.jar/org/appwork/utils/reflection/Clazz.class
   JD: JDownloader.jar/org/appwork/utils/reflection/CompiledType$1.class
   JD: JDownloader.jar/org/appwork/utils/reflection/CompiledType$PrimitiveWrapperStrategy.class
   JD: JDownloader.jar/org/appwork/utils/reflection/CompiledType$ToStringRule.class
   JD: JDownloader.jar/org/appwork/utils/reflection/CompiledType$ToStringSyntax.class
   JD: JDownloader.jar/org/appwork/utils/reflection/CompiledType.class
   JD: JDownloader.jar/org/appwork/utils/speedmeter/AverageSpeedMeter.class
   JD: JDownloader.jar/org/appwork/utils/speedmeter/SpeedMeterInterface$Resolution.class
   JD: JDownloader.jar/org/appwork/utils/tests/StringUtilsTest.class
