Fri May 07 00:31:41 CST 2021
Package: updatePackage.awf
   JD: JDownloader.jar/META-INF/MANIFEST.MF
   JD: JDownloader.jar/META-INF/MANIFEST.MF
   JD: JDownloader.jar/org/appwork/app/gui/BasicGui.class
   JD: JDownloader.jar/org/appwork/exceptions/ThrowUncheckedException.class
   JD: JDownloader.jar/org/appwork/moncompare/Condition$1.class
   JD: JDownloader.jar/org/appwork/moncompare/Condition$2.class
   JD: JDownloader.jar/org/appwork/moncompare/Condition$3.class
   JD: JDownloader.jar/org/appwork/moncompare/Condition$AccessByField.class
   JD: JDownloader.jar/org/appwork/moncompare/Condition$AccessByMethod.class
   JD: JDownloader.jar/org/appwork/moncompare/Condition$AccessListElement.class
   JD: JDownloader.jar/org/appwork/moncompare/Condition$AccessMapElement.class
   JD: JDownloader.jar/org/appwork/moncompare/Condition$AccessNotFound.class
   JD: JDownloader.jar/org/appwork/moncompare/Condition$AndOp.class
   JD: JDownloader.jar/org/appwork/moncompare/Condition$EqOp.class
   JD: JDownloader.jar/org/appwork/moncompare/Condition$ExistsOp.class
   JD: JDownloader.jar/org/appwork/moncompare/Condition$GtOp.class
   JD: JDownloader.jar/org/appwork/moncompare/Condition$GteOp.class
   JD: JDownloader.jar/org/appwork/moncompare/Condition$InOp.class
   JD: JDownloader.jar/org/appwork/moncompare/Condition$KeyOnClass.class
   JD: JDownloader.jar/org/appwork/moncompare/Condition$LtOp.class
   JD: JDownloader.jar/org/appwork/moncompare/Condition$LteOp.class
   JD: JDownloader.jar/org/appwork/moncompare/Condition$NinOp.class
   JD: JDownloader.jar/org/appwork/moncompare/Condition$NotEqualsOp.class
   JD: JDownloader.jar/org/appwork/moncompare/Condition$NotOp.class
   JD: JDownloader.jar/org/appwork/moncompare/Condition$OrOp.class
   JD: JDownloader.jar/org/appwork/moncompare/Condition$RegexOp.class
   JD: JDownloader.jar/org/appwork/moncompare/Condition$TypeOp.class
   JD: JDownloader.jar/org/appwork/moncompare/Condition.class
   JD: JDownloader.jar/org/appwork/remoteapi/annotations/AllowResponseAccess.class
   JD: JDownloader.jar/org/appwork/remoteapi/annotations/ApiDocExample.class
   JD: JDownloader.jar/org/appwork/remoteapi/annotations/IsAPI.class
   JD: JDownloader.jar/org/appwork/shutdown/BasicShutdownRequest.class
   JD: JDownloader.jar/org/appwork/shutdown/ExceptionShutdownRequest.class
   JD: JDownloader.jar/org/appwork/shutdown/ShutdownController$1.class
   JD: JDownloader.jar/org/appwork/shutdown/ShutdownController$2.class
   JD: JDownloader.jar/org/appwork/shutdown/ShutdownController$3.class
   JD: JDownloader.jar/org/appwork/shutdown/ShutdownController$4.class
   JD: JDownloader.jar/org/appwork/shutdown/ShutdownController.class
   JD: JDownloader.jar/org/appwork/shutdown/ShutdownRequest.class
   JD: JDownloader.jar/org/appwork/storage/JSonStorage$3.class
   JD: JDownloader.jar/org/appwork/storage/JSonStorage.class
   JD: JDownloader.jar/org/appwork/storage/JsonKeyValueStorage$1.class
   JD: JDownloader.jar/org/appwork/storage/JsonKeyValueStorage.class
   JD: JDownloader.jar/org/appwork/storage/SimpleMapper$1$1.class
   JD: JDownloader.jar/org/appwork/storage/SimpleMapper$1.class
   JD: JDownloader.jar/org/appwork/storage/SimpleMapper$JsonDeSerializerEntry.class
   JD: JDownloader.jar/org/appwork/storage/SimpleMapper$JsonSerializerEntry.class
   JD: JDownloader.jar/org/appwork/storage/SimpleMapper.class
   JD: JDownloader.jar/org/appwork/storage/Storage.class
   JD: JDownloader.jar/org/appwork/storage/TypeRef$1.class
   JD: JDownloader.jar/org/appwork/storage/TypeRef$10.class
   JD: JDownloader.jar/org/appwork/storage/TypeRef$11.class
   JD: JDownloader.jar/org/appwork/storage/TypeRef$12.class
   JD: JDownloader.jar/org/appwork/storage/TypeRef$13.class
   JD: JDownloader.jar/org/appwork/storage/TypeRef$14.class
   JD: JDownloader.jar/org/appwork/storage/TypeRef$15.class
   JD: JDownloader.jar/org/appwork/storage/TypeRef$16.class
   JD: JDownloader.jar/org/appwork/storage/TypeRef$17.class
   JD: JDownloader.jar/org/appwork/storage/TypeRef$18.class
   JD: JDownloader.jar/org/appwork/storage/TypeRef$19.class
   JD: JDownloader.jar/org/appwork/storage/TypeRef$2.class
   JD: JDownloader.jar/org/appwork/storage/TypeRef$3.class
   JD: JDownloader.jar/org/appwork/storage/TypeRef$4.class
   JD: JDownloader.jar/org/appwork/storage/TypeRef$5.class
   JD: JDownloader.jar/org/appwork/storage/TypeRef$6.class
   JD: JDownloader.jar/org/appwork/storage/TypeRef$7.class
   JD: JDownloader.jar/org/appwork/storage/TypeRef$8.class
   JD: JDownloader.jar/org/appwork/storage/TypeRef$9.class
   JD: JDownloader.jar/org/appwork/storage/TypeRef.class
   JD: JDownloader.jar/org/appwork/storage/config/JsonConfig.class
   JD: JDownloader.jar/org/appwork/storage/config/annotations/AbstractValidator.class
   JD: JDownloader.jar/org/appwork/storage/config/annotations/DefaultShortArrayValue.class
   JD: JDownloader.jar/org/appwork/storage/config/annotations/DefaultShortValue.class
   JD: JDownloader.jar/org/appwork/storage/config/defaults/AbstractDefaultFactory.class
   JD: JDownloader.jar/org/appwork/storage/config/handler/BooleanKeyHandler.class
   JD: JDownloader.jar/org/appwork/storage/config/handler/ByteKeyHandler.class
   JD: JDownloader.jar/org/appwork/storage/config/handler/DoubleKeyHandler.class
   JD: JDownloader.jar/org/appwork/storage/config/handler/EnumKeyHandler$1.class
   JD: JDownloader.jar/org/appwork/storage/config/handler/EnumKeyHandler.class
   JD: JDownloader.jar/org/appwork/storage/config/handler/EnumListHandler.class
   JD: JDownloader.jar/org/appwork/storage/config/handler/FloatKeyHandler.class
   JD: JDownloader.jar/org/appwork/storage/config/handler/IntegerKeyHandler.class
   JD: JDownloader.jar/org/appwork/storage/config/handler/KeyHandler$1.class
   JD: JDownloader.jar/org/appwork/storage/config/handler/KeyHandler$2.class
   JD: JDownloader.jar/org/appwork/storage/config/handler/KeyHandler$AbstractTypeDefinition.class
   JD: JDownloader.jar/org/appwork/storage/config/handler/KeyHandler.class
   JD: JDownloader.jar/org/appwork/storage/config/handler/ListHandler$1.class
   JD: JDownloader.jar/org/appwork/storage/config/handler/ListHandler$2.class
   JD: JDownloader.jar/org/appwork/storage/config/handler/ListHandler$3.class
   JD: JDownloader.jar/org/appwork/storage/config/handler/ListHandler.class
   JD: JDownloader.jar/org/appwork/storage/config/handler/LongKeyHandler.class
   JD: JDownloader.jar/org/appwork/storage/config/handler/ShortKeyHandler.class
   JD: JDownloader.jar/org/appwork/storage/config/handler/StorageHandler$1.class
   JD: JDownloader.jar/org/appwork/storage/config/handler/StorageHandler$10.class
   JD: JDownloader.jar/org/appwork/storage/config/handler/StorageHandler$11.class
   JD: JDownloader.jar/org/appwork/storage/config/handler/StorageHandler$12.class
   JD: JDownloader.jar/org/appwork/storage/config/handler/StorageHandler$13.class
   JD: JDownloader.jar/org/appwork/storage/config/handler/StorageHandler$14.class
   JD: JDownloader.jar/org/appwork/storage/config/handler/StorageHandler$15.class
   JD: JDownloader.jar/org/appwork/storage/config/handler/StorageHandler$16.class
   JD: JDownloader.jar/org/appwork/storage/config/handler/StorageHandler$17.class
   JD: JDownloader.jar/org/appwork/storage/config/handler/StorageHandler$18.class
   JD: JDownloader.jar/org/appwork/storage/config/handler/StorageHandler$2.class
   JD: JDownloader.jar/org/appwork/storage/config/handler/StorageHandler$3.class
   JD: JDownloader.jar/org/appwork/storage/config/handler/StorageHandler$4.class
   JD: JDownloader.jar/org/appwork/storage/config/handler/StorageHandler$5.class
   JD: JDownloader.jar/org/appwork/storage/config/handler/StorageHandler$6.class
   JD: JDownloader.jar/org/appwork/storage/config/handler/StorageHandler$7.class
   JD: JDownloader.jar/org/appwork/storage/config/handler/StorageHandler$8.class
   JD: JDownloader.jar/org/appwork/storage/config/handler/StorageHandler$9.class
   JD: JDownloader.jar/org/appwork/storage/config/handler/StorageHandler.class
   JD: JDownloader.jar/org/appwork/storage/config/validators/
   JD: JDownloader.jar/org/appwork/storage/config/validators/DefaultPatternValidator.class
   JD: JDownloader.jar/org/appwork/storage/config/validators/DefaultSimpleDateValidator.class
   JD: JDownloader.jar/org/appwork/storage/simplejson/JSonFactory$Token.class
   JD: JDownloader.jar/org/appwork/storage/simplejson/JSonFactory.class
   JD: JDownloader.jar/org/appwork/storage/simplejson/ParserException.class
   JD: JDownloader.jar/org/appwork/storage/simplejson/mapper/ClassCache$Rules.class
   JD: JDownloader.jar/org/appwork/storage/simplejson/mapper/ClassCache.class
   JD: JDownloader.jar/org/appwork/storage/simplejson/mapper/JSonMapper$1.class
   JD: JDownloader.jar/org/appwork/storage/simplejson/mapper/JSonMapper.class
   JD: JDownloader.jar/org/appwork/storage/simplejson/mapper/MapperException.class
   JD: JDownloader.jar/org/appwork/sunwrapper/sun/awt/shell/ShellFolderWrapper.class
   JD: JDownloader.jar/org/appwork/swing/components/JScrollPopupMenu.class
   JD: JDownloader.jar/org/appwork/swing/components/searchcombo/SearchComboBox$Editor$4.class
   JD: JDownloader.jar/org/appwork/txtresource/LocaleMap.class
   JD: JDownloader.jar/org/appwork/updatesys/client/DeduplicationException.class
   JD: JDownloader.jar/org/appwork/updatesys/client/DefaultFileAccessHandler.class
   JD: JDownloader.jar/org/appwork/updatesys/client/DefaultFileAccessNIOHandler.class
   JD: JDownloader.jar/org/appwork/updatesys/client/DiskSpaceException.class
   JD: JDownloader.jar/org/appwork/updatesys/client/DownloadPackageInfo.class
   JD: JDownloader.jar/org/appwork/updatesys/client/FileAccessHandler.class
   JD: JDownloader.jar/org/appwork/updatesys/client/UpdateClient$1.class
   JD: JDownloader.jar/org/appwork/updatesys/client/UpdateClient$10.class
   JD: JDownloader.jar/org/appwork/updatesys/client/UpdateClient$11.class
   JD: JDownloader.jar/org/appwork/updatesys/client/UpdateClient$12.class
   JD: JDownloader.jar/org/appwork/updatesys/client/UpdateClient$13.class
   JD: JDownloader.jar/org/appwork/updatesys/client/UpdateClient$14.class
   JD: JDownloader.jar/org/appwork/updatesys/client/UpdateClient$15.class
   JD: JDownloader.jar/org/appwork/updatesys/client/UpdateClient$16$1.class
   JD: JDownloader.jar/org/appwork/updatesys/client/UpdateClient$16.class
   JD: JDownloader.jar/org/appwork/updatesys/client/UpdateClient$17.class
   JD: JDownloader.jar/org/appwork/updatesys/client/UpdateClient$18.class
   JD: JDownloader.jar/org/appwork/updatesys/client/UpdateClient$19.class
   JD: JDownloader.jar/org/appwork/updatesys/client/UpdateClient$2.class
   JD: JDownloader.jar/org/appwork/updatesys/client/UpdateClient$20.class
   JD: JDownloader.jar/org/appwork/updatesys/client/UpdateClient$21.class
   JD: JDownloader.jar/org/appwork/updatesys/client/UpdateClient$22.class
   JD: JDownloader.jar/org/appwork/updatesys/client/UpdateClient$23.class
   JD: JDownloader.jar/org/appwork/updatesys/client/UpdateClient$24.class
   JD: JDownloader.jar/org/appwork/updatesys/client/UpdateClient$25.class
   JD: JDownloader.jar/org/appwork/updatesys/client/UpdateClient$26.class
   JD: JDownloader.jar/org/appwork/updatesys/client/UpdateClient$27.class
   JD: JDownloader.jar/org/appwork/updatesys/client/UpdateClient$28.class
   JD: JDownloader.jar/org/appwork/updatesys/client/UpdateClient$29.class
   JD: JDownloader.jar/org/appwork/updatesys/client/UpdateClient$3.class
   JD: JDownloader.jar/org/appwork/updatesys/client/UpdateClient$30.class
   JD: JDownloader.jar/org/appwork/updatesys/client/UpdateClient$31.class
   JD: JDownloader.jar/org/appwork/updatesys/client/UpdateClient$32.class
   JD: JDownloader.jar/org/appwork/updatesys/client/UpdateClient$4.class
   JD: JDownloader.jar/org/appwork/updatesys/client/UpdateClient$5.class
   JD: JDownloader.jar/org/appwork/updatesys/client/UpdateClient$6.class
   JD: JDownloader.jar/org/appwork/updatesys/client/UpdateClient$7.class
   JD: JDownloader.jar/org/appwork/updatesys/client/UpdateClient$8.class
   JD: JDownloader.jar/org/appwork/updatesys/client/UpdateClient$9.class
   JD: JDownloader.jar/org/appwork/updatesys/client/UpdateClient$ClientOptionAction.class
   JD: JDownloader.jar/org/appwork/updatesys/client/UpdateClient$ClientOptionActionType.class
   JD: JDownloader.jar/org/appwork/updatesys/client/UpdateClient$ClientServiceExecuter.class
   JD: JDownloader.jar/org/appwork/updatesys/client/UpdateClient$DownloadProgress.class
   JD: JDownloader.jar/org/appwork/updatesys/client/UpdateClient$DownloadResultMap.class
   JD: JDownloader.jar/org/appwork/updatesys/client/UpdateClient$Module.class
   JD: JDownloader.jar/org/appwork/updatesys/client/UpdateClient$UninstallResult.class
   JD: JDownloader.jar/org/appwork/updatesys/client/UpdateClient.class
   JD: JDownloader.jar/org/appwork/updatesys/client/UpdateClientSetupInterface.class
   JD: JDownloader.jar/org/appwork/updatesys/client/extensions/AbstractExtensionManager.class
   JD: JDownloader.jar/org/appwork/updatesys/client/extensions/CompiledServerOptions.class
   JD: JDownloader.jar/org/appwork/updatesys/client/extensions/ServerOptionNode.class
   JD: JDownloader.jar/org/appwork/updatesys/client/iid/AbstractUIDProvider.class
   JD: JDownloader.jar/org/appwork/updatesys/client/lastchance/LastChance$1.class
   JD: JDownloader.jar/org/appwork/updatesys/client/lastchance/LastChance$2.class
   JD: JDownloader.jar/org/appwork/updatesys/client/lastchance/LastChance.class
   JD: JDownloader.jar/org/appwork/updatesys/client/lastchance/LastChanceUtils.class
   JD: JDownloader.jar/org/appwork/updatesys/client/serveroptions/ServerOptionsManager$1.class
   JD: JDownloader.jar/org/appwork/updatesys/client/serveroptions/ServerOptionsManager.class
   JD: JDownloader.jar/org/appwork/updatesys/transport/Pkg$1.class
   JD: JDownloader.jar/org/appwork/updatesys/transport/Pkg$2.class
   JD: JDownloader.jar/org/appwork/updatesys/transport/Pkg.class
   JD: JDownloader.jar/org/appwork/updatesys/transport/exchange/DiffAlgorithmMode.class
   JD: JDownloader.jar/org/appwork/updatesys/transport/exchange/ServerOptions$1.class
   JD: JDownloader.jar/org/appwork/updatesys/transport/exchange/ServerOptions.class
   JD: JDownloader.jar/org/appwork/updatesys/transport/exchange/UpdateOptions.class
   JD: JDownloader.jar/org/appwork/updatesys/transport/exchange/dialog/Execute.class
   JD: JDownloader.jar/org/appwork/updatesys/transport/exchange/setup/DoNotTouchPathEntry.class
   JD: JDownloader.jar/org/appwork/updatesys/transport/exchange/setup/DynLink.class
   JD: JDownloader.jar/org/appwork/updatesys/transport/exchange/setup/RepoStorable$1.class
   JD: JDownloader.jar/org/appwork/updatesys/transport/exchange/setup/RepoStorable.class
   JD: JDownloader.jar/org/appwork/updatesys/transport/exchange/setup/UninstallRule.class
   JD: JDownloader.jar/org/appwork/updatesys/transport/exchange/setup/UninstallRuleSet.class
   JD: JDownloader.jar/org/appwork/updatesys/transport/exchange/signature/JSONSignaturefactory.class
   JD: JDownloader.jar/org/appwork/updatesys/transport/exchange/signature/JSONSigned.class
   JD: JDownloader.jar/org/appwork/updatesys/transport/exchange/track/HardwareInfoStorable.class
   JD: JDownloader.jar/org/appwork/utils/ConcatIterator.class
   JD: JDownloader.jar/org/appwork/utils/Exceptions$1.class
   JD: JDownloader.jar/org/appwork/utils/Exceptions.class
   JD: JDownloader.jar/org/appwork/utils/ExtIOException.class
   JD: JDownloader.jar/org/appwork/utils/Files$1.class
   JD: JDownloader.jar/org/appwork/utils/Files$2.class
   JD: JDownloader.jar/org/appwork/utils/Files$3.class
   JD: JDownloader.jar/org/appwork/utils/Files$AbstractHandler.class
   JD: JDownloader.jar/org/appwork/utils/Files$FileSpaceMethodHelper$1.class
   JD: JDownloader.jar/org/appwork/utils/Files$FileSpaceMethodHelper$2.class
   JD: JDownloader.jar/org/appwork/utils/Files$FileSpaceMethodHelper$3.class
   JD: JDownloader.jar/org/appwork/utils/Files$FileSpaceMethodHelper.class
   JD: JDownloader.jar/org/appwork/utils/Files.class
   JD: JDownloader.jar/org/appwork/utils/Files17$1.class.removed
   JD: JDownloader.jar/org/appwork/utils/Files17$Hacks.class.removed
   JD: JDownloader.jar/org/appwork/utils/Files17$UnixFileStoreHacks.class.removed
   JD: JDownloader.jar/org/appwork/utils/Files17$WindowsFileStoreHacks.class.removed
   JD: JDownloader.jar/org/appwork/utils/Files17.class
   JD: JDownloader.jar/org/appwork/utils/IO$1.class
   JD: JDownloader.jar/org/appwork/utils/IO$2.class
   JD: JDownloader.jar/org/appwork/utils/IO$3.class
   JD: JDownloader.jar/org/appwork/utils/IO$4.class
   JD: JDownloader.jar/org/appwork/utils/IO$5.class
   JD: JDownloader.jar/org/appwork/utils/IO$6.class
   JD: JDownloader.jar/org/appwork/utils/IO$BOM$BOMInputStream.class
   JD: JDownloader.jar/org/appwork/utils/IO$BOM.class
   JD: JDownloader.jar/org/appwork/utils/IO$SYNC.class
   JD: JDownloader.jar/org/appwork/utils/IO.class
   JD: JDownloader.jar/org/appwork/utils/KeyValueLong.class
   JD: JDownloader.jar/org/appwork/utils/ReflectionUtils$1.class
   JD: JDownloader.jar/org/appwork/utils/ReflectionUtils.class
   JD: JDownloader.jar/org/appwork/utils/StringUtils.class
   JD: JDownloader.jar/org/appwork/utils/Time.class
   JD: JDownloader.jar/org/appwork/utils/crypto/AWSign.class
   JD: JDownloader.jar/org/appwork/utils/images/IconIO.class
   JD: JDownloader.jar/org/appwork/utils/logging2/sendlogs/LogSenderTranslation.class
   JD: JDownloader.jar/org/appwork/utils/logging2/sendlogs/SendLogDialog.class
   JD: JDownloader.jar/org/appwork/utils/net/BasicHTTP/BasicHTTP$1.class
   JD: JDownloader.jar/org/appwork/utils/net/BasicHTTP/BasicHTTP.class
   JD: JDownloader.jar/org/appwork/utils/net/SimpleHTTP.class
   JD: JDownloader.jar/org/appwork/utils/net/effective_tld_names.dat
   JD: JDownloader.jar/org/appwork/utils/net/httpconnection/HTTPConnectionImpl.class
   JD: JDownloader.jar/org/appwork/utils/net/httpconnection/HTTPConnectionUtils$1.class
   JD: JDownloader.jar/org/appwork/utils/net/httpconnection/HTTPConnectionUtils$2.class
   JD: JDownloader.jar/org/appwork/utils/net/httpconnection/HTTPConnectionUtils$3.class
   JD: JDownloader.jar/org/appwork/utils/net/httpconnection/HTTPConnectionUtils$DispositionHeader.class
   JD: JDownloader.jar/org/appwork/utils/net/httpconnection/HTTPConnectionUtils$IPVERSION.class
   JD: JDownloader.jar/org/appwork/utils/net/httpconnection/HTTPConnectionUtils.class
   JD: JDownloader.jar/org/appwork/utils/net/httpconnection/HTTPProxyHTTPConnectionImpl.class
   JD: JDownloader.jar/org/appwork/utils/net/httpconnection/JavaSSLSocketStreamFactory$1.class
   JD: JDownloader.jar/org/appwork/utils/net/httpconnection/JavaSSLSocketStreamFactory$2.class
   JD: JDownloader.jar/org/appwork/utils/net/httpconnection/JavaSSLSocketStreamFactory$3.class
   JD: JDownloader.jar/org/appwork/utils/net/httpconnection/JavaSSLSocketStreamFactory$JSSESSLSocketStreamInterface.class
   JD: JDownloader.jar/org/appwork/utils/net/httpconnection/JavaSSLSocketStreamFactory$TLS.class
   JD: JDownloader.jar/org/appwork/utils/net/httpconnection/JavaSSLSocketStreamFactory.class
   JD: JDownloader.jar/org/appwork/utils/net/httpconnection/KeepAliveSSLSocketStream.class
   JD: JDownloader.jar/org/appwork/utils/net/httpconnection/SSLSocketStreamFactory.class
   JD: JDownloader.jar/org/appwork/utils/net/httpconnection/SSLSocketStreamInterface.class
   JD: JDownloader.jar/org/appwork/utils/net/httpconnection/SSLSocketStreamOptions$1.class
   JD: JDownloader.jar/org/appwork/utils/net/httpconnection/SSLSocketStreamOptions.class
   JD: JDownloader.jar/org/appwork/utils/net/httpconnection/SocksHTTPconnection.class
   JD: JDownloader.jar/org/appwork/utils/os/CrossSystem$1.class
   JD: JDownloader.jar/org/appwork/utils/os/CrossSystem$2.class
   JD: JDownloader.jar/org/appwork/utils/os/CrossSystem$3.class
   JD: JDownloader.jar/org/appwork/utils/os/CrossSystem$ARCHFamily.class
   JD: JDownloader.jar/org/appwork/utils/os/CrossSystem$OSFamily.class
   JD: JDownloader.jar/org/appwork/utils/os/CrossSystem$OperatingSystem.class
   JD: JDownloader.jar/org/appwork/utils/os/CrossSystem.class
   JD: JDownloader.jar/org/appwork/utils/os/LibCDetector.class
   JD: JDownloader.jar/org/appwork/utils/os/mime/MimeDefault.class
   JD: JDownloader.jar/org/appwork/utils/os/mime/MimeWindows.class
   JD: JDownloader.jar/org/appwork/utils/parser/UrlQuery.class
   JD: JDownloader.jar/org/appwork/utils/reflection/Clazz.class
   JD: JDownloader.jar/org/appwork/utils/swing/SlowEDTDetector$1.class
   JD: JDownloader.jar/org/appwork/utils/swing/SlowEDTDetector$2.class
   JD: JDownloader.jar/org/appwork/utils/swing/SlowEDTDetector.class
   JD: JDownloader.jar/org/appwork/utils/swing/dialog/AbstractDialog$1.class
   JD: JDownloader.jar/org/appwork/utils/swing/dialog/AbstractDialog$10.class
   JD: JDownloader.jar/org/appwork/utils/swing/dialog/AbstractDialog$11$1.class.removed
   JD: JDownloader.jar/org/appwork/utils/swing/dialog/AbstractDialog$11.class
   JD: JDownloader.jar/org/appwork/utils/swing/dialog/AbstractDialog$12$1.class.removed
   JD: JDownloader.jar/org/appwork/utils/swing/dialog/AbstractDialog$12.class
   JD: JDownloader.jar/org/appwork/utils/swing/dialog/AbstractDialog$13.class
   JD: JDownloader.jar/org/appwork/utils/swing/dialog/AbstractDialog$14.class
   JD: JDownloader.jar/org/appwork/utils/swing/dialog/AbstractDialog$15.class
   JD: JDownloader.jar/org/appwork/utils/swing/dialog/AbstractDialog$16.class
   JD: JDownloader.jar/org/appwork/utils/swing/dialog/AbstractDialog$17.class.removed
   JD: JDownloader.jar/org/appwork/utils/swing/dialog/AbstractDialog$18.class.removed
   JD: JDownloader.jar/org/appwork/utils/swing/dialog/AbstractDialog$2.class
   JD: JDownloader.jar/org/appwork/utils/swing/dialog/AbstractDialog$3.class
   JD: JDownloader.jar/org/appwork/utils/swing/dialog/AbstractDialog$4.class
   JD: JDownloader.jar/org/appwork/utils/swing/dialog/AbstractDialog$5.class
   JD: JDownloader.jar/org/appwork/utils/swing/dialog/AbstractDialog$6$1.class
   JD: JDownloader.jar/org/appwork/utils/swing/dialog/AbstractDialog$6.class
   JD: JDownloader.jar/org/appwork/utils/swing/dialog/AbstractDialog$7.class
   JD: JDownloader.jar/org/appwork/utils/swing/dialog/AbstractDialog$8.class
   JD: JDownloader.jar/org/appwork/utils/swing/dialog/AbstractDialog$9.class
   JD: JDownloader.jar/org/appwork/utils/swing/dialog/AbstractDialog.class
   JD: JDownloader.jar/org/appwork/utils/swing/dialog/InternDialog$1.class
   JD: JDownloader.jar/org/appwork/utils/swing/dialog/InternDialog.class
   JD: JDownloader.jar/org/appwork/utils/swing/dialog/LocationStorage.class.removed
   JD: JDownloader.jar/org/appwork/utils/swing/dialog/ProgressDialog.class
   JD: JDownloader.jar/org/appwork/utils/swing/dialog/ProgressDialog2.class
   JD: JDownloader.jar/org/appwork/utils/swing/dialog/ProgressDialogInternalGetter.class
   JD: JDownloader.jar/org/appwork/utils/swing/dialog/dimensor/RememberLastDialogDimension.class
   JD: JDownloader.jar/org/appwork/utils/swing/dimensor/AbstractDimensor.class
   JD: JDownloader.jar/org/appwork/utils/swing/dimensor/RememberLastDimensor.class
   JD: JDownloader.jar/org/appwork/utils/swing/locationstore/
   JD: JDownloader.jar/org/appwork/utils/swing/locationstore/LocationStorage.class
   JD: JDownloader.jar/org/appwork/utils/swing/locationstore/LocationStorageContainer$1.class
   JD: JDownloader.jar/org/appwork/utils/swing/locationstore/LocationStorageContainer.class
   JD: JDownloader.jar/org/appwork/utils/swing/locationstore/LocationStorageManager$1.class
   JD: JDownloader.jar/org/appwork/utils/swing/locationstore/LocationStorageManager$2.class
   JD: JDownloader.jar/org/appwork/utils/swing/locationstore/LocationStorageManager.class
   JD: JDownloader.jar/org/appwork/utils/swing/locator/AbstractLocator$1.class
   JD: JDownloader.jar/org/appwork/utils/swing/locator/AbstractLocator.class
   JD: JDownloader.jar/org/appwork/utils/swing/locator/CenterOfScreenLocator.class
   JD: JDownloader.jar/org/appwork/utils/swing/locator/RememberAbsoluteLocator.class
   JD: JDownloader.jar/org/appwork/utils/swing/locator/RememberRelativeLocator.class
   JD: JDownloader.jar/org/appwork/utils/swing/windowmanager/MacWindowManager.class
   JD: JDownloader.jar/org/jdownloader/update/DefaultCallbackHandler$1.class
   JD: JDownloader.jar/org/jdownloader/update/DefaultCallbackHandler.class
   JD: JDownloader.jar/org/jdownloader/update/JDUpdateClient$1.class
   JD: JDownloader.jar/org/jdownloader/update/JDUpdateClient$2.class
   JD: JDownloader.jar/org/jdownloader/update/JDUpdateClient$3.class
   JD: JDownloader.jar/org/jdownloader/update/JDUpdateClient$4.class
   JD: JDownloader.jar/org/jdownloader/update/JDUpdateClient$5.class
   JD: JDownloader.jar/org/jdownloader/update/JDUpdateClient$6.class
   JD: JDownloader.jar/org/jdownloader/update/JDUpdateClient$7.class
   JD: JDownloader.jar/org/jdownloader/update/JDUpdateClient$JDExtensionManager.class
   JD: JDownloader.jar/org/jdownloader/update/JDUpdateClient.class
   JD: JDownloader.jar/org/jdownloader/update/RevFile.class
   JD: JDownloader.jar/org/jdownloader/update/SelfUpdateClient$1.class
   JD: JDownloader.jar/org/jdownloader/update/SelfUpdateClient$2.class
   JD: JDownloader.jar/org/jdownloader/update/SelfUpdateClient$3.class
   JD: JDownloader.jar/org/jdownloader/update/SelfUpdateClient$4.class
   JD: JDownloader.jar/org/jdownloader/update/SelfUpdateClient$5.class
   JD: JDownloader.jar/org/jdownloader/update/SelfUpdateClient$6.class
   JD: JDownloader.jar/org/jdownloader/update/SelfUpdateClient$7.class
   JD: JDownloader.jar/org/jdownloader/update/SelfUpdateClient$8.class
   JD: JDownloader.jar/org/jdownloader/update/SelfUpdateClient.class
   JD: JDownloader.jar/org/jdownloader/update/UpdateManager$1.class
   JD: JDownloader.jar/org/jdownloader/update/UpdateManager$10.class
   JD: JDownloader.jar/org/jdownloader/update/UpdateManager$11.class
   JD: JDownloader.jar/org/jdownloader/update/UpdateManager$12.class
   JD: JDownloader.jar/org/jdownloader/update/UpdateManager$13.class
   JD: JDownloader.jar/org/jdownloader/update/UpdateManager$14.class
   JD: JDownloader.jar/org/jdownloader/update/UpdateManager$15.class
   JD: JDownloader.jar/org/jdownloader/update/UpdateManager$16.class
   JD: JDownloader.jar/org/jdownloader/update/UpdateManager$17.class
   JD: JDownloader.jar/org/jdownloader/update/UpdateManager$18.class
   JD: JDownloader.jar/org/jdownloader/update/UpdateManager$19.class
   JD: JDownloader.jar/org/jdownloader/update/UpdateManager$2.class
   JD: JDownloader.jar/org/jdownloader/update/UpdateManager$20.class
   JD: JDownloader.jar/org/jdownloader/update/UpdateManager$21.class
   JD: JDownloader.jar/org/jdownloader/update/UpdateManager$22.class
   JD: JDownloader.jar/org/jdownloader/update/UpdateManager$23.class
   JD: JDownloader.jar/org/jdownloader/update/UpdateManager$24.class.removed
   JD: JDownloader.jar/org/jdownloader/update/UpdateManager$3.class
   JD: JDownloader.jar/org/jdownloader/update/UpdateManager$4.class
   JD: JDownloader.jar/org/jdownloader/update/UpdateManager$5$1$1.class
   JD: JDownloader.jar/org/jdownloader/update/UpdateManager$5$1.class
   JD: JDownloader.jar/org/jdownloader/update/UpdateManager$5$2.class
   JD: JDownloader.jar/org/jdownloader/update/UpdateManager$5.class
   JD: JDownloader.jar/org/jdownloader/update/UpdateManager$6.class
   JD: JDownloader.jar/org/jdownloader/update/UpdateManager$7.class
   JD: JDownloader.jar/org/jdownloader/update/UpdateManager$8.class
   JD: JDownloader.jar/org/jdownloader/update/UpdateManager$9.class
   JD: JDownloader.jar/org/jdownloader/update/UpdateManager.class
   JD: JDownloader.jar/org/jdownloader/update/launcher/SecondLevelLauncher$1.class
   JD: JDownloader.jar/org/jdownloader/update/launcher/SecondLevelLauncher$2.class
   JD: JDownloader.jar/org/jdownloader/update/launcher/SecondLevelLauncher$3.class
   JD: JDownloader.jar/org/jdownloader/update/launcher/SecondLevelLauncher$4.class
   JD: JDownloader.jar/org/jdownloader/update/launcher/SecondLevelLauncher$5.class
   JD: JDownloader.jar/org/jdownloader/update/launcher/SecondLevelLauncher$6.class
   JD: JDownloader.jar/org/jdownloader/update/launcher/SecondLevelLauncher$7.class
   JD: JDownloader.jar/org/jdownloader/update/launcher/SecondLevelLauncher.class
   JD: JDownloader.jar/org/jdownloader/updatev2/InstallLog.class
   JD: JDownloader.jar/org/jdownloader/updatev2/InstallUpdatesOnExitRestartRequest.class
   JD: JDownloader.jar/org/jdownloader/updatev2/InternetConnectionSettings$ProxyVoleAutodetectionFactory.class
   JD: JDownloader.jar/org/jdownloader/updatev2/UpdateController$1.class
   JD: JDownloader.jar/org/jdownloader/updatev2/UpdateController$2$1.class
   JD: JDownloader.jar/org/jdownloader/updatev2/UpdateController$2.class
   JD: JDownloader.jar/org/jdownloader/updatev2/UpdateController$3.class
   JD: JDownloader.jar/org/jdownloader/updatev2/UpdateController$4.class
   JD: JDownloader.jar/org/jdownloader/updatev2/UpdateController$5.class
   JD: JDownloader.jar/org/jdownloader/updatev2/UpdateController.class
   JD: JDownloader.jar/org/jdownloader/updatev2/UpdaterTranslation.class
   JD: JDownloader.jar/org/jdownloader/updatev2/gui/LAFOptions.class
