Thu Jul 01 16:40:56 CST 2021
Package: updatePackage.awf
   JD: JDownloader.jar/classpath
   JD: JDownloader.jar/org/appwork/app/gui/copycutpaste/ContextMenuAdapter.class
   JD: JDownloader.jar/org/appwork/app/gui/copycutpaste/CopyPasteSupport.class
   JD: JDownloader.jar/org/appwork/moncompare/AggregationException.class
   JD: JDownloader.jar/org/appwork/moncompare/CompareException.class
   JD: JDownloader.jar/org/appwork/moncompare/Condition$1.class
   JD: JDownloader.jar/org/appwork/moncompare/Condition$2.class
   JD: JDownloader.jar/org/appwork/moncompare/Condition$3.class
   JD: JDownloader.jar/org/appwork/moncompare/Condition$AccessByField.class
   JD: JDownloader.jar/org/appwork/moncompare/Condition$AccessByMethod.class
   JD: JDownloader.jar/org/appwork/moncompare/Condition$AccessListElement.class
   JD: JDownloader.jar/org/appwork/moncompare/Condition$AccessMapElement.class
   JD: JDownloader.jar/org/appwork/moncompare/Condition$AccessNotFound.class
   JD: JDownloader.jar/org/appwork/moncompare/Condition$AddOp.class
   JD: JDownloader.jar/org/appwork/moncompare/Condition$AndOp.class
   JD: JDownloader.jar/org/appwork/moncompare/Condition$DivideOp.class
   JD: JDownloader.jar/org/appwork/moncompare/Condition$EqOp.class
   JD: JDownloader.jar/org/appwork/moncompare/Condition$ExistsOp.class
   JD: JDownloader.jar/org/appwork/moncompare/Condition$GtOp.class
   JD: JDownloader.jar/org/appwork/moncompare/Condition$GteOp.class
   JD: JDownloader.jar/org/appwork/moncompare/Condition$InOp.class
   JD: JDownloader.jar/org/appwork/moncompare/Condition$KeyOnClass.class
   JD: JDownloader.jar/org/appwork/moncompare/Condition$LtOp.class
   JD: JDownloader.jar/org/appwork/moncompare/Condition$LteOp.class
   JD: JDownloader.jar/org/appwork/moncompare/Condition$MaxOp.class
   JD: JDownloader.jar/org/appwork/moncompare/Condition$MinOp.class
   JD: JDownloader.jar/org/appwork/moncompare/Condition$MultiplyOp.class
   JD: JDownloader.jar/org/appwork/moncompare/Condition$NinOp.class
   JD: JDownloader.jar/org/appwork/moncompare/Condition$NotEqualsOp.class
   JD: JDownloader.jar/org/appwork/moncompare/Condition$NotOp.class
   JD: JDownloader.jar/org/appwork/moncompare/Condition$OrOp.class
   JD: JDownloader.jar/org/appwork/moncompare/Condition$QueryOPResult.class
   JD: JDownloader.jar/org/appwork/moncompare/Condition$RegexOp.class
   JD: JDownloader.jar/org/appwork/moncompare/Condition$SubstracOp.class
   JD: JDownloader.jar/org/appwork/moncompare/Condition$SumOp.class
   JD: JDownloader.jar/org/appwork/moncompare/Condition$TypeOp.class.removed
   JD: JDownloader.jar/org/appwork/moncompare/Condition.class
   JD: JDownloader.jar/org/appwork/moncompare/Operator.class
   JD: JDownloader.jar/org/appwork/remoteapi/RemoteAPI$1.class
   JD: JDownloader.jar/org/appwork/remoteapi/RemoteAPI$2.class
   JD: JDownloader.jar/org/appwork/remoteapi/RemoteAPI$ParsedParameters.class
   JD: JDownloader.jar/org/appwork/remoteapi/RemoteAPI$RemoteAPIMethod.class
   JD: JDownloader.jar/org/appwork/remoteapi/RemoteAPI.class
   JD: JDownloader.jar/org/appwork/storage/FailLevel.class
   JD: JDownloader.jar/org/appwork/storage/StorableDoc.class
   JD: JDownloader.jar/org/appwork/storage/StorableExample.class
   JD: JDownloader.jar/org/appwork/storage/StorableValidateCondition.class
   JD: JDownloader.jar/org/appwork/storage/Xml2Json.class
   JD: JDownloader.jar/org/appwork/storage/flexijson/
   JD: JDownloader.jar/org/appwork/storage/flexijson/FlexiComment$Type.class
   JD: JDownloader.jar/org/appwork/storage/flexijson/FlexiComment.class
   JD: JDownloader.jar/org/appwork/storage/flexijson/FlexiCommentJsonNode$AttachLocation.class
   JD: JDownloader.jar/org/appwork/storage/flexijson/FlexiCommentJsonNode.class
   JD: JDownloader.jar/org/appwork/storage/flexijson/FlexiJSONParser$NumberParser.class
   JD: JDownloader.jar/org/appwork/storage/flexijson/FlexiJSONParser$ParsingError.class
   JD: JDownloader.jar/org/appwork/storage/flexijson/FlexiJSONParser$StringParser.class
   JD: JDownloader.jar/org/appwork/storage/flexijson/FlexiJSONParser$Token.class
   JD: JDownloader.jar/org/appwork/storage/flexijson/FlexiJSONParser.class
   JD: JDownloader.jar/org/appwork/storage/flexijson/FlexiJSonArray.class
   JD: JDownloader.jar/org/appwork/storage/flexijson/FlexiJSonComments.class
   JD: JDownloader.jar/org/appwork/storage/flexijson/FlexiJSonFromProperties$1.class
   JD: JDownloader.jar/org/appwork/storage/flexijson/FlexiJSonFromProperties.class
   JD: JDownloader.jar/org/appwork/storage/flexijson/FlexiJSonNode.class
   JD: JDownloader.jar/org/appwork/storage/flexijson/FlexiJSonObject.class
   JD: JDownloader.jar/org/appwork/storage/flexijson/FlexiJSonValue.class
   JD: JDownloader.jar/org/appwork/storage/flexijson/FlexiParserException.class
   JD: JDownloader.jar/org/appwork/storage/flexijson/KeyValueElement.class
   JD: JDownloader.jar/org/appwork/storage/flexijson/stringify/
   JD: JDownloader.jar/org/appwork/storage/flexijson/stringify/FlexiJSonPrettyStringify$1.class
   JD: JDownloader.jar/org/appwork/storage/flexijson/stringify/FlexiJSonPrettyStringify.class
   JD: JDownloader.jar/org/appwork/storage/flexijson/stringify/FlexiJSonStringBuilder$1.class
   JD: JDownloader.jar/org/appwork/storage/flexijson/stringify/FlexiJSonStringBuilder$JSONBuilderOutputStream.class
   JD: JDownloader.jar/org/appwork/storage/flexijson/stringify/FlexiJSonStringBuilder.class
   JD: JDownloader.jar/org/appwork/storage/flexijson/stringify/PropertyJSonPrettyStringify.class
   JD: JDownloader.jar/org/appwork/storage/flexijson/tests/
   JD: JDownloader.jar/org/appwork/storage/flexijson/tests/JSTest$1.class
   JD: JDownloader.jar/org/appwork/storage/flexijson/tests/JSTest$2.class
   JD: JDownloader.jar/org/appwork/storage/flexijson/tests/JSTest$3.class
   JD: JDownloader.jar/org/appwork/storage/flexijson/tests/JSTest$4.class
   JD: JDownloader.jar/org/appwork/storage/flexijson/tests/JSTest.class
   JD: JDownloader.jar/org/appwork/storage/jackson/JacksonMapper$3.class
   JD: JDownloader.jar/org/appwork/storage/jackson/JacksonMapper$4.class
   JD: JDownloader.jar/org/appwork/storage/jackson/JacksonMapper$5.class
   JD: JDownloader.jar/org/appwork/storage/jackson/JacksonMapper$6.class
   JD: JDownloader.jar/org/appwork/storage/jackson/JacksonMapper.class
   JD: JDownloader.jar/org/appwork/storage/simplejson/GenericJsonArray.class
   JD: JDownloader.jar/org/appwork/storage/simplejson/JSonArray.class
   JD: JDownloader.jar/org/appwork/storage/simplejson/JSonFactory$Token.class
   JD: JDownloader.jar/org/appwork/storage/simplejson/JSonFactory.class
   JD: JDownloader.jar/org/appwork/storage/simplejson/JSonObject.class
   JD: JDownloader.jar/org/appwork/storage/simplejson/JSonValue$1.class
   JD: JDownloader.jar/org/appwork/storage/simplejson/JSonValue.class
   JD: JDownloader.jar/org/appwork/storage/simplejson/Type.class
   JD: JDownloader.jar/org/appwork/storage/simplejson/mapper/ClassCastMappingException.class
   JD: JDownloader.jar/org/appwork/storage/simplejson/mapper/FailedToCreateInstanceMapperException.class
   JD: JDownloader.jar/org/appwork/storage/simplejson/mapper/JSonMapper$1.class
   JD: JDownloader.jar/org/appwork/storage/simplejson/mapper/JSonMapper.class
   JD: JDownloader.jar/org/appwork/storage/simplejson/mapper/MapperException.class
   JD: JDownloader.jar/org/appwork/storage/simplejson/mapper/test/
   JD: JDownloader.jar/org/appwork/storage/simplejson/mapper/test/TestClass$AnyEnum.class
   JD: JDownloader.jar/org/appwork/storage/simplejson/mapper/test/TestClass.class
   JD: JDownloader.jar/org/appwork/swing/components/ExtTextField.class
   JD: JDownloader.jar/org/appwork/swing/components/pathchooser/PathChooser$1.class
   JD: JDownloader.jar/org/appwork/swing/components/pathchooser/PathChooser$2$1.class
   JD: JDownloader.jar/org/appwork/swing/components/pathchooser/PathChooser$2.class
   JD: JDownloader.jar/org/appwork/swing/components/pathchooser/PathChooser$3.class
   JD: JDownloader.jar/org/appwork/swing/components/pathchooser/PathChooser$BrowseAction.class
   JD: JDownloader.jar/org/appwork/swing/components/pathchooser/PathChooser.class
   JD: JDownloader.jar/org/appwork/swing/exttable/ExtColumn$3.class
   JD: JDownloader.jar/org/appwork/swing/exttable/ExtColumn$4.class
   JD: JDownloader.jar/org/appwork/swing/exttable/ExtColumn.class
   JD: JDownloader.jar/org/appwork/swing/exttable/columns/ExtCheckColumn$1.class
   JD: JDownloader.jar/org/appwork/swing/exttable/columns/ExtCheckColumn$2.class
   JD: JDownloader.jar/org/appwork/swing/exttable/columns/ExtCheckColumn$3.class
   JD: JDownloader.jar/org/appwork/swing/exttable/columns/ExtCheckColumn.class
   JD: JDownloader.jar/org/appwork/txtresource/LocaleMap.class
   JD: JDownloader.jar/org/appwork/updatesys/client/Batch.class
   JD: JDownloader.jar/org/appwork/updatesys/client/DefaultPathBuilder.class
   JD: JDownloader.jar/org/appwork/updatesys/client/DisabledHIDProvider.class
   JD: JDownloader.jar/org/appwork/updatesys/client/RandomAnonymousUIDProvider.class
   JD: JDownloader.jar/org/appwork/updatesys/client/UpdateClient$1.class
   JD: JDownloader.jar/org/appwork/updatesys/client/UpdateClient$10.class
   JD: JDownloader.jar/org/appwork/updatesys/client/UpdateClient$11.class
   JD: JDownloader.jar/org/appwork/updatesys/client/UpdateClient$12.class
   JD: JDownloader.jar/org/appwork/updatesys/client/UpdateClient$13.class
   JD: JDownloader.jar/org/appwork/updatesys/client/UpdateClient$14.class
   JD: JDownloader.jar/org/appwork/updatesys/client/UpdateClient$15.class
   JD: JDownloader.jar/org/appwork/updatesys/client/UpdateClient$16$1.class
   JD: JDownloader.jar/org/appwork/updatesys/client/UpdateClient$16.class
   JD: JDownloader.jar/org/appwork/updatesys/client/UpdateClient$17.class
   JD: JDownloader.jar/org/appwork/updatesys/client/UpdateClient$18.class
   JD: JDownloader.jar/org/appwork/updatesys/client/UpdateClient$19.class
   JD: JDownloader.jar/org/appwork/updatesys/client/UpdateClient$2.class
   JD: JDownloader.jar/org/appwork/updatesys/client/UpdateClient$20.class
   JD: JDownloader.jar/org/appwork/updatesys/client/UpdateClient$21.class
   JD: JDownloader.jar/org/appwork/updatesys/client/UpdateClient$22.class
   JD: JDownloader.jar/org/appwork/updatesys/client/UpdateClient$23.class
   JD: JDownloader.jar/org/appwork/updatesys/client/UpdateClient$24.class
   JD: JDownloader.jar/org/appwork/updatesys/client/UpdateClient$25.class
   JD: JDownloader.jar/org/appwork/updatesys/client/UpdateClient$26.class
   JD: JDownloader.jar/org/appwork/updatesys/client/UpdateClient$27.class
   JD: JDownloader.jar/org/appwork/updatesys/client/UpdateClient$28.class
   JD: JDownloader.jar/org/appwork/updatesys/client/UpdateClient$29.class
   JD: JDownloader.jar/org/appwork/updatesys/client/UpdateClient$3.class
   JD: JDownloader.jar/org/appwork/updatesys/client/UpdateClient$30.class
   JD: JDownloader.jar/org/appwork/updatesys/client/UpdateClient$31.class
   JD: JDownloader.jar/org/appwork/updatesys/client/UpdateClient$32.class
   JD: JDownloader.jar/org/appwork/updatesys/client/UpdateClient$4.class
   JD: JDownloader.jar/org/appwork/updatesys/client/UpdateClient$5.class
   JD: JDownloader.jar/org/appwork/updatesys/client/UpdateClient$6.class
   JD: JDownloader.jar/org/appwork/updatesys/client/UpdateClient$7.class
   JD: JDownloader.jar/org/appwork/updatesys/client/UpdateClient$8.class
   JD: JDownloader.jar/org/appwork/updatesys/client/UpdateClient$9.class
   JD: JDownloader.jar/org/appwork/updatesys/client/UpdateClient$ClientOptionAction.class
   JD: JDownloader.jar/org/appwork/updatesys/client/UpdateClient$ClientOptionActionType.class
   JD: JDownloader.jar/org/appwork/updatesys/client/UpdateClient$ClientServiceExecuter.class
   JD: JDownloader.jar/org/appwork/updatesys/client/UpdateClient$DownloadProgress.class
   JD: JDownloader.jar/org/appwork/updatesys/client/UpdateClient$DownloadResultMap.class
   JD: JDownloader.jar/org/appwork/updatesys/client/UpdateClient$Module.class
   JD: JDownloader.jar/org/appwork/updatesys/client/UpdateClient$UninstallResult.class
   JD: JDownloader.jar/org/appwork/updatesys/client/UpdateClient.class
   JD: JDownloader.jar/org/appwork/updatesys/client/defaultimpl/UrlFactoryImpl.class
   JD: JDownloader.jar/org/appwork/updatesys/client/defaultimpl/http/ProxySelectorImpl$1.class
   JD: JDownloader.jar/org/appwork/updatesys/client/defaultimpl/http/ProxySelectorImpl$2.class
   JD: JDownloader.jar/org/appwork/updatesys/client/defaultimpl/http/ProxySelectorImpl.class
   JD: JDownloader.jar/org/appwork/updatesys/client/extensions/AbstractExtensionManager.class
   JD: JDownloader.jar/org/appwork/updatesys/client/extensions/ExtensionManager.class
   JD: JDownloader.jar/org/appwork/updatesys/client/extensions/ExtensionManagerInterface.class
   JD: JDownloader.jar/org/appwork/updatesys/client/iid/AbstractChangeableIDProvider$1.class
   JD: JDownloader.jar/org/appwork/updatesys/client/iid/AbstractChangeableIDProvider$HistoryEntry.class
   JD: JDownloader.jar/org/appwork/updatesys/client/iid/AbstractChangeableIDProvider.class
   JD: JDownloader.jar/org/appwork/updatesys/client/iid/HIDProviderInterface.class
   JD: JDownloader.jar/org/appwork/updatesys/client/serveroptions/ServerOptionsManager$1.class
   JD: JDownloader.jar/org/appwork/updatesys/client/serveroptions/ServerOptionsManager.class
   JD: JDownloader.jar/org/appwork/updatesys/client/tracker/Tracker.class
   JD: JDownloader.jar/org/appwork/updatesys/service/ServiceExecuter.class
   JD: JDownloader.jar/org/appwork/updatesys/transport/Ids$1.class
   JD: JDownloader.jar/org/appwork/updatesys/transport/Ids.class
   JD: JDownloader.jar/org/appwork/updatesys/transport/Pkg$1.class
   JD: JDownloader.jar/org/appwork/updatesys/transport/Pkg$2.class
   JD: JDownloader.jar/org/appwork/updatesys/transport/Pkg.class
   JD: JDownloader.jar/org/appwork/updatesys/transport/exchange/Constants.class
   JD: JDownloader.jar/org/appwork/updatesys/transport/exchange/LicenseResponse.class
   JD: JDownloader.jar/org/appwork/updatesys/transport/exchange/SelfUpdateResponse.class
   JD: JDownloader.jar/org/appwork/updatesys/transport/exchange/ServerOptions.class
   JD: JDownloader.jar/org/appwork/updatesys/transport/exchange/ServerResponse.class
   JD: JDownloader.jar/org/appwork/updatesys/transport/exchange/dialog/Execute.class
   JD: JDownloader.jar/org/appwork/updatesys/transport/exchange/json/DeserializeableServerJsonResponse.class
   JD: JDownloader.jar/org/appwork/updatesys/transport/exchange/json/ErrorJsonResponse.class
   JD: JDownloader.jar/org/appwork/updatesys/transport/exchange/json/IDsJsonResponse.class
   JD: JDownloader.jar/org/appwork/updatesys/transport/exchange/json/LastChanceJsonResponse.class
   JD: JDownloader.jar/org/appwork/updatesys/transport/exchange/json/NoChangesJsonResponse.class
   JD: JDownloader.jar/org/appwork/updatesys/transport/exchange/json/PackageJsonResponse.class
   JD: JDownloader.jar/org/appwork/updatesys/transport/exchange/json/ServerJsonResponse.class
   JD: JDownloader.jar/org/appwork/updatesys/transport/exchange/json/Up2DateJsonResponse.class
   JD: JDownloader.jar/org/appwork/updatesys/transport/exchange/json/WaitJsonResponse.class
   JD: JDownloader.jar/org/appwork/updatesys/transport/exchange/setup/DoNotTouchPathEntry.class
   JD: JDownloader.jar/org/appwork/updatesys/transport/exchange/setup/DynLink.class
   JD: JDownloader.jar/org/appwork/updatesys/transport/exchange/setup/RepoStorable$1.class
   JD: JDownloader.jar/org/appwork/updatesys/transport/exchange/setup/RepoStorable.class
   JD: JDownloader.jar/org/appwork/updatesys/transport/exchange/setup/UninstallRule.class
   JD: JDownloader.jar/org/appwork/updatesys/transport/exchange/setup/UninstallRuleSet.class
   JD: JDownloader.jar/org/appwork/updatesys/transport/exchange/signature/JSONSignaturefactory.class
   JD: JDownloader.jar/org/appwork/updatesys/transport/exchange/tests/CreateClientOptions.class
   JD: JDownloader.jar/org/appwork/utils/ByteArrayMapKey.class
   JD: JDownloader.jar/org/appwork/utils/Files$1.class
   JD: JDownloader.jar/org/appwork/utils/Files$2.class
   JD: JDownloader.jar/org/appwork/utils/Files$3.class
   JD: JDownloader.jar/org/appwork/utils/Files$FileSpaceMethodHelper$1.class
   JD: JDownloader.jar/org/appwork/utils/Files$FileSpaceMethodHelper$2.class
   JD: JDownloader.jar/org/appwork/utils/Files$FileSpaceMethodHelper$3.class
   JD: JDownloader.jar/org/appwork/utils/Files$FileSpaceMethodHelper.class
   JD: JDownloader.jar/org/appwork/utils/Files.class
   JD: JDownloader.jar/org/appwork/utils/IO$3.class
   JD: JDownloader.jar/org/appwork/utils/IO$4.class
   JD: JDownloader.jar/org/appwork/utils/IO$5.class
   JD: JDownloader.jar/org/appwork/utils/IO.class
   JD: JDownloader.jar/org/appwork/utils/JVMVersion.class
   JD: JDownloader.jar/org/appwork/utils/ReflectionUtils.class
   JD: JDownloader.jar/org/appwork/utils/encoding/URLEncode.class
   JD: JDownloader.jar/org/appwork/utils/net/BasicHTTP/BasicHTTP$1.class
   JD: JDownloader.jar/org/appwork/utils/net/BasicHTTP/BasicHTTP.class
   JD: JDownloader.jar/org/appwork/utils/net/URLHelper.class
   JD: JDownloader.jar/org/appwork/utils/net/httpconnection/SSLSocketStreamOptions.class
   JD: JDownloader.jar/org/appwork/utils/net/usenet/SimpleUseNet.class
   JD: JDownloader.jar/org/appwork/utils/os/CrossSystem$1.class
   JD: JDownloader.jar/org/appwork/utils/os/CrossSystem$2.class
   JD: JDownloader.jar/org/appwork/utils/os/CrossSystem$3.class
   JD: JDownloader.jar/org/appwork/utils/os/CrossSystem$ARCHFamily.class
   JD: JDownloader.jar/org/appwork/utils/os/CrossSystem$OSFamily.class
   JD: JDownloader.jar/org/appwork/utils/os/CrossSystem$OperatingSystem.class
   JD: JDownloader.jar/org/appwork/utils/os/CrossSystem.class
   JD: JDownloader.jar/org/appwork/utils/parser/UrlQuery.class
   JD: JDownloader.jar/org/appwork/utils/swing/dialog/AbstractDialog$10.class
   JD: JDownloader.jar/org/appwork/utils/swing/dialog/AbstractDialog$11.class
   JD: JDownloader.jar/org/appwork/utils/swing/dialog/AbstractDialog$12.class
   JD: JDownloader.jar/org/appwork/utils/swing/dialog/AbstractDialog$13.class
   JD: JDownloader.jar/org/appwork/utils/swing/dialog/AbstractDialog$14.class
   JD: JDownloader.jar/org/appwork/utils/swing/dialog/AbstractDialog$15.class
   JD: JDownloader.jar/org/appwork/utils/swing/dialog/AbstractDialog$16.class
   JD: JDownloader.jar/org/appwork/utils/swing/dialog/AbstractDialog$5.class
   JD: JDownloader.jar/org/appwork/utils/swing/dialog/AbstractDialog$6$1.class
   JD: JDownloader.jar/org/appwork/utils/swing/dialog/AbstractDialog$6.class
   JD: JDownloader.jar/org/appwork/utils/swing/dialog/AbstractDialog$7.class
   JD: JDownloader.jar/org/appwork/utils/swing/dialog/AbstractDialog$8.class
   JD: JDownloader.jar/org/appwork/utils/swing/dialog/AbstractDialog$9.class
   JD: JDownloader.jar/org/appwork/utils/swing/dialog/AbstractDialog.class
   JD: JDownloader.jar/org/appwork/utils/swing/dialog/ProgressDialog.class
   JD: JDownloader.jar/org/jdownloader/update/JDUpdateClient$1.class
   JD: JDownloader.jar/org/jdownloader/update/JDUpdateClient$2.class
   JD: JDownloader.jar/org/jdownloader/update/JDUpdateClient$3.class
   JD: JDownloader.jar/org/jdownloader/update/JDUpdateClient$JDExtensionManager.class
   JD: JDownloader.jar/org/jdownloader/update/JDUpdateClient.class
   JD: JDownloader.jar/org/jdownloader/update/RandomAnonymousUIDProvider.class.removed
   JD: JDownloader.jar/org/jdownloader/update/SelfUpdateClient$1.class
   JD: JDownloader.jar/org/jdownloader/update/SelfUpdateClient$2.class
   JD: JDownloader.jar/org/jdownloader/update/SelfUpdateClient$3.class
   JD: JDownloader.jar/org/jdownloader/update/SelfUpdateClient$4.class
   JD: JDownloader.jar/org/jdownloader/update/SelfUpdateClient$5.class
   JD: JDownloader.jar/org/jdownloader/update/SelfUpdateClient$6.class
   JD: JDownloader.jar/org/jdownloader/update/SelfUpdateClient$7.class
   JD: JDownloader.jar/org/jdownloader/update/SelfUpdateClient$8.class
   JD: JDownloader.jar/org/jdownloader/update/SelfUpdateClient.class
   JD: JDownloader.jar/org/jdownloader/update/launcher/ByPassEntropyBlock$1.class
   JD: JDownloader.jar/org/jdownloader/update/launcher/ByPassEntropyBlock$ByPassEntropyBlockWorkaround.class
   JD: JDownloader.jar/org/jdownloader/update/launcher/ByPassEntropyBlock.class
   JD: JDownloader.jar/org/jdownloader/update/launcher/SecondLevelLauncher$1.class
   JD: JDownloader.jar/org/jdownloader/update/launcher/SecondLevelLauncher$2.class
   JD: JDownloader.jar/org/jdownloader/update/launcher/SecondLevelLauncher$3.class
   JD: JDownloader.jar/org/jdownloader/update/launcher/SecondLevelLauncher$4.class
   JD: JDownloader.jar/org/jdownloader/update/launcher/SecondLevelLauncher$5.class
   JD: JDownloader.jar/org/jdownloader/update/launcher/SecondLevelLauncher$6.class
   JD: JDownloader.jar/org/jdownloader/update/launcher/SecondLevelLauncher$7.class
   JD: JDownloader.jar/org/jdownloader/update/launcher/SecondLevelLauncher.class
   JD: JDownloader.jar/org/jdownloader/update/launcher/SelfTestSetup.class
