Sun Aug 01 01:13:21 CST 2021
Package: updatePackage.awf
   JD: JDownloader.jar/META-INF/versions/
   JD: JDownloader.jar/META-INF/versions/9/
   JD: JDownloader.jar/org/appwork/io/
   JD: JDownloader.jar/org/appwork/io/unixsplit/
   JD: JDownloader.jar/org/appwork/io/unixsplit/StreamProvider$PartInfo.class
   JD: JDownloader.jar/org/appwork/io/unixsplit/StreamProvider.class
   JD: JDownloader.jar/org/appwork/io/unixsplit/UnixSplitInputStream.class
   JD: JDownloader.jar/org/appwork/io/unixsplit/UnixSplitOutputStream.class
   JD: JDownloader.jar/org/appwork/io/unixsplit/tests/
   JD: JDownloader.jar/org/appwork/io/unixsplit/tests/UnixSplitTest$1$1.class
   JD: JDownloader.jar/org/appwork/io/unixsplit/tests/UnixSplitTest$1.class
   JD: JDownloader.jar/org/appwork/io/unixsplit/tests/UnixSplitTest.class
   JD: JDownloader.jar/org/appwork/io/unixsplit/tests/UnixSplitTest2$1.class
   JD: JDownloader.jar/org/appwork/io/unixsplit/tests/UnixSplitTest2.class
   JD: JDownloader.jar/org/appwork/loggingv3/simple/BlockLogsFromCurrentThreadVetoListener.class
   JD: JDownloader.jar/org/appwork/loggingv3/simple/LogVetoListener.class
   JD: JDownloader.jar/org/appwork/loggingv3/simple/SimpleLoggerFactory.class
   JD: JDownloader.jar/org/appwork/loggingv3/simple/sink/LogToFileSink.class
   JD: JDownloader.jar/org/appwork/moncompare/BadFormatException.class
   JD: JDownloader.jar/org/appwork/moncompare/Condition$1.class
   JD: JDownloader.jar/org/appwork/moncompare/Condition$2.class
   JD: JDownloader.jar/org/appwork/moncompare/Condition$3.class.removed
   JD: JDownloader.jar/org/appwork/moncompare/Condition$AccessByField.class
   JD: JDownloader.jar/org/appwork/moncompare/Condition$AccessByMethod.class
   JD: JDownloader.jar/org/appwork/moncompare/Condition$AccessListElement.class
   JD: JDownloader.jar/org/appwork/moncompare/Condition$AccessMapElement.class
   JD: JDownloader.jar/org/appwork/moncompare/Condition$AccessNotFound.class
   JD: JDownloader.jar/org/appwork/moncompare/Condition$AddOp.class
   JD: JDownloader.jar/org/appwork/moncompare/Condition$AndOp.class
   JD: JDownloader.jar/org/appwork/moncompare/Condition$DivideOp.class
   JD: JDownloader.jar/org/appwork/moncompare/Condition$EqOp.class
   JD: JDownloader.jar/org/appwork/moncompare/Condition$ExistsOp.class
   JD: JDownloader.jar/org/appwork/moncompare/Condition$GtOp.class
   JD: JDownloader.jar/org/appwork/moncompare/Condition$GteOp.class
   JD: JDownloader.jar/org/appwork/moncompare/Condition$InOp.class
   JD: JDownloader.jar/org/appwork/moncompare/Condition$KeyOnClass.class
   JD: JDownloader.jar/org/appwork/moncompare/Condition$LtOp.class
   JD: JDownloader.jar/org/appwork/moncompare/Condition$LteOp.class
   JD: JDownloader.jar/org/appwork/moncompare/Condition$MaxOp.class
   JD: JDownloader.jar/org/appwork/moncompare/Condition$MinOp.class
   JD: JDownloader.jar/org/appwork/moncompare/Condition$MultiplyOp.class
   JD: JDownloader.jar/org/appwork/moncompare/Condition$NinOp.class
   JD: JDownloader.jar/org/appwork/moncompare/Condition$NotEqualsOp.class
   JD: JDownloader.jar/org/appwork/moncompare/Condition$NotOp.class
   JD: JDownloader.jar/org/appwork/moncompare/Condition$OrOp.class
   JD: JDownloader.jar/org/appwork/moncompare/Condition$QueryOPResult.class
   JD: JDownloader.jar/org/appwork/moncompare/Condition$RegexOp.class
   JD: JDownloader.jar/org/appwork/moncompare/Condition$SubstracOp.class
   JD: JDownloader.jar/org/appwork/moncompare/Condition$SumOp.class
   JD: JDownloader.jar/org/appwork/moncompare/Condition.class
   JD: JDownloader.jar/org/appwork/moncompare/fromjson/
   JD: JDownloader.jar/org/appwork/moncompare/fromjson/FlexiCondition$1.class
   JD: JDownloader.jar/org/appwork/moncompare/fromjson/FlexiCondition$2.class
   JD: JDownloader.jar/org/appwork/moncompare/fromjson/FlexiCondition$3.class
   JD: JDownloader.jar/org/appwork/moncompare/fromjson/FlexiCondition.class
   JD: JDownloader.jar/org/appwork/net/protocol/http/HTTPConstants$ResponseCode.class
   JD: JDownloader.jar/org/appwork/net/protocol/http/HTTPConstants.class
   JD: JDownloader.jar/org/appwork/remoteapi/RemoteAPI.class
   JD: JDownloader.jar/org/appwork/storage/CleanedJSonObject.class
   JD: JDownloader.jar/org/appwork/storage/StorableHidden.class
   JD: JDownloader.jar/org/appwork/storage/config/ConfigUtils.class.removed
   JD: JDownloader.jar/org/appwork/storage/config/utils/
   JD: JDownloader.jar/org/appwork/storage/config/utils/ConfigUtils.class
   JD: JDownloader.jar/org/appwork/storage/flexijson/mapper/
   JD: JDownloader.jar/org/appwork/storage/flexijson/mapper/FlexiJSonMapper$1.class
   JD: JDownloader.jar/org/appwork/storage/flexijson/mapper/FlexiJSonMapper.class
   JD: JDownloader.jar/org/appwork/storage/flexijson/mapper/FlexiTypeMapper.class
   JD: JDownloader.jar/org/appwork/storage/flexijson/mapper/tests/
   JD: JDownloader.jar/org/appwork/storage/flexijson/mapper/tests/FlexiMapperTest.class
   JD: JDownloader.jar/org/appwork/storage/flexijson/mapper/typemapper/
   JD: JDownloader.jar/org/appwork/storage/flexijson/mapper/typemapper/ClassMapper.class
   JD: JDownloader.jar/org/appwork/storage/flexijson/mapper/typemapper/ColorMapper.class
   JD: JDownloader.jar/org/appwork/storage/flexijson/mapper/typemapper/DateMapper.class
   JD: JDownloader.jar/org/appwork/storage/flexijson/mapper/typemapper/FileMapper.class
   JD: JDownloader.jar/org/appwork/storage/flexijson/mapper/typemapper/URLMapper.class
   JD: JDownloader.jar/org/appwork/storage/flexijson/stringify/FlexiJSonPrettyStringify$1.class
   JD: JDownloader.jar/org/appwork/storage/flexijson/stringify/FlexiJSonPrettyStringify.class
   JD: JDownloader.jar/org/appwork/storage/simplejson/mapper/ClassCache.class
   JD: JDownloader.jar/org/appwork/storage/simplejson/mapper/JSonMapper.class
   JD: JDownloader.jar/org/appwork/storage/simplejson/mapper/test/TestClass$AnyEnum.class
   JD: JDownloader.jar/org/appwork/storage/simplejson/mapper/test/TestClass.class
   JD: JDownloader.jar/org/appwork/swing/components/ExtPasswordField$1$1.class
   JD: JDownloader.jar/org/appwork/swing/components/ExtPasswordField$1.class
   JD: JDownloader.jar/org/appwork/swing/components/ExtPasswordField$2.class
   JD: JDownloader.jar/org/appwork/swing/components/ExtPasswordField$3.class
   JD: JDownloader.jar/org/appwork/swing/components/ExtPasswordField$CustomPasswordField.class
   JD: JDownloader.jar/org/appwork/swing/components/ExtPasswordField$CustomTextField.class
   JD: JDownloader.jar/org/appwork/swing/components/ExtPasswordField.class
   JD: JDownloader.jar/org/appwork/swing/components/ExtTextField$1.class
   JD: JDownloader.jar/org/appwork/swing/components/ExtTextField.class
   JD: JDownloader.jar/org/appwork/swing/components/ExtTextHighlighter.class
   JD: JDownloader.jar/org/appwork/swing/exttable/ExtDefaultRowSorter.class
   JD: JDownloader.jar/org/appwork/swing/exttable/ExtTable$1.class
   JD: JDownloader.jar/org/appwork/swing/exttable/ExtTable$10.class
   JD: JDownloader.jar/org/appwork/swing/exttable/ExtTable$11.class
   JD: JDownloader.jar/org/appwork/swing/exttable/ExtTable$12.class
   JD: JDownloader.jar/org/appwork/swing/exttable/ExtTable$13.class
   JD: JDownloader.jar/org/appwork/swing/exttable/ExtTable$14.class
   JD: JDownloader.jar/org/appwork/swing/exttable/ExtTable$2.class
   JD: JDownloader.jar/org/appwork/swing/exttable/ExtTable$3.class
   JD: JDownloader.jar/org/appwork/swing/exttable/ExtTable$4.class
   JD: JDownloader.jar/org/appwork/swing/exttable/ExtTable$5.class
   JD: JDownloader.jar/org/appwork/swing/exttable/ExtTable$6.class
   JD: JDownloader.jar/org/appwork/swing/exttable/ExtTable$7.class
   JD: JDownloader.jar/org/appwork/swing/exttable/ExtTable$8.class
   JD: JDownloader.jar/org/appwork/swing/exttable/ExtTable$9$1.class
   JD: JDownloader.jar/org/appwork/swing/exttable/ExtTable$9.class
   JD: JDownloader.jar/org/appwork/swing/exttable/ExtTable.class
   JD: JDownloader.jar/org/appwork/swing/exttable/SearchDialog$1.class
   JD: JDownloader.jar/org/appwork/swing/exttable/SearchDialog$2.class
   JD: JDownloader.jar/org/appwork/swing/exttable/SearchDialog$3.class
   JD: JDownloader.jar/org/appwork/swing/exttable/SearchDialog.class
   JD: JDownloader.jar/org/appwork/swing/exttable/columns/ExtTextAreaColumn.class
   JD: JDownloader.jar/org/appwork/swing/exttable/columns/ExtTextColumn.class
   JD: JDownloader.jar/org/appwork/updatesys/client/DefaultFileAccessHandler$1.class
   JD: JDownloader.jar/org/appwork/updatesys/client/DefaultFileAccessHandler$2.class
   JD: JDownloader.jar/org/appwork/updatesys/client/DefaultFileAccessHandler$3.class
   JD: JDownloader.jar/org/appwork/updatesys/client/DefaultFileAccessHandler$4.class
   JD: JDownloader.jar/org/appwork/updatesys/client/DefaultFileAccessHandler$5.class
   JD: JDownloader.jar/org/appwork/updatesys/client/DefaultFileAccessHandler.class
   JD: JDownloader.jar/org/appwork/updatesys/client/UpdateClient$1.class
   JD: JDownloader.jar/org/appwork/updatesys/client/UpdateClient$10.class
   JD: JDownloader.jar/org/appwork/updatesys/client/UpdateClient$11.class
   JD: JDownloader.jar/org/appwork/updatesys/client/UpdateClient$12.class
   JD: JDownloader.jar/org/appwork/updatesys/client/UpdateClient$13.class
   JD: JDownloader.jar/org/appwork/updatesys/client/UpdateClient$14.class
   JD: JDownloader.jar/org/appwork/updatesys/client/UpdateClient$15.class
   JD: JDownloader.jar/org/appwork/updatesys/client/UpdateClient$16$1.class
   JD: JDownloader.jar/org/appwork/updatesys/client/UpdateClient$16.class
   JD: JDownloader.jar/org/appwork/updatesys/client/UpdateClient$17.class
   JD: JDownloader.jar/org/appwork/updatesys/client/UpdateClient$18.class
   JD: JDownloader.jar/org/appwork/updatesys/client/UpdateClient$19.class
   JD: JDownloader.jar/org/appwork/updatesys/client/UpdateClient$2.class
   JD: JDownloader.jar/org/appwork/updatesys/client/UpdateClient$20.class
   JD: JDownloader.jar/org/appwork/updatesys/client/UpdateClient$21.class
   JD: JDownloader.jar/org/appwork/updatesys/client/UpdateClient$22.class
   JD: JDownloader.jar/org/appwork/updatesys/client/UpdateClient$23.class
   JD: JDownloader.jar/org/appwork/updatesys/client/UpdateClient$24.class
   JD: JDownloader.jar/org/appwork/updatesys/client/UpdateClient$25.class
   JD: JDownloader.jar/org/appwork/updatesys/client/UpdateClient$26.class
   JD: JDownloader.jar/org/appwork/updatesys/client/UpdateClient$27.class
   JD: JDownloader.jar/org/appwork/updatesys/client/UpdateClient$28.class
   JD: JDownloader.jar/org/appwork/updatesys/client/UpdateClient$29.class
   JD: JDownloader.jar/org/appwork/updatesys/client/UpdateClient$3.class
   JD: JDownloader.jar/org/appwork/updatesys/client/UpdateClient$30.class
   JD: JDownloader.jar/org/appwork/updatesys/client/UpdateClient$31.class
   JD: JDownloader.jar/org/appwork/updatesys/client/UpdateClient$32.class
   JD: JDownloader.jar/org/appwork/updatesys/client/UpdateClient$33.class
   JD: JDownloader.jar/org/appwork/updatesys/client/UpdateClient$4.class
   JD: JDownloader.jar/org/appwork/updatesys/client/UpdateClient$5.class
   JD: JDownloader.jar/org/appwork/updatesys/client/UpdateClient$6.class
   JD: JDownloader.jar/org/appwork/updatesys/client/UpdateClient$7.class
   JD: JDownloader.jar/org/appwork/updatesys/client/UpdateClient$8.class
   JD: JDownloader.jar/org/appwork/updatesys/client/UpdateClient$9.class
   JD: JDownloader.jar/org/appwork/updatesys/client/UpdateClient$ClientOptionAction.class
   JD: JDownloader.jar/org/appwork/updatesys/client/UpdateClient$ClientOptionActionType.class
   JD: JDownloader.jar/org/appwork/updatesys/client/UpdateClient$ClientServiceExecuter.class
   JD: JDownloader.jar/org/appwork/updatesys/client/UpdateClient$DownloadProgress.class
   JD: JDownloader.jar/org/appwork/updatesys/client/UpdateClient$DownloadResultMap.class
   JD: JDownloader.jar/org/appwork/updatesys/client/UpdateClient$Module.class
   JD: JDownloader.jar/org/appwork/updatesys/client/UpdateClient$UninstallResult.class
   JD: JDownloader.jar/org/appwork/updatesys/client/UpdateClient.class
   JD: JDownloader.jar/org/appwork/updatesys/client/defaultimpl/UrlFactoryImpl.class
   JD: JDownloader.jar/org/appwork/updatesys/client/defaultimpl/http/HttpClientImpl$1.class
   JD: JDownloader.jar/org/appwork/updatesys/client/defaultimpl/http/HttpClientImpl$2.class
   JD: JDownloader.jar/org/appwork/updatesys/client/defaultimpl/http/HttpClientImpl$3.class
   JD: JDownloader.jar/org/appwork/updatesys/client/defaultimpl/http/HttpClientImpl$4.class
   JD: JDownloader.jar/org/appwork/updatesys/client/defaultimpl/http/HttpClientImpl.class
   JD: JDownloader.jar/org/appwork/updatesys/client/iid/HardwareIDGeneratorInterface.class
   JD: JDownloader.jar/org/appwork/updatesys/client/locale/UpdTransDefaultEnglishImpl.class
   JD: JDownloader.jar/org/appwork/updatesys/client/locale/UpdTransInterface.class
   JD: JDownloader.jar/org/appwork/updatesys/client/servertime/ServerTimeHandler.class
   JD: JDownloader.jar/org/appwork/updatesys/client/tracker/Tracker$1.class
   JD: JDownloader.jar/org/appwork/updatesys/client/tracker/Tracker$2.class
   JD: JDownloader.jar/org/appwork/updatesys/client/tracker/Tracker.class
   JD: JDownloader.jar/org/appwork/updatesys/client/tracker/TrafficTracker$4$1.class
   JD: JDownloader.jar/org/appwork/updatesys/client/tracker/TrafficTracker$4.class
   JD: JDownloader.jar/org/appwork/updatesys/client/tracker/TrafficTracker$5.class
   JD: JDownloader.jar/org/appwork/updatesys/client/tracker/TrafficTracker$6.class
   JD: JDownloader.jar/org/appwork/updatesys/client/tracker/TrafficTracker.class
   JD: JDownloader.jar/org/appwork/updatesys/transport/Pkg$1.class
   JD: JDownloader.jar/org/appwork/updatesys/transport/Pkg$2.class
   JD: JDownloader.jar/org/appwork/updatesys/transport/Pkg$3.class
   JD: JDownloader.jar/org/appwork/updatesys/transport/Pkg.class
   JD: JDownloader.jar/org/appwork/updatesys/transport/exchange/Constants.class
   JD: JDownloader.jar/org/appwork/updatesys/transport/exchange/ErrorResponse.class
   JD: JDownloader.jar/org/appwork/updatesys/transport/exchange/IDsResponse.class
   JD: JDownloader.jar/org/appwork/updatesys/transport/exchange/LastChanceResponse.class
   JD: JDownloader.jar/org/appwork/updatesys/transport/exchange/NoChangesResponse.class
   JD: JDownloader.jar/org/appwork/updatesys/transport/exchange/PackageResponse.class
   JD: JDownloader.jar/org/appwork/updatesys/transport/exchange/ProtocolVersions.class
   JD: JDownloader.jar/org/appwork/updatesys/transport/exchange/ResponseStatus.class
   JD: JDownloader.jar/org/appwork/updatesys/transport/exchange/Revision.class
   JD: JDownloader.jar/org/appwork/updatesys/transport/exchange/SessionInitData.class
   JD: JDownloader.jar/org/appwork/updatesys/transport/exchange/SyncedTime$1.class
   JD: JDownloader.jar/org/appwork/updatesys/transport/exchange/SyncedTime$2.class
   JD: JDownloader.jar/org/appwork/updatesys/transport/exchange/SyncedTime$AtomicStorage.class
   JD: JDownloader.jar/org/appwork/updatesys/transport/exchange/SyncedTime$SyncType.class
   JD: JDownloader.jar/org/appwork/updatesys/transport/exchange/SyncedTime.class
   JD: JDownloader.jar/org/appwork/updatesys/transport/exchange/UninstallInfo$1.class
   JD: JDownloader.jar/org/appwork/updatesys/transport/exchange/UninstallInfo$ExecuteRule.class
   JD: JDownloader.jar/org/appwork/updatesys/transport/exchange/UninstallInfo.class
   JD: JDownloader.jar/org/appwork/updatesys/transport/exchange/Up2DateResponse.class
   JD: JDownloader.jar/org/appwork/updatesys/transport/exchange/WaitResponse.class
   JD: JDownloader.jar/org/appwork/updatesys/transport/exchange/interfaces/ExportRevisionResponseInterface$1.class
   JD: JDownloader.jar/org/appwork/updatesys/transport/exchange/interfaces/ExportRevisionResponseInterface.class
   JD: JDownloader.jar/org/appwork/updatesys/transport/exchange/interfaces/LocalPackageResponseInterface.class
   JD: JDownloader.jar/org/appwork/updatesys/transport/exchange/interfaces/RevisionResponseInterface$1.class
   JD: JDownloader.jar/org/appwork/updatesys/transport/exchange/interfaces/RevisionResponseInterface.class
   JD: JDownloader.jar/org/appwork/updatesys/transport/exchange/json/ErrorJsonResponse$1.class
   JD: JDownloader.jar/org/appwork/updatesys/transport/exchange/json/ErrorJsonResponse.class
   JD: JDownloader.jar/org/appwork/updatesys/transport/exchange/json/IDsJsonResponse$1.class
   JD: JDownloader.jar/org/appwork/updatesys/transport/exchange/json/IDsJsonResponse.class
   JD: JDownloader.jar/org/appwork/updatesys/transport/exchange/json/LocalPackageJsonResponse$1.class
   JD: JDownloader.jar/org/appwork/updatesys/transport/exchange/json/LocalPackageJsonResponse.class
   JD: JDownloader.jar/org/appwork/updatesys/transport/exchange/json/NoChangesJsonResponse$1.class
   JD: JDownloader.jar/org/appwork/updatesys/transport/exchange/json/NoChangesJsonResponse.class
   JD: JDownloader.jar/org/appwork/updatesys/transport/exchange/json/PackageJsonResponse$1.class
   JD: JDownloader.jar/org/appwork/updatesys/transport/exchange/json/PackageJsonResponse.class
   JD: JDownloader.jar/org/appwork/updatesys/transport/exchange/json/Up2DateJsonResponse$1.class
   JD: JDownloader.jar/org/appwork/updatesys/transport/exchange/json/Up2DateJsonResponse.class
   JD: JDownloader.jar/org/appwork/updatesys/transport/exchange/json/WaitJsonResponse$1.class
   JD: JDownloader.jar/org/appwork/updatesys/transport/exchange/json/WaitJsonResponse.class
   JD: JDownloader.jar/org/appwork/updatesys/transport/exchange/setup/UninstallRule.class
   JD: JDownloader.jar/org/appwork/updatesys/transport/exchange/setup/UninstallRuleSet$1.class
   JD: JDownloader.jar/org/appwork/updatesys/transport/exchange/setup/UninstallRuleSet.class
   JD: JDownloader.jar/org/appwork/updatesys/transport/exchange/tests/SyncedTimeJSONTest.class
   JD: JDownloader.jar/org/appwork/updatesys/transport/exchange/tests/UninstallInfoBuilder.class
   JD: JDownloader.jar/org/appwork/updatesys/transport/exchange/track/BasicDownloadTrackData.class
   JD: JDownloader.jar/org/appwork/updatesys/transport/exchange/track/DiscardedPackageDataTrackItem.class
   JD: JDownloader.jar/org/appwork/updatesys/transport/exchange/track/HardwareInfoStorable.class
   JD: JDownloader.jar/org/appwork/updatesys/transport/exchange/track/PackageMode.class
   JD: JDownloader.jar/org/appwork/updatesys/transport/exchange/track/SelfUpdateInstallationTrackData.class
   JD: JDownloader.jar/org/appwork/updatesys/transport/exchange/track/TrafficLog.class
   JD: JDownloader.jar/org/appwork/utils/BinaryLogic.class
   JD: JDownloader.jar/org/appwork/utils/CompareUtils$Couple.class
   JD: JDownloader.jar/org/appwork/utils/CompareUtils.class
   JD: JDownloader.jar/org/appwork/utils/Exceptions$1.class
   JD: JDownloader.jar/org/appwork/utils/Exceptions.class
   JD: JDownloader.jar/org/appwork/utils/KeyValueEntry.class
   JD: JDownloader.jar/org/appwork/utils/ValueEntry.class
   JD: JDownloader.jar/org/appwork/utils/awfc/AWFCInputStream.class
   JD: JDownloader.jar/org/appwork/utils/net/BasicHTTP/BasicHTTP$1.class
   JD: JDownloader.jar/org/appwork/utils/net/BasicHTTP/BasicHTTP.class
   JD: JDownloader.jar/org/appwork/utils/net/CountingOutputStream.class
   JD: JDownloader.jar/org/appwork/utils/net/HTTPHeader.class
   JD: JDownloader.jar/org/appwork/utils/net/InterruptibleInputStream.class
   JD: JDownloader.jar/org/appwork/utils/net/httpconnection/HTTPConnection$RequestMethod.class
   JD: JDownloader.jar/org/appwork/utils/net/httpconnection/HTTPConnection.class
   JD: JDownloader.jar/org/appwork/utils/net/httpconnection/HTTPConnectionImpl$1.class
   JD: JDownloader.jar/org/appwork/utils/net/httpconnection/HTTPConnectionImpl$2.class
   JD: JDownloader.jar/org/appwork/utils/net/httpconnection/HTTPConnectionImpl$3.class
   JD: JDownloader.jar/org/appwork/utils/net/httpconnection/HTTPConnectionImpl$4.class
   JD: JDownloader.jar/org/appwork/utils/net/httpconnection/HTTPConnectionImpl$5.class
   JD: JDownloader.jar/org/appwork/utils/net/httpconnection/HTTPConnectionImpl$KEEPALIVE.class
   JD: JDownloader.jar/org/appwork/utils/net/httpconnection/HTTPConnectionImpl$SSL_STATE.class
   JD: JDownloader.jar/org/appwork/utils/net/httpconnection/HTTPConnectionImpl.class
   JD: JDownloader.jar/org/appwork/utils/net/httpconnection/HTTPConnectionUtils$1.class
   JD: JDownloader.jar/org/appwork/utils/net/httpconnection/HTTPConnectionUtils$2.class
   JD: JDownloader.jar/org/appwork/utils/net/httpconnection/HTTPConnectionUtils$3.class
   JD: JDownloader.jar/org/appwork/utils/net/httpconnection/HTTPConnectionUtils$DispositionHeader.class
   JD: JDownloader.jar/org/appwork/utils/net/httpconnection/HTTPConnectionUtils$IPVERSION.class
   JD: JDownloader.jar/org/appwork/utils/net/httpconnection/HTTPConnectionUtils.class
   JD: JDownloader.jar/org/appwork/utils/net/httpconnection/HTTPOutputStream.class
   JD: JDownloader.jar/org/appwork/utils/net/httpconnection/JavaSSLSocketStreamFactory$1.class
   JD: JDownloader.jar/org/appwork/utils/net/httpconnection/JavaSSLSocketStreamFactory$2.class.removed
   JD: JDownloader.jar/org/appwork/utils/net/httpconnection/JavaSSLSocketStreamFactory$3.class
   JD: JDownloader.jar/org/appwork/utils/net/httpconnection/JavaSSLSocketStreamFactory$4.class
   JD: JDownloader.jar/org/appwork/utils/net/httpconnection/JavaSSLSocketStreamFactory$JSSESSLSocketStreamInterface.class
   JD: JDownloader.jar/org/appwork/utils/net/httpconnection/JavaSSLSocketStreamFactory$TLS.class
   JD: JDownloader.jar/org/appwork/utils/net/httpconnection/JavaSSLSocketStreamFactory.class
   JD: JDownloader.jar/org/appwork/utils/net/httpconnection/NativeHTTPConnectionImpl$3.class
   JD: JDownloader.jar/org/appwork/utils/net/httpconnection/NativeHTTPConnectionImpl$4.class
   JD: JDownloader.jar/org/appwork/utils/net/httpconnection/NativeHTTPConnectionImpl$5.class
   JD: JDownloader.jar/org/appwork/utils/net/httpconnection/NativeHTTPConnectionImpl$6.class
   JD: JDownloader.jar/org/appwork/utils/net/httpconnection/NativeHTTPConnectionImpl$7.class
   JD: JDownloader.jar/org/appwork/utils/net/httpconnection/NativeHTTPConnectionImpl.class
   JD: JDownloader.jar/org/appwork/utils/net/httpconnection/NativeSSLSocketStreamFactory$1.class
   JD: JDownloader.jar/org/appwork/utils/net/httpconnection/NativeSSLSocketStreamFactory$2.class
   JD: JDownloader.jar/org/appwork/utils/net/httpconnection/NativeSSLSocketStreamFactory$3.class
   JD: JDownloader.jar/org/appwork/utils/net/httpconnection/NativeSSLSocketStreamFactory$NativeSSLSocketStreamInterface.class
   JD: JDownloader.jar/org/appwork/utils/net/httpconnection/NativeSSLSocketStreamFactory.class
   JD: JDownloader.jar/org/appwork/utils/net/httpconnection/SSLSocketStreamFactory.class
   JD: JDownloader.jar/org/appwork/utils/net/httpserver/HttpConnection$1.class
   JD: JDownloader.jar/org/appwork/utils/net/httpserver/HttpConnection$HttpConnectionType.class
   JD: JDownloader.jar/org/appwork/utils/net/httpserver/HttpConnection.class
   JD: JDownloader.jar/org/appwork/utils/net/httpserver/OutputStreamIsAlreadyInUseException.class
   JD: JDownloader.jar/org/appwork/utils/net/httpserver/requests/PostRequest$1.class
   JD: JDownloader.jar/org/appwork/utils/net/httpserver/requests/PostRequest$2.class
   JD: JDownloader.jar/org/appwork/utils/net/httpserver/requests/PostRequest$3.class
   JD: JDownloader.jar/org/appwork/utils/net/httpserver/requests/PostRequest$CONTENT_TYPE.class
   JD: JDownloader.jar/org/appwork/utils/net/httpserver/requests/PostRequest.class
   JD: JDownloader.jar/org/appwork/utils/net/usenet/SimpleUseNet$1.class
   JD: JDownloader.jar/org/appwork/utils/net/usenet/SimpleUseNet$2.class
   JD: JDownloader.jar/org/appwork/utils/net/usenet/SimpleUseNet.class
   JD: JDownloader.jar/org/appwork/utils/os/CrossSystem$1.class
   JD: JDownloader.jar/org/appwork/utils/os/CrossSystem$2.class
   JD: JDownloader.jar/org/appwork/utils/os/CrossSystem$3.class
   JD: JDownloader.jar/org/appwork/utils/os/CrossSystem$4.class
   JD: JDownloader.jar/org/appwork/utils/os/CrossSystem$ARCHFamily.class
   JD: JDownloader.jar/org/appwork/utils/os/CrossSystem$OSFamily.class
   JD: JDownloader.jar/org/appwork/utils/os/CrossSystem$OperatingSystem.class
   JD: JDownloader.jar/org/appwork/utils/os/CrossSystem.class
   JD: JDownloader.jar/org/appwork/utils/os/hardware/QNAP.class
   JD: JDownloader.jar/org/appwork/utils/speedmeter/AverageSpeedMeter.class
   JD: JDownloader.jar/org/appwork/utils/speedmeter/SpeedMeterInterface$Resolution$1.class
   JD: JDownloader.jar/org/appwork/utils/speedmeter/SpeedMeterInterface$Resolution$2.class
   JD: JDownloader.jar/org/appwork/utils/speedmeter/SpeedMeterInterface$Resolution$3.class
   JD: JDownloader.jar/org/appwork/utils/speedmeter/SpeedMeterInterface$Resolution$4.class
   JD: JDownloader.jar/org/appwork/utils/speedmeter/SpeedMeterInterface$Resolution.class
   JD: JDownloader.jar/org/appwork/utils/swing/dialog/ProgressDialog$1.class
   JD: JDownloader.jar/org/appwork/utils/swing/dialog/ProgressDialog$2.class
   JD: JDownloader.jar/org/appwork/utils/swing/dialog/ProgressDialog$3.class
   JD: JDownloader.jar/org/appwork/utils/swing/dialog/ProgressDialog$4$1.class
   JD: JDownloader.jar/org/appwork/utils/swing/dialog/ProgressDialog$4.class
   JD: JDownloader.jar/org/appwork/utils/swing/dialog/ProgressDialog.class
   JD: JDownloader.jar/org/jdownloader/update/AWFUpdatePackage.class
   JD: JDownloader.jar/org/jdownloader/update/Info.class
   JD: JDownloader.jar/org/jdownloader/update/JDUpdateClient$1.class
   JD: JDownloader.jar/org/jdownloader/update/JDUpdateClient$2.class
   JD: JDownloader.jar/org/jdownloader/update/JDUpdateClient$3.class
   JD: JDownloader.jar/org/jdownloader/update/JDUpdateClient$4.class
   JD: JDownloader.jar/org/jdownloader/update/JDUpdateClient$5.class
   JD: JDownloader.jar/org/jdownloader/update/JDUpdateClient$6.class
   JD: JDownloader.jar/org/jdownloader/update/JDUpdateClient$7.class
   JD: JDownloader.jar/org/jdownloader/update/JDUpdateClient$JDExtensionManager.class
   JD: JDownloader.jar/org/jdownloader/update/JDUpdateClient.class
   JD: JDownloader.jar/org/jdownloader/update/SelfUpdateClient$1.class
   JD: JDownloader.jar/org/jdownloader/update/SelfUpdateClient$2.class
   JD: JDownloader.jar/org/jdownloader/update/SelfUpdateClient$3.class
   JD: JDownloader.jar/org/jdownloader/update/SelfUpdateClient$4.class
   JD: JDownloader.jar/org/jdownloader/update/SelfUpdateClient$5.class
   JD: JDownloader.jar/org/jdownloader/update/SelfUpdateClient$6.class
   JD: JDownloader.jar/org/jdownloader/update/SelfUpdateClient$7.class
   JD: JDownloader.jar/org/jdownloader/update/SelfUpdateClient$8.class
   JD: JDownloader.jar/org/jdownloader/update/SelfUpdateClient.class
   JD: JDownloader.jar/org/jdownloader/update/UpdateManager$1.class
   JD: JDownloader.jar/org/jdownloader/update/UpdateManager$10.class
   JD: JDownloader.jar/org/jdownloader/update/UpdateManager$11.class
   JD: JDownloader.jar/org/jdownloader/update/UpdateManager$12.class
   JD: JDownloader.jar/org/jdownloader/update/UpdateManager$13.class
   JD: JDownloader.jar/org/jdownloader/update/UpdateManager$14.class
   JD: JDownloader.jar/org/jdownloader/update/UpdateManager$15.class
   JD: JDownloader.jar/org/jdownloader/update/UpdateManager$16.class
   JD: JDownloader.jar/org/jdownloader/update/UpdateManager$17.class.removed
   JD: JDownloader.jar/org/jdownloader/update/UpdateManager$18.class
   JD: JDownloader.jar/org/jdownloader/update/UpdateManager$19.class
   JD: JDownloader.jar/org/jdownloader/update/UpdateManager$2.class
   JD: JDownloader.jar/org/jdownloader/update/UpdateManager$20.class
   JD: JDownloader.jar/org/jdownloader/update/UpdateManager$21.class
   JD: JDownloader.jar/org/jdownloader/update/UpdateManager$22.class
   JD: JDownloader.jar/org/jdownloader/update/UpdateManager$23.class
   JD: JDownloader.jar/org/jdownloader/update/UpdateManager$3.class
   JD: JDownloader.jar/org/jdownloader/update/UpdateManager$4.class
   JD: JDownloader.jar/org/jdownloader/update/UpdateManager$5$1$1.class
   JD: JDownloader.jar/org/jdownloader/update/UpdateManager$5$1.class
   JD: JDownloader.jar/org/jdownloader/update/UpdateManager$5$2.class
   JD: JDownloader.jar/org/jdownloader/update/UpdateManager$5.class
   JD: JDownloader.jar/org/jdownloader/update/UpdateManager$6.class
   JD: JDownloader.jar/org/jdownloader/update/UpdateManager$7.class
   JD: JDownloader.jar/org/jdownloader/update/UpdateManager$8.class
   JD: JDownloader.jar/org/jdownloader/update/UpdateManager$9.class
   JD: JDownloader.jar/org/jdownloader/update/UpdateManager.class
   JD: JDownloader.jar/org/jdownloader/update/awf/AWFArchive.class
   JD: JDownloader.jar/org/jdownloader/update/gui/UpdateGuiWrapper$1.class
   JD: JDownloader.jar/org/jdownloader/update/gui/UpdateGuiWrapper$10.class
   JD: JDownloader.jar/org/jdownloader/update/gui/UpdateGuiWrapper$11.class
   JD: JDownloader.jar/org/jdownloader/update/gui/UpdateGuiWrapper$2.class
   JD: JDownloader.jar/org/jdownloader/update/gui/UpdateGuiWrapper$3.class
   JD: JDownloader.jar/org/jdownloader/update/gui/UpdateGuiWrapper$4$1.class.removed
   JD: JDownloader.jar/org/jdownloader/update/gui/UpdateGuiWrapper$4.class
   JD: JDownloader.jar/org/jdownloader/update/gui/UpdateGuiWrapper$5.class
   JD: JDownloader.jar/org/jdownloader/update/gui/UpdateGuiWrapper$6.class
   JD: JDownloader.jar/org/jdownloader/update/gui/UpdateGuiWrapper$7$1.class
   JD: JDownloader.jar/org/jdownloader/update/gui/UpdateGuiWrapper$7.class
   JD: JDownloader.jar/org/jdownloader/update/gui/UpdateGuiWrapper$8.class
   JD: JDownloader.jar/org/jdownloader/update/gui/UpdateGuiWrapper$9.class
   JD: JDownloader.jar/org/jdownloader/update/gui/UpdateGuiWrapper.class
   JD: JDownloader.jar/org/jdownloader/updatev2/gui/LAFOptions.class
   JD: JDownloader.jar/org/tukaani/xz/ARMOptions.class
   JD: JDownloader.jar/org/tukaani/xz/ARMThumbOptions.class
   JD: JDownloader.jar/org/tukaani/xz/ArrayCache.class
   JD: JDownloader.jar/org/tukaani/xz/BCJCoder.class
   JD: JDownloader.jar/org/tukaani/xz/BCJDecoder.class
   JD: JDownloader.jar/org/tukaani/xz/BCJEncoder.class
   JD: JDownloader.jar/org/tukaani/xz/BCJOptions.class
   JD: JDownloader.jar/org/tukaani/xz/BasicArrayCache$1.class
   JD: JDownloader.jar/org/tukaani/xz/BasicArrayCache$CacheMap.class
   JD: JDownloader.jar/org/tukaani/xz/BasicArrayCache$CyclicStack.class
   JD: JDownloader.jar/org/tukaani/xz/BasicArrayCache$LazyHolder.class
   JD: JDownloader.jar/org/tukaani/xz/BasicArrayCache.class
   JD: JDownloader.jar/org/tukaani/xz/BlockInputStream.class
   JD: JDownloader.jar/org/tukaani/xz/BlockOutputStream.class
   JD: JDownloader.jar/org/tukaani/xz/CloseIgnoringInputStream.class
   JD: JDownloader.jar/org/tukaani/xz/CorruptedInputException.class
   JD: JDownloader.jar/org/tukaani/xz/CountingInputStream.class
   JD: JDownloader.jar/org/tukaani/xz/CountingOutputStream.class
   JD: JDownloader.jar/org/tukaani/xz/DeltaCoder.class
   JD: JDownloader.jar/org/tukaani/xz/DeltaDecoder.class
   JD: JDownloader.jar/org/tukaani/xz/DeltaEncoder.class
   JD: JDownloader.jar/org/tukaani/xz/DeltaInputStream.class
   JD: JDownloader.jar/org/tukaani/xz/DeltaOptions.class
   JD: JDownloader.jar/org/tukaani/xz/DeltaOutputStream.class
   JD: JDownloader.jar/org/tukaani/xz/FilterCoder.class
   JD: JDownloader.jar/org/tukaani/xz/FilterDecoder.class
   JD: JDownloader.jar/org/tukaani/xz/FilterEncoder.class
   JD: JDownloader.jar/org/tukaani/xz/FilterOptions.class
   JD: JDownloader.jar/org/tukaani/xz/FinishableOutputStream.class
   JD: JDownloader.jar/org/tukaani/xz/FinishableWrapperOutputStream.class
   JD: JDownloader.jar/org/tukaani/xz/IA64Options.class
   JD: JDownloader.jar/org/tukaani/xz/IndexIndicatorException.class
   JD: JDownloader.jar/org/tukaani/xz/LZMA2Coder.class
   JD: JDownloader.jar/org/tukaani/xz/LZMA2Decoder.class
   JD: JDownloader.jar/org/tukaani/xz/LZMA2Encoder.class
   JD: JDownloader.jar/org/tukaani/xz/LZMA2InputStream.class
   JD: JDownloader.jar/org/tukaani/xz/LZMA2Options.class
   JD: JDownloader.jar/org/tukaani/xz/LZMA2OutputStream.class
   JD: JDownloader.jar/org/tukaani/xz/LZMAInputStream.class
   JD: JDownloader.jar/org/tukaani/xz/LZMAOutputStream.class
   JD: JDownloader.jar/org/tukaani/xz/MemoryLimitException.class
   JD: JDownloader.jar/org/tukaani/xz/PowerPCOptions.class
   JD: JDownloader.jar/org/tukaani/xz/RawCoder.class
   JD: JDownloader.jar/org/tukaani/xz/ResettableArrayCache.class
   JD: JDownloader.jar/org/tukaani/xz/SPARCOptions.class
   JD: JDownloader.jar/org/tukaani/xz/SeekableFileInputStream.class
   JD: JDownloader.jar/org/tukaani/xz/SeekableInputStream.class
   JD: JDownloader.jar/org/tukaani/xz/SeekableXZInputStream.class
   JD: JDownloader.jar/org/tukaani/xz/SimpleInputStream.class
   JD: JDownloader.jar/org/tukaani/xz/SimpleOutputStream.class
   JD: JDownloader.jar/org/tukaani/xz/SingleXZInputStream.class
   JD: JDownloader.jar/org/tukaani/xz/UncompressedLZMA2OutputStream.class
   JD: JDownloader.jar/org/tukaani/xz/UnsupportedOptionsException.class
   JD: JDownloader.jar/org/tukaani/xz/X86Options.class
   JD: JDownloader.jar/org/tukaani/xz/XZ.class
   JD: JDownloader.jar/org/tukaani/xz/XZFormatException.class
   JD: JDownloader.jar/org/tukaani/xz/XZIOException.class
   JD: JDownloader.jar/org/tukaani/xz/XZInputStream.class
   JD: JDownloader.jar/org/tukaani/xz/XZOutputStream.class
   JD: JDownloader.jar/org/tukaani/xz/check/CRC32.class
   JD: JDownloader.jar/org/tukaani/xz/check/CRC64.class
   JD: JDownloader.jar/org/tukaani/xz/check/Check.class
   JD: JDownloader.jar/org/tukaani/xz/check/None.class
   JD: JDownloader.jar/org/tukaani/xz/check/SHA256.class
   JD: JDownloader.jar/org/tukaani/xz/common/DecoderUtil.class
   JD: JDownloader.jar/org/tukaani/xz/common/EncoderUtil.class
   JD: JDownloader.jar/org/tukaani/xz/common/StreamFlags.class
   JD: JDownloader.jar/org/tukaani/xz/common/Util.class
   JD: JDownloader.jar/org/tukaani/xz/delta/DeltaCoder.class
   JD: JDownloader.jar/org/tukaani/xz/delta/DeltaDecoder.class
   JD: JDownloader.jar/org/tukaani/xz/delta/DeltaEncoder.class
   JD: JDownloader.jar/org/tukaani/xz/index/BlockInfo.class
   JD: JDownloader.jar/org/tukaani/xz/index/IndexBase.class
   JD: JDownloader.jar/org/tukaani/xz/index/IndexDecoder.class
   JD: JDownloader.jar/org/tukaani/xz/index/IndexEncoder.class
   JD: JDownloader.jar/org/tukaani/xz/index/IndexHash.class
   JD: JDownloader.jar/org/tukaani/xz/index/IndexRecord.class
   JD: JDownloader.jar/org/tukaani/xz/lz/BT4.class
   JD: JDownloader.jar/org/tukaani/xz/lz/CRC32Hash.class
   JD: JDownloader.jar/org/tukaani/xz/lz/HC4.class
   JD: JDownloader.jar/org/tukaani/xz/lz/Hash234.class
   JD: JDownloader.jar/org/tukaani/xz/lz/LZDecoder.class
   JD: JDownloader.jar/org/tukaani/xz/lz/LZEncoder.class
   JD: JDownloader.jar/org/tukaani/xz/lz/Matches.class
   JD: JDownloader.jar/org/tukaani/xz/lzma/LZMACoder$LengthCoder.class
   JD: JDownloader.jar/org/tukaani/xz/lzma/LZMACoder$LiteralCoder$LiteralSubcoder.class
   JD: JDownloader.jar/org/tukaani/xz/lzma/LZMACoder$LiteralCoder.class
   JD: JDownloader.jar/org/tukaani/xz/lzma/LZMACoder.class
   JD: JDownloader.jar/org/tukaani/xz/lzma/LZMADecoder$1.class
   JD: JDownloader.jar/org/tukaani/xz/lzma/LZMADecoder$LengthDecoder.class
   JD: JDownloader.jar/org/tukaani/xz/lzma/LZMADecoder$LiteralDecoder$LiteralSubdecoder.class
   JD: JDownloader.jar/org/tukaani/xz/lzma/LZMADecoder$LiteralDecoder.class
   JD: JDownloader.jar/org/tukaani/xz/lzma/LZMADecoder.class
   JD: JDownloader.jar/org/tukaani/xz/lzma/LZMAEncoder$1.class
   JD: JDownloader.jar/org/tukaani/xz/lzma/LZMAEncoder$LengthEncoder.class
   JD: JDownloader.jar/org/tukaani/xz/lzma/LZMAEncoder$LiteralEncoder$LiteralSubencoder.class
   JD: JDownloader.jar/org/tukaani/xz/lzma/LZMAEncoder$LiteralEncoder.class
   JD: JDownloader.jar/org/tukaani/xz/lzma/LZMAEncoder.class
   JD: JDownloader.jar/org/tukaani/xz/lzma/LZMAEncoderFast.class
   JD: JDownloader.jar/org/tukaani/xz/lzma/LZMAEncoderNormal.class
   JD: JDownloader.jar/org/tukaani/xz/lzma/Optimum.class
   JD: JDownloader.jar/org/tukaani/xz/lzma/State.class
   JD: JDownloader.jar/org/tukaani/xz/rangecoder/RangeCoder.class
   JD: JDownloader.jar/org/tukaani/xz/rangecoder/RangeDecoder.class
   JD: JDownloader.jar/org/tukaani/xz/rangecoder/RangeDecoderFromBuffer.class
   JD: JDownloader.jar/org/tukaani/xz/rangecoder/RangeDecoderFromStream.class
   JD: JDownloader.jar/org/tukaani/xz/rangecoder/RangeEncoder.class
   JD: JDownloader.jar/org/tukaani/xz/rangecoder/RangeEncoderToBuffer.class
   JD: JDownloader.jar/org/tukaani/xz/rangecoder/RangeEncoderToStream.class
   JD: JDownloader.jar/org/tukaani/xz/simple/ARM.class
   JD: JDownloader.jar/org/tukaani/xz/simple/ARMThumb.class
   JD: JDownloader.jar/org/tukaani/xz/simple/IA64.class
   JD: JDownloader.jar/org/tukaani/xz/simple/PowerPC.class
   JD: JDownloader.jar/org/tukaani/xz/simple/SPARC.class
   JD: JDownloader.jar/org/tukaani/xz/simple/SimpleFilter.class
   JD: JDownloader.jar/org/tukaani/xz/simple/X86.class
