Thu Dec 01 15:00:15 CST 2022
Package: updatePackage
   JD: JDownloader.jar/org/appwork/app/gui/BasicGui$1$1$1$1.class
   JD: JDownloader.jar/org/appwork/app/gui/BasicGui$1$1$1.class
   JD: JDownloader.jar/org/appwork/app/gui/BasicGui$1$1$2.class
   JD: JDownloader.jar/org/appwork/app/gui/BasicGui$1$1.class
   JD: JDownloader.jar/org/appwork/app/gui/BasicGui$1.class
   JD: JDownloader.jar/org/appwork/app/gui/BasicGui$2$1.class
   JD: JDownloader.jar/org/appwork/app/gui/BasicGui$2.class
   JD: JDownloader.jar/org/appwork/app/gui/BasicGui$3$1.class
   JD: JDownloader.jar/org/appwork/app/gui/BasicGui$3.class
   JD: JDownloader.jar/org/appwork/app/gui/BasicGui.class
   JD: JDownloader.jar/org/appwork/app/gui/copycutpaste/CopyPasteSupport.class
   JD: JDownloader.jar/org/appwork/console/IDEConsole.class
   JD: JDownloader.jar/org/appwork/loggingv3/simple/sink/LogToFileSink$5.class
   JD: JDownloader.jar/org/appwork/loggingv3/simple/sink/LogToFileSink$6.class
   JD: JDownloader.jar/org/appwork/loggingv3/simple/sink/LogToFileSink$CountingOutputStream.class
   JD: JDownloader.jar/org/appwork/loggingv3/simple/sink/LogToFileSink.class
   JD: JDownloader.jar/org/appwork/moncompare/Condition$1.class
   JD: JDownloader.jar/org/appwork/moncompare/Condition$2.class
   JD: JDownloader.jar/org/appwork/moncompare/Condition$AccessByField.class
   JD: JDownloader.jar/org/appwork/moncompare/Condition$AccessByMethod.class
   JD: JDownloader.jar/org/appwork/moncompare/Condition$AccessListElement.class
   JD: JDownloader.jar/org/appwork/moncompare/Condition$AccessMapElement.class
   JD: JDownloader.jar/org/appwork/moncompare/Condition$AccessNotFound.class
   JD: JDownloader.jar/org/appwork/moncompare/Condition$AddOp.class
   JD: JDownloader.jar/org/appwork/moncompare/Condition$AndOp.class
   JD: JDownloader.jar/org/appwork/moncompare/Condition$AnyOp.class
   JD: JDownloader.jar/org/appwork/moncompare/Condition$ConcatOp.class
   JD: JDownloader.jar/org/appwork/moncompare/Condition$ConditionResolver.class
   JD: JDownloader.jar/org/appwork/moncompare/Condition$DivideOp.class
   JD: JDownloader.jar/org/appwork/moncompare/Condition$EachOp.class
   JD: JDownloader.jar/org/appwork/moncompare/Condition$EqOp.class
   JD: JDownloader.jar/org/appwork/moncompare/Condition$ExistsOp.class
   JD: JDownloader.jar/org/appwork/moncompare/Condition$GtOp.class
   JD: JDownloader.jar/org/appwork/moncompare/Condition$GteOp.class
   JD: JDownloader.jar/org/appwork/moncompare/Condition$InOp.class
   JD: JDownloader.jar/org/appwork/moncompare/Condition$KeyOnClass.class
   JD: JDownloader.jar/org/appwork/moncompare/Condition$LtOp.class
   JD: JDownloader.jar/org/appwork/moncompare/Condition$LteOp.class
   JD: JDownloader.jar/org/appwork/moncompare/Condition$MaxOp.class
   JD: JDownloader.jar/org/appwork/moncompare/Condition$MinOp.class
   JD: JDownloader.jar/org/appwork/moncompare/Condition$MultiplyOp.class
   JD: JDownloader.jar/org/appwork/moncompare/Condition$NinOp.class
   JD: JDownloader.jar/org/appwork/moncompare/Condition$NotEqualsOp.class
   JD: JDownloader.jar/org/appwork/moncompare/Condition$NotOp.class
   JD: JDownloader.jar/org/appwork/moncompare/Condition$OpHandler.class
   JD: JDownloader.jar/org/appwork/moncompare/Condition$OrOp.class
   JD: JDownloader.jar/org/appwork/moncompare/Condition$PathHandler.class
   JD: JDownloader.jar/org/appwork/moncompare/Condition$QueryOPResult.class
   JD: JDownloader.jar/org/appwork/moncompare/Condition$RegexFindOp.class
   JD: JDownloader.jar/org/appwork/moncompare/Condition$RegexOp.class
   JD: JDownloader.jar/org/appwork/moncompare/Condition$ResolverOPHandler.class
   JD: JDownloader.jar/org/appwork/moncompare/Condition$SubstracOp.class
   JD: JDownloader.jar/org/appwork/moncompare/Condition$SumOp.class
   JD: JDownloader.jar/org/appwork/moncompare/Condition.class
   JD: JDownloader.jar/org/appwork/moncompare/ConditionBuilder.class
   JD: JDownloader.jar/org/appwork/moncompare/ConditionObjectValueView.class
   JD: JDownloader.jar/org/appwork/moncompare/fromjson/FlexiCondition$1.class
   JD: JDownloader.jar/org/appwork/moncompare/fromjson/FlexiCondition$2.class
   JD: JDownloader.jar/org/appwork/moncompare/fromjson/FlexiCondition$3.class.removed
   JD: JDownloader.jar/org/appwork/moncompare/fromjson/FlexiCondition.class
   JD: JDownloader.jar/org/appwork/moncompare/fromjson/FlexiConditionMapper.class
   JD: JDownloader.jar/org/appwork/moncompare/tests/
   JD: JDownloader.jar/org/appwork/moncompare/tests/ConditionBuilderTest.class
   JD: JDownloader.jar/org/appwork/propertystate/
   JD: JDownloader.jar/org/appwork/propertystate/EmptyStateImpl.class
   JD: JDownloader.jar/org/appwork/propertystate/Manager.class
   JD: JDownloader.jar/org/appwork/propertystate/PropertyAccess.class
   JD: JDownloader.jar/org/appwork/propertystate/PropertyBuilder$Handler.class
   JD: JDownloader.jar/org/appwork/propertystate/PropertyBuilder.class
   JD: JDownloader.jar/org/appwork/propertystate/PropertyCompareHelper.class
   JD: JDownloader.jar/org/appwork/propertystate/PropertyState.class
   JD: JDownloader.jar/org/appwork/propertystate/PropertyStateImpl.class
   JD: JDownloader.jar/org/appwork/propertystate/PropertyStateIndexCache.class
   JD: JDownloader.jar/org/appwork/propertystate/PropertyStateIndexCacheImpl.class
   JD: JDownloader.jar/org/appwork/propertystate/SinglePropertyStateImpl.class
   JD: JDownloader.jar/org/appwork/remoteapi/DefaultDocsPageFactory.class
   JD: JDownloader.jar/org/appwork/remoteapi/InterfaceHandler.class
   JD: JDownloader.jar/org/appwork/remoteapi/RemoteAPI.class
   JD: JDownloader.jar/org/appwork/remoteapi/RemoteAPIResponse.class
   JD: JDownloader.jar/org/appwork/remoteapi/exceptions/BasicRemoteAPIException.class
   JD: JDownloader.jar/org/appwork/remoteapi/upload/RemoteAPIUpload.class
   JD: JDownloader.jar/org/appwork/resources/Theme.class
   JD: JDownloader.jar/org/appwork/scheduler/DelayedRunnable$1.class
   JD: JDownloader.jar/org/appwork/scheduler/DelayedRunnable$2.class
   JD: JDownloader.jar/org/appwork/scheduler/DelayedRunnable.class
   JD: JDownloader.jar/org/appwork/screenshot/ScreenShooter$2.class
   JD: JDownloader.jar/org/appwork/screenshot/ScreenShooter$3.class
   JD: JDownloader.jar/org/appwork/screenshot/ScreenShooter$4.class
   JD: JDownloader.jar/org/appwork/screenshot/ScreenShooter$5$1.class
   JD: JDownloader.jar/org/appwork/screenshot/ScreenShooter$5.class
   JD: JDownloader.jar/org/appwork/screenshot/ScreenShooter.class
   JD: JDownloader.jar/org/appwork/screenshot/ScreensShotHelper.class
   JD: JDownloader.jar/org/appwork/shutdown/ShutdownController$1.class
   JD: JDownloader.jar/org/appwork/shutdown/ShutdownController$2.class
   JD: JDownloader.jar/org/appwork/shutdown/ShutdownController$3.class
   JD: JDownloader.jar/org/appwork/shutdown/ShutdownController$4.class
   JD: JDownloader.jar/org/appwork/shutdown/ShutdownController$ShutdownEventWrapper.class
   JD: JDownloader.jar/org/appwork/shutdown/ShutdownController.class
   JD: JDownloader.jar/org/appwork/storage/FlexiJSonBridge$ExtFlexiJsonMapper$1.class
   JD: JDownloader.jar/org/appwork/storage/FlexiJSonBridge$ExtFlexiJsonMapper$2.class
   JD: JDownloader.jar/org/appwork/storage/FlexiJSonBridge$ExtFlexiJsonMapper.class
   JD: JDownloader.jar/org/appwork/storage/FlexiJSonBridge.class
   JD: JDownloader.jar/org/appwork/storage/JSonStorage$1$1.class
   JD: JDownloader.jar/org/appwork/storage/JSonStorage$1.class
   JD: JDownloader.jar/org/appwork/storage/JSonStorage$2.class
   JD: JDownloader.jar/org/appwork/storage/JSonStorage$3.class
   JD: JDownloader.jar/org/appwork/storage/JSonStorage.class
   JD: JDownloader.jar/org/appwork/storage/StorableAvailableSince.class
   JD: JDownloader.jar/org/appwork/storage/StorableDateFormat.class
   JD: JDownloader.jar/org/appwork/storage/StorableDeprecatedSince.class
   JD: JDownloader.jar/org/appwork/storage/StorableLink.class
   JD: JDownloader.jar/org/appwork/storage/StorableSee.class
   JD: JDownloader.jar/org/appwork/storage/StorableValidateCondition.class
   JD: JDownloader.jar/org/appwork/storage/StorableValidateCondition2.class
   JD: JDownloader.jar/org/appwork/storage/StorableValidateCondition3.class
   JD: JDownloader.jar/org/appwork/storage/StorableValidateRegex.class
   JD: JDownloader.jar/org/appwork/storage/StorableValidateTimestamp.class
   JD: JDownloader.jar/org/appwork/storage/StorableValidateTimestampRelative.class
   JD: JDownloader.jar/org/appwork/storage/StorableValidationLogic.class
   JD: JDownloader.jar/org/appwork/storage/StorableValidator$1.class
   JD: JDownloader.jar/org/appwork/storage/StorableValidator$AddDefaultsMapper.class
   JD: JDownloader.jar/org/appwork/storage/StorableValidator$AvailableSinceException.class
   JD: JDownloader.jar/org/appwork/storage/StorableValidator$CheckerMapper.class
   JD: JDownloader.jar/org/appwork/storage/StorableValidator$DeprecatedException.class
   JD: JDownloader.jar/org/appwork/storage/StorableValidator$EmptyStringException.class
   JD: JDownloader.jar/org/appwork/storage/StorableValidator$InvalidRegularExpressionException.class
   JD: JDownloader.jar/org/appwork/storage/StorableValidator$InvalidTimestampException.class
   JD: JDownloader.jar/org/appwork/storage/StorableValidator$InvalidTypeException.class
   JD: JDownloader.jar/org/appwork/storage/StorableValidator$NullException.class
   JD: JDownloader.jar/org/appwork/storage/StorableValidator$UnknownEnumException.class
   JD: JDownloader.jar/org/appwork/storage/StorableValidator$UnknownPropertyException.class
   JD: JDownloader.jar/org/appwork/storage/StorableValidator$ValidateCondition$1.class
   JD: JDownloader.jar/org/appwork/storage/StorableValidator$ValidateCondition.class
   JD: JDownloader.jar/org/appwork/storage/StorableValidator$ValidatetoDoss.class
   JD: JDownloader.jar/org/appwork/storage/StorableValidator$ValidatorException.class
   JD: JDownloader.jar/org/appwork/storage/StorableValidator.class
   JD: JDownloader.jar/org/appwork/storage/StorableValidatorIgnoreKey.class
   JD: JDownloader.jar/org/appwork/storage/TypeRef$10.class.removed
   JD: JDownloader.jar/org/appwork/storage/TypeRef$11.class.removed
   JD: JDownloader.jar/org/appwork/storage/TypeRef$3.class
   JD: JDownloader.jar/org/appwork/storage/TypeRef$4.class
   JD: JDownloader.jar/org/appwork/storage/TypeRef$5.class
   JD: JDownloader.jar/org/appwork/storage/TypeRef$6.class
   JD: JDownloader.jar/org/appwork/storage/TypeRef$7.class
   JD: JDownloader.jar/org/appwork/storage/TypeRef$8.class
   JD: JDownloader.jar/org/appwork/storage/TypeRef$9.class
   JD: JDownloader.jar/org/appwork/storage/TypeRef.class
   JD: JDownloader.jar/org/appwork/storage/Xml2Json$1.class
   JD: JDownloader.jar/org/appwork/storage/Xml2Json$2.class
   JD: JDownloader.jar/org/appwork/storage/Xml2Json.class
   JD: JDownloader.jar/org/appwork/storage/config/MaxTimeSoftReference$1.class
   JD: JDownloader.jar/org/appwork/storage/config/MaxTimeSoftReference$2.class
   JD: JDownloader.jar/org/appwork/storage/config/MaxTimeSoftReference.class
   JD: JDownloader.jar/org/appwork/storage/config/MaxTimeSoftReferenceCleanupCallback.class
   JD: JDownloader.jar/org/appwork/storage/config/MinTimeWeakReference$1.class
   JD: JDownloader.jar/org/appwork/storage/config/MinTimeWeakReference$2.class
   JD: JDownloader.jar/org/appwork/storage/config/MinTimeWeakReference$3.class
   JD: JDownloader.jar/org/appwork/storage/config/MinTimeWeakReference$4.class
   JD: JDownloader.jar/org/appwork/storage/config/MinTimeWeakReference.class
   JD: JDownloader.jar/org/appwork/storage/config/handler/EnumKeyHandler.class
   JD: JDownloader.jar/org/appwork/storage/config/handler/KeyHandler$1.class
   JD: JDownloader.jar/org/appwork/storage/config/handler/KeyHandler$2.class
   JD: JDownloader.jar/org/appwork/storage/config/handler/KeyHandler$AbstractTypeDefinition.class
   JD: JDownloader.jar/org/appwork/storage/config/handler/KeyHandler.class
   JD: JDownloader.jar/org/appwork/storage/config/handler/StorageHandler$18.class
   JD: JDownloader.jar/org/appwork/storage/config/handler/StorageHandler.class
   JD: JDownloader.jar/org/appwork/storage/config/swing/ValueProvider.class
   JD: JDownloader.jar/org/appwork/storage/config/swing/ValueProviderListener.class
   JD: JDownloader.jar/org/appwork/storage/config/swing/models/ConfigByteSpinnerModel$1.class
   JD: JDownloader.jar/org/appwork/storage/config/swing/models/ConfigByteSpinnerModel$2.class
   JD: JDownloader.jar/org/appwork/storage/config/swing/models/ConfigByteSpinnerModel.class
   JD: JDownloader.jar/org/appwork/storage/config/swing/models/ConfigIntSpinnerModel$1.class
   JD: JDownloader.jar/org/appwork/storage/config/swing/models/ConfigIntSpinnerModel$2.class
   JD: JDownloader.jar/org/appwork/storage/config/swing/models/ConfigIntSpinnerModel.class
   JD: JDownloader.jar/org/appwork/storage/config/swing/models/ConfigLongSpinnerModel$1.class
   JD: JDownloader.jar/org/appwork/storage/config/swing/models/ConfigLongSpinnerModel$2.class
   JD: JDownloader.jar/org/appwork/storage/config/swing/models/ConfigLongSpinnerModel.class
   JD: JDownloader.jar/org/appwork/storage/config/swing/models/ConfigToggleButtonModel$1.class
   JD: JDownloader.jar/org/appwork/storage/config/swing/models/ConfigToggleButtonModel$2.class
   JD: JDownloader.jar/org/appwork/storage/config/swing/models/ConfigToggleButtonModel$3.class
   JD: JDownloader.jar/org/appwork/storage/config/swing/models/ConfigToggleButtonModel.class
   JD: JDownloader.jar/org/appwork/storage/config/swing/models/KeyHandlerProviderBridge$ListenerBridge.class
   JD: JDownloader.jar/org/appwork/storage/config/swing/models/KeyHandlerProviderBridge.class
   JD: JDownloader.jar/org/appwork/storage/config/swing/models/PropertyHandlerProviderBridge$ListenerBridge.class
   JD: JDownloader.jar/org/appwork/storage/config/swing/models/PropertyHandlerProviderBridge.class
   JD: JDownloader.jar/org/appwork/storage/config/utils/ConfigUtils.class
   JD: JDownloader.jar/org/appwork/storage/flexijson/BreakParsingWithoutException.class
   JD: JDownloader.jar/org/appwork/storage/flexijson/FlexiComment.class
   JD: JDownloader.jar/org/appwork/storage/flexijson/FlexiJSONParser$NumberParser.class
   JD: JDownloader.jar/org/appwork/storage/flexijson/FlexiJSONParser$ParsingError.class
   JD: JDownloader.jar/org/appwork/storage/flexijson/FlexiJSONParser.class
   JD: JDownloader.jar/org/appwork/storage/flexijson/FlexiJSonArray.class
   JD: JDownloader.jar/org/appwork/storage/flexijson/FlexiJSonComments.class
   JD: JDownloader.jar/org/appwork/storage/flexijson/FlexiJSonFromProperties.class
   JD: JDownloader.jar/org/appwork/storage/flexijson/FlexiJSonObject.class
   JD: JDownloader.jar/org/appwork/storage/flexijson/FlexiJSonValue.class
   JD: JDownloader.jar/org/appwork/storage/flexijson/FlexiUtils$1$1.class
   JD: JDownloader.jar/org/appwork/storage/flexijson/FlexiUtils$1.class
   JD: JDownloader.jar/org/appwork/storage/flexijson/FlexiUtils$2$1.class
   JD: JDownloader.jar/org/appwork/storage/flexijson/FlexiUtils$2.class
   JD: JDownloader.jar/org/appwork/storage/flexijson/FlexiUtils.class
   JD: JDownloader.jar/org/appwork/storage/flexijson/JSPath.class
   JD: JDownloader.jar/org/appwork/storage/flexijson/KeyValueElement.class
   JD: JDownloader.jar/org/appwork/storage/flexijson/config/
   JD: JDownloader.jar/org/appwork/storage/flexijson/config/FlexiConfigBuilder$1.class
   JD: JDownloader.jar/org/appwork/storage/flexijson/config/FlexiConfigBuilder$2.class
   JD: JDownloader.jar/org/appwork/storage/flexijson/config/FlexiConfigBuilder$FlexiConfigHandler.class
   JD: JDownloader.jar/org/appwork/storage/flexijson/config/FlexiConfigBuilder$ShutdownHook.class
   JD: JDownloader.jar/org/appwork/storage/flexijson/config/FlexiConfigBuilder.class
   JD: JDownloader.jar/org/appwork/storage/flexijson/config/FlexiConfigFromJsonConfigBuilder$1.class
   JD: JDownloader.jar/org/appwork/storage/flexijson/config/FlexiConfigFromJsonConfigBuilder$2.class
   JD: JDownloader.jar/org/appwork/storage/flexijson/config/FlexiConfigFromJsonConfigBuilder$ConfigBridgeInvocationHandler.class
   JD: JDownloader.jar/org/appwork/storage/flexijson/config/FlexiConfigFromJsonConfigBuilder.class
   JD: JDownloader.jar/org/appwork/storage/flexijson/config/ide/
   JD: JDownloader.jar/org/appwork/storage/flexijson/config/ide/STATIC_CFG_CLASS_GENERATOR.class
   JD: JDownloader.jar/org/appwork/storage/flexijson/mapper/ClassCastFlexiMapperException.class
   JD: JDownloader.jar/org/appwork/storage/flexijson/mapper/FailedToCreateInstanceFlexiMapperException.class
   JD: JDownloader.jar/org/appwork/storage/flexijson/mapper/FlexiJSonMapper$1.class
   JD: JDownloader.jar/org/appwork/storage/flexijson/mapper/FlexiJSonMapper$2.class
   JD: JDownloader.jar/org/appwork/storage/flexijson/mapper/FlexiJSonMapper$3.class
   JD: JDownloader.jar/org/appwork/storage/flexijson/mapper/FlexiJSonMapper$4.class
   JD: JDownloader.jar/org/appwork/storage/flexijson/mapper/FlexiJSonMapper.class
   JD: JDownloader.jar/org/appwork/storage/flexijson/mapper/FlexiJsonProperty.class
   JD: JDownloader.jar/org/appwork/storage/flexijson/mapper/FlexiMapperException.class
   JD: JDownloader.jar/org/appwork/storage/flexijson/mapper/FlexiMapperTags.class
   JD: JDownloader.jar/org/appwork/storage/flexijson/mapper/FlexiTypeMapper.class
   JD: JDownloader.jar/org/appwork/storage/flexijson/mapper/JsonProperty.class.removed
   JD: JDownloader.jar/org/appwork/storage/flexijson/mapper/interfacestorage/
   JD: JDownloader.jar/org/appwork/storage/flexijson/mapper/interfacestorage/FlexiInterfaceDefault.class
   JD: JDownloader.jar/org/appwork/storage/flexijson/mapper/interfacestorage/FlexiStorableInterface.class
   JD: JDownloader.jar/org/appwork/storage/flexijson/mapper/interfacestorage/InterfaceStorage$1.class
   JD: JDownloader.jar/org/appwork/storage/flexijson/mapper/interfacestorage/InterfaceStorage.class
   JD: JDownloader.jar/org/appwork/storage/flexijson/mapper/interfacestorage/InterfaceStorageListener.class
   JD: JDownloader.jar/org/appwork/storage/flexijson/mapper/interfacestorage/KeyHandlerException.class
   JD: JDownloader.jar/org/appwork/storage/flexijson/mapper/interfacestorage/PropertyHandler.class
   JD: JDownloader.jar/org/appwork/storage/flexijson/mapper/interfacestorage/PropertyHandlerImpl$1.class
   JD: JDownloader.jar/org/appwork/storage/flexijson/mapper/interfacestorage/PropertyHandlerImpl.class
   JD: JDownloader.jar/org/appwork/storage/flexijson/mapper/interfacestorage/PropertyHandlerListener.class
   JD: JDownloader.jar/org/appwork/storage/flexijson/mapper/tests/FlexiMapperTest.class
   JD: JDownloader.jar/org/appwork/storage/flexijson/mapper/tests/FlexiMapperTestGenericArrays$1.class
   JD: JDownloader.jar/org/appwork/storage/flexijson/mapper/tests/FlexiMapperTestGenericArrays$2.class
   JD: JDownloader.jar/org/appwork/storage/flexijson/mapper/tests/FlexiMapperTestGenericArrays$3.class
   JD: JDownloader.jar/org/appwork/storage/flexijson/mapper/tests/FlexiMapperTestGenericArrays$4.class
   JD: JDownloader.jar/org/appwork/storage/flexijson/mapper/tests/FlexiMapperTestGenericArrays$5.class
   JD: JDownloader.jar/org/appwork/storage/flexijson/mapper/tests/FlexiMapperTestGenericArrays$6.class
   JD: JDownloader.jar/org/appwork/storage/flexijson/mapper/tests/FlexiMapperTestGenericArrays$7.class
   JD: JDownloader.jar/org/appwork/storage/flexijson/mapper/tests/FlexiMapperTestGenericArrays.class
   JD: JDownloader.jar/org/appwork/storage/flexijson/mapper/tests/FlexiMapperTestOnGenericMapsAndCollections$1.class
   JD: JDownloader.jar/org/appwork/storage/flexijson/mapper/tests/FlexiMapperTestOnGenericMapsAndCollections.class
   JD: JDownloader.jar/org/appwork/storage/flexijson/mapper/tests/NullToObjectTest$1.class
   JD: JDownloader.jar/org/appwork/storage/flexijson/mapper/tests/NullToObjectTest$2.class
   JD: JDownloader.jar/org/appwork/storage/flexijson/mapper/tests/NullToObjectTest.class
   JD: JDownloader.jar/org/appwork/storage/flexijson/mapper/tests/ValidateFlexiAnnotationsTest$1.class
   JD: JDownloader.jar/org/appwork/storage/flexijson/mapper/tests/ValidateFlexiAnnotationsTest$2.class
   JD: JDownloader.jar/org/appwork/storage/flexijson/mapper/tests/ValidateFlexiAnnotationsTest$3.class
   JD: JDownloader.jar/org/appwork/storage/flexijson/mapper/tests/ValidateFlexiAnnotationsTest.class
   JD: JDownloader.jar/org/appwork/storage/flexijson/mapper/typemapper/ClassMapper.class.removed
   JD: JDownloader.jar/org/appwork/storage/flexijson/mapper/typemapper/ColorMapper.class
   JD: JDownloader.jar/org/appwork/storage/flexijson/mapper/typemapper/ConditionMapper.class
   JD: JDownloader.jar/org/appwork/storage/flexijson/mapper/typemapper/DateMapper$1.class
   JD: JDownloader.jar/org/appwork/storage/flexijson/mapper/typemapper/DateMapper$LocalTimeFormat.class
   JD: JDownloader.jar/org/appwork/storage/flexijson/mapper/typemapper/DateMapper.class
   JD: JDownloader.jar/org/appwork/storage/flexijson/mapper/typemapper/FileMapper.class
   JD: JDownloader.jar/org/appwork/storage/flexijson/mapper/typemapper/URLMapper.class
   JD: JDownloader.jar/org/appwork/storage/flexijson/stringify/FlexiJSonPrettyStringify$1.class
   JD: JDownloader.jar/org/appwork/storage/flexijson/stringify/FlexiJSonPrettyStringify.class
   JD: JDownloader.jar/org/appwork/storage/flexijson/stringify/FlexiJSonStringBuilder$1.class
   JD: JDownloader.jar/org/appwork/storage/flexijson/stringify/FlexiJSonStringBuilder$2.class
   JD: JDownloader.jar/org/appwork/storage/flexijson/stringify/FlexiJSonStringBuilder$JSONBuilderOutputStream.class
   JD: JDownloader.jar/org/appwork/storage/flexijson/stringify/FlexiJSonStringBuilder.class
   JD: JDownloader.jar/org/appwork/storage/flexijson/stringify/PropertyJSonPrettyStringify.class
   JD: JDownloader.jar/org/appwork/storage/flexijson/tests/DateTest.class
   JD: JDownloader.jar/org/appwork/storage/flexijson/tests/FlexiBasicFieldTypesTest.class
   JD: JDownloader.jar/org/appwork/storage/flexijson/tests/FlexiUtilsTest$PropTest.class
   JD: JDownloader.jar/org/appwork/storage/flexijson/tests/FlexiUtilsTest$TestEnum.class
   JD: JDownloader.jar/org/appwork/storage/flexijson/tests/FlexiUtilsTest.class
   JD: JDownloader.jar/org/appwork/storage/flexijson/tests/InterfaceMapperTest$1.class
   JD: JDownloader.jar/org/appwork/storage/flexijson/tests/InterfaceMapperTest$2.class
   JD: JDownloader.jar/org/appwork/storage/flexijson/tests/InterfaceMapperTest$TestInterface.class
   JD: JDownloader.jar/org/appwork/storage/flexijson/tests/InterfaceMapperTest$TestInterface2.class
   JD: JDownloader.jar/org/appwork/storage/flexijson/tests/InterfaceMapperTest$TestObj.class
   JD: JDownloader.jar/org/appwork/storage/flexijson/tests/InterfaceMapperTest.class
   JD: JDownloader.jar/org/appwork/storage/flexijson/tests/ObjectContainsAll$1.class
   JD: JDownloader.jar/org/appwork/storage/flexijson/tests/ObjectContainsAll$EntryType.class
   JD: JDownloader.jar/org/appwork/storage/flexijson/tests/ObjectContainsAll$MyExampleInterface.class
   JD: JDownloader.jar/org/appwork/storage/flexijson/tests/ObjectContainsAll.class
   JD: JDownloader.jar/org/appwork/storage/flexijson/tests/ParserTest$4$1.class
   JD: JDownloader.jar/org/appwork/storage/flexijson/tests/ParserTest$4.class
   JD: JDownloader.jar/org/appwork/storage/flexijson/tests/ParserTest.class
   JD: JDownloader.jar/org/appwork/storage/simplejson/JSonFactory$Token.class.removed
   JD: JDownloader.jar/org/appwork/storage/simplejson/JSonFactory.class
   JD: JDownloader.jar/org/appwork/storage/simplejson/JSonParser$Token.class
   JD: JDownloader.jar/org/appwork/storage/simplejson/JSonParser.class
   JD: JDownloader.jar/org/appwork/storage/simplejson/MinimalMemoryMap$1$1$1.class
   JD: JDownloader.jar/org/appwork/storage/simplejson/MinimalMemoryMap$1$1.class
   JD: JDownloader.jar/org/appwork/storage/simplejson/MinimalMemoryMap$1.class
   JD: JDownloader.jar/org/appwork/storage/simplejson/MinimalMemoryMap.class
   JD: JDownloader.jar/org/appwork/storage/simplejson/mapper/ClassCache$1.class
   JD: JDownloader.jar/org/appwork/storage/simplejson/mapper/ClassCache$Rules.class
   JD: JDownloader.jar/org/appwork/storage/simplejson/mapper/ClassCache.class
   JD: JDownloader.jar/org/appwork/storage/simplejson/mapper/ClassMapper.class.removed
   JD: JDownloader.jar/org/appwork/storage/simplejson/mapper/CompiledTypeRef.class.removed
   JD: JDownloader.jar/org/appwork/storage/simplejson/mapper/DateMapper$1.class
   JD: JDownloader.jar/org/appwork/storage/simplejson/mapper/DateMapper.class
   JD: JDownloader.jar/org/appwork/storage/simplejson/mapper/Getter.class
   JD: JDownloader.jar/org/appwork/storage/simplejson/mapper/JSonMapper.class
   JD: JDownloader.jar/org/appwork/storage/simplejson/mapper/Property.class
   JD: JDownloader.jar/org/appwork/storage/simplejson/mapper/Setter.class
   JD: JDownloader.jar/org/appwork/storage/simplejson/mapper/test/TestClass.class
   JD: JDownloader.jar/org/appwork/storage/simplejson/mapper/test/TestClassWithGenericArrayType.class
   JD: JDownloader.jar/org/appwork/storage/simplejson/mapper/test/TestClassWithGenericArrayType2.class
   JD: JDownloader.jar/org/appwork/storage/tests/BadCollectionExtends.class
   JD: JDownloader.jar/org/appwork/storage/tests/BadMapExtends.class
   JD: JDownloader.jar/org/appwork/storage/tests/ClassPathScanner$1.class
   JD: JDownloader.jar/org/appwork/storage/tests/ClassPathScanner.class
   JD: JDownloader.jar/org/appwork/storage/tests/FlexiStorageInterfaceValidatorTest$1.class
   JD: JDownloader.jar/org/appwork/storage/tests/FlexiStorageInterfaceValidatorTest$2.class
   JD: JDownloader.jar/org/appwork/storage/tests/FlexiStorageInterfaceValidatorTest$CanStoreRules.class
   JD: JDownloader.jar/org/appwork/storage/tests/FlexiStorageInterfaceValidatorTest.class
   JD: JDownloader.jar/org/appwork/storage/tests/JsonDEserializerTests$4.class
   JD: JDownloader.jar/org/appwork/storage/tests/RemoteAPI1InterfaceValidator$2.class
   JD: JDownloader.jar/org/appwork/storage/tests/RemoteAPI1InterfaceValidator.class
   JD: JDownloader.jar/org/appwork/storage/tests/StorableValidator$1.class.removed
   JD: JDownloader.jar/org/appwork/storage/tests/StorableValidator$2.class.removed
   JD: JDownloader.jar/org/appwork/storage/tests/StorableValidator$3.class.removed
   JD: JDownloader.jar/org/appwork/storage/tests/StorableValidator$CanStoreRules.class.removed
   JD: JDownloader.jar/org/appwork/storage/tests/StorableValidator.class.removed
   JD: JDownloader.jar/org/appwork/storage/tests/StorableValidatorTest$1.class
   JD: JDownloader.jar/org/appwork/storage/tests/StorableValidatorTest$2.class
   JD: JDownloader.jar/org/appwork/storage/tests/StorableValidatorTest$3.class
   JD: JDownloader.jar/org/appwork/storage/tests/StorableValidatorTest$CanStoreRules.class
   JD: JDownloader.jar/org/appwork/storage/tests/StorableValidatorTest.class
   JD: JDownloader.jar/org/appwork/sunwrapper/sun/awt/shell/ShellFolderWrapper.class
   JD: JDownloader.jar/org/appwork/sunwrapper/sun/net/www/protocol/http/AuthCacheValueWrapper.class
   JD: JDownloader.jar/org/appwork/sunwrapper/sun/swing/SwingUtilities2Wrapper.class
   JD: JDownloader.jar/org/appwork/swing/components/ExtCheckBox$1$1.class
   JD: JDownloader.jar/org/appwork/swing/components/ExtCheckBox$1.class
   JD: JDownloader.jar/org/appwork/swing/components/ExtCheckBox.class
   JD: JDownloader.jar/org/appwork/swing/components/ExtMergedIcon$1.class
   JD: JDownloader.jar/org/appwork/swing/components/ExtMergedIcon$Entry.class
   JD: JDownloader.jar/org/appwork/swing/components/ExtMergedIcon.class
   JD: JDownloader.jar/org/appwork/swing/components/ExtTextField$1.class
   JD: JDownloader.jar/org/appwork/swing/components/ExtTextField$2.class
   JD: JDownloader.jar/org/appwork/swing/components/ExtTextField.class
   JD: JDownloader.jar/org/appwork/swing/components/circlebar/TEst$1$1$4.class
   JD: JDownloader.jar/org/appwork/swing/components/circlebar/TEst$1$1.class
   JD: JDownloader.jar/org/appwork/swing/components/circlebar/TEst$1.class
   JD: JDownloader.jar/org/appwork/swing/components/circlebar/TEst.class
   JD: JDownloader.jar/org/appwork/swing/components/searchcombo/SearchComboBox$1.class
   JD: JDownloader.jar/org/appwork/swing/components/searchcombo/SearchComboBox$2.class
   JD: JDownloader.jar/org/appwork/swing/components/searchcombo/SearchComboBox$3.class
   JD: JDownloader.jar/org/appwork/swing/components/searchcombo/SearchComboBox$4.class
   JD: JDownloader.jar/org/appwork/swing/components/searchcombo/SearchComboBox$5.class
   JD: JDownloader.jar/org/appwork/swing/components/searchcombo/SearchComboBox.class
   JD: JDownloader.jar/org/appwork/swing/components/tooltips/ToolTipController.class
   JD: JDownloader.jar/org/appwork/swing/exttable/ExtColumn.class
   JD: JDownloader.jar/org/appwork/swing/exttable/ExtTable$1.class
   JD: JDownloader.jar/org/appwork/swing/exttable/ExtTable$10.class
   JD: JDownloader.jar/org/appwork/swing/exttable/ExtTable$11.class
   JD: JDownloader.jar/org/appwork/swing/exttable/ExtTable$12.class
   JD: JDownloader.jar/org/appwork/swing/exttable/ExtTable$13.class
   JD: JDownloader.jar/org/appwork/swing/exttable/ExtTable$14.class
   JD: JDownloader.jar/org/appwork/swing/exttable/ExtTable$2.class
   JD: JDownloader.jar/org/appwork/swing/exttable/ExtTable$3.class
   JD: JDownloader.jar/org/appwork/swing/exttable/ExtTable$9$1.class
   JD: JDownloader.jar/org/appwork/swing/exttable/ExtTable$9.class
   JD: JDownloader.jar/org/appwork/swing/exttable/ExtTable.class
   JD: JDownloader.jar/org/appwork/swing/exttable/ExtTransferHandler.class
   JD: JDownloader.jar/org/appwork/swing/exttable/ToolTip.class
   JD: JDownloader.jar/org/appwork/swing/exttable/columns/ExtComboColumn$1.class
   JD: JDownloader.jar/org/appwork/swing/exttable/columns/ExtComboColumn$2.class
   JD: JDownloader.jar/org/appwork/swing/exttable/columns/ExtComboColumn$3.class
   JD: JDownloader.jar/org/appwork/swing/exttable/columns/ExtComboColumn$4.class
   JD: JDownloader.jar/org/appwork/swing/exttable/columns/ExtComboColumn$5.class
   JD: JDownloader.jar/org/appwork/swing/exttable/columns/ExtComboColumn$RendererPanel.class
   JD: JDownloader.jar/org/appwork/swing/exttable/columns/ExtComboColumn.class
   JD: JDownloader.jar/org/appwork/swing/synthetica/SyntheticaHelper.class
   JD: JDownloader.jar/org/appwork/swing/trayicon/AbstractTray$1.class
   JD: JDownloader.jar/org/appwork/swing/trayicon/AbstractTray$2.class
   JD: JDownloader.jar/org/appwork/swing/trayicon/AbstractTray$3$1.class
   JD: JDownloader.jar/org/appwork/swing/trayicon/AbstractTray$3.class
   JD: JDownloader.jar/org/appwork/swing/trayicon/AbstractTray$4$1.class
   JD: JDownloader.jar/org/appwork/swing/trayicon/AbstractTray$4.class
   JD: JDownloader.jar/org/appwork/swing/trayicon/AbstractTray.class
   JD: JDownloader.jar/org/appwork/testframework/AWTest$1.class
   JD: JDownloader.jar/org/appwork/testframework/AWTest$2$1.class
   JD: JDownloader.jar/org/appwork/testframework/AWTest$2.class
   JD: JDownloader.jar/org/appwork/testframework/AWTest$3.class
   JD: JDownloader.jar/org/appwork/testframework/AWTest$4.class
   JD: JDownloader.jar/org/appwork/testframework/AWTest$5.class
   JD: JDownloader.jar/org/appwork/testframework/AWTest$LogCache.class
   JD: JDownloader.jar/org/appwork/testframework/AWTest.class
   JD: JDownloader.jar/org/appwork/testframework/IDETestRunner$1.class
   JD: JDownloader.jar/org/appwork/testframework/IDETestRunner$2.class
   JD: JDownloader.jar/org/appwork/testframework/IDETestRunner$3.class
   JD: JDownloader.jar/org/appwork/testframework/IDETestRunner$4.class
   JD: JDownloader.jar/org/appwork/testframework/IDETestRunner.class
   JD: JDownloader.jar/org/appwork/testframework/IgnoreInAWTest.class
   JD: JDownloader.jar/org/appwork/testframework/PostBuildRunner$1.class
   JD: JDownloader.jar/org/appwork/testframework/PostBuildRunner$2.class
   JD: JDownloader.jar/org/appwork/testframework/PostBuildRunner$3.class
   JD: JDownloader.jar/org/appwork/testframework/PostBuildRunner$LogCache.class
   JD: JDownloader.jar/org/appwork/testframework/PostBuildRunner.class
   JD: JDownloader.jar/org/appwork/testframework/tests/AssertNoTestsInJars$1.class
   JD: JDownloader.jar/org/appwork/testframework/tests/AssertNoTestsInJars.class
   JD: JDownloader.jar/org/appwork/testframework/tests/SourceParserPostBuildTest$1.class
   JD: JDownloader.jar/org/appwork/testframework/tests/SourceParserPostBuildTest.class
   JD: JDownloader.jar/org/appwork/tools/ide/iconsetmaker/IconResource.class
   JD: JDownloader.jar/org/appwork/tools/ide/iconsetmaker/IconSetMaker$1.class
   JD: JDownloader.jar/org/appwork/tools/ide/iconsetmaker/IconSetMaker$2.class
   JD: JDownloader.jar/org/appwork/tools/ide/iconsetmaker/IconSetMaker$3.class
   JD: JDownloader.jar/org/appwork/tools/ide/iconsetmaker/IconSetMaker$4.class
   JD: JDownloader.jar/org/appwork/tools/ide/iconsetmaker/IconSetMaker.class
   JD: JDownloader.jar/org/appwork/txtresource/LocaleMap.class
   JD: JDownloader.jar/org/appwork/txtresource/TranslateResource.class
   JD: JDownloader.jar/org/appwork/txtresource/TranslatedEntry.class
   JD: JDownloader.jar/org/appwork/txtresource/TranslationFactory$1.class
   JD: JDownloader.jar/org/appwork/txtresource/TranslationFactory.class
   JD: JDownloader.jar/org/appwork/txtresource/TranslationHandler$1.class
   JD: JDownloader.jar/org/appwork/txtresource/TranslationHandler.class
   JD: JDownloader.jar/org/appwork/updatesys/client/ConnectServiceExecutionException.class.removed
   JD: JDownloader.jar/org/appwork/updatesys/client/ConnectServiceMissingException.class.removed
   JD: JDownloader.jar/org/appwork/updatesys/client/DefaultFileAccessHandler.class
   JD: JDownloader.jar/org/appwork/updatesys/client/DefaultFileAccessNIOHandler.class
   JD: JDownloader.jar/org/appwork/updatesys/client/ExecuteException.class.removed
   JD: JDownloader.jar/org/appwork/updatesys/client/InstallException.class
   JD: JDownloader.jar/org/appwork/updatesys/client/InstallationResult.class
   JD: JDownloader.jar/org/appwork/updatesys/client/JSonHandlerHint.class
   JD: JDownloader.jar/org/appwork/updatesys/client/ModuleProgress.class
   JD: JDownloader.jar/org/appwork/updatesys/client/UpdateClient$1.class
   JD: JDownloader.jar/org/appwork/updatesys/client/UpdateClient$10.class
   JD: JDownloader.jar/org/appwork/updatesys/client/UpdateClient$11.class
   JD: JDownloader.jar/org/appwork/updatesys/client/UpdateClient$12.class
   JD: JDownloader.jar/org/appwork/updatesys/client/UpdateClient$13.class
   JD: JDownloader.jar/org/appwork/updatesys/client/UpdateClient$14.class
   JD: JDownloader.jar/org/appwork/updatesys/client/UpdateClient$15$1.class
   JD: JDownloader.jar/org/appwork/updatesys/client/UpdateClient$15.class
   JD: JDownloader.jar/org/appwork/updatesys/client/UpdateClient$16$1.class.removed
   JD: JDownloader.jar/org/appwork/updatesys/client/UpdateClient$16.class
   JD: JDownloader.jar/org/appwork/updatesys/client/UpdateClient$17.class
   JD: JDownloader.jar/org/appwork/updatesys/client/UpdateClient$18.class
   JD: JDownloader.jar/org/appwork/updatesys/client/UpdateClient$19.class
   JD: JDownloader.jar/org/appwork/updatesys/client/UpdateClient$2.class
   JD: JDownloader.jar/org/appwork/updatesys/client/UpdateClient$20.class
   JD: JDownloader.jar/org/appwork/updatesys/client/UpdateClient$21.class
   JD: JDownloader.jar/org/appwork/updatesys/client/UpdateClient$22.class
   JD: JDownloader.jar/org/appwork/updatesys/client/UpdateClient$23.class
   JD: JDownloader.jar/org/appwork/updatesys/client/UpdateClient$24.class
   JD: JDownloader.jar/org/appwork/updatesys/client/UpdateClient$25.class
   JD: JDownloader.jar/org/appwork/updatesys/client/UpdateClient$26.class
   JD: JDownloader.jar/org/appwork/updatesys/client/UpdateClient$27.class
   JD: JDownloader.jar/org/appwork/updatesys/client/UpdateClient$28.class
   JD: JDownloader.jar/org/appwork/updatesys/client/UpdateClient$29.class
   JD: JDownloader.jar/org/appwork/updatesys/client/UpdateClient$3.class
   JD: JDownloader.jar/org/appwork/updatesys/client/UpdateClient$30.class
   JD: JDownloader.jar/org/appwork/updatesys/client/UpdateClient$31.class
   JD: JDownloader.jar/org/appwork/updatesys/client/UpdateClient$32.class
   JD: JDownloader.jar/org/appwork/updatesys/client/UpdateClient$33.class
   JD: JDownloader.jar/org/appwork/updatesys/client/UpdateClient$4.class
   JD: JDownloader.jar/org/appwork/updatesys/client/UpdateClient$5.class
   JD: JDownloader.jar/org/appwork/updatesys/client/UpdateClient$6.class
   JD: JDownloader.jar/org/appwork/updatesys/client/UpdateClient$7.class
   JD: JDownloader.jar/org/appwork/updatesys/client/UpdateClient$8.class
   JD: JDownloader.jar/org/appwork/updatesys/client/UpdateClient$9.class
   JD: JDownloader.jar/org/appwork/updatesys/client/UpdateClient$ClientOptionAction.class.removed
   JD: JDownloader.jar/org/appwork/updatesys/client/UpdateClient$ClientOptionActionType.class.removed
   JD: JDownloader.jar/org/appwork/updatesys/client/UpdateClient$ClientServiceExecuter.class
   JD: JDownloader.jar/org/appwork/updatesys/client/UpdateClient$DownloadProgress.class
   JD: JDownloader.jar/org/appwork/updatesys/client/UpdateClient$DownloadResultMap.class
   JD: JDownloader.jar/org/appwork/updatesys/client/UpdateClient$Module.class
   JD: JDownloader.jar/org/appwork/updatesys/client/UpdateClient$TimoutWatchDog.class
   JD: JDownloader.jar/org/appwork/updatesys/client/UpdateClient$UninstallResult.class
   JD: JDownloader.jar/org/appwork/updatesys/client/UpdateClient.class
   JD: JDownloader.jar/org/appwork/updatesys/client/defaultimpl/http/HttpClientImpl$1.class
   JD: JDownloader.jar/org/appwork/updatesys/client/defaultimpl/http/HttpClientImpl$2.class
   JD: JDownloader.jar/org/appwork/updatesys/client/defaultimpl/http/HttpClientImpl$3.class
   JD: JDownloader.jar/org/appwork/updatesys/client/defaultimpl/http/HttpClientImpl$4.class
   JD: JDownloader.jar/org/appwork/updatesys/client/defaultimpl/http/HttpClientImpl.class
   JD: JDownloader.jar/org/appwork/updatesys/client/execute/
   JD: JDownloader.jar/org/appwork/updatesys/client/execute/ExecuteAdminElevationFailedException.class
   JD: JDownloader.jar/org/appwork/updatesys/client/execute/ExecuteTimedOutException.class
   JD: JDownloader.jar/org/appwork/updatesys/client/service/
   JD: JDownloader.jar/org/appwork/updatesys/client/service/ConnectServiceExecutionException.class
   JD: JDownloader.jar/org/appwork/updatesys/client/service/ConnectServiceMissingException.class
   JD: JDownloader.jar/org/appwork/updatesys/client/tracker/Tracker$3.class
   JD: JDownloader.jar/org/appwork/updatesys/client/tracker/Tracker$4.class
   JD: JDownloader.jar/org/appwork/updatesys/client/tracker/Tracker$5.class
   JD: JDownloader.jar/org/appwork/updatesys/client/tracker/Tracker$6.class
   JD: JDownloader.jar/org/appwork/updatesys/client/tracker/Tracker.class
   JD: JDownloader.jar/org/appwork/updatesys/client/tracker/TrafficTracker$1.class
   JD: JDownloader.jar/org/appwork/updatesys/client/tracker/TrafficTracker$2.class
   JD: JDownloader.jar/org/appwork/updatesys/client/tracker/TrafficTracker$3.class
   JD: JDownloader.jar/org/appwork/updatesys/client/tracker/TrafficTracker$4$1.class
   JD: JDownloader.jar/org/appwork/updatesys/client/tracker/TrafficTracker$4.class
   JD: JDownloader.jar/org/appwork/updatesys/client/tracker/TrafficTracker$5.class
   JD: JDownloader.jar/org/appwork/updatesys/client/tracker/TrafficTracker$6.class
   JD: JDownloader.jar/org/appwork/updatesys/client/tracker/TrafficTracker.class
   JD: JDownloader.jar/org/appwork/updatesys/service/ServiceBadSignatureException.class
   JD: JDownloader.jar/org/appwork/updatesys/service/ServiceCouldNotLoadVersionException.class
   JD: JDownloader.jar/org/appwork/updatesys/service/ServiceExecuter.class
   JD: JDownloader.jar/org/appwork/updatesys/service/ServiceExecutionExeption.class
   JD: JDownloader.jar/org/appwork/updatesys/service/ServiceMissingSuccessMarkerException.class.removed
   JD: JDownloader.jar/org/appwork/updatesys/service/ServiceUnexpectedResponseCodeException.class
   JD: JDownloader.jar/org/appwork/updatesys/service/ServiceUnexpectednoExitCodeException.class
   JD: JDownloader.jar/org/appwork/updatesys/service/ServiceUtils$1.class
   JD: JDownloader.jar/org/appwork/updatesys/service/ServiceUtils.class
   JD: JDownloader.jar/org/appwork/updatesys/transport/exchange/ClientOptions$1.class
   JD: JDownloader.jar/org/appwork/updatesys/transport/exchange/ClientOptions.class
   JD: JDownloader.jar/org/appwork/updatesys/transport/exchange/Constants.class
   JD: JDownloader.jar/org/appwork/updatesys/transport/exchange/ElevationMode.class
   JD: JDownloader.jar/org/appwork/updatesys/transport/exchange/Exec.class
   JD: JDownloader.jar/org/appwork/updatesys/transport/exchange/ExecuteResult.class
   JD: JDownloader.jar/org/appwork/updatesys/transport/exchange/ExecuteResultMapping.class
   JD: JDownloader.jar/org/appwork/updatesys/transport/exchange/ExecuteResultMatcher.class
   JD: JDownloader.jar/org/appwork/updatesys/transport/exchange/Revision$1.class
   JD: JDownloader.jar/org/appwork/updatesys/transport/exchange/Revision.class
   JD: JDownloader.jar/org/appwork/updatesys/transport/exchange/UninstallInfo$1.class
   JD: JDownloader.jar/org/appwork/updatesys/transport/exchange/UninstallInfo$ExecuteRule.class
   JD: JDownloader.jar/org/appwork/updatesys/transport/exchange/UninstallInfo.class
   JD: JDownloader.jar/org/appwork/updatesys/transport/exchange/batch/BatchJobType.class
   JD: JDownloader.jar/org/appwork/updatesys/transport/exchange/dialog.removed
   JD: JDownloader.jar/org/appwork/updatesys/transport/exchange/dialog/AbstractDialogDescription.class.removed
   JD: JDownloader.jar/org/appwork/updatesys/transport/exchange/dialog/DialogResponse$1.class.removed
   JD: JDownloader.jar/org/appwork/updatesys/transport/exchange/dialog/DialogResponse.class.removed
   JD: JDownloader.jar/org/appwork/updatesys/transport/exchange/dialog/DialogStorable$1.class.removed
   JD: JDownloader.jar/org/appwork/updatesys/transport/exchange/dialog/DialogStorable.class.removed
   JD: JDownloader.jar/org/appwork/updatesys/transport/exchange/dialog/Execute.class.removed
   JD: JDownloader.jar/org/appwork/updatesys/transport/exchange/dialog/ExecuteTrigger.class.removed
   JD: JDownloader.jar/org/appwork/updatesys/transport/exchange/ide/ClientOptionsDocs.class
   JD: JDownloader.jar/org/appwork/updatesys/transport/exchange/ide/ExecDocs.class
   JD: JDownloader.jar/org/appwork/updatesys/transport/exchange/ide/UninstallInfoBuilder.class.removed
   JD: JDownloader.jar/org/appwork/updatesys/transport/exchange/json/LastChanceJsonResponse.class
   JD: JDownloader.jar/org/appwork/updatesys/transport/exchange/setup/CmdHook.class
   JD: JDownloader.jar/org/appwork/updatesys/transport/exchange/setup/CmdHookTrigger.class
   JD: JDownloader.jar/org/appwork/updatesys/transport/exchange/setup/DependencyFile.class
   JD: JDownloader.jar/org/appwork/updatesys/transport/exchange/setup/ErrorMessageProvider.class
   JD: JDownloader.jar/org/appwork/updatesys/transport/exchange/setup/ExceptionMatcher.class
   JD: JDownloader.jar/org/appwork/updatesys/transport/exchange/setup/ExecuteConditionMatcher.class
   JD: JDownloader.jar/org/appwork/updatesys/transport/exchange/setup/ExecuteResultAction.class
   JD: JDownloader.jar/org/appwork/updatesys/transport/exchange/setup/ModuleNameProvider.class
   JD: JDownloader.jar/org/appwork/updatesys/transport/exchange/setup/PreCondition.class
   JD: JDownloader.jar/org/appwork/updatesys/transport/exchange/setup/RepoStorable$1.class
   JD: JDownloader.jar/org/appwork/updatesys/transport/exchange/setup/RepoStorable.class
   JD: JDownloader.jar/org/appwork/updatesys/transport/exchange/setup/RestartStrategy.class
   JD: JDownloader.jar/org/appwork/updatesys/transport/exchange/setup/ShutdownStrategy.class
   JD: JDownloader.jar/org/appwork/updatesys/transport/exchange/setup/UninstallRule.class
   JD: JDownloader.jar/org/appwork/updatesys/transport/exchange/setup/UninstallRuleSet$1.class.removed
   JD: JDownloader.jar/org/appwork/updatesys/transport/exchange/setup/UninstallRuleSet.class
   JD: JDownloader.jar/org/appwork/updatesys/transport/exchange/setup/ide/
   JD: JDownloader.jar/org/appwork/updatesys/transport/exchange/setup/ide/DependencyFileDocs.class
   JD: JDownloader.jar/org/appwork/updatesys/transport/exchange/signature/JSONSignaturefactory$1.class
   JD: JDownloader.jar/org/appwork/updatesys/transport/exchange/signature/JSONSignaturefactory$SortedJSonObject.class
   JD: JDownloader.jar/org/appwork/updatesys/transport/exchange/signature/JSONSignaturefactory$SortedJsonFactory.class
   JD: JDownloader.jar/org/appwork/updatesys/transport/exchange/signature/JSONSignaturefactory.class
   JD: JDownloader.jar/org/appwork/utils/Application$PauseableOutputStream.class
   JD: JDownloader.jar/org/appwork/utils/Application.class
   JD: JDownloader.jar/org/appwork/utils/CompareUtils$Couple.class
   JD: JDownloader.jar/org/appwork/utils/CompareUtils.class
   JD: JDownloader.jar/org/appwork/utils/DebugMode.class
   JD: JDownloader.jar/org/appwork/utils/ImageProvider/ImageProvider$1.class
   JD: JDownloader.jar/org/appwork/utils/ImageProvider/ImageProvider$2.class
   JD: JDownloader.jar/org/appwork/utils/ImageProvider/ImageProvider.class
   JD: JDownloader.jar/org/appwork/utils/JDK8BufferHelper.class
   JD: JDownloader.jar/org/appwork/utils/Licenser$1.class
   JD: JDownloader.jar/org/appwork/utils/Licenser.class
   JD: JDownloader.jar/org/appwork/utils/ReflectionUtils$1.class
   JD: JDownloader.jar/org/appwork/utils/ReflectionUtils.class
   JD: JDownloader.jar/org/appwork/utils/Regex.class
   JD: JDownloader.jar/org/appwork/utils/StringUtils.class
   JD: JDownloader.jar/org/appwork/utils/awfc/AWFCInputStream$2.class
   JD: JDownloader.jar/org/appwork/utils/awfc/AWFCInputStream.class
   JD: JDownloader.jar/org/appwork/utils/event/DontThrowFromCurrentThreadEventSuppressor.class
   JD: JDownloader.jar/org/appwork/utils/event/Eventsender.class
   JD: JDownloader.jar/org/appwork/utils/event/basic/
   JD: JDownloader.jar/org/appwork/utils/event/basic/CoreDelegate.class
   JD: JDownloader.jar/org/appwork/utils/event/basic/CoreEventSender.class
   JD: JDownloader.jar/org/appwork/utils/event/ide/EventSenderIDEFactory.class
   JD: JDownloader.jar/org/appwork/utils/formatter/HTML2PlainConverter.class
   JD: JDownloader.jar/org/appwork/utils/images/IconIO$2.class
   JD: JDownloader.jar/org/appwork/utils/images/IconIO$3.class
   JD: JDownloader.jar/org/appwork/utils/images/IconIO$DataURLFormat.class
   JD: JDownloader.jar/org/appwork/utils/images/IconIO.class
   JD: JDownloader.jar/org/appwork/utils/images/SVGIO.class
   JD: JDownloader.jar/org/appwork/utils/io/J7FileObserver.class
   JD: JDownloader.jar/org/appwork/utils/logging2/sendlogs/LogModel$3.class
   JD: JDownloader.jar/org/appwork/utils/logging2/sendlogs/LogModel$4$1.class
   JD: JDownloader.jar/org/appwork/utils/logging2/sendlogs/LogModel$4$2.class
   JD: JDownloader.jar/org/appwork/utils/logging2/sendlogs/LogModel$4.class
   JD: JDownloader.jar/org/appwork/utils/logging2/sendlogs/LogModel.class
   JD: JDownloader.jar/org/appwork/utils/logging2/sendlogs/LogSenderTranslation.class
   JD: JDownloader.jar/org/appwork/utils/logging2/sendlogs/LogTable$1.class
   JD: JDownloader.jar/org/appwork/utils/logging2/sendlogs/LogTable$2.class
   JD: JDownloader.jar/org/appwork/utils/logging2/sendlogs/LogTable$3.class
   JD: JDownloader.jar/org/appwork/utils/logging2/sendlogs/LogTable$4.class
   JD: JDownloader.jar/org/appwork/utils/logging2/sendlogs/LogTable.class
   JD: JDownloader.jar/org/appwork/utils/net/CharSequenceInputStream.class
   JD: JDownloader.jar/org/appwork/utils/net/HeaderCollection.class
   JD: JDownloader.jar/org/appwork/utils/net/LineParsingOutputStream$NEWLINE.class
   JD: JDownloader.jar/org/appwork/utils/net/LineParsingOutputStream.class
   JD: JDownloader.jar/org/appwork/utils/net/PublicSuffixList$1.class
   JD: JDownloader.jar/org/appwork/utils/net/PublicSuffixList.class
   JD: JDownloader.jar/org/appwork/utils/net/URLHelper.class
   JD: JDownloader.jar/org/appwork/utils/net/effective_tld_names.dat
   JD: JDownloader.jar/org/appwork/utils/net/ftpserver/FtpConnection.class
   JD: JDownloader.jar/org/appwork/utils/net/ftpserver/FtpServer.class
   JD: JDownloader.jar/org/appwork/utils/net/httpconnection/AbstractSocksHTTPConnection$1.class
   JD: JDownloader.jar/org/appwork/utils/net/httpconnection/AbstractSocksHTTPConnection.class
   JD: JDownloader.jar/org/appwork/utils/net/httpconnection/HTTPConnectionImpl$1.class
   JD: JDownloader.jar/org/appwork/utils/net/httpconnection/HTTPConnectionImpl$2.class
   JD: JDownloader.jar/org/appwork/utils/net/httpconnection/HTTPConnectionImpl$3.class
   JD: JDownloader.jar/org/appwork/utils/net/httpconnection/HTTPConnectionImpl$4.class
   JD: JDownloader.jar/org/appwork/utils/net/httpconnection/HTTPConnectionImpl$5.class
   JD: JDownloader.jar/org/appwork/utils/net/httpconnection/HTTPConnectionImpl$KEEPALIVE.class
   JD: JDownloader.jar/org/appwork/utils/net/httpconnection/HTTPConnectionImpl$SSL_STATE.class
   JD: JDownloader.jar/org/appwork/utils/net/httpconnection/HTTPConnectionImpl.class
   JD: JDownloader.jar/org/appwork/utils/net/httpconnection/HTTPConnectionProfiler$1.class
   JD: JDownloader.jar/org/appwork/utils/net/httpconnection/HTTPConnectionProfiler.class
   JD: JDownloader.jar/org/appwork/utils/net/httpconnection/HTTPConnectionProfilerInterface.class
   JD: JDownloader.jar/org/appwork/utils/net/httpconnection/HTTPConnectionUtils$1.class
   JD: JDownloader.jar/org/appwork/utils/net/httpconnection/HTTPConnectionUtils$2.class
   JD: JDownloader.jar/org/appwork/utils/net/httpconnection/HTTPConnectionUtils$3.class
   JD: JDownloader.jar/org/appwork/utils/net/httpconnection/HTTPConnectionUtils$4.class
   JD: JDownloader.jar/org/appwork/utils/net/httpconnection/HTTPConnectionUtils$5.class
   JD: JDownloader.jar/org/appwork/utils/net/httpconnection/HTTPConnectionUtils$6.class
   JD: JDownloader.jar/org/appwork/utils/net/httpconnection/HTTPConnectionUtils$DispositionHeader.class
   JD: JDownloader.jar/org/appwork/utils/net/httpconnection/HTTPConnectionUtils$IPVERSION.class
   JD: JDownloader.jar/org/appwork/utils/net/httpconnection/HTTPConnectionUtils.class
   JD: JDownloader.jar/org/appwork/utils/net/httpconnection/HTTPProxyHTTPConnectionImpl.class
   JD: JDownloader.jar/org/appwork/utils/net/httpconnection/JavaSSLSocketStreamFactory$1.class
   JD: JDownloader.jar/org/appwork/utils/net/httpconnection/JavaSSLSocketStreamFactory$3.class
   JD: JDownloader.jar/org/appwork/utils/net/httpconnection/JavaSSLSocketStreamFactory$4.class
   JD: JDownloader.jar/org/appwork/utils/net/httpconnection/JavaSSLSocketStreamFactory.class
   JD: JDownloader.jar/org/appwork/utils/net/httpconnection/NativeHTTPConnectionImpl$5.class
   JD: JDownloader.jar/org/appwork/utils/net/httpconnection/NativeHTTPConnectionImpl$6.class
   JD: JDownloader.jar/org/appwork/utils/net/httpconnection/NativeHTTPConnectionImpl.class
   JD: JDownloader.jar/org/appwork/utils/net/httpconnection/NativeSSLSocketStreamFactory$1.class
   JD: JDownloader.jar/org/appwork/utils/net/httpconnection/NativeSSLSocketStreamFactory$2.class
   JD: JDownloader.jar/org/appwork/utils/net/httpconnection/NativeSSLSocketStreamFactory$3.class
   JD: JDownloader.jar/org/appwork/utils/net/httpconnection/NativeSSLSocketStreamFactory.class
   JD: JDownloader.jar/org/appwork/utils/net/httpconnection/SSLSocketStreamFactory18.class
   JD: JDownloader.jar/org/appwork/utils/net/httpconnection/SSLSocketStreamOptions.class
   JD: JDownloader.jar/org/appwork/utils/net/httpconnection/SSLSocketStreamOptionsModifier.class
   JD: JDownloader.jar/org/appwork/utils/net/httpconnection/Socks4HTTPConnectionImpl.class
   JD: JDownloader.jar/org/appwork/utils/net/httpconnection/Socks5HTTPConnectionImpl.class
   JD: JDownloader.jar/org/appwork/utils/net/httpconnection/SocksHTTPconnection$1.class
   JD: JDownloader.jar/org/appwork/utils/net/httpconnection/SocksHTTPconnection$AUTH.class.removed
   JD: JDownloader.jar/org/appwork/utils/net/httpconnection/SocksHTTPconnection$DESTTYPE.class
   JD: JDownloader.jar/org/appwork/utils/net/httpconnection/SocksHTTPconnection.class
   JD: JDownloader.jar/org/appwork/utils/net/httpserver/HttpConnection.class
   JD: JDownloader.jar/org/appwork/utils/net/httpserver/HttpConnectionRunnable.class
   JD: JDownloader.jar/org/appwork/utils/net/httpserver/HttpConnectionThread.class
   JD: JDownloader.jar/org/appwork/utils/net/httpserver/HttpServer$1.class
   JD: JDownloader.jar/org/appwork/utils/net/httpserver/HttpServer$2.class
   JD: JDownloader.jar/org/appwork/utils/net/httpserver/HttpServer$3.class
   JD: JDownloader.jar/org/appwork/utils/net/httpserver/HttpServer.class
   JD: JDownloader.jar/org/appwork/utils/net/httpserver/responses/FileResponse.class
   JD: JDownloader.jar/org/appwork/utils/net/httpserver/responses/HttpResponse.class
   JD: JDownloader.jar/org/appwork/utils/net/meteredconnection/MeteredInputStream.class
   JD: JDownloader.jar/org/appwork/utils/net/meteredconnection/MeteredOutputStream.class
   JD: JDownloader.jar/org/appwork/utils/net/socketconnection/SocketConnection.class
   JD: JDownloader.jar/org/appwork/utils/net/socketconnection/Socks4SocketConnection$1.class
   JD: JDownloader.jar/org/appwork/utils/net/socketconnection/Socks4SocketConnection$CONNECT_ERROR.class
   JD: JDownloader.jar/org/appwork/utils/net/socketconnection/Socks4SocketConnection$Socks4EndpointConnectException.class
   JD: JDownloader.jar/org/appwork/utils/net/socketconnection/Socks4SocketConnection.class
   JD: JDownloader.jar/org/appwork/utils/net/socketconnection/Socks5SocketConnection$1.class
   JD: JDownloader.jar/org/appwork/utils/net/socketconnection/Socks5SocketConnection$Socks5AuthException.class
   JD: JDownloader.jar/org/appwork/utils/net/socketconnection/Socks5SocketConnection$Socks5EndpointConnectException.class
   JD: JDownloader.jar/org/appwork/utils/net/socketconnection/Socks5SocketConnection.class
   JD: JDownloader.jar/org/appwork/utils/net/socketconnection/SocksSocketConnection$AUTH.class
   JD: JDownloader.jar/org/appwork/utils/net/socketconnection/SocksSocketConnection$DESTTYPE.class
   JD: JDownloader.jar/org/appwork/utils/net/socketconnection/SocksSocketConnection.class
   JD: JDownloader.jar/org/appwork/utils/net/tests/PublicSuffixListTest.class
   JD: JDownloader.jar/org/appwork/utils/net/throttledconnection/MeteredThrottledInputStream.class
   JD: JDownloader.jar/org/appwork/utils/net/throttledconnection/MeteredThrottledOutputStream.class
   JD: JDownloader.jar/org/appwork/utils/net/throttledconnection/ThrottledInputStream.class
   JD: JDownloader.jar/org/appwork/utils/net/throttledconnection/ThrottledOutputStream.class
   JD: JDownloader.jar/org/appwork/utils/os/ContainerRuntime$1.class
   JD: JDownloader.jar/org/appwork/utils/os/ContainerRuntime$TYPE.class
   JD: JDownloader.jar/org/appwork/utils/os/ContainerRuntime.class
   JD: JDownloader.jar/org/appwork/utils/os/CrossSystem$1.class
   JD: JDownloader.jar/org/appwork/utils/os/CrossSystem$2.class
   JD: JDownloader.jar/org/appwork/utils/os/CrossSystem$3.class
   JD: JDownloader.jar/org/appwork/utils/os/CrossSystem$ARCHFamily.class
   JD: JDownloader.jar/org/appwork/utils/os/CrossSystem$OSFamily.class
   JD: JDownloader.jar/org/appwork/utils/os/CrossSystem$OperatingSystem.class
   JD: JDownloader.jar/org/appwork/utils/os/CrossSystem.class
   JD: JDownloader.jar/org/appwork/utils/os/DesktopSupport.class
   JD: JDownloader.jar/org/appwork/utils/os/DesktopSupportJavaDesktop.class
   JD: JDownloader.jar/org/appwork/utils/os/DesktopSupportLinux.class
   JD: JDownloader.jar/org/appwork/utils/os/DesktopSupportMac.class
   JD: JDownloader.jar/org/appwork/utils/os/DesktopSupportWindows$1.class
   JD: JDownloader.jar/org/appwork/utils/os/DesktopSupportWindows.class
   JD: JDownloader.jar/org/appwork/utils/os/Docker.class
   JD: JDownloader.jar/org/appwork/utils/os/hardware/QNAP$1.class
   JD: JDownloader.jar/org/appwork/utils/os/hardware/QNAP$2.class
   JD: JDownloader.jar/org/appwork/utils/os/hardware/QNAP.class
   JD: JDownloader.jar/org/appwork/utils/processes/ContinuesFileLineReader$1$1.class
   JD: JDownloader.jar/org/appwork/utils/processes/ContinuesFileLineReader$1.class
   JD: JDownloader.jar/org/appwork/utils/processes/ContinuesFileLineReader.class
   JD: JDownloader.jar/org/appwork/utils/processes/command/Command.class
   JD: JDownloader.jar/org/appwork/utils/reflection/Clazz.class
   JD: JDownloader.jar/org/appwork/utils/reflection/CompiledType$1.class
   JD: JDownloader.jar/org/appwork/utils/reflection/CompiledType$PrimitiveWrapperStrategy.class
   JD: JDownloader.jar/org/appwork/utils/reflection/CompiledType$ToStringRule.class
   JD: JDownloader.jar/org/appwork/utils/reflection/CompiledType$ToStringSyntax.class
   JD: JDownloader.jar/org/appwork/utils/reflection/CompiledType.class
   JD: JDownloader.jar/org/appwork/utils/reflection/tests/
   JD: JDownloader.jar/org/appwork/utils/reflection/tests/ClazzTests$1.class
   JD: JDownloader.jar/org/appwork/utils/reflection/tests/ClazzTests$TestA$1.class
   JD: JDownloader.jar/org/appwork/utils/reflection/tests/ClazzTests$TestA.class
   JD: JDownloader.jar/org/appwork/utils/reflection/tests/ClazzTests.class
   JD: JDownloader.jar/org/appwork/utils/reflection/tests/CompiledTypeTests$1.class
   JD: JDownloader.jar/org/appwork/utils/reflection/tests/CompiledTypeTests$10.class
   JD: JDownloader.jar/org/appwork/utils/reflection/tests/CompiledTypeTests$11.class
   JD: JDownloader.jar/org/appwork/utils/reflection/tests/CompiledTypeTests$12.class
   JD: JDownloader.jar/org/appwork/utils/reflection/tests/CompiledTypeTests$13.class
   JD: JDownloader.jar/org/appwork/utils/reflection/tests/CompiledTypeTests$14.class
   JD: JDownloader.jar/org/appwork/utils/reflection/tests/CompiledTypeTests$15.class
   JD: JDownloader.jar/org/appwork/utils/reflection/tests/CompiledTypeTests$16.class
   JD: JDownloader.jar/org/appwork/utils/reflection/tests/CompiledTypeTests$17.class
   JD: JDownloader.jar/org/appwork/utils/reflection/tests/CompiledTypeTests$18.class
   JD: JDownloader.jar/org/appwork/utils/reflection/tests/CompiledTypeTests$19.class
   JD: JDownloader.jar/org/appwork/utils/reflection/tests/CompiledTypeTests$2.class
   JD: JDownloader.jar/org/appwork/utils/reflection/tests/CompiledTypeTests$3.class
   JD: JDownloader.jar/org/appwork/utils/reflection/tests/CompiledTypeTests$4.class
   JD: JDownloader.jar/org/appwork/utils/reflection/tests/CompiledTypeTests$5.class
   JD: JDownloader.jar/org/appwork/utils/reflection/tests/CompiledTypeTests$6.class
   JD: JDownloader.jar/org/appwork/utils/reflection/tests/CompiledTypeTests$7.class
   JD: JDownloader.jar/org/appwork/utils/reflection/tests/CompiledTypeTests$8.class
   JD: JDownloader.jar/org/appwork/utils/reflection/tests/CompiledTypeTests$9.class
   JD: JDownloader.jar/org/appwork/utils/reflection/tests/CompiledTypeTests$MyEnum.class
   JD: JDownloader.jar/org/appwork/utils/reflection/tests/CompiledTypeTests.class
   JD: JDownloader.jar/org/appwork/utils/reflection/tests/ExtendedArrayList.class
   JD: JDownloader.jar/org/appwork/utils/reflection/tests/ExtendedHashSet.class
   JD: JDownloader.jar/org/appwork/utils/reflection/tests/GenericsInDifferentLayers.class
   JD: JDownloader.jar/org/appwork/utils/reflection/tests/GenericsInDifferentLayersFullyResolved.class
   JD: JDownloader.jar/org/appwork/utils/reflection/tests/ReGenericExtendsMap.class
   JD: JDownloader.jar/org/appwork/utils/reflection/tests/ReReGenericDefinition.class
   JD: JDownloader.jar/org/appwork/utils/singleapp/SingleAppInstance$1$1.class
   JD: JDownloader.jar/org/appwork/utils/singleapp/SingleAppInstance$1.class
   JD: JDownloader.jar/org/appwork/utils/singleapp/SingleAppInstance$ShutdownHook.class
   JD: JDownloader.jar/org/appwork/utils/singleapp/SingleAppInstance.class
   JD: JDownloader.jar/org/appwork/utils/singleapp/UncheckableInstanceException.class
   JD: JDownloader.jar/org/appwork/utils/swing/dialog/AbstractDialog$10.class
   JD: JDownloader.jar/org/appwork/utils/swing/dialog/AbstractDialog$11.class
   JD: JDownloader.jar/org/appwork/utils/swing/dialog/AbstractDialog$12.class
   JD: JDownloader.jar/org/appwork/utils/swing/dialog/AbstractDialog$13.class
   JD: JDownloader.jar/org/appwork/utils/swing/dialog/AbstractDialog$14.class
   JD: JDownloader.jar/org/appwork/utils/swing/dialog/AbstractDialog$15.class
   JD: JDownloader.jar/org/appwork/utils/swing/dialog/AbstractDialog$16.class
   JD: JDownloader.jar/org/appwork/utils/swing/dialog/AbstractDialog$9.class
   JD: JDownloader.jar/org/appwork/utils/swing/dialog/AbstractDialog.class
   JD: JDownloader.jar/org/appwork/utils/swing/dialog/ExtFileChooserDialog$1.class
   JD: JDownloader.jar/org/appwork/utils/swing/dialog/ExtFileChooserDialog$2.class
   JD: JDownloader.jar/org/appwork/utils/swing/dialog/ExtFileChooserDialog$3.class
   JD: JDownloader.jar/org/appwork/utils/swing/dialog/ExtFileChooserDialog$4$1.class
   JD: JDownloader.jar/org/appwork/utils/swing/dialog/ExtFileChooserDialog$4$2$1$1.class
   JD: JDownloader.jar/org/appwork/utils/swing/dialog/ExtFileChooserDialog$4$2$1.class
   JD: JDownloader.jar/org/appwork/utils/swing/dialog/ExtFileChooserDialog$4$2$2.class
   JD: JDownloader.jar/org/appwork/utils/swing/dialog/ExtFileChooserDialog$4$2.class
   JD: JDownloader.jar/org/appwork/utils/swing/dialog/ExtFileChooserDialog$4.class
   JD: JDownloader.jar/org/appwork/utils/swing/dialog/ExtFileChooserDialog$5.class
   JD: JDownloader.jar/org/appwork/utils/swing/dialog/ExtFileChooserDialog$6.class
   JD: JDownloader.jar/org/appwork/utils/swing/dialog/ExtFileChooserDialog$7.class
   JD: JDownloader.jar/org/appwork/utils/swing/dialog/ExtFileChooserDialog$8.class
   JD: JDownloader.jar/org/appwork/utils/swing/dialog/ExtFileChooserDialog$9.class
   JD: JDownloader.jar/org/appwork/utils/swing/dialog/ExtFileChooserDialog.class
   JD: JDownloader.jar/org/appwork/utils/swing/dialog/LoginDialog$1.class
   JD: JDownloader.jar/org/appwork/utils/swing/dialog/LoginDialog$2.class
   JD: JDownloader.jar/org/appwork/utils/swing/dialog/LoginDialog$3.class
   JD: JDownloader.jar/org/appwork/utils/swing/dialog/LoginDialog.class
   JD: JDownloader.jar/org/appwork/utils/swing/dialog/LoginRegisterDialog.class
   JD: JDownloader.jar/org/appwork/utils/swing/windowmanager/WindowsWindowManager$1.class
   JD: JDownloader.jar/org/appwork/utils/swing/windowmanager/WindowsWindowManager$2.class
   JD: JDownloader.jar/org/appwork/utils/swing/windowmanager/WindowsWindowManager$3.class
   JD: JDownloader.jar/org/appwork/utils/swing/windowmanager/WindowsWindowManager$4.class
   JD: JDownloader.jar/org/appwork/utils/swing/windowmanager/WindowsWindowManager$5.class
   JD: JDownloader.jar/org/appwork/utils/swing/windowmanager/WindowsWindowManager$6.class
   JD: JDownloader.jar/org/appwork/utils/swing/windowmanager/WindowsWindowManager$7.class
   JD: JDownloader.jar/org/appwork/utils/swing/windowmanager/WindowsWindowManager.class
   JD: JDownloader.jar/org/appwork/utils/tests/CompareUtilsTest.class
   JD: JDownloader.jar/org/appwork/utils/tests/ReflectionUtilsTest$1.class
   JD: JDownloader.jar/org/appwork/utils/tests/ReflectionUtilsTest$2.class
   JD: JDownloader.jar/org/appwork/utils/tests/ReflectionUtilsTest$3.class
   JD: JDownloader.jar/org/appwork/utils/tests/ReflectionUtilsTest$4.class
   JD: JDownloader.jar/org/appwork/utils/tests/ReflectionUtilsTest.class
   JD: JDownloader.jar/org/appwork/utils/zip/ZipIOWriter.class
   JD: JDownloader.jar/org/jdownloader/launcher/StandaloneLauncher.class
   JD: JDownloader.jar/org/jdownloader/update/launcher/SecondLevelLauncher$1.class
   JD: JDownloader.jar/org/jdownloader/update/launcher/SecondLevelLauncher$2.class
   JD: JDownloader.jar/org/jdownloader/update/launcher/SecondLevelLauncher$3.class
   JD: JDownloader.jar/org/jdownloader/update/launcher/SecondLevelLauncher$4.class
   JD: JDownloader.jar/org/jdownloader/update/launcher/SecondLevelLauncher$5.class
   JD: JDownloader.jar/org/jdownloader/update/launcher/SecondLevelLauncher$6.class
   JD: JDownloader.jar/org/jdownloader/update/launcher/SecondLevelLauncher$7.class
   JD: JDownloader.jar/org/jdownloader/update/launcher/SecondLevelLauncher.class
   JD: JDownloader.jar/org/jdownloader/updatev2/gui/LAFSettings.class
