Sat May 02 19:10:17 CST 2020
Package: updatePackage.awf
   JD: JDownloader.jar/classpath
   JD: JDownloader.jar/org/appwork/storage/simplejson/mapper/ClassCache$Rules.class
   JD: JDownloader.jar/org/appwork/storage/simplejson/mapper/ClassCache.class
   JD: JDownloader.jar/org/appwork/sunwrapper/sun/awt/shell/ShellFolderWrapper.class
   JD: JDownloader.jar/org/appwork/updatesys/client/defaultimpl/http/ProxySelectorImpl$2.class
   JD: JDownloader.jar/org/appwork/updatesys/client/defaultimpl/http/ProxySelectorImpl.class
   JD: JDownloader.jar/org/appwork/updatesys/client/lastchance/LastChanceUtils$1.class.removed
   JD: JDownloader.jar/org/appwork/updatesys/client/lastchance/LastChanceUtils.class
   JD: JDownloader.jar/org/appwork/utils/ReflectionUtils$1.class
   JD: JDownloader.jar/org/appwork/utils/ReflectionUtils$WalkThroughObjectCallBack.class
   JD: JDownloader.jar/org/appwork/utils/ReflectionUtils.class
   JD: JDownloader.jar/org/appwork/utils/images/IconIO$2.class
   JD: JDownloader.jar/org/appwork/utils/images/IconIO$3.class
   JD: JDownloader.jar/org/appwork/utils/images/IconIO$DataURLFormat.class
   JD: JDownloader.jar/org/appwork/utils/images/IconIO.class
   JD: JDownloader.jar/org/appwork/utils/locale/AWUTranslation.class
   JD: JDownloader.jar/org/appwork/utils/net/AutoWrapInflaterInputStream$1.class
   JD: JDownloader.jar/org/appwork/utils/net/AutoWrapInflaterInputStream.class
   JD: JDownloader.jar/org/appwork/utils/net/effective_tld_names.dat
   JD: JDownloader.jar/org/appwork/utils/net/httpconnection/CountingInflaterInputStream.class
   JD: JDownloader.jar/org/appwork/utils/net/httpconnection/HTTPConnectionFactory$1.class
   JD: JDownloader.jar/org/appwork/utils/net/httpconnection/HTTPConnectionFactory.class
   JD: JDownloader.jar/org/appwork/utils/net/httpconnection/HTTPConnectionImpl$2.class
   JD: JDownloader.jar/org/appwork/utils/net/httpconnection/HTTPConnectionImpl$3.class
   JD: JDownloader.jar/org/appwork/utils/net/httpconnection/HTTPConnectionImpl$4.class
   JD: JDownloader.jar/org/appwork/utils/net/httpconnection/HTTPConnectionImpl.class
   JD: JDownloader.jar/org/appwork/utils/net/httpconnection/HTTPProxy$1.class
   JD: JDownloader.jar/org/appwork/utils/net/httpconnection/HTTPProxy$2.class
   JD: JDownloader.jar/org/appwork/utils/net/httpconnection/HTTPProxy$TYPE$1.class
   JD: JDownloader.jar/org/appwork/utils/net/httpconnection/HTTPProxy$TYPE$2.class
   JD: JDownloader.jar/org/appwork/utils/net/httpconnection/HTTPProxy$TYPE$3.class
   JD: JDownloader.jar/org/appwork/utils/net/httpconnection/HTTPProxy$TYPE$4.class
   JD: JDownloader.jar/org/appwork/utils/net/httpconnection/HTTPProxy$TYPE$5.class
   JD: JDownloader.jar/org/appwork/utils/net/httpconnection/HTTPProxy$TYPE$6.class
   JD: JDownloader.jar/org/appwork/utils/net/httpconnection/HTTPProxy$TYPE$7.class
   JD: JDownloader.jar/org/appwork/utils/net/httpconnection/HTTPProxy$TYPE$8.class
   JD: JDownloader.jar/org/appwork/utils/net/httpconnection/HTTPProxy$TYPE.class
   JD: JDownloader.jar/org/appwork/utils/net/httpconnection/HTTPProxy.class
   JD: JDownloader.jar/org/appwork/utils/net/httpconnection/HTTPProxyHTTPConnectionImpl$1.class
   JD: JDownloader.jar/org/appwork/utils/net/httpconnection/HTTPProxyHTTPConnectionImpl.class
   JD: JDownloader.jar/org/appwork/utils/net/httpconnection/HTTPProxyStorable$TYPE$1.class
   JD: JDownloader.jar/org/appwork/utils/net/httpconnection/HTTPProxyStorable$TYPE$2.class
   JD: JDownloader.jar/org/appwork/utils/net/httpconnection/HTTPProxyStorable$TYPE$3.class
   JD: JDownloader.jar/org/appwork/utils/net/httpconnection/HTTPProxyStorable$TYPE$4.class
   JD: JDownloader.jar/org/appwork/utils/net/httpconnection/HTTPProxyStorable$TYPE$5.class
   JD: JDownloader.jar/org/appwork/utils/net/httpconnection/HTTPProxyStorable$TYPE$6.class
   JD: JDownloader.jar/org/appwork/utils/net/httpconnection/HTTPProxyStorable$TYPE$7.class
   JD: JDownloader.jar/org/appwork/utils/net/httpconnection/HTTPProxyStorable$TYPE$8.class
   JD: JDownloader.jar/org/appwork/utils/net/httpconnection/HTTPProxyStorable$TYPE.class
   JD: JDownloader.jar/org/appwork/utils/net/httpconnection/HTTPProxyStorable.class
   JD: JDownloader.jar/org/appwork/utils/net/httpconnection/NativeHTTPConnectionImpl$1.class
   JD: JDownloader.jar/org/appwork/utils/net/httpconnection/NativeHTTPConnectionImpl$2.class
   JD: JDownloader.jar/org/appwork/utils/net/httpconnection/NativeHTTPConnectionImpl$3.class
   JD: JDownloader.jar/org/appwork/utils/net/httpconnection/NativeHTTPConnectionImpl$4.class
   JD: JDownloader.jar/org/appwork/utils/net/httpconnection/NativeHTTPConnectionImpl$5.class
   JD: JDownloader.jar/org/appwork/utils/net/httpconnection/NativeHTTPConnectionImpl$6.class
   JD: JDownloader.jar/org/appwork/utils/net/httpconnection/NativeHTTPConnectionImpl.class
   JD: JDownloader.jar/org/appwork/utils/net/httpconnection/Socks4HTTPConnectionImpl.class
   JD: JDownloader.jar/org/appwork/utils/net/httpconnection/Socks5HTTPConnectionImpl.class
   JD: JDownloader.jar/org/appwork/utils/net/httpconnection/SocksHTTPconnection$DESTTYPE.class
   JD: JDownloader.jar/org/appwork/utils/net/httpconnection/SocksHTTPconnection.class
   JD: JDownloader.jar/org/appwork/utils/net/socketconnection/DirectSocketConnection$1.class
   JD: JDownloader.jar/org/appwork/utils/net/socketconnection/DirectSocketConnection.class
   JD: JDownloader.jar/org/appwork/utils/net/socketconnection/HTTPProxySocketConnection$1.class
   JD: JDownloader.jar/org/appwork/utils/net/socketconnection/HTTPProxySocketConnection.class
   JD: JDownloader.jar/org/appwork/utils/net/socketconnection/SocketConnection$1.class
   JD: JDownloader.jar/org/appwork/utils/net/socketconnection/SocketConnection.class
   JD: JDownloader.jar/org/appwork/utils/net/socketconnection/Socks4SocketConnection$1.class
   JD: JDownloader.jar/org/appwork/utils/net/socketconnection/Socks4SocketConnection.class
   JD: JDownloader.jar/org/appwork/utils/net/socketconnection/Socks5SocketConnection$1.class
   JD: JDownloader.jar/org/appwork/utils/net/socketconnection/Socks5SocketConnection.class
   JD: JDownloader.jar/org/appwork/utils/os/mime/MimeWindows.class
   JD: JDownloader.jar/org/appwork/utils/reflection/Clazz.class
   JD: JDownloader.jar/org/appwork/utils/swing/dialog/ProxyDialog$1.class
   JD: JDownloader.jar/org/appwork/utils/swing/dialog/ProxyDialog$2.class
   JD: JDownloader.jar/org/appwork/utils/swing/dialog/ProxyDialog$3.class
   JD: JDownloader.jar/org/appwork/utils/swing/dialog/ProxyDialog$4.class
   JD: JDownloader.jar/org/appwork/utils/swing/dialog/ProxyDialog$5$1.class
   JD: JDownloader.jar/org/appwork/utils/swing/dialog/ProxyDialog$5.class
   JD: JDownloader.jar/org/appwork/utils/swing/dialog/ProxyDialog$6.class
   JD: JDownloader.jar/org/appwork/utils/swing/dialog/ProxyDialog$7.class
   JD: JDownloader.jar/org/appwork/utils/swing/dialog/ProxyDialog$8.class
   JD: JDownloader.jar/org/appwork/utils/swing/dialog/ProxyDialog$9.class
   JD: JDownloader.jar/org/appwork/utils/swing/dialog/ProxyDialog.class
