Wed Dec 08 11:14:39 CST 2021
Package: updatePackage
   JD: JDownloader.jar/org/appwork/app/gui/BasicGui$1$1$1$1.class
   JD: JDownloader.jar/org/appwork/app/gui/BasicGui$1$1$1.class
   JD: JDownloader.jar/org/appwork/app/gui/BasicGui$1$1$2.class
   JD: JDownloader.jar/org/appwork/app/gui/BasicGui$1$1.class
   JD: JDownloader.jar/org/appwork/app/gui/BasicGui$1.class
   JD: JDownloader.jar/org/appwork/app/gui/BasicGui$2$1.class
   JD: JDownloader.jar/org/appwork/app/gui/BasicGui$2.class
   JD: JDownloader.jar/org/appwork/app/gui/BasicGui$3$1.class
   JD: JDownloader.jar/org/appwork/app/gui/BasicGui$3.class
   JD: JDownloader.jar/org/appwork/app/gui/BasicGui.class
   JD: JDownloader.jar/org/appwork/io/streams/
   JD: JDownloader.jar/org/appwork/io/streams/MacInputStream.class
   JD: JDownloader.jar/org/appwork/io/streams/MacOutputStream.class
   JD: JDownloader.jar/org/appwork/io/streams/signature/
   JD: JDownloader.jar/org/appwork/io/streams/signature/DigestInterface.class
   JD: JDownloader.jar/org/appwork/io/streams/signature/DigesterOutputStream.class
   JD: JDownloader.jar/org/appwork/io/streams/signature/HandleStreamSignatureInputStream.class
   JD: JDownloader.jar/org/appwork/io/streams/signature/HoldBackInputStream.class
   JD: JDownloader.jar/org/appwork/io/streams/signature/MacDigester.class
   JD: JDownloader.jar/org/appwork/io/streams/signature/MessageDigester.class
   JD: JDownloader.jar/org/appwork/io/streams/signature/SignatureMismatchException.class
   JD: JDownloader.jar/org/appwork/io/streams/signature/StreamEndedUnexpectedException.class
   JD: JDownloader.jar/org/appwork/io/streams/signature/StreamSignatureCreatingOutputStream.class
   JD: JDownloader.jar/org/appwork/io/streams/signature/tests/
   JD: JDownloader.jar/org/appwork/io/streams/signature/tests/SignatureStreamTest$1.class
   JD: JDownloader.jar/org/appwork/io/streams/signature/tests/SignatureStreamTest.class
   JD: JDownloader.jar/org/appwork/io/unixsplit/StreamProvider$PartInfo.class
   JD: JDownloader.jar/org/appwork/io/unixsplit/UnixSplitOutputStream.class
   JD: JDownloader.jar/org/appwork/remoteapi/exceptions/AuthException.class
   JD: JDownloader.jar/org/appwork/remoteapi/exceptions/RemoteAPIError.class
   JD: JDownloader.jar/org/appwork/storage/JsonKeyValueStorage$1.class
   JD: JDownloader.jar/org/appwork/storage/JsonKeyValueStorage.class
   JD: JDownloader.jar/org/appwork/storage/config/handler/StorageHandler$1.class
   JD: JDownloader.jar/org/appwork/storage/config/handler/StorageHandler$10.class
   JD: JDownloader.jar/org/appwork/storage/config/handler/StorageHandler$11.class
   JD: JDownloader.jar/org/appwork/storage/config/handler/StorageHandler$12.class
   JD: JDownloader.jar/org/appwork/storage/config/handler/StorageHandler$13.class
   JD: JDownloader.jar/org/appwork/storage/config/handler/StorageHandler$14.class
   JD: JDownloader.jar/org/appwork/storage/config/handler/StorageHandler$15.class
   JD: JDownloader.jar/org/appwork/storage/config/handler/StorageHandler$16.class
   JD: JDownloader.jar/org/appwork/storage/config/handler/StorageHandler$17.class
   JD: JDownloader.jar/org/appwork/storage/config/handler/StorageHandler$18.class
   JD: JDownloader.jar/org/appwork/storage/config/handler/StorageHandler$2.class
   JD: JDownloader.jar/org/appwork/storage/config/handler/StorageHandler$3.class
   JD: JDownloader.jar/org/appwork/storage/config/handler/StorageHandler$4.class
   JD: JDownloader.jar/org/appwork/storage/config/handler/StorageHandler$5.class
   JD: JDownloader.jar/org/appwork/storage/config/handler/StorageHandler$6.class
   JD: JDownloader.jar/org/appwork/storage/config/handler/StorageHandler$7.class
   JD: JDownloader.jar/org/appwork/storage/config/handler/StorageHandler$8.class
   JD: JDownloader.jar/org/appwork/storage/config/handler/StorageHandler$9.class
   JD: JDownloader.jar/org/appwork/storage/config/handler/StorageHandler.class
   JD: JDownloader.jar/org/appwork/storage/flexijson/FlexiJSONParser$NumberParser.class
   JD: JDownloader.jar/org/appwork/storage/flexijson/FlexiJSONParser$ParsingError.class
   JD: JDownloader.jar/org/appwork/storage/flexijson/FlexiJSONParser$StringParser.class
   JD: JDownloader.jar/org/appwork/storage/flexijson/FlexiJSONParser$Token.class
   JD: JDownloader.jar/org/appwork/storage/flexijson/FlexiJSONParser.class
   JD: JDownloader.jar/org/appwork/storage/flexijson/mapper/FlexiJSonMapper$1.class
   JD: JDownloader.jar/org/appwork/storage/flexijson/mapper/FlexiJSonMapper.class
   JD: JDownloader.jar/org/appwork/storage/flexijson/mapper/tests/FlexiMapperTest.class
   JD: JDownloader.jar/org/appwork/storage/flexijson/stringify/FlexiJSonPrettyStringify.class
   JD: JDownloader.jar/org/appwork/storage/flexijson/stringify/FlexiJSonStringBuilder$1.class
   JD: JDownloader.jar/org/appwork/storage/flexijson/stringify/FlexiJSonStringBuilder.class
   JD: JDownloader.jar/org/appwork/storage/simplejson/mapper/ClassCache.class
   JD: JDownloader.jar/org/appwork/storage/simplejson/mapper/JSonMapper.class
   JD: JDownloader.jar/org/appwork/swing/components/pathchooser/PathChooser$1.class
   JD: JDownloader.jar/org/appwork/swing/components/pathchooser/PathChooser$2$1.class
   JD: JDownloader.jar/org/appwork/swing/components/pathchooser/PathChooser$2.class
   JD: JDownloader.jar/org/appwork/swing/components/pathchooser/PathChooser$3.class
   JD: JDownloader.jar/org/appwork/swing/components/pathchooser/PathChooser$BrowseAction.class
   JD: JDownloader.jar/org/appwork/swing/components/pathchooser/PathChooser.class
   JD: JDownloader.jar/org/appwork/txtresource/TranslationFactory.class
   JD: JDownloader.jar/org/appwork/updatesys/client/UpdateClient$10.class
   JD: JDownloader.jar/org/appwork/updatesys/client/UpdateClient$11.class
   JD: JDownloader.jar/org/appwork/updatesys/client/UpdateClient$12.class
   JD: JDownloader.jar/org/appwork/updatesys/client/UpdateClient$13.class
   JD: JDownloader.jar/org/appwork/updatesys/client/UpdateClient$14.class
   JD: JDownloader.jar/org/appwork/updatesys/client/UpdateClient$15.class
   JD: JDownloader.jar/org/appwork/updatesys/client/UpdateClient$16$1.class
   JD: JDownloader.jar/org/appwork/updatesys/client/UpdateClient$16.class
   JD: JDownloader.jar/org/appwork/updatesys/client/UpdateClient$17.class
   JD: JDownloader.jar/org/appwork/updatesys/client/UpdateClient$18.class
   JD: JDownloader.jar/org/appwork/updatesys/client/UpdateClient$19.class
   JD: JDownloader.jar/org/appwork/updatesys/client/UpdateClient$20.class
   JD: JDownloader.jar/org/appwork/updatesys/client/UpdateClient$21.class
   JD: JDownloader.jar/org/appwork/updatesys/client/UpdateClient$22.class
   JD: JDownloader.jar/org/appwork/updatesys/client/UpdateClient$23.class
   JD: JDownloader.jar/org/appwork/updatesys/client/UpdateClient$24.class
   JD: JDownloader.jar/org/appwork/updatesys/client/UpdateClient$25.class
   JD: JDownloader.jar/org/appwork/updatesys/client/UpdateClient$26.class
   JD: JDownloader.jar/org/appwork/updatesys/client/UpdateClient$27.class
   JD: JDownloader.jar/org/appwork/updatesys/client/UpdateClient$28.class
   JD: JDownloader.jar/org/appwork/updatesys/client/UpdateClient$29.class
   JD: JDownloader.jar/org/appwork/updatesys/client/UpdateClient$30.class
   JD: JDownloader.jar/org/appwork/updatesys/client/UpdateClient$31.class
   JD: JDownloader.jar/org/appwork/updatesys/client/UpdateClient$33.class
   JD: JDownloader.jar/org/appwork/updatesys/client/UpdateClient$6.class
   JD: JDownloader.jar/org/appwork/updatesys/client/UpdateClient$7.class
   JD: JDownloader.jar/org/appwork/updatesys/client/UpdateClient$8.class
   JD: JDownloader.jar/org/appwork/updatesys/client/UpdateClient$9.class
   JD: JDownloader.jar/org/appwork/updatesys/client/UpdateClient$ClientOptionAction.class
   JD: JDownloader.jar/org/appwork/updatesys/client/UpdateClient$ClientOptionActionType.class
   JD: JDownloader.jar/org/appwork/updatesys/client/UpdateClient$UninstallResult.class
   JD: JDownloader.jar/org/appwork/updatesys/client/UpdateClient.class
   JD: JDownloader.jar/org/appwork/updatesys/client/WindowsFileAccessJNAHandler.class
   JD: JDownloader.jar/org/appwork/updatesys/client/iid/AbstractUIDProvider.class
   JD: JDownloader.jar/org/appwork/updatesys/transport/Pkg$2.class
   JD: JDownloader.jar/org/appwork/updatesys/transport/Pkg$3.class
   JD: JDownloader.jar/org/appwork/updatesys/transport/Pkg.class
   JD: JDownloader.jar/org/appwork/utils/IO$1.class
   JD: JDownloader.jar/org/appwork/utils/IO$2.class
   JD: JDownloader.jar/org/appwork/utils/IO$3.class
   JD: JDownloader.jar/org/appwork/utils/IO$4.class
   JD: JDownloader.jar/org/appwork/utils/IO$5.class
   JD: JDownloader.jar/org/appwork/utils/IO$6.class
   JD: JDownloader.jar/org/appwork/utils/IO$BOM$BOMInputStream.class
   JD: JDownloader.jar/org/appwork/utils/IO$BOM.class
   JD: JDownloader.jar/org/appwork/utils/IO$SYNC.class
   JD: JDownloader.jar/org/appwork/utils/IO.class
   JD: JDownloader.jar/org/appwork/utils/ReflectionUtils$1.class
   JD: JDownloader.jar/org/appwork/utils/ReflectionUtils.class
   JD: JDownloader.jar/org/appwork/utils/awfc/AWFCUtils.class
   JD: JDownloader.jar/org/appwork/utils/encoding/URLEncode$1.class
   JD: JDownloader.jar/org/appwork/utils/encoding/URLEncode$2.class
   JD: JDownloader.jar/org/appwork/utils/encoding/URLEncode$Decoder.class
   JD: JDownloader.jar/org/appwork/utils/encoding/URLEncode$Encoder.class
   JD: JDownloader.jar/org/appwork/utils/encoding/URLEncode.class
   JD: JDownloader.jar/org/appwork/utils/formatter/TimeFormatter.class
   JD: JDownloader.jar/org/appwork/utils/net/HTTPHeader.class
   JD: JDownloader.jar/org/appwork/utils/net/httpconnection/HTTPConnectionImpl$3.class
   JD: JDownloader.jar/org/appwork/utils/net/httpconnection/HTTPConnectionImpl$4.class
   JD: JDownloader.jar/org/appwork/utils/net/httpconnection/HTTPConnectionImpl.class
   JD: JDownloader.jar/org/appwork/utils/net/httpconnection/JavaSSLSocketStreamFactory$1.class
   JD: JDownloader.jar/org/appwork/utils/net/httpconnection/JavaSSLSocketStreamFactory$3.class
   JD: JDownloader.jar/org/appwork/utils/net/httpconnection/JavaSSLSocketStreamFactory$4.class
   JD: JDownloader.jar/org/appwork/utils/net/httpconnection/JavaSSLSocketStreamFactory$TLS.class
   JD: JDownloader.jar/org/appwork/utils/net/httpconnection/JavaSSLSocketStreamFactory.class
   JD: JDownloader.jar/org/appwork/utils/net/httpconnection/NativeHTTPConnectionImpl$5.class
   JD: JDownloader.jar/org/appwork/utils/net/httpconnection/NativeSSLSocketStreamFactory.class
   JD: JDownloader.jar/org/appwork/utils/net/httpconnection/SSLSocketStreamOptions$1.class
   JD: JDownloader.jar/org/appwork/utils/net/httpconnection/SSLSocketStreamOptions.class
   JD: JDownloader.jar/org/appwork/utils/net/httpserver/HttpHandlerInfo.class
   JD: JDownloader.jar/org/appwork/utils/net/httpserver/HttpServerController$1.class.removed
   JD: JDownloader.jar/org/appwork/utils/net/httpserver/HttpServerController.class
   JD: JDownloader.jar/org/appwork/utils/net/httpserver/requests/PostRequest$1.class
   JD: JDownloader.jar/org/appwork/utils/net/httpserver/requests/PostRequest$2.class.removed
   JD: JDownloader.jar/org/appwork/utils/net/httpserver/requests/PostRequest$3.class.removed
   JD: JDownloader.jar/org/appwork/utils/net/httpserver/requests/PostRequest$CONTENT_TYPE.class
   JD: JDownloader.jar/org/appwork/utils/net/httpserver/requests/PostRequest$PostRequestInputStream.class
   JD: JDownloader.jar/org/appwork/utils/net/httpserver/requests/PostRequest.class
   JD: JDownloader.jar/org/appwork/utils/os/CrossSystem$1.class
   JD: JDownloader.jar/org/appwork/utils/os/CrossSystem$2.class
   JD: JDownloader.jar/org/appwork/utils/os/CrossSystem$3.class
   JD: JDownloader.jar/org/appwork/utils/os/CrossSystem$4.class
   JD: JDownloader.jar/org/appwork/utils/os/CrossSystem$ARCHFamily.class
   JD: JDownloader.jar/org/appwork/utils/os/CrossSystem$OSFamily.class
   JD: JDownloader.jar/org/appwork/utils/os/CrossSystem$OperatingSystem.class
   JD: JDownloader.jar/org/appwork/utils/os/CrossSystem.class
   JD: JDownloader.jar/org/appwork/utils/parser/UrlQuery.class
   JD: JDownloader.jar/org/appwork/utils/processes/ProcessBuilderFactory$1.class
   JD: JDownloader.jar/org/appwork/utils/processes/ProcessBuilderFactory$2.class
   JD: JDownloader.jar/org/appwork/utils/processes/ProcessBuilderFactory.class
   JD: JDownloader.jar/org/appwork/utils/swing/EDTRunner.class
   JD: JDownloader.jar/org/appwork/utils/swing/SwingUtils$1.class
   JD: JDownloader.jar/org/appwork/utils/swing/SwingUtils.class
   JD: JDownloader.jar/org/appwork/utils/swing/dialog/AbstractDialog$10.class
   JD: JDownloader.jar/org/appwork/utils/swing/dialog/AbstractDialog$11.class
   JD: JDownloader.jar/org/appwork/utils/swing/dialog/AbstractDialog$12.class
   JD: JDownloader.jar/org/appwork/utils/swing/dialog/AbstractDialog$13.class
   JD: JDownloader.jar/org/appwork/utils/swing/dialog/AbstractDialog$14.class
   JD: JDownloader.jar/org/appwork/utils/swing/dialog/AbstractDialog$15.class
   JD: JDownloader.jar/org/appwork/utils/swing/dialog/AbstractDialog$16.class
   JD: JDownloader.jar/org/appwork/utils/swing/dialog/AbstractDialog$5.class
   JD: JDownloader.jar/org/appwork/utils/swing/dialog/AbstractDialog$6$1.class
   JD: JDownloader.jar/org/appwork/utils/swing/dialog/AbstractDialog$6.class
   JD: JDownloader.jar/org/appwork/utils/swing/dialog/AbstractDialog$7.class
   JD: JDownloader.jar/org/appwork/utils/swing/dialog/AbstractDialog$8.class
   JD: JDownloader.jar/org/appwork/utils/swing/dialog/AbstractDialog$9.class
   JD: JDownloader.jar/org/appwork/utils/swing/dialog/AbstractDialog.class
   JD: JDownloader.jar/org/appwork/utils/swing/dialog/DialogCanceledException.class
   JD: JDownloader.jar/org/appwork/utils/swing/dialog/DialogNoAnswerException.class
   JD: JDownloader.jar/org/appwork/utils/swing/dialog/ExtFileChooserDialog$2.class
   JD: JDownloader.jar/org/appwork/utils/swing/dialog/ExtFileChooserDialog$3.class
   JD: JDownloader.jar/org/appwork/utils/swing/dialog/ExtFileChooserDialog$4$1.class
   JD: JDownloader.jar/org/appwork/utils/swing/dialog/ExtFileChooserDialog$4$2$1$1.class
   JD: JDownloader.jar/org/appwork/utils/swing/dialog/ExtFileChooserDialog$4$2$1.class
   JD: JDownloader.jar/org/appwork/utils/swing/dialog/ExtFileChooserDialog$4$2$2.class
   JD: JDownloader.jar/org/appwork/utils/swing/dialog/ExtFileChooserDialog$4$2.class
   JD: JDownloader.jar/org/appwork/utils/swing/dialog/ExtFileChooserDialog$4.class
   JD: JDownloader.jar/org/appwork/utils/swing/dialog/ExtFileChooserDialog$5.class
   JD: JDownloader.jar/org/appwork/utils/swing/dialog/ExtFileChooserDialog$6.class
   JD: JDownloader.jar/org/appwork/utils/swing/dialog/ExtFileChooserDialog$7.class
   JD: JDownloader.jar/org/appwork/utils/swing/dialog/ExtFileChooserDialog$8.class
   JD: JDownloader.jar/org/appwork/utils/swing/dialog/ExtFileChooserDialog.class
   JD: JDownloader.jar/org/appwork/utils/swing/dialog/InputDialog$1.class
   JD: JDownloader.jar/org/appwork/utils/swing/dialog/InputDialog$2.class
   JD: JDownloader.jar/org/appwork/utils/swing/dialog/InputDialog$3.class
   JD: JDownloader.jar/org/appwork/utils/swing/dialog/InputDialog$4.class
   JD: JDownloader.jar/org/appwork/utils/swing/dialog/InputDialog.class
   JD: JDownloader.jar/org/appwork/utils/swing/dialog/InternDialog$1.class
   JD: JDownloader.jar/org/appwork/utils/swing/dialog/InternDialog.class
   JD: JDownloader.jar/org/appwork/utils/swing/dialog/LoginDialog$1.class
   JD: JDownloader.jar/org/appwork/utils/swing/dialog/LoginDialog$2.class
   JD: JDownloader.jar/org/appwork/utils/swing/dialog/LoginDialog$3.class
   JD: JDownloader.jar/org/appwork/utils/swing/dialog/LoginDialog.class
   JD: JDownloader.jar/org/appwork/utils/swing/dialog/dimensor/DialogDimensor.class
   JD: JDownloader.jar/org/appwork/utils/swing/dialog/dimensor/RememberLastDialogDimension.class
   JD: JDownloader.jar/org/appwork/utils/swing/dialog/locator/CenterOfScreenDialogLocator.class
   JD: JDownloader.jar/org/appwork/utils/swing/dialog/locator/DialogLocator.class
   JD: JDownloader.jar/org/appwork/utils/swing/dialog/locator/PointOnScreenLocator.class
   JD: JDownloader.jar/org/appwork/utils/swing/dialog/locator/RememberAbsoluteDialogLocator.class
   JD: JDownloader.jar/org/appwork/utils/swing/dialog/locator/RememberRelativeDialogLocator$1.class
   JD: JDownloader.jar/org/appwork/utils/swing/dialog/locator/RememberRelativeDialogLocator$2.class
   JD: JDownloader.jar/org/appwork/utils/swing/dialog/locator/RememberRelativeDialogLocator.class
   JD: JDownloader.jar/org/appwork/utils/swing/dimensor/AbstractDimensor.class
   JD: JDownloader.jar/org/appwork/utils/swing/dimensor/DimensorInterface.class
   JD: JDownloader.jar/org/appwork/utils/swing/dimensor/RememberLastDimensor.class
   JD: JDownloader.jar/org/appwork/utils/swing/locationstore/LocationStorageManager$1.class
   JD: JDownloader.jar/org/appwork/utils/swing/locationstore/LocationStorageManager$2.class
   JD: JDownloader.jar/org/appwork/utils/swing/locationstore/LocationStorageManager$3.class
   JD: JDownloader.jar/org/appwork/utils/swing/locationstore/LocationStorageManager.class
   JD: JDownloader.jar/org/appwork/utils/swing/locator/AbstractLocator.class
   JD: JDownloader.jar/org/appwork/utils/swing/locator/CenterOfScreenLocator.class
   JD: JDownloader.jar/org/appwork/utils/swing/locator/Locator.class
   JD: JDownloader.jar/org/appwork/utils/swing/locator/RememberAbsoluteLocator.class
   JD: JDownloader.jar/org/appwork/utils/swing/locator/RememberRelativeLocator.class
   JD: JDownloader.jar/org/jdownloader/logging/LogController.class
   JD: JDownloader.jar/org/jdownloader/update/JDUpdateClient$3.class
   JD: JDownloader.jar/org/jdownloader/update/JDUpdateClient$4.class
   JD: JDownloader.jar/org/jdownloader/update/JDUpdateClient$5.class
   JD: JDownloader.jar/org/jdownloader/update/JDUpdateClient$6.class
   JD: JDownloader.jar/org/jdownloader/update/JDUpdateClient$7.class
   JD: JDownloader.jar/org/jdownloader/update/JDUpdateClient.class
   JD: JDownloader.jar/org/jdownloader/update/UpdateManager.class
   JD: JDownloader.jar/org/jdownloader/update/gui/UpdateGui.class
   JD: JDownloader.jar/org/jdownloader/update/gui/UpdateGuiWrapper$11.class
   JD: JDownloader.jar/org/jdownloader/update/gui/UpdateGuiWrapper.class
   JD: JDownloader.jar/org/jdownloader/updatev2/restart/WindowsRestarter.class
