Mon Sep 18 20:49:00 CST 2023
Package: updatePackage
   JD: JDownloader.jar/classpath
   JD: JDownloader.jar/org/appwork/app/gui/BasicGui$2$1.class
   JD: JDownloader.jar/org/appwork/app/gui/BasicGui$2.class
   JD: JDownloader.jar/org/appwork/app/gui/BasicGui$3$1.class
   JD: JDownloader.jar/org/appwork/app/gui/BasicGui$3.class
   JD: JDownloader.jar/org/appwork/app/gui/BasicGui.class
   JD: JDownloader.jar/org/appwork/loggingv3/simple/BlockLogsFromCurrentThreadVetoListener.class
   JD: JDownloader.jar/org/appwork/loggingv3/simple/sink/LogToStdOutSink.class
   JD: JDownloader.jar/org/appwork/moncompare/AggregationResult.class
   JD: JDownloader.jar/org/appwork/moncompare/CannotGetValueException.class
   JD: JDownloader.jar/org/appwork/moncompare/Condition$1.class
   JD: JDownloader.jar/org/appwork/moncompare/Condition$2.class
   JD: JDownloader.jar/org/appwork/moncompare/Condition$AccessArrayElement.class
   JD: JDownloader.jar/org/appwork/moncompare/Condition$AccessByField.class
   JD: JDownloader.jar/org/appwork/moncompare/Condition$AccessByMethod.class
   JD: JDownloader.jar/org/appwork/moncompare/Condition$AccessCollectionElement.class
   JD: JDownloader.jar/org/appwork/moncompare/Condition$AccessListElement.class
   JD: JDownloader.jar/org/appwork/moncompare/Condition$AccessMapElement.class
   JD: JDownloader.jar/org/appwork/moncompare/Condition$AccessNotFound.class
   JD: JDownloader.jar/org/appwork/moncompare/Condition$AddOp.class
   JD: JDownloader.jar/org/appwork/moncompare/Condition$AndOp.class
   JD: JDownloader.jar/org/appwork/moncompare/Condition$AnyOp.class
   JD: JDownloader.jar/org/appwork/moncompare/Condition$ConcatOp.class
   JD: JDownloader.jar/org/appwork/moncompare/Condition$DivideOp.class
   JD: JDownloader.jar/org/appwork/moncompare/Condition$EachOp.class
   JD: JDownloader.jar/org/appwork/moncompare/Condition$EqOp.class
   JD: JDownloader.jar/org/appwork/moncompare/Condition$ExistsOp.class
   JD: JDownloader.jar/org/appwork/moncompare/Condition$GtOp.class.removed
   JD: JDownloader.jar/org/appwork/moncompare/Condition$GteOp.class.removed
   JD: JDownloader.jar/org/appwork/moncompare/Condition$InOp.class
   JD: JDownloader.jar/org/appwork/moncompare/Condition$KeyOnClass.class
   JD: JDownloader.jar/org/appwork/moncompare/Condition$LtOp.class.removed
   JD: JDownloader.jar/org/appwork/moncompare/Condition$LteOp.class.removed
   JD: JDownloader.jar/org/appwork/moncompare/Condition$MaxOp.class
   JD: JDownloader.jar/org/appwork/moncompare/Condition$MinOp.class
   JD: JDownloader.jar/org/appwork/moncompare/Condition$MultiplyOp.class
   JD: JDownloader.jar/org/appwork/moncompare/Condition$NinOp.class
   JD: JDownloader.jar/org/appwork/moncompare/Condition$NotEqualsOp.class
   JD: JDownloader.jar/org/appwork/moncompare/Condition$NotOp.class
   JD: JDownloader.jar/org/appwork/moncompare/Condition$NumberOp$OP$1.class
   JD: JDownloader.jar/org/appwork/moncompare/Condition$NumberOp$OP$2.class
   JD: JDownloader.jar/org/appwork/moncompare/Condition$NumberOp$OP$3.class
   JD: JDownloader.jar/org/appwork/moncompare/Condition$NumberOp$OP$4.class
   JD: JDownloader.jar/org/appwork/moncompare/Condition$NumberOp$OP.class
   JD: JDownloader.jar/org/appwork/moncompare/Condition$NumberOp.class
   JD: JDownloader.jar/org/appwork/moncompare/Condition$OrOp.class
   JD: JDownloader.jar/org/appwork/moncompare/Condition$PathHandler.class
   JD: JDownloader.jar/org/appwork/moncompare/Condition$ProjectOp.class
   JD: JDownloader.jar/org/appwork/moncompare/Condition$QueryOPResult.class.removed
   JD: JDownloader.jar/org/appwork/moncompare/Condition$RegexFindOp.class
   JD: JDownloader.jar/org/appwork/moncompare/Condition$RegexOp.class
   JD: JDownloader.jar/org/appwork/moncompare/Condition$ResolverOPHandler.class
   JD: JDownloader.jar/org/appwork/moncompare/Condition$SubstractOp.class.removed
   JD: JDownloader.jar/org/appwork/moncompare/Condition$SubtractOp.class
   JD: JDownloader.jar/org/appwork/moncompare/Condition$SumOp.class
   JD: JDownloader.jar/org/appwork/moncompare/Condition.class
   JD: JDownloader.jar/org/appwork/moncompare/ConditionResult.class
   JD: JDownloader.jar/org/appwork/moncompare/Conditions.class
   JD: JDownloader.jar/org/appwork/moncompare/Operator.class
   JD: JDownloader.jar/org/appwork/moncompare/Scope.class
   JD: JDownloader.jar/org/appwork/moncompare/fromjson/FlexiCondition$1.class
   JD: JDownloader.jar/org/appwork/moncompare/helper/
   JD: JDownloader.jar/org/appwork/moncompare/helper/AlwaysFalse.class
   JD: JDownloader.jar/org/appwork/moncompare/helper/AlwaysTrue.class
   JD: JDownloader.jar/org/appwork/moncompare/helper/AnyElementMatches.class
   JD: JDownloader.jar/org/appwork/moncompare/helper/GreaterThan.class
   JD: JDownloader.jar/org/appwork/remoteapi/annotations/AllowNonStorableObjects.class
   JD: JDownloader.jar/org/appwork/resources/Theme.class
   JD: JDownloader.jar/org/appwork/storage/MapperType.class
   JD: JDownloader.jar/org/appwork/storage/StorableDontSerializeDeeper.class
   JD: JDownloader.jar/org/appwork/storage/StorableSupportedMappers.class
   JD: JDownloader.jar/org/appwork/storage/StorableValidator$1.class
   JD: JDownloader.jar/org/appwork/storage/StorableValidator$2.class
   JD: JDownloader.jar/org/appwork/storage/StorableValidator$3.class
   JD: JDownloader.jar/org/appwork/storage/StorableValidator$4.class
   JD: JDownloader.jar/org/appwork/storage/StorableValidator$AddDefaultsMapper.class
   JD: JDownloader.jar/org/appwork/storage/StorableValidator$AvailableSinceException.class
   JD: JDownloader.jar/org/appwork/storage/StorableValidator$CheckerMapper.class
   JD: JDownloader.jar/org/appwork/storage/StorableValidator$ConditionException.class
   JD: JDownloader.jar/org/appwork/storage/StorableValidator$DeprecatedException.class
   JD: JDownloader.jar/org/appwork/storage/StorableValidator$EmptyStringException.class
   JD: JDownloader.jar/org/appwork/storage/StorableValidator$FallbackKeyException.class
   JD: JDownloader.jar/org/appwork/storage/StorableValidator$InvalidRegularExpressionException.class
   JD: JDownloader.jar/org/appwork/storage/StorableValidator$InvalidTimestampException.class
   JD: JDownloader.jar/org/appwork/storage/StorableValidator$InvalidTypeException.class
   JD: JDownloader.jar/org/appwork/storage/StorableValidator$NullException.class
   JD: JDownloader.jar/org/appwork/storage/StorableValidator$UnknownEnumException.class
   JD: JDownloader.jar/org/appwork/storage/StorableValidator$UnknownPropertyException.class
   JD: JDownloader.jar/org/appwork/storage/StorableValidator$ValidateCondition$1.class.removed
   JD: JDownloader.jar/org/appwork/storage/StorableValidator$ValidateCondition.class.removed
   JD: JDownloader.jar/org/appwork/storage/StorableValidator$ValidatetoDoss.class
   JD: JDownloader.jar/org/appwork/storage/StorableValidator$ValidatorException$1.class
   JD: JDownloader.jar/org/appwork/storage/StorableValidator$ValidatorException.class
   JD: JDownloader.jar/org/appwork/storage/StorableValidator$ValidatorInvalidTimeSpanException.class
   JD: JDownloader.jar/org/appwork/storage/StorableValidator$ValidatorMandatoryPropertyMissingException.class
   JD: JDownloader.jar/org/appwork/storage/StorableValidator$ValidatorValueIsNullException.class
   JD: JDownloader.jar/org/appwork/storage/StorableValidator.class
   JD: JDownloader.jar/org/appwork/storage/config/handler/BooleanKeyHandler.class
   JD: JDownloader.jar/org/appwork/storage/config/handler/ByteKeyHandler.class
   JD: JDownloader.jar/org/appwork/storage/config/handler/DoubleKeyHandler.class
   JD: JDownloader.jar/org/appwork/storage/config/handler/EnumKeyHandler$1.class
   JD: JDownloader.jar/org/appwork/storage/config/handler/EnumKeyHandler.class
   JD: JDownloader.jar/org/appwork/storage/config/handler/EnumListHandler.class
   JD: JDownloader.jar/org/appwork/storage/config/handler/FloatKeyHandler.class
   JD: JDownloader.jar/org/appwork/storage/config/handler/IntegerKeyHandler.class
   JD: JDownloader.jar/org/appwork/storage/config/handler/KeyHandler$1.class
   JD: JDownloader.jar/org/appwork/storage/config/handler/KeyHandler$2.class
   JD: JDownloader.jar/org/appwork/storage/config/handler/KeyHandler$AbstractTypeDefinition.class
   JD: JDownloader.jar/org/appwork/storage/config/handler/KeyHandler.class
   JD: JDownloader.jar/org/appwork/storage/config/handler/ListHandler$1.class
   JD: JDownloader.jar/org/appwork/storage/config/handler/ListHandler$2.class
   JD: JDownloader.jar/org/appwork/storage/config/handler/ListHandler$3.class
   JD: JDownloader.jar/org/appwork/storage/config/handler/ListHandler.class
   JD: JDownloader.jar/org/appwork/storage/config/handler/LongKeyHandler.class
   JD: JDownloader.jar/org/appwork/storage/config/handler/ShortKeyHandler.class
   JD: JDownloader.jar/org/appwork/storage/config/handler/StorageHandler$1.class
   JD: JDownloader.jar/org/appwork/storage/config/handler/StorageHandler$10.class.removed
   JD: JDownloader.jar/org/appwork/storage/config/handler/StorageHandler$11.class.removed
   JD: JDownloader.jar/org/appwork/storage/config/handler/StorageHandler$12.class.removed
   JD: JDownloader.jar/org/appwork/storage/config/handler/StorageHandler$13.class.removed
   JD: JDownloader.jar/org/appwork/storage/config/handler/StorageHandler$14.class.removed
   JD: JDownloader.jar/org/appwork/storage/config/handler/StorageHandler$15.class.removed
   JD: JDownloader.jar/org/appwork/storage/config/handler/StorageHandler$16.class.removed
   JD: JDownloader.jar/org/appwork/storage/config/handler/StorageHandler$17.class.removed
   JD: JDownloader.jar/org/appwork/storage/config/handler/StorageHandler$18.class.removed
   JD: JDownloader.jar/org/appwork/storage/config/handler/StorageHandler$2.class
   JD: JDownloader.jar/org/appwork/storage/config/handler/StorageHandler$3.class
   JD: JDownloader.jar/org/appwork/storage/config/handler/StorageHandler$4.class
   JD: JDownloader.jar/org/appwork/storage/config/handler/StorageHandler$5.class.removed
   JD: JDownloader.jar/org/appwork/storage/config/handler/StorageHandler$6.class.removed
   JD: JDownloader.jar/org/appwork/storage/config/handler/StorageHandler$7.class.removed
   JD: JDownloader.jar/org/appwork/storage/config/handler/StorageHandler$8.class.removed
   JD: JDownloader.jar/org/appwork/storage/config/handler/StorageHandler$9.class.removed
   JD: JDownloader.jar/org/appwork/storage/config/handler/StorageHandler.class
   JD: JDownloader.jar/org/appwork/storage/config/handler/StringKeyHandler.class
   JD: JDownloader.jar/org/appwork/storage/config/handler/StringListHandler.class
   JD: JDownloader.jar/org/appwork/storage/config/swing/models/ConfigByteSpinnerModel.class
   JD: JDownloader.jar/org/appwork/storage/config/swing/models/ConfigLongSpinnerModel$1.class
   JD: JDownloader.jar/org/appwork/storage/config/swing/models/ConfigLongSpinnerModel$2.class
   JD: JDownloader.jar/org/appwork/storage/config/swing/models/ConfigLongSpinnerModel.class
   JD: JDownloader.jar/org/appwork/storage/config/swing/models/ConfigToggleButtonModel$1.class
   JD: JDownloader.jar/org/appwork/storage/config/swing/models/ConfigToggleButtonModel$2.class
   JD: JDownloader.jar/org/appwork/storage/config/swing/models/ConfigToggleButtonModel$3.class
   JD: JDownloader.jar/org/appwork/storage/config/swing/models/ConfigToggleButtonModel$4.class
   JD: JDownloader.jar/org/appwork/storage/config/swing/models/ConfigToggleButtonModel.class
   JD: JDownloader.jar/org/appwork/storage/config/swing/models/PropertyHandlerProviderBridge$ListenerBridge.class
   JD: JDownloader.jar/org/appwork/storage/config/swing/models/PropertyHandlerProviderBridge.class
   JD: JDownloader.jar/org/appwork/storage/flexijson/FlexiJSONParser$1.class
   JD: JDownloader.jar/org/appwork/storage/flexijson/FlexiJSONParser$NumberParser.class
   JD: JDownloader.jar/org/appwork/storage/flexijson/FlexiJSONParser$StringParser.class
   JD: JDownloader.jar/org/appwork/storage/flexijson/FlexiJSONParser$StringQuoting.class
   JD: JDownloader.jar/org/appwork/storage/flexijson/FlexiJSONParser$Token.class
   JD: JDownloader.jar/org/appwork/storage/flexijson/FlexiJSONParser.class
   JD: JDownloader.jar/org/appwork/storage/flexijson/FlexiJSonComments.class
   JD: JDownloader.jar/org/appwork/storage/flexijson/FlexiJSonObject.class
   JD: JDownloader.jar/org/appwork/storage/flexijson/FlexiUtils$1.class
   JD: JDownloader.jar/org/appwork/storage/flexijson/FlexiUtils.class
   JD: JDownloader.jar/org/appwork/storage/flexijson/FlexiVisitor.class
   JD: JDownloader.jar/org/appwork/storage/flexijson/InvalidPathException.class
   JD: JDownloader.jar/org/appwork/storage/flexijson/JSPath$1.class
   JD: JDownloader.jar/org/appwork/storage/flexijson/JSPath.class
   JD: JDownloader.jar/org/appwork/storage/flexijson/mapper/FlexiJSonMapper$1.class
   JD: JDownloader.jar/org/appwork/storage/flexijson/mapper/FlexiJSonMapper$2.class
   JD: JDownloader.jar/org/appwork/storage/flexijson/mapper/FlexiJSonMapper$3.class
   JD: JDownloader.jar/org/appwork/storage/flexijson/mapper/FlexiJSonMapper$4.class
   JD: JDownloader.jar/org/appwork/storage/flexijson/mapper/FlexiJSonMapper$5.class
   JD: JDownloader.jar/org/appwork/storage/flexijson/mapper/FlexiJSonMapper.class
   JD: JDownloader.jar/org/appwork/storage/flexijson/mapper/FlexiJsonProperty.class
   JD: JDownloader.jar/org/appwork/storage/flexijson/mapper/interfacestorage/InterfaceStorage$1.class
   JD: JDownloader.jar/org/appwork/storage/flexijson/mapper/interfacestorage/InterfaceStorage$2.class
   JD: JDownloader.jar/org/appwork/storage/flexijson/mapper/interfacestorage/InterfaceStorage$3.class
   JD: JDownloader.jar/org/appwork/storage/flexijson/mapper/interfacestorage/InterfaceStorage$4.class
   JD: JDownloader.jar/org/appwork/storage/flexijson/mapper/interfacestorage/InterfaceStorage.class
   JD: JDownloader.jar/org/appwork/storage/flexijson/mapper/mod/FlexiModifier.class
   JD: JDownloader.jar/org/appwork/storage/flexijson/mapper/mod/JsonModification$UnsetValidator.class
   JD: JDownloader.jar/org/appwork/storage/flexijson/mapper/mod/JsonModification.class
   JD: JDownloader.jar/org/appwork/storage/flexijson/mapper/mod/JsonModifierInstructions$UnsetValidator.class.removed
   JD: JDownloader.jar/org/appwork/storage/flexijson/mapper/mod/JsonModifierInstructions.class.removed
   JD: JDownloader.jar/org/appwork/storage/flexijson/mapper/mod/tests/FlexiMergerTest.class
   JD: JDownloader.jar/org/appwork/storage/flexijson/mapper/tests/FlexiMapperTest$1.class
   JD: JDownloader.jar/org/appwork/storage/flexijson/mapper/tests/FlexiMapperTest$2.class
   JD: JDownloader.jar/org/appwork/storage/flexijson/mapper/tests/FlexiMapperTest$3.class
   JD: JDownloader.jar/org/appwork/storage/flexijson/mapper/tests/FlexiMapperTest$4.class
   JD: JDownloader.jar/org/appwork/storage/flexijson/mapper/tests/FlexiMapperTest.class
   JD: JDownloader.jar/org/appwork/storage/flexijson/mapper/tests/FlexiMapperTestGenericArrays$1.class
   JD: JDownloader.jar/org/appwork/storage/flexijson/mapper/tests/FlexiMapperTestGenericArrays$2.class
   JD: JDownloader.jar/org/appwork/storage/flexijson/mapper/tests/FlexiMapperTestGenericArrays$3.class
   JD: JDownloader.jar/org/appwork/storage/flexijson/mapper/tests/FlexiMapperTestGenericArrays$4.class
   JD: JDownloader.jar/org/appwork/storage/flexijson/mapper/tests/FlexiMapperTestGenericArrays$5.class
   JD: JDownloader.jar/org/appwork/storage/flexijson/mapper/tests/FlexiMapperTestGenericArrays$6.class
   JD: JDownloader.jar/org/appwork/storage/flexijson/mapper/tests/FlexiMapperTestGenericArrays$7.class
   JD: JDownloader.jar/org/appwork/storage/flexijson/mapper/tests/FlexiMapperTestGenericArrays.class
   JD: JDownloader.jar/org/appwork/storage/flexijson/mapper/tests/ValidateFlexiAnnotationsTest$1.class
   JD: JDownloader.jar/org/appwork/storage/flexijson/mapper/tests/ValidateFlexiAnnotationsTest$2.class
   JD: JDownloader.jar/org/appwork/storage/flexijson/mapper/tests/ValidateFlexiAnnotationsTest$3.class
   JD: JDownloader.jar/org/appwork/storage/flexijson/mapper/tests/ValidateFlexiAnnotationsTest.class
   JD: JDownloader.jar/org/appwork/storage/flexijson/mapper/typemapper/ConditionMapper.class
   JD: JDownloader.jar/org/appwork/storage/flexijson/mapper/typemapper/DateMapper.class
   JD: JDownloader.jar/org/appwork/storage/flexijson/mapper/typemapper/LocaleMapMapper.class
   JD: JDownloader.jar/org/appwork/storage/flexijson/tests/FlexiUtilsWalkTest$1.class
   JD: JDownloader.jar/org/appwork/storage/flexijson/tests/FlexiUtilsWalkTest$2.class
   JD: JDownloader.jar/org/appwork/storage/flexijson/tests/FlexiUtilsWalkTest.class
   JD: JDownloader.jar/org/appwork/storage/flexijson/tests/JSPathTest.class
   JD: JDownloader.jar/org/appwork/storage/flexijson/tests/ObjectContainsAll$1.class
   JD: JDownloader.jar/org/appwork/storage/flexijson/tests/ObjectContainsAll$EntryType.class
   JD: JDownloader.jar/org/appwork/storage/flexijson/tests/ObjectContainsAll.class
   JD: JDownloader.jar/org/appwork/storage/simplejson/JSonParser$Token.class
   JD: JDownloader.jar/org/appwork/storage/simplejson/JSonParser.class
   JD: JDownloader.jar/org/appwork/storage/simplejson/MinimalMemoryMap$1$1$1.class
   JD: JDownloader.jar/org/appwork/storage/simplejson/MinimalMemoryMap$1$1.class
   JD: JDownloader.jar/org/appwork/storage/simplejson/MinimalMemoryMap$1.class
   JD: JDownloader.jar/org/appwork/storage/simplejson/MinimalMemoryMap.class
   JD: JDownloader.jar/org/appwork/storage/simplejson/mapper/ClassCache$1.class
   JD: JDownloader.jar/org/appwork/storage/simplejson/mapper/ClassCache$Rules.class
   JD: JDownloader.jar/org/appwork/storage/simplejson/mapper/ClassCache.class
   JD: JDownloader.jar/org/appwork/storage/simplejson/mapper/JSonMapper$1.class
   JD: JDownloader.jar/org/appwork/storage/simplejson/mapper/JSonMapper.class
   JD: JDownloader.jar/org/appwork/storage/simplejson/mapper/test/GenList2DTestForSImpleJson$1.class
   JD: JDownloader.jar/org/appwork/storage/simplejson/mapper/test/GenList2DTestForSImpleJson$2.class
   JD: JDownloader.jar/org/appwork/storage/simplejson/mapper/test/GenList2DTestForSImpleJson$TEstENum.class
   JD: JDownloader.jar/org/appwork/storage/simplejson/mapper/test/GenList2DTestForSImpleJson.class
   JD: JDownloader.jar/org/appwork/storage/simplejson/mapper/test/GenericListTypeTestClass.class
   JD: JDownloader.jar/org/appwork/storage/simplejson/mapper/test/TestClass.class
   JD: JDownloader.jar/org/appwork/storage/tests/ClassPathScanner$1.class
   JD: JDownloader.jar/org/appwork/storage/tests/ClassPathScanner.class
   JD: JDownloader.jar/org/appwork/storage/tests/ConfigInterfaceValidator$1.class
   JD: JDownloader.jar/org/appwork/storage/tests/ConfigInterfaceValidator.class
   JD: JDownloader.jar/org/appwork/storage/tests/StorableValidatorTest$1.class
   JD: JDownloader.jar/org/appwork/storage/tests/StorableValidatorTest$2.class
   JD: JDownloader.jar/org/appwork/storage/tests/StorableValidatorTest$3.class
   JD: JDownloader.jar/org/appwork/storage/tests/StorableValidatorTest.class
   JD: JDownloader.jar/org/appwork/swing/components/ExtTextField$1.class
   JD: JDownloader.jar/org/appwork/swing/components/ExtTextField$2.class
   JD: JDownloader.jar/org/appwork/swing/components/ExtTextField.class
   JD: JDownloader.jar/org/appwork/swing/exttable/CustomOriginalTableColumn.class
   JD: JDownloader.jar/org/appwork/swing/exttable/ExtColumn$4.class
   JD: JDownloader.jar/org/appwork/swing/exttable/ExtColumn.class
   JD: JDownloader.jar/org/appwork/swing/exttable/ExtTable$10.class
   JD: JDownloader.jar/org/appwork/swing/exttable/ExtTable$11.class
   JD: JDownloader.jar/org/appwork/swing/exttable/ExtTable$12.class
   JD: JDownloader.jar/org/appwork/swing/exttable/ExtTable$13.class
   JD: JDownloader.jar/org/appwork/swing/exttable/ExtTable$14.class
   JD: JDownloader.jar/org/appwork/swing/exttable/ExtTable$7.class
   JD: JDownloader.jar/org/appwork/swing/exttable/ExtTable$8.class
   JD: JDownloader.jar/org/appwork/swing/exttable/ExtTable$9$1.class
   JD: JDownloader.jar/org/appwork/swing/exttable/ExtTable$9.class
   JD: JDownloader.jar/org/appwork/swing/exttable/ExtTable.class
   JD: JDownloader.jar/org/appwork/swing/exttable/ExtTableModel$1.class
   JD: JDownloader.jar/org/appwork/swing/exttable/ExtTableModel$2.class
   JD: JDownloader.jar/org/appwork/swing/exttable/ExtTableModel$3.class
   JD: JDownloader.jar/org/appwork/swing/exttable/ExtTableModel$4.class
   JD: JDownloader.jar/org/appwork/swing/exttable/ExtTableModel$5.class
   JD: JDownloader.jar/org/appwork/swing/exttable/ExtTableModel$6.class
   JD: JDownloader.jar/org/appwork/swing/exttable/ExtTableModel$7.class
   JD: JDownloader.jar/org/appwork/swing/exttable/ExtTableModel.class
   JD: JDownloader.jar/org/appwork/swing/exttable/columns/CellHeightProvider.class
   JD: JDownloader.jar/org/appwork/swing/exttable/columns/ExtButtonColumn$1.class
   JD: JDownloader.jar/org/appwork/swing/exttable/columns/ExtButtonColumn$2.class
   JD: JDownloader.jar/org/appwork/swing/exttable/columns/ExtButtonColumn$3.class
   JD: JDownloader.jar/org/appwork/swing/exttable/columns/ExtButtonColumn.class
   JD: JDownloader.jar/org/appwork/swing/exttable/columns/ExtCheckColumn$1.class
   JD: JDownloader.jar/org/appwork/swing/exttable/columns/ExtCheckColumn$2.class
   JD: JDownloader.jar/org/appwork/swing/exttable/columns/ExtCheckColumn$3.class
   JD: JDownloader.jar/org/appwork/swing/exttable/columns/ExtCheckColumn$4.class
   JD: JDownloader.jar/org/appwork/swing/exttable/columns/ExtCheckColumn.class
   JD: JDownloader.jar/org/appwork/swing/exttable/columns/ExtFileSizeColumn$1.class
   JD: JDownloader.jar/org/appwork/swing/exttable/columns/ExtFileSizeColumn$2.class
   JD: JDownloader.jar/org/appwork/swing/exttable/columns/ExtFileSizeColumn$3.class.removed
   JD: JDownloader.jar/org/appwork/swing/exttable/columns/ExtFileSizeColumn.class
   JD: JDownloader.jar/org/appwork/swing/exttable/columns/ExtMultiLineTextColumn$1.class
   JD: JDownloader.jar/org/appwork/swing/exttable/columns/ExtMultiLineTextColumn$2.class
   JD: JDownloader.jar/org/appwork/swing/exttable/columns/ExtMultiLineTextColumn$3.class
   JD: JDownloader.jar/org/appwork/swing/exttable/columns/ExtMultiLineTextColumn$4.class
   JD: JDownloader.jar/org/appwork/swing/exttable/columns/ExtMultiLineTextColumn.class
   JD: JDownloader.jar/org/appwork/testframework/IDETestRunner$1.class
   JD: JDownloader.jar/org/appwork/testframework/IDETestRunner$2.class
   JD: JDownloader.jar/org/appwork/testframework/IDETestRunner$3.class
   JD: JDownloader.jar/org/appwork/testframework/IDETestRunner.class
   JD: JDownloader.jar/org/appwork/testframework/PostBuildRunner$1.class
   JD: JDownloader.jar/org/appwork/testframework/PostBuildRunner$2.class
   JD: JDownloader.jar/org/appwork/testframework/PostBuildRunner$3.class
   JD: JDownloader.jar/org/appwork/testframework/PostBuildRunner$LogCache.class
   JD: JDownloader.jar/org/appwork/testframework/PostBuildRunner.class
   JD: JDownloader.jar/org/appwork/testframework/tests/AssertNoTestsInJars$1.class
   JD: JDownloader.jar/org/appwork/testframework/tests/AssertNoTestsInJars.class
   JD: JDownloader.jar/org/appwork/tools.removed
   JD: JDownloader.jar/org/appwork/tools/ide.removed
   JD: JDownloader.jar/org/appwork/tools/ide/iconsetmaker.removed
   JD: JDownloader.jar/org/appwork/tools/ide/iconsetmaker/IconResource.class.removed
   JD: JDownloader.jar/org/appwork/tools/ide/iconsetmaker/IconSetMaker$1.class.removed
   JD: JDownloader.jar/org/appwork/tools/ide/iconsetmaker/IconSetMaker$2.class.removed
   JD: JDownloader.jar/org/appwork/tools/ide/iconsetmaker/IconSetMaker$3.class.removed
   JD: JDownloader.jar/org/appwork/tools/ide/iconsetmaker/IconSetMaker$4.class.removed
   JD: JDownloader.jar/org/appwork/tools/ide/iconsetmaker/IconSetMaker.class.removed
   JD: JDownloader.jar/org/appwork/tools/ide/iconsetmaker/IconSetMakerAdapter.class.removed
   JD: JDownloader.jar/org/appwork/tools/ide/iconsetmaker/ResourceSet.class.removed
   JD: JDownloader.jar/org/appwork/tools/ide/iconsetmaker/gui.removed
   JD: JDownloader.jar/org/appwork/tools/ide/iconsetmaker/gui/Icon8Chooser$1.class.removed
   JD: JDownloader.jar/org/appwork/tools/ide/iconsetmaker/gui/Icon8Chooser.class.removed
   JD: JDownloader.jar/org/appwork/tools/ide/iconsetmaker/gui/Icon8Resource$1.class.removed
   JD: JDownloader.jar/org/appwork/tools/ide/iconsetmaker/gui/Icon8Resource$2.class.removed
   JD: JDownloader.jar/org/appwork/tools/ide/iconsetmaker/gui/Icon8Resource.class.removed
   JD: JDownloader.jar/org/appwork/tools/ide/iconsetmaker/gui/IconSetterConfig.class.removed
   JD: JDownloader.jar/org/appwork/tools/ide/iconsetmaker/gui/IconSetterGui$1$1.class.removed
   JD: JDownloader.jar/org/appwork/tools/ide/iconsetmaker/gui/IconSetterGui$1$2.class.removed
   JD: JDownloader.jar/org/appwork/tools/ide/iconsetmaker/gui/IconSetterGui$1.class.removed
   JD: JDownloader.jar/org/appwork/tools/ide/iconsetmaker/gui/IconSetterGui$2$1.class.removed
   JD: JDownloader.jar/org/appwork/tools/ide/iconsetmaker/gui/IconSetterGui$2$2.class.removed
   JD: JDownloader.jar/org/appwork/tools/ide/iconsetmaker/gui/IconSetterGui$2.class.removed
   JD: JDownloader.jar/org/appwork/tools/ide/iconsetmaker/gui/IconSetterGui.class.removed
   JD: JDownloader.jar/org/appwork/tools/ide/iconsetmaker/gui/PseudoCombo$1.class.removed
   JD: JDownloader.jar/org/appwork/tools/ide/iconsetmaker/gui/PseudoCombo$2.class.removed
   JD: JDownloader.jar/org/appwork/tools/ide/iconsetmaker/gui/PseudoCombo$3.class.removed
   JD: JDownloader.jar/org/appwork/tools/ide/iconsetmaker/gui/PseudoCombo.class.removed
   JD: JDownloader.jar/org/appwork/tools/ide/iconsetmaker/gui/SetTable$1.class.removed
   JD: JDownloader.jar/org/appwork/tools/ide/iconsetmaker/gui/SetTable$2.class.removed
   JD: JDownloader.jar/org/appwork/tools/ide/iconsetmaker/gui/SetTable$3.class.removed
   JD: JDownloader.jar/org/appwork/tools/ide/iconsetmaker/gui/SetTable$4.class.removed
   JD: JDownloader.jar/org/appwork/tools/ide/iconsetmaker/gui/SetTable$5.class.removed
   JD: JDownloader.jar/org/appwork/tools/ide/iconsetmaker/gui/SetTable.class.removed
   JD: JDownloader.jar/org/appwork/tools/ide/iconsetmaker/gui/SetTableModel$1.class.removed
   JD: JDownloader.jar/org/appwork/tools/ide/iconsetmaker/gui/SetTableModel$2.class.removed
   JD: JDownloader.jar/org/appwork/tools/ide/iconsetmaker/gui/SetTableModel$3.class.removed
   JD: JDownloader.jar/org/appwork/tools/ide/iconsetmaker/gui/SetTableModel$4.class.removed
   JD: JDownloader.jar/org/appwork/tools/ide/iconsetmaker/gui/SetTableModel$5.class.removed
   JD: JDownloader.jar/org/appwork/tools/ide/iconsetmaker/gui/SetTableModel$6.class.removed
   JD: JDownloader.jar/org/appwork/tools/ide/iconsetmaker/gui/SetTableModel$7.class.removed
   JD: JDownloader.jar/org/appwork/tools/ide/iconsetmaker/gui/SetTableModel.class.removed
   JD: JDownloader.jar/org/appwork/tools/ide/iconsetmaker/gui/icon8.removed
   JD: JDownloader.jar/org/appwork/tools/ide/iconsetmaker/gui/icon8/Icon8Dialog$1$1.class.removed
   JD: JDownloader.jar/org/appwork/tools/ide/iconsetmaker/gui/icon8/Icon8Dialog$1$2.class.removed
   JD: JDownloader.jar/org/appwork/tools/ide/iconsetmaker/gui/icon8/Icon8Dialog$1.class.removed
   JD: JDownloader.jar/org/appwork/tools/ide/iconsetmaker/gui/icon8/Icon8Dialog$10$1.class.removed
   JD: JDownloader.jar/org/appwork/tools/ide/iconsetmaker/gui/icon8/Icon8Dialog$10$2.class.removed
   JD: JDownloader.jar/org/appwork/tools/ide/iconsetmaker/gui/icon8/Icon8Dialog$10.class.removed
   JD: JDownloader.jar/org/appwork/tools/ide/iconsetmaker/gui/icon8/Icon8Dialog$2.class.removed
   JD: JDownloader.jar/org/appwork/tools/ide/iconsetmaker/gui/icon8/Icon8Dialog$3.class.removed
   JD: JDownloader.jar/org/appwork/tools/ide/iconsetmaker/gui/icon8/Icon8Dialog$4.class.removed
   JD: JDownloader.jar/org/appwork/tools/ide/iconsetmaker/gui/icon8/Icon8Dialog$5$1.class.removed
   JD: JDownloader.jar/org/appwork/tools/ide/iconsetmaker/gui/icon8/Icon8Dialog$5$2.class.removed
   JD: JDownloader.jar/org/appwork/tools/ide/iconsetmaker/gui/icon8/Icon8Dialog$5.class.removed
   JD: JDownloader.jar/org/appwork/tools/ide/iconsetmaker/gui/icon8/Icon8Dialog$6.class.removed
   JD: JDownloader.jar/org/appwork/tools/ide/iconsetmaker/gui/icon8/Icon8Dialog$7$1.class.removed
   JD: JDownloader.jar/org/appwork/tools/ide/iconsetmaker/gui/icon8/Icon8Dialog$7$2$1.class.removed
   JD: JDownloader.jar/org/appwork/tools/ide/iconsetmaker/gui/icon8/Icon8Dialog$7$2.class.removed
   JD: JDownloader.jar/org/appwork/tools/ide/iconsetmaker/gui/icon8/Icon8Dialog$7.class.removed
   JD: JDownloader.jar/org/appwork/tools/ide/iconsetmaker/gui/icon8/Icon8Dialog$8.class.removed
   JD: JDownloader.jar/org/appwork/tools/ide/iconsetmaker/gui/icon8/Icon8Dialog$9.class.removed
   JD: JDownloader.jar/org/appwork/tools/ide/iconsetmaker/gui/icon8/Icon8Dialog.class.removed
   JD: JDownloader.jar/org/appwork/tools/ide/iconsetmaker/gui/icon8/Icon8Table.class.removed
   JD: JDownloader.jar/org/appwork/tools/ide/iconsetmaker/gui/icon8/Icon8TableModel$1.class.removed
   JD: JDownloader.jar/org/appwork/tools/ide/iconsetmaker/gui/icon8/Icon8TableModel$2.class.removed
   JD: JDownloader.jar/org/appwork/tools/ide/iconsetmaker/gui/icon8/Icon8TableModel$3.class.removed
   JD: JDownloader.jar/org/appwork/tools/ide/iconsetmaker/gui/icon8/Icon8TableModel$4.class.removed
   JD: JDownloader.jar/org/appwork/tools/ide/iconsetmaker/gui/icon8/Icon8TableModel.class.removed
   JD: JDownloader.jar/org/appwork/tools/ide/iconsetmaker/gui/icon8/Style.class.removed
   JD: JDownloader.jar/org/appwork/txtresource/LocaleMap.class
   JD: JDownloader.jar/org/appwork/txtresource/TranslationFactory.class
   JD: JDownloader.jar/org/appwork/updatesys/client/DefaultPathBuilder.class
   JD: JDownloader.jar/org/appwork/updatesys/client/DisabledHIDProvider.class
   JD: JDownloader.jar/org/appwork/updatesys/client/PathBuilder.class
   JD: JDownloader.jar/org/appwork/updatesys/client/ReplacementModifier.class
   JD: JDownloader.jar/org/appwork/updatesys/client/TargetRevisionIsLowerThanInstalledRevisionException.class
   JD: JDownloader.jar/org/appwork/updatesys/client/UpdateClient$1.class
   JD: JDownloader.jar/org/appwork/updatesys/client/UpdateClient$10.class
   JD: JDownloader.jar/org/appwork/updatesys/client/UpdateClient$11.class
   JD: JDownloader.jar/org/appwork/updatesys/client/UpdateClient$12.class
   JD: JDownloader.jar/org/appwork/updatesys/client/UpdateClient$13.class
   JD: JDownloader.jar/org/appwork/updatesys/client/UpdateClient$14.class
   JD: JDownloader.jar/org/appwork/updatesys/client/UpdateClient$15$1.class.removed
   JD: JDownloader.jar/org/appwork/updatesys/client/UpdateClient$15.class
   JD: JDownloader.jar/org/appwork/updatesys/client/UpdateClient$16$1.class
   JD: JDownloader.jar/org/appwork/updatesys/client/UpdateClient$16.class
   JD: JDownloader.jar/org/appwork/updatesys/client/UpdateClient$17.class
   JD: JDownloader.jar/org/appwork/updatesys/client/UpdateClient$18.class
   JD: JDownloader.jar/org/appwork/updatesys/client/UpdateClient$19.class
   JD: JDownloader.jar/org/appwork/updatesys/client/UpdateClient$2.class
   JD: JDownloader.jar/org/appwork/updatesys/client/UpdateClient$20.class
   JD: JDownloader.jar/org/appwork/updatesys/client/UpdateClient$21.class
   JD: JDownloader.jar/org/appwork/updatesys/client/UpdateClient$22.class
   JD: JDownloader.jar/org/appwork/updatesys/client/UpdateClient$23.class
   JD: JDownloader.jar/org/appwork/updatesys/client/UpdateClient$24.class
   JD: JDownloader.jar/org/appwork/updatesys/client/UpdateClient$25.class
   JD: JDownloader.jar/org/appwork/updatesys/client/UpdateClient$26.class
   JD: JDownloader.jar/org/appwork/updatesys/client/UpdateClient$27.class
   JD: JDownloader.jar/org/appwork/updatesys/client/UpdateClient$28.class
   JD: JDownloader.jar/org/appwork/updatesys/client/UpdateClient$29.class
   JD: JDownloader.jar/org/appwork/updatesys/client/UpdateClient$3.class
   JD: JDownloader.jar/org/appwork/updatesys/client/UpdateClient$30.class
   JD: JDownloader.jar/org/appwork/updatesys/client/UpdateClient$31.class
   JD: JDownloader.jar/org/appwork/updatesys/client/UpdateClient$32.class
   JD: JDownloader.jar/org/appwork/updatesys/client/UpdateClient$33.class
   JD: JDownloader.jar/org/appwork/updatesys/client/UpdateClient$34.class
   JD: JDownloader.jar/org/appwork/updatesys/client/UpdateClient$35.class
   JD: JDownloader.jar/org/appwork/updatesys/client/UpdateClient$4.class
   JD: JDownloader.jar/org/appwork/updatesys/client/UpdateClient$5.class
   JD: JDownloader.jar/org/appwork/updatesys/client/UpdateClient$6.class
   JD: JDownloader.jar/org/appwork/updatesys/client/UpdateClient$7.class
   JD: JDownloader.jar/org/appwork/updatesys/client/UpdateClient$8.class
   JD: JDownloader.jar/org/appwork/updatesys/client/UpdateClient$9.class
   JD: JDownloader.jar/org/appwork/updatesys/client/UpdateClient$ClientServiceExecuter.class
   JD: JDownloader.jar/org/appwork/updatesys/client/UpdateClient$DownloadProgress.class
   JD: JDownloader.jar/org/appwork/updatesys/client/UpdateClient$DownloadResultMap.class
   JD: JDownloader.jar/org/appwork/updatesys/client/UpdateClient$Module.class
   JD: JDownloader.jar/org/appwork/updatesys/client/UpdateClient$TimoutWatchDog.class
   JD: JDownloader.jar/org/appwork/updatesys/client/UpdateClient$UninstallResult.class
   JD: JDownloader.jar/org/appwork/updatesys/client/UpdateClient.class
   JD: JDownloader.jar/org/appwork/updatesys/client/UpdateClientSetupInterface.class
   JD: JDownloader.jar/org/appwork/updatesys/client/defaultimpl/http/HttpBackend.class
   JD: JDownloader.jar/org/appwork/updatesys/client/defaultimpl/http/UpdateHttpClientOptions.class
   JD: JDownloader.jar/org/appwork/updatesys/client/extensions/AbstractExtensionManager.class
   JD: JDownloader.jar/org/appwork/updatesys/client/extensions/ExtensionManager.class
   JD: JDownloader.jar/org/appwork/updatesys/client/extensions/ExtensionManagerInterface.class
   JD: JDownloader.jar/org/appwork/updatesys/client/jardelta/JarDeltaMerge$1.class
   JD: JDownloader.jar/org/appwork/updatesys/client/jardelta/JarDeltaMerge$2.class
   JD: JDownloader.jar/org/appwork/updatesys/client/jardelta/JarDeltaMerge$3.class
   JD: JDownloader.jar/org/appwork/updatesys/client/jardelta/JarDeltaMerge$4.class.removed
   JD: JDownloader.jar/org/appwork/updatesys/client/jardelta/JarDeltaMerge.class
   JD: JDownloader.jar/org/appwork/updatesys/client/locale/UpdTransDefaultEnglishImpl.class
   JD: JDownloader.jar/org/appwork/updatesys/client/tests/ZipSignatureTest$1.class
   JD: JDownloader.jar/org/appwork/updatesys/client/tests/ZipSignatureTest$10.class
   JD: JDownloader.jar/org/appwork/updatesys/client/tests/ZipSignatureTest$2.class
   JD: JDownloader.jar/org/appwork/updatesys/client/tests/ZipSignatureTest$3.class
   JD: JDownloader.jar/org/appwork/updatesys/client/tests/ZipSignatureTest$4.class
   JD: JDownloader.jar/org/appwork/updatesys/client/tests/ZipSignatureTest$5.class
   JD: JDownloader.jar/org/appwork/updatesys/client/tests/ZipSignatureTest$6.class
   JD: JDownloader.jar/org/appwork/updatesys/client/tests/ZipSignatureTest$7.class
   JD: JDownloader.jar/org/appwork/updatesys/client/tests/ZipSignatureTest$8.class
   JD: JDownloader.jar/org/appwork/updatesys/client/tests/ZipSignatureTest$9.class
   JD: JDownloader.jar/org/appwork/updatesys/client/tests/ZipSignatureTest.class
   JD: JDownloader.jar/org/appwork/updatesys/client/tracker/TrackConfig.class
   JD: JDownloader.jar/org/appwork/updatesys/client/uninstall/UninstallOptions.class
   JD: JDownloader.jar/org/appwork/updatesys/service/ServiceExecuter.class
   JD: JDownloader.jar/org/appwork/updatesys/transport/Pkg$1.class
   JD: JDownloader.jar/org/appwork/updatesys/transport/Pkg$2.class
   JD: JDownloader.jar/org/appwork/updatesys/transport/Pkg$3.class
   JD: JDownloader.jar/org/appwork/updatesys/transport/Pkg.class
   JD: JDownloader.jar/org/appwork/updatesys/transport/exchange/ClientOptions.class
   JD: JDownloader.jar/org/appwork/updatesys/transport/exchange/Constants.class
   JD: JDownloader.jar/org/appwork/updatesys/transport/exchange/Exec.class
   JD: JDownloader.jar/org/appwork/updatesys/transport/exchange/JarSignature$1.class
   JD: JDownloader.jar/org/appwork/updatesys/transport/exchange/JarSignature$2.class
   JD: JDownloader.jar/org/appwork/updatesys/transport/exchange/JarSignature$JARDIFFSUPPORT.class
   JD: JDownloader.jar/org/appwork/updatesys/transport/exchange/JarSignature.class
   JD: JDownloader.jar/org/appwork/updatesys/transport/exchange/RemovedFile.class
   JD: JDownloader.jar/org/appwork/updatesys/transport/exchange/RepositoryFeatureSet.class
   JD: JDownloader.jar/org/appwork/updatesys/transport/exchange/SearchAndReplace.class
   JD: JDownloader.jar/org/appwork/updatesys/transport/exchange/ServerFeature.class
   JD: JDownloader.jar/org/appwork/updatesys/transport/exchange/ServerFeatureSet.class
   JD: JDownloader.jar/org/appwork/updatesys/transport/exchange/ServerOptions$1.class
   JD: JDownloader.jar/org/appwork/updatesys/transport/exchange/ServerOptions.class
   JD: JDownloader.jar/org/appwork/updatesys/transport/exchange/UninstallInfo$1.class
   JD: JDownloader.jar/org/appwork/updatesys/transport/exchange/UninstallInfo$ExecuteRule.class
   JD: JDownloader.jar/org/appwork/updatesys/transport/exchange/UninstallInfo.class
   JD: JDownloader.jar/org/appwork/updatesys/transport/exchange/UpdateSignature.class
   JD: JDownloader.jar/org/appwork/updatesys/transport/exchange/ZipSignature$1.class
   JD: JDownloader.jar/org/appwork/updatesys/transport/exchange/ZipSignature$COMPRESSION$1.class
   JD: JDownloader.jar/org/appwork/updatesys/transport/exchange/ZipSignature$COMPRESSION$2.class
   JD: JDownloader.jar/org/appwork/updatesys/transport/exchange/ZipSignature$COMPRESSION$3.class
   JD: JDownloader.jar/org/appwork/updatesys/transport/exchange/ZipSignature$COMPRESSION.class
   JD: JDownloader.jar/org/appwork/updatesys/transport/exchange/ZipSignature$ZIPDIFFSUPPORT.class
   JD: JDownloader.jar/org/appwork/updatesys/transport/exchange/ZipSignature.class
   JD: JDownloader.jar/org/appwork/updatesys/transport/exchange/setup/ApplicationLauncher.class
   JD: JDownloader.jar/org/appwork/updatesys/transport/exchange/setup/ConditionContext.class
   JD: JDownloader.jar/org/appwork/updatesys/transport/exchange/setup/ConditionMatcherForSearchAndReplace.class
   JD: JDownloader.jar/org/appwork/updatesys/transport/exchange/setup/DependencyFile.class.removed
   JD: JDownloader.jar/org/appwork/updatesys/transport/exchange/setup/ExecForApplicationLauncher.class
   JD: JDownloader.jar/org/appwork/updatesys/transport/exchange/setup/ExecuteConditionMatcher.class.removed
   JD: JDownloader.jar/org/appwork/updatesys/transport/exchange/setup/FileContext.class
   JD: JDownloader.jar/org/appwork/updatesys/transport/exchange/setup/GenericConditionMatcher.class
   JD: JDownloader.jar/org/appwork/updatesys/transport/exchange/setup/RepoStorable.class
   JD: JDownloader.jar/org/appwork/updatesys/transport/exchange/setup/ShutdownStrategy.class
   JD: JDownloader.jar/org/appwork/updatesys/transport/exchange/setup/UninstallRule.class
   JD: JDownloader.jar/org/appwork/updatesys/transport/exchange/setup/ide/DependencyFileDocs.class
   JD: JDownloader.jar/org/appwork/updatesys/transport/exchange/setup/ide/ExecuteConditionMatcherDocs.class
   JD: JDownloader.jar/org/appwork/updatesys/transport/exchange/spread/
   JD: JDownloader.jar/org/appwork/updatesys/transport/exchange/spread/CDNLocalCopySpreadConfig.class
   JD: JDownloader.jar/org/appwork/updatesys/transport/exchange/spread/CDNMirror.class
   JD: JDownloader.jar/org/appwork/updatesys/transport/exchange/spread/SpreadConfig$1.class
   JD: JDownloader.jar/org/appwork/updatesys/transport/exchange/spread/SpreadConfig$TYPE.class
   JD: JDownloader.jar/org/appwork/updatesys/transport/exchange/spread/SpreadConfig.class
   JD: JDownloader.jar/org/appwork/updatesys/transport/exchange/track/BasicEventTrackData.class
   JD: JDownloader.jar/org/appwork/updatesys/transport/exchange/track/HardwareInfoStorable$1.class.removed
   JD: JDownloader.jar/org/appwork/updatesys/transport/exchange/track/HardwareInfoStorable.class
   JD: JDownloader.jar/org/appwork/utils/Application$PauseableOutputStream.class
   JD: JDownloader.jar/org/appwork/utils/Application.class
   JD: JDownloader.jar/org/appwork/utils/Files$1.class
   JD: JDownloader.jar/org/appwork/utils/Files$2.class
   JD: JDownloader.jar/org/appwork/utils/Files$3.class
   JD: JDownloader.jar/org/appwork/utils/Files$AbstractHandler.class
   JD: JDownloader.jar/org/appwork/utils/Files$FileSpaceMethodHelper$1.class
   JD: JDownloader.jar/org/appwork/utils/Files$FileSpaceMethodHelper$2.class
   JD: JDownloader.jar/org/appwork/utils/Files$FileSpaceMethodHelper$3.class
   JD: JDownloader.jar/org/appwork/utils/Files$FileSpaceMethodHelper.class
   JD: JDownloader.jar/org/appwork/utils/Files.class
   JD: JDownloader.jar/org/appwork/utils/JVMVersion.class
   JD: JDownloader.jar/org/appwork/utils/LEB128.class
   JD: JDownloader.jar/org/appwork/utils/ReflectionUtils$1.class
   JD: JDownloader.jar/org/appwork/utils/ReflectionUtils$2.class
   JD: JDownloader.jar/org/appwork/utils/ReflectionUtils$3.class
   JD: JDownloader.jar/org/appwork/utils/ReflectionUtils.class
   JD: JDownloader.jar/org/appwork/utils/StringUtils.class
   JD: JDownloader.jar/org/appwork/utils/Time.class
   JD: JDownloader.jar/org/appwork/utils/crypto/AWSign$1.class
   JD: JDownloader.jar/org/appwork/utils/crypto/AWSign.class
   JD: JDownloader.jar/org/appwork/utils/duration/TimeSpan$TimeSpanCompareException.class
   JD: JDownloader.jar/org/appwork/utils/duration/TimeSpan.class
   JD: JDownloader.jar/org/appwork/utils/duration/TimeSpanWithContext.class
   JD: JDownloader.jar/org/appwork/utils/duration/tests/TimeSpanTests$1.class
   JD: JDownloader.jar/org/appwork/utils/duration/tests/TimeSpanTests$2.class
   JD: JDownloader.jar/org/appwork/utils/duration/tests/TimeSpanTests$3.class
   JD: JDownloader.jar/org/appwork/utils/duration/tests/TimeSpanTests$4.class
   JD: JDownloader.jar/org/appwork/utils/duration/tests/TimeSpanTests$5.class
   JD: JDownloader.jar/org/appwork/utils/duration/tests/TimeSpanTests$6.class
   JD: JDownloader.jar/org/appwork/utils/duration/tests/TimeSpanTests$7.class
   JD: JDownloader.jar/org/appwork/utils/duration/tests/TimeSpanTests.class
   JD: JDownloader.jar/org/appwork/utils/encoding/Base32.class
   JD: JDownloader.jar/org/appwork/utils/event/Eventsender.class
   JD: JDownloader.jar/org/appwork/utils/formatter/SizeFormatter$Unit.class
   JD: JDownloader.jar/org/appwork/utils/formatter/SizeFormatter.class
   JD: JDownloader.jar/org/appwork/utils/images/IconIO$1.class
   JD: JDownloader.jar/org/appwork/utils/images/IconIO$2.class
   JD: JDownloader.jar/org/appwork/utils/images/IconIO$3.class
   JD: JDownloader.jar/org/appwork/utils/images/IconIO$DataURLFormat.class
   JD: JDownloader.jar/org/appwork/utils/images/IconIO$ScaledIcon.class
   JD: JDownloader.jar/org/appwork/utils/images/IconIO.class
   JD: JDownloader.jar/org/appwork/utils/images/svg/KitFoxFactory.class
   JD: JDownloader.jar/org/appwork/utils/images/svg/NoSVGSupportFactory.class
   JD: JDownloader.jar/org/appwork/utils/images/svg/SVGFactory.class
   JD: JDownloader.jar/org/appwork/utils/images/svg/SVGIO.class
   JD: JDownloader.jar/org/appwork/utils/images/svg/WeisjJSVG.class
   JD: JDownloader.jar/org/appwork/utils/images/svg/WeisjJSVGFactory.class
   JD: JDownloader.jar/org/appwork/utils/net/BasicHTTP/InvalidResponseCode.class
   JD: JDownloader.jar/org/appwork/utils/net/NoClosingInputStream.class
   JD: JDownloader.jar/org/appwork/utils/net/NoClosingOutputStream.class
   JD: JDownloader.jar/org/appwork/utils/net/NullInputStream.class
   JD: JDownloader.jar/org/appwork/utils/net/effective_tld_names.dat
   JD: JDownloader.jar/org/appwork/utils/net/httpconnection/HTTPConnectionImpl.class
   JD: JDownloader.jar/org/appwork/utils/net/httpserver/HttpServer$1.class
   JD: JDownloader.jar/org/appwork/utils/net/httpserver/HttpServer$2.class
   JD: JDownloader.jar/org/appwork/utils/net/httpserver/HttpServer$3.class
   JD: JDownloader.jar/org/appwork/utils/net/httpserver/HttpServer.class
   JD: JDownloader.jar/org/appwork/utils/os/CrossSystem$1.class
   JD: JDownloader.jar/org/appwork/utils/os/CrossSystem$2.class
   JD: JDownloader.jar/org/appwork/utils/os/CrossSystem$3.class
   JD: JDownloader.jar/org/appwork/utils/os/CrossSystem$ARCHFamily.class
   JD: JDownloader.jar/org/appwork/utils/os/CrossSystem$OSFamily.class
   JD: JDownloader.jar/org/appwork/utils/os/CrossSystem$OperatingSystem.class
   JD: JDownloader.jar/org/appwork/utils/os/CrossSystem.class
   JD: JDownloader.jar/org/appwork/utils/reflection/Clazz.class
   JD: JDownloader.jar/org/appwork/utils/reflection/CompiledType$1.class
   JD: JDownloader.jar/org/appwork/utils/reflection/CompiledType$PrimitiveWrapperStrategy.class
   JD: JDownloader.jar/org/appwork/utils/reflection/CompiledType$ToStringRule.class
   JD: JDownloader.jar/org/appwork/utils/reflection/CompiledType$ToStringSyntax.class
   JD: JDownloader.jar/org/appwork/utils/reflection/CompiledType.class
   JD: JDownloader.jar/org/appwork/utils/reflection/tests/A.class
   JD: JDownloader.jar/org/appwork/utils/reflection/tests/B.class
   JD: JDownloader.jar/org/appwork/utils/reflection/tests/CompiledTypeTests$1.class
   JD: JDownloader.jar/org/appwork/utils/reflection/tests/CompiledTypeTests$10.class
   JD: JDownloader.jar/org/appwork/utils/reflection/tests/CompiledTypeTests$11.class
   JD: JDownloader.jar/org/appwork/utils/reflection/tests/CompiledTypeTests$12.class
   JD: JDownloader.jar/org/appwork/utils/reflection/tests/CompiledTypeTests$13.class
   JD: JDownloader.jar/org/appwork/utils/reflection/tests/CompiledTypeTests$14.class
   JD: JDownloader.jar/org/appwork/utils/reflection/tests/CompiledTypeTests$15.class
   JD: JDownloader.jar/org/appwork/utils/reflection/tests/CompiledTypeTests$16.class
   JD: JDownloader.jar/org/appwork/utils/reflection/tests/CompiledTypeTests$17.class
   JD: JDownloader.jar/org/appwork/utils/reflection/tests/CompiledTypeTests$18.class
   JD: JDownloader.jar/org/appwork/utils/reflection/tests/CompiledTypeTests$19.class
   JD: JDownloader.jar/org/appwork/utils/reflection/tests/CompiledTypeTests$2.class
   JD: JDownloader.jar/org/appwork/utils/reflection/tests/CompiledTypeTests$20.class
   JD: JDownloader.jar/org/appwork/utils/reflection/tests/CompiledTypeTests$21.class
   JD: JDownloader.jar/org/appwork/utils/reflection/tests/CompiledTypeTests$22.class
   JD: JDownloader.jar/org/appwork/utils/reflection/tests/CompiledTypeTests$23.class
   JD: JDownloader.jar/org/appwork/utils/reflection/tests/CompiledTypeTests$24.class
   JD: JDownloader.jar/org/appwork/utils/reflection/tests/CompiledTypeTests$25.class
   JD: JDownloader.jar/org/appwork/utils/reflection/tests/CompiledTypeTests$3.class
   JD: JDownloader.jar/org/appwork/utils/reflection/tests/CompiledTypeTests$4.class
   JD: JDownloader.jar/org/appwork/utils/reflection/tests/CompiledTypeTests$5.class
   JD: JDownloader.jar/org/appwork/utils/reflection/tests/CompiledTypeTests$6.class
   JD: JDownloader.jar/org/appwork/utils/reflection/tests/CompiledTypeTests$7.class
   JD: JDownloader.jar/org/appwork/utils/reflection/tests/CompiledTypeTests$8.class
   JD: JDownloader.jar/org/appwork/utils/reflection/tests/CompiledTypeTests$9.class
   JD: JDownloader.jar/org/appwork/utils/reflection/tests/CompiledTypeTests$MyEnum.class
   JD: JDownloader.jar/org/appwork/utils/reflection/tests/CompiledTypeTests.class
   JD: JDownloader.jar/org/appwork/utils/singleapp/Response.class
   JD: JDownloader.jar/org/appwork/utils/singleapp/SingleAppInstance$1.class
   JD: JDownloader.jar/org/appwork/utils/singleapp/SingleAppInstance$2.class
   JD: JDownloader.jar/org/appwork/utils/singleapp/SingleAppInstance$3$1.class
   JD: JDownloader.jar/org/appwork/utils/singleapp/SingleAppInstance$3.class
   JD: JDownloader.jar/org/appwork/utils/singleapp/SingleAppInstance$4.class
   JD: JDownloader.jar/org/appwork/utils/singleapp/SingleAppInstance$5.class
   JD: JDownloader.jar/org/appwork/utils/singleapp/SingleAppInstance$ClientConnection.class
   JD: JDownloader.jar/org/appwork/utils/singleapp/SingleAppInstance$ErrorReadingResponseException.class
   JD: JDownloader.jar/org/appwork/utils/singleapp/SingleAppInstance$GoAwayException.class
   JD: JDownloader.jar/org/appwork/utils/singleapp/SingleAppInstance$InvalidResponseID.class
   JD: JDownloader.jar/org/appwork/utils/singleapp/SingleAppInstance$NoPortFileException.class
   JD: JDownloader.jar/org/appwork/utils/singleapp/SingleAppInstance$ShutdownHook.class
   JD: JDownloader.jar/org/appwork/utils/singleapp/SingleAppInstance.class
   JD: JDownloader.jar/org/appwork/utils/svn.removed
   JD: JDownloader.jar/org/appwork/utils/svn/ExportEditor.class.removed
   JD: JDownloader.jar/org/appwork/utils/svn/ExportReporterBaton.class.removed
   JD: JDownloader.jar/org/appwork/utils/svn/FilePathFilter.class.removed
   JD: JDownloader.jar/org/appwork/utils/svn/InfoEventHandler.class.removed
   JD: JDownloader.jar/org/appwork/utils/svn/LocaleRunnable.class.removed
   JD: JDownloader.jar/org/appwork/utils/svn/ResolveHandler.class.removed
   JD: JDownloader.jar/org/appwork/utils/svn/StatusEventHandler.class.removed
   JD: JDownloader.jar/org/appwork/utils/svn/Subversion$1.class.removed
   JD: JDownloader.jar/org/appwork/utils/svn/Subversion$10.class.removed
   JD: JDownloader.jar/org/appwork/utils/svn/Subversion$11.class.removed
   JD: JDownloader.jar/org/appwork/utils/svn/Subversion$12.class.removed
   JD: JDownloader.jar/org/appwork/utils/svn/Subversion$13.class.removed
   JD: JDownloader.jar/org/appwork/utils/svn/Subversion$14$1.class.removed
   JD: JDownloader.jar/org/appwork/utils/svn/Subversion$14.class.removed
   JD: JDownloader.jar/org/appwork/utils/svn/Subversion$15.class.removed
   JD: JDownloader.jar/org/appwork/utils/svn/Subversion$16.class.removed
   JD: JDownloader.jar/org/appwork/utils/svn/Subversion$17$1.class.removed
   JD: JDownloader.jar/org/appwork/utils/svn/Subversion$17.class.removed
   JD: JDownloader.jar/org/appwork/utils/svn/Subversion$18.class.removed
   JD: JDownloader.jar/org/appwork/utils/svn/Subversion$19.class.removed
   JD: JDownloader.jar/org/appwork/utils/svn/Subversion$2.class.removed
   JD: JDownloader.jar/org/appwork/utils/svn/Subversion$20.class.removed
   JD: JDownloader.jar/org/appwork/utils/svn/Subversion$21$1.class.removed
   JD: JDownloader.jar/org/appwork/utils/svn/Subversion$21.class.removed
   JD: JDownloader.jar/org/appwork/utils/svn/Subversion$22$1.class.removed
   JD: JDownloader.jar/org/appwork/utils/svn/Subversion$22.class.removed
   JD: JDownloader.jar/org/appwork/utils/svn/Subversion$23.class.removed
   JD: JDownloader.jar/org/appwork/utils/svn/Subversion$24.class.removed
   JD: JDownloader.jar/org/appwork/utils/svn/Subversion$25.class.removed
   JD: JDownloader.jar/org/appwork/utils/svn/Subversion$26.class.removed
   JD: JDownloader.jar/org/appwork/utils/svn/Subversion$27.class.removed
   JD: JDownloader.jar/org/appwork/utils/svn/Subversion$28.class.removed
   JD: JDownloader.jar/org/appwork/utils/svn/Subversion$29.class.removed
   JD: JDownloader.jar/org/appwork/utils/svn/Subversion$3.class.removed
   JD: JDownloader.jar/org/appwork/utils/svn/Subversion$30$1.class.removed
   JD: JDownloader.jar/org/appwork/utils/svn/Subversion$30.class.removed
   JD: JDownloader.jar/org/appwork/utils/svn/Subversion$4.class.removed
   JD: JDownloader.jar/org/appwork/utils/svn/Subversion$5.class.removed
   JD: JDownloader.jar/org/appwork/utils/svn/Subversion$6.class.removed
   JD: JDownloader.jar/org/appwork/utils/svn/Subversion$7.class.removed
   JD: JDownloader.jar/org/appwork/utils/svn/Subversion$8.class.removed
   JD: JDownloader.jar/org/appwork/utils/svn/Subversion$9.class.removed
   JD: JDownloader.jar/org/appwork/utils/svn/Subversion.class.removed
   JD: JDownloader.jar/org/appwork/utils/swing/dialog/AbstractDialog$1.class
   JD: JDownloader.jar/org/appwork/utils/swing/dialog/AbstractDialog$10.class
   JD: JDownloader.jar/org/appwork/utils/swing/dialog/AbstractDialog$2.class
   JD: JDownloader.jar/org/appwork/utils/swing/dialog/AbstractDialog$3.class
   JD: JDownloader.jar/org/appwork/utils/swing/dialog/AbstractDialog$4.class
   JD: JDownloader.jar/org/appwork/utils/swing/dialog/AbstractDialog$5.class
   JD: JDownloader.jar/org/appwork/utils/swing/dialog/AbstractDialog$6$1.class
   JD: JDownloader.jar/org/appwork/utils/swing/dialog/AbstractDialog$6.class
   JD: JDownloader.jar/org/appwork/utils/swing/dialog/AbstractDialog$7.class
   JD: JDownloader.jar/org/appwork/utils/swing/dialog/AbstractDialog$8.class
   JD: JDownloader.jar/org/appwork/utils/swing/dialog/AbstractDialog$9.class
   JD: JDownloader.jar/org/appwork/utils/swing/dialog/AbstractDialog.class
   JD: JDownloader.jar/org/appwork/utils/swing/dialog/ExtFileChooserDialog$1.class
   JD: JDownloader.jar/org/appwork/utils/swing/dialog/ExtFileChooserDialog$2.class
   JD: JDownloader.jar/org/appwork/utils/swing/dialog/ExtFileChooserDialog$3.class
   JD: JDownloader.jar/org/appwork/utils/swing/dialog/ExtFileChooserDialog$4$1.class
   JD: JDownloader.jar/org/appwork/utils/swing/dialog/ExtFileChooserDialog$4$2$1$1.class
   JD: JDownloader.jar/org/appwork/utils/swing/dialog/ExtFileChooserDialog$4$2$1.class
   JD: JDownloader.jar/org/appwork/utils/swing/dialog/ExtFileChooserDialog$4$2$2.class
   JD: JDownloader.jar/org/appwork/utils/swing/dialog/ExtFileChooserDialog$4$2.class
   JD: JDownloader.jar/org/appwork/utils/swing/dialog/ExtFileChooserDialog$4.class
   JD: JDownloader.jar/org/appwork/utils/swing/dialog/ExtFileChooserDialog$5.class
   JD: JDownloader.jar/org/appwork/utils/swing/dialog/ExtFileChooserDialog$6.class
   JD: JDownloader.jar/org/appwork/utils/swing/dialog/ExtFileChooserDialog$7.class
   JD: JDownloader.jar/org/appwork/utils/swing/dialog/ExtFileChooserDialog$8.class
   JD: JDownloader.jar/org/appwork/utils/swing/dialog/ExtFileChooserDialog$9.class
   JD: JDownloader.jar/org/appwork/utils/swing/dialog/ExtFileChooserDialog$FileChooserFileSystemView$1.class
   JD: JDownloader.jar/org/appwork/utils/swing/dialog/ExtFileChooserDialog$FileChooserFileSystemView$2.class
   JD: JDownloader.jar/org/appwork/utils/swing/dialog/ExtFileChooserDialog$FileChooserFileSystemView.class
   JD: JDownloader.jar/org/appwork/utils/swing/dialog/ExtFileChooserDialog.class
   JD: JDownloader.jar/org/appwork/utils/swing/dialog/ExtFileChooserIdConfig.class
   JD: JDownloader.jar/org/appwork/utils/swing/dialog/FilePreview$1.class
   JD: JDownloader.jar/org/appwork/utils/swing/dialog/FilePreview$2.class
   JD: JDownloader.jar/org/appwork/utils/swing/dialog/FilePreview$3.class
   JD: JDownloader.jar/org/appwork/utils/swing/dialog/FilePreview.class
   JD: JDownloader.jar/org/appwork/utils/swing/dialog/InputDialogLimited.class
   JD: JDownloader.jar/org/appwork/utils/swing/dialog/PasswordDialog.class
   JD: JDownloader.jar/org/appwork/utils/swing/renderer/RendererMigPanel.class
   JD: JDownloader.jar/org/appwork/utils/zip/CompressedEntriesIndex.class
   JD: JDownloader.jar/org/appwork/utils/zip/tests/CompressedEntriesIndexTest.class
   JD: JDownloader.jar/org/appwork/utils/zip/tests/OnClassPathZipJarTests$1.class
   JD: JDownloader.jar/org/appwork/utils/zip/tests/OnClassPathZipJarTests.class
   JD: JDownloader.jar/org/jdownloader/update/UpdateManager$10.class
   JD: JDownloader.jar/org/jdownloader/update/UpdateManager$11.class
   JD: JDownloader.jar/org/jdownloader/update/UpdateManager$12.class
   JD: JDownloader.jar/org/jdownloader/update/UpdateManager$13.class
   JD: JDownloader.jar/org/jdownloader/update/UpdateManager$14.class
   JD: JDownloader.jar/org/jdownloader/update/UpdateManager$15.class
   JD: JDownloader.jar/org/jdownloader/update/UpdateManager$16.class
   JD: JDownloader.jar/org/jdownloader/update/UpdateManager$18.class
   JD: JDownloader.jar/org/jdownloader/update/UpdateManager$19.class
   JD: JDownloader.jar/org/jdownloader/update/UpdateManager$20.class
   JD: JDownloader.jar/org/jdownloader/update/UpdateManager$21.class
   JD: JDownloader.jar/org/jdownloader/update/UpdateManager$22.class
   JD: JDownloader.jar/org/jdownloader/update/UpdateManager$23.class
   JD: JDownloader.jar/org/jdownloader/update/UpdateManager$5$1$1.class
   JD: JDownloader.jar/org/jdownloader/update/UpdateManager$5$1.class
   JD: JDownloader.jar/org/jdownloader/update/UpdateManager$5$2.class
   JD: JDownloader.jar/org/jdownloader/update/UpdateManager$5.class
   JD: JDownloader.jar/org/jdownloader/update/UpdateManager$6.class
   JD: JDownloader.jar/org/jdownloader/update/UpdateManager$7.class
   JD: JDownloader.jar/org/jdownloader/update/UpdateManager$8.class
   JD: JDownloader.jar/org/jdownloader/update/UpdateManager$9.class
   JD: JDownloader.jar/org/jdownloader/update/UpdateManager.class
   JD: JDownloader.jar/org/jdownloader/update/lastchance/LastChanceManager$1.class
   JD: JDownloader.jar/org/jdownloader/update/lastchance/LastChanceManager.class
   JD: JDownloader.jar/org/jdownloader/update/launcher/JDLauncherViaClassLoader.class
   JD: JDownloader.jar/org/jdownloader/updatev2/InstallLog.class
   JD: JDownloader.jar/org/jdownloader/updatev2/gui/LookAndFeelExtension.class
